12-14 22:03:51.014: I/TetherStatsReporting(1728):   [29] iface=wlan0 uid=10073 set=FOREGROUND tag=0x30000407 roaming=NO rxBytes=2358 rxPackets=10 txBytes=2246 txPackets=11 operations=0
12-14 22:03:51.014: I/TetherStatsReporting(1728):   [30] iface=wlan0 uid=10073 set=DEFAULT tag=0x30000408 roaming=NO rxBytes=52273 rxPackets=65 txBytes=33096 txPackets=55 operations=0
12-14 22:03:51.014: I/TetherStatsReporting(1728):   [31] iface=wlan0 uid=10073 set=FOREGROUND tag=0x30000408 roaming=NO rxBytes=0 rxPackets=0 txBytes=0 txPackets=0 operat
12-14 22:03:51.014: I/TetherStatsReporting(1728): combining tether stats
12-14 22:03:51.015: D/QtiTetherService/IpaWrapper(3077): getStats(false)
12-14 22:03:51.026: D/CarrierSvcBindHelper(2570): No carrier app for: 0
12-14 22:03:51.029: I/ActivityManager(1728): Start proc 14802:com.lge.mirrorlink/1000 for broadcast com.lge.mirrorlink/.MirrorLinkPackageReceiver
12-14 22:03:51.032: W/ActivityManager(1728): Permission Denial: Accessing service ComponentInfo{com.google.android.music/com.google.android.music.dial.DialMediaRouteProviderService} from pid=12947, uid=10188 that is not exported from uid 10179
12-14 22:03:51.033: V/LGSettingsProvider(1728): call_put(secure:accessibility_enabled=0)  calling package = android  callingUserId : 0
12-14 22:03:51.080: D/VR support(1728): elapsed time to make set of cardboard apps = 0
12-14 22:03:51.087: D/KeyguardModel(2345): package = com.android.contacts, class = com.android.contacts.activities.DialtactsActivity
12-14 22:03:51.087: D/KeyguardModel(2345): createShortcutInfo...
12-14 22:03:51.090: D/RegisteredNfcFServicesCache(3090): Service unchanged, not updating
12-14 22:03:51.090: D/LRegisteredServicesCache(3090): processOnReceive action :: android.intent.action.PACKAGE_REMOVED
12-14 22:03:51.090: D/LRegisteredServicesCache(3090): processOnReceive pkgName :: com.example.lunchmeet.lunchmeet
12-14 22:03:51.093: W/ResourceType(1728): ResTable_typeSpec entry count inconsistent: given 1, previously 544
12-14 22:03:51.095: W/ResourceType(1728): ResTable_typeSpec entry count inconsistent: given 1, previously 544
12-14 22:03:51.097: D/KeyguardModel(2345): package = , class = 
12-14 22:03:51.098: D/KeyguardModel(2345): createShortcutInfo...
12-14 22:03:51.100: E/KeyguardModel(2345): package:  not found!
12-14 22:03:51.100: D/KeyguardModel(2345): package = , class = 
12-14 22:03:51.100: D/KeyguardModel(2345): createShortcutInfo...
12-14 22:03:51.102: E/KeyguardModel(2345): package:  not found!
12-14 22:03:51.102: D/KeyguardModel(2345): package = , class = 
12-14 22:03:51.102: D/KeyguardModel(2345): createShortcutInfo...
12-14 22:03:51.103: E/KeyguardModel(2345): package:  not found!
12-14 22:03:51.103: D/KeyguardModel(2345): package = com.lge.camera, class = com.lge.camera.CameraApp
12-14 22:03:51.106: D/NfcAdapterAddon(3090): comparevalue : INITVALUE, equals : true
12-14 22:03:51.113: D/LCardEmulationManager(3090): onServicesUpdated
12-14 22:03:51.114: I/KeyguardModel(2345): isCameraDisabledByDpm, disabledCamera : false
12-14 22:03:51.114: D/KeyguardModel(2345): createShortcutInfo...
12-14 22:03:51.120: D/KeyguardModel(2345): handleShortcutListChanged...
12-14 22:03:51.160: D/KeyguardModel(2345): package = com.android.contacts, class = com.android.contacts.activities.DialtactsActivity
12-14 22:03:51.160: D/KeyguardModel(2345): createShortcutInfo...
12-14 22:03:51.180: D/LNfcService(3090): updatePackageCache
12-14 22:03:51.181: D/LNfcService(3090): UpdatePackageCacheTask -onPreExecute
12-14 22:03:51.182: D/LNfcService(3090): UpdatePackageCacheTask - doInBackground - begin
12-14 22:03:51.183: D/LNfcService(3090): UpdatePackageCacheTask -onPostExecute : com.android.nfc.LNfcService$UpdatePackageCacheTask@d9b9046
12-14 22:03:51.232: D/KeyguardModel(2345): package = , class = 
12-14 22:03:51.232: D/KeyguardModel(2345): createShortcutInfo...
12-14 22:03:51.233: E/KeyguardModel(2345): package:  not found!
12-14 22:03:51.233: D/KeyguardModel(2345): package = , class = 
12-14 22:03:51.233: D/KeyguardModel(2345): createShortcutInfo...
12-14 22:03:51.234: E/KeyguardModel(2345): package:  not found!
12-14 22:03:51.234: D/KeyguardModel(2345): package = , class = 
12-14 22:03:51.234: D/KeyguardModel(2345): createShortcutInfo...
12-14 22:03:51.235: E/KeyguardModel(2345): package:  not found!
12-14 22:03:51.235: D/KeyguardModel(2345): package = com.lge.camera, class = com.lge.camera.CameraApp
12-14 22:03:51.237: I/[LGHome6]Launcher.Model(12698): onReceive intent=Intent { act=android.search.action.SEARCHABLES_CHANGED flg=0x24000010 }
12-14 22:03:51.238: D/GeocoderProxy(1728): bindBestPackage for com.android.location.service.GeocodeProvider :  found 1, new best component: ComponentInfo{com.google.android.gms/com.google.android.location.geocode.GeocodeService}
12-14 22:03:51.239: D/FusedProxy(1728): bindBestPackage for com.android.location.service.FusedProvider :  found 1, new best component: ComponentInfo{com.google.android.gms/com.google.android.location.fused.service.FusedProviderService}
12-14 22:03:51.240: D/GeofenceProxy(1728): bindBestPackage for com.android.location.service.GeofenceProvider :  found 1, new best component: ComponentInfo{com.google.android.gms/com.google.android.location.geofencer.service.GeofenceProviderService}
12-14 22:03:51.240: D/ActivityRecognitionProxy(1728): bindBestPackage for com.android.location.service.ActivityRecognitionProvider :  found 1, new best component: ComponentInfo{com.google.android.gms/com.google.android.location.internal.server.HardwareArProviderService}
12-14 22:03:51.243: I/KeyguardModel(2345): isCameraDisabledByDpm, disabledCamera : false
12-14 22:03:51.243: D/KeyguardModel(2345): createShortcutInfo...
12-14 22:03:51.251: D/KeyguardModel(2345): handleShortcutListChanged...
12-14 22:03:51.255: I/[LGHome6]Launcher.Model(12698): enqueuePackageUpdated: mOp = OP_REMOVE, packageName = [com.example.lunchmeet.lunchmeet], User = &s
12-14 22:03:51.256: I/[LGHome6]Launcher.Model(12698): PackageUpdatedTask.run() : Op{OP_REMOVE}, Package{[com.example.lunchmeet.lunchmeet]}, UserHandle{0}
12-14 22:03:51.259: I/MirrorLink_UPnP(14802): loadPredefinedAppInfo : loaded app num:6
12-14 22:03:51.259: I/MirrorLink_UPnP(14802): /data/data/com.lge.mirrorlink/files
12-14 22:03:51.263: I/MirrorLink_UPnP(14802): loadAppList()
12-14 22:03:51.263: I/MirrorLink_UPnP(14802): putInternalApps()
12-14 22:03:51.263: I/MirrorLink_UPnP(14802): add internal app:com.lge.mirrorlink/com.lge.mirrorlink.vnc.TmVNCServer
12-14 22:03:51.263: I/MirrorLink_UPnP(14802): add internal app:com.lge.mirrorlink/com.lge.mirrorlink.rtp.TmRTPServer
12-14 22:03:51.263: I/MirrorLink_UPnP(14802): add internal app:com.lge.mirrorlink/com.lge.mirrorlink.bt.BTHFP
12-14 22:03:51.263: I/MirrorLink_UPnP(14802): add internal app:com.lge.mirrorlink/com.lge.mirrorlink.bt.BTA2DP
12-14 22:03:51.263: I/MirrorLink_UPnP(14802): add internal app:com.lge.mirrorlink/com.lge.mirrorlink.dap.TmDAPServer
12-14 22:03:51.263: I/MirrorLink_UPnP(14802): add internal app:com.lge.mirrorlink/com.lge.mirrorlink.cdb.TmCDBServer
12-14 22:03:51.264: I/MirrorLink_UPnP(14802): Certificates loaded: 0
12-14 22:03:51.266: E/MirrorLink_Cert(14802): getDeveloperId(): devIdFromDB == null
12-14 22:03:51.267: W/MirrorLink_Cert(14802): refreshDeveloperId(): devId is not valid. - null
12-14 22:03:51.267: I/MirrorLink_UPnP(14802): loaded app num:0
12-14 22:03:51.270: I/[LGHome6]Launcher.Model(12698): updateWidgetsModel: refresh = false
12-14 22:03:51.298: W/[LGHome6]WidgetsModel(12698): [WidgetsModelExtension.java:73:isValidSizeWidget()]Widget ComponentInfo{com.lge.sizechangable.weather/com.lge.sizechangable.weather.layout.WeatherFph} can not fit on this device (40000, 40000), default (4x5), span (125x125)
12-14 22:03:51.323: I/MirrorLink_Cert(14802): success to load Trust Root Certificate:E0BE24FB9179C3205B626478CFF939E5963E8C9ABEE66E35CDC3AE2A63BF2256
12-14 22:03:51.324: W/MirrorLink_Cert(14802): /persist-lg/mirrorlink/device_certificate.crt is not found.
12-14 22:03:51.331: I/MirrorLink_Cert(14802): Device certificate is loaded from resource
12-14 22:03:51.347: W/[LGHome6]WidgetsModel(12698): [WidgetsModelExtension.java:73:isValidSizeWidget()]Widget ComponentInfo{com.lge.qmemoplus/com.lge.qmemoplus.appwidget.QMemoPlusFullAppWidgetProvider} can not fit on this device (39996, 39996), default (4x5), span (125x125)
12-14 22:03:51.480: I/MirrorLink_Cert(14802): CertificateManager loaded
12-14 22:03:51.480: I/MirrorLink(14802): onReceive: android.intent.action.PACKAGE_REMOVED pkg = com.example.lunchmeet.lunchmeet
12-14 22:03:51.480: I/MirrorLink_UPnP(14802): removeApp: com.example.lunchmeet.lunchmeet
12-14 22:03:51.480: W/MirrorLink_UPnP(14802): removeApp: cannot find app - com.example.lunchmeet.lunchmeet
12-14 22:03:51.480: I/MirrorLink(14802): non MirrorLink User
12-14 22:03:51.482: I/MirrorLink(14802): topActivity : ComponentInfo{com.google.android.apps.mtaas.backdrop/com.google.android.apps.mtaas.backdrop.BackdropActivity}
12-14 22:03:51.482: I/Process(14802): Sending signal. PID: 14802 SIG: 9
12-14 22:03:51.498: I/ActivityManager(1728): Process com.lge.mirrorlink (pid 14802) has died
12-14 22:03:51.498: D/ActivityManager(1728): cleanUpApplicationRecord -- 14802
12-14 22:03:51.561: W/ContextImpl(14652): Calling a method in the system process without a qualified user: android.app.ContextImpl.startService:1359 android.content.ContextWrapper.startService:613 android.content.ContextWrapper.startService:613 com.android.keychain.KeyChainBroadcastReceiver.onReceive:12 android.app.ActivityThread.handleReceiver:3142 
12-14 22:03:51.579: D/SntpClient(1728): request time failed: java.net.SocketTimeoutException: Receive timed out
12-14 22:03:51.583: D/TeleService(2570): ConfigUtils: isSupportVisualvoicemail getBoolean(config_visual_voice_mail) = false
12-14 22:03:51.610: D/VoicemailCleanupService(3387): Cleaning up data for package: com.example.lunchmeet.lunchmeet
12-14 22:03:51.613: I/Telecom(2554): Logging: START_SESSION: TSI.gDDP@AC8
12-14 22:03:51.615: D/PackageIntentReceiver(2591): Not supported Hotkey customization function 
12-14 22:03:51.617: I/Telecom(2554): Logging: CREATE_SUBSESSION (Invisible subsession): TSI.gDDP@AC8
12-14 22:03:51.617: I/Telecom(2554): Logging: CONTINUE_SUBSESSION (Invisible Subsession) with Method TSI.gSDP: TSI.gDDP@AC8
12-14 22:03:51.617: I/Telecom(2554): Logging: END_SUBSESSION (Invisible Subsession) (dur: 0 mS): TSI.gDDP@AC8
12-14 22:03:51.617: I/Telecom(2554): Logging: END_SUBSESSION (dur: 4 mS): TSI.gDDP@AC8
12-14 22:03:51.617: I/Telecom(2554): Logging: END_SESSION (dur: 4 ms): TSI.gDDP@AC8
12-14 22:03:51.618: D/HideNavigationAppsReceiver(2591): Receive package name : com.example.lunchmeet.lunchmeet, replacing=false, action=android.intent.action.PACKAGE_REMOVED
12-14 22:03:51.619: D/HideNavigationAppsReceiver(2591): replacing : false
12-14 22:03:51.619: I/Telecom(2554): Logging: START_SESSION: TSI.gSDP@ADA
12-14 22:03:51.619: I/Telecom(2554): Logging: END_SUBSESSION (dur: 1 mS): TSI.gSDP@ADA
12-14 22:03:51.619: I/Telecom(2554): Logging: END_SESSION (dur: 1 ms): TSI.gSDP@ADA
12-14 22:03:51.619: D/HideNavigationAppsReceiver(2591): Delete mPackageMame : com.example.lunchmeet.lunchmeet
12-14 22:03:51.621: I/Telecom(2554): Logging: START_SESSION: TSI.gDDP@ADE
12-14 22:03:51.624: D/ButtonCombinationReceiver(2591): Receive package name : com.example.lunchmeet.lunchmeet
12-14 22:03:51.624: D/ButtonCombinationReceiver(2591): replacing : false
12-14 22:03:51.624: I/Telecom(2554): Logging: CREATE_SUBSESSION (Invisible subsession): TSI.gDDP@ADE
12-14 22:03:51.624: I/Telecom(2554): Logging: CONTINUE_SUBSESSION (Invisible Subsession) with Method TSI.gSDP: TSI.gDDP@ADE
12-14 22:03:51.625: I/Telecom(2554): Logging: END_SUBSESSION (Invisible Subsession) (dur: 1 mS): TSI.gDDP@ADE
12-14 22:03:51.625: I/Telecom(2554): Logging: END_SUBSESSION (dur: 4 mS): TSI.gDDP@ADE
12-14 22:03:51.625: I/Telecom(2554): Logging: END_SESSION (dur: 4 ms): TSI.gDDP@ADE
12-14 22:03:51.626: I/Telecom(2554): Logging: START_SESSION: TSI.gSDP@ADI
12-14 22:03:51.626: I/Telecom(2554): Logging: END_SUBSESSION (dur: 0 mS): TSI.gSDP@ADI
12-14 22:03:51.626: I/Telecom(2554): Logging: END_SESSION (dur: 0 ms): TSI.gSDP@ADI
12-14 22:03:51.635: W/Finsky(13236): [1] com.google.android.finsky.application.FinskyAppImpl.F(1569): No account configured on this device.
12-14 22:03:51.641: I/Telecom(2554): Logging: START_SESSION: TSI.gDDP@ADM
12-14 22:03:51.644: I/Telecom(2554): Logging: CREATE_SUBSESSION (Invisible subsession): TSI.gDDP@ADM
12-14 22:03:51.644: I/Telecom(2554): Logging: CONTINUE_SUBSESSION (Invisible Subsession) with Method TSI.gSDP: TSI.gDDP@ADM
12-14 22:03:51.644: I/Telecom(2554): Logging: END_SUBSESSION (Invisible Subsession) (dur: 0 mS): TSI.gDDP@ADM
12-14 22:03:51.644: I/Telecom(2554): Logging: END_SUBSESSION (dur: 4 mS): TSI.gDDP@ADM
12-14 22:03:51.644: I/Telecom(2554): Logging: END_SESSION (dur: 4 ms): TSI.gDDP@ADM
12-14 22:03:51.646: I/Telecom(2554): Logging: START_SESSION: TSI.gSDP@ADQ
12-14 22:03:51.646: I/Telecom(2554): Logging: END_SUBSESSION (dur: 1 mS): TSI.gSDP@ADQ
12-14 22:03:51.646: I/Telecom(2554): Logging: END_SESSION (dur: 1 ms): TSI.gSDP@ADQ
12-14 22:03:51.648: I/Telecom(2554): Logging: START_SESSION: TSI.gDDP@ADU
12-14 22:03:51.652: I/Telecom(2554): Logging: CREATE_SUBSESSION (Invisible subsession): TSI.gDDP@ADU
12-14 22:03:51.652: I/Telecom(2554): Logging: CONTINUE_SUBSESSION (Invisible Subsession) with Method TSI.gSDP: TSI.gDDP@ADU
12-14 22:03:51.653: I/Telecom(2554): Logging: END_SUBSESSION (Invisible Subsession) (dur: 0 mS): TSI.gDDP@ADU
12-14 22:03:51.653: I/Telecom(2554): Logging: END_SUBSESSION (dur: 5 mS): TSI.gDDP@ADU
12-14 22:03:51.653: I/Telecom(2554): Logging: END_SESSION (dur: 5 ms): TSI.gDDP@ADU
12-14 22:03:51.653: W/Finsky(13236): [1] com.google.android.finsky.application.FinskyAppImpl.F(1569): No account configured on this device.
12-14 22:03:51.654: I/Telecom(2554): Logging: START_SESSION: TSI.gSDP@ADY
12-14 22:03:51.655: I/Telecom(2554): Logging: END_SUBSESSION (dur: 1 mS): TSI.gSDP@ADY
12-14 22:03:51.655: I/Telecom(2554): Logging: END_SESSION (dur: 1 ms): TSI.gSDP@ADY
12-14 22:03:51.657: W/Finsky(13236): [1] com.google.android.finsky.application.FinskyAppImpl.F(1569): No account configured on this device.
12-14 22:03:51.670: I/NetworkController.WifiSignalController(2345): Change in state to: connected=true,enabled=true,level=3,inetCondition=1,iconGroup=IconGroup(Default Wi-Fi Icons),activityIn=true,activityOut=true,rssi=-39,,ssid="wl-ftl-mt12-1-5",isGigaWiFi=false,isAttWifiCall=false
12-14 22:03:51.678: D/WearableService(7506): onGetService - Wear is not available on this device.
12-14 22:03:51.686: E/Finsky(13236): [1] com.google.android.finsky.wear.bp.a(847): onConnectionFailed: ConnectionResult{statusCode=API_UNAVAILABLE, resolution=null, message=null}
12-14 22:03:51.687: I/Finsky(13236): [1] com.google.android.finsky.wear.an.run(2402): Dropping command=auto_uninstall due to Gms not connected
12-14 22:03:51.699: I/Finsky(13236): [1] com.google.android.finsky.wear.an.run(2402): Dropping command=send_installed_apps due to Gms not connected
12-14 22:03:51.704: I/ActivityManager(1728): Killing 12798:com.ipsec.vpnclient/u0a141 (adj 906): empty #33
12-14 22:03:51.730: E/NetworkScheduler(7506): Unrecognised action provided: android.intent.action.PACKAGE_REMOVED
12-14 22:03:51.750: D/ActivityManager(1728): cleanUpApplicationRecord -- 12798
12-14 22:03:51.844: D/Wear_Controller(7544): Received broadcast action=android.intent.action.PACKAGE_REMOVED and uri=com.example.lunchmeet.lunchmeet
12-14 22:03:51.856: I/LocationSettingsChecker(7544): Removing dialog suppression flag for package com.example.lunchmeet.lunchmeet
12-14 22:03:51.863: D/SearchDBupdateProvider(2591): Enter sendUpdatePendingIntent
12-14 22:03:51.868: I/PeopleContactsSync(7544): triggerPendingContactsCleanup: no accounts
12-14 22:03:51.873: I/GrowthService(7544): Package com.example.lunchmeet.lunchmeet uninstalled. Removing from storage.
12-14 22:03:51.877: I/Icing(7544): IndexChimeraService.getServiceInterface callingPackage=com.google.android.gms componentName=AppsCorpus serviceId=36
12-14 22:03:51.879: I/Icing(7544): IndexChimeraService.getServiceInterface callingPackage=com.google.android.gms componentName=AppsCorpus serviceId=32
12-14 22:03:51.882: I/Icing(7544): doRemovePackageData com.example.lunchmeet.lunchmeet
12-14 22:03:51.892: D/AppUp4:PreloadHelper(13439): added Exclude : com.example.lunchmeet.lunchmeet
12-14 22:03:51.894: D/[BNRAppListMgrReceiver](13461): android.intent.action.PACKAGE_REMOVED : com.example.lunchmeet.lunchmeet
12-14 22:03:51.897: D/AppStateChangeReceiver(3243): app state is changed. Action : android.intent.action.PACKAGE_REMOVED
12-14 22:03:51.897: D/AppStateChangeReceiver(3243): package name is : package:com.example.lunchmeet.lunchmeet
12-14 22:03:51.897: W/ContextImpl(3243): Calling a method in the system process without a qualified user: android.app.ContextImpl.startService:1359 android.content.ContextWrapper.startService:613 android.content.ContextWrapper.startService:613 com.lge.gametuner.broadcastreceiver.AppStateChangeReceiver.onReceive:45 android.app.ActivityThread.handleReceiver:3142 
12-14 22:03:51.902: D/GameDetector(3243): Start game detecting service.
12-14 22:03:51.902: D/GameDetector(3243): user agree to use network : false
12-14 22:03:51.906: I/GMPH(2496): gtObserver OF List onChange
12-14 22:03:51.906: D/GMPH(2496): loadgtOfListInfos start
12-14 22:03:51.908: I/GMPH(2496): gtObserver mod onChange
12-14 22:03:51.908: D/GMPH(2496): loadgtModInfos start
12-14 22:03:51.909: I/GMPH(2496): gtObserver pkg onChange
12-14 22:03:51.909: D/GMPH(2496): loadgtPkgInfos start
12-14 22:03:51.913: D/GMPH(2496): loadgtModInfos completed
12-14 22:03:51.914: I/GMPH(2496): loadgtPkgInfos completed / package number = 0
12-14 22:03:51.914: I/GMPH(2496): loadgtOfListInfos completed / package number = 211
12-14 22:03:51.915: I/Icing(7544): Usage reports ok 0, Failed Usage reports 0, indexed 0, rejected 0, imm upload false
12-14 22:03:51.928: I/ExtensionAppChangeReceiver(13512): onReceive: android.intent.action.PACKAGE_REMOVED
12-14 22:03:51.933: D/BIO SDSERVICE 2(13512): SDServiceBroadcastReceiver::[onReceive] Intent action: android.intent.action.PACKAGE_REMOVED
12-14 22:03:51.933: D/BIO SDSERVICE 2(13512): SDServiceBroadcastReceiver::[onReceive] removed package: com.example.lunchmeet.lunchmeet
12-14 22:03:51.938: D/LockScreenSettings.PackageIntentReceiver(5667): onReceive, android.intent.action.PACKAGE_REMOVED
12-14 22:03:51.939: I/Icing(7544): Usage reports ok 0, Failed Usage reports 0, indexed 0, rejected 0, imm upload false
12-14 22:03:51.996: I/Telecom(2554): Logging: START_SESSION: TSI.cA@ADc
12-14 22:03:51.996: I/Telecom(2554): Logging: END_SUBSESSION (dur: 1 mS): TSI.cA@ADc
12-14 22:03:51.997: I/Telecom(2554): Logging: END_SESSION (dur: 1 ms): TSI.cA@ADc
12-14 22:03:52.005: D/PackageIntentReceiver(2591): Not supported Hotkey customization function 
12-14 22:03:52.049: D/LockScreenSettings.PackageIntentReceiver(5667): onReceive, android.intent.action.PACKAGE_FULLY_REMOVED
12-14 22:03:52.119: D/EvernoteManageReceiver(14729): [onReceive] action : android.intent.action.PACKAGE_FULLY_REMOVED
12-14 22:03:52.951: I/Icing(7544): Indexing B394FB5FC89416A717F7FC4FD68B76A170E02CCC from com.google.android.gms
12-14 22:03:52.978: I/Icing(7544): Indexing done B394FB5FC89416A717F7FC4FD68B76A170E02CCC
12-14 22:03:53.190: E/ANDR-PERF-MPCTL(565): invalid request, no optimizations performed
12-14 22:03:53.539: V/WifiServerServiceExt(1728): checkPollTimer Cnt= 0 rssi =-42 threshold=-100
12-14 22:03:54.083: E/IzatSvc_PassiveLocListener(1728): E/Exiting with error virtual void izat_manager::IzatPassiveLocationListener::onLocationChanged(const izat_manager::IzatLocation *, const IzatLocationStatus) line 172 "1"
12-14 22:03:54.681: I/NetworkController.WifiSignalController(2345): Change in state to: connected=true,enabled=true,level=3,inetCondition=1,iconGroup=IconGroup(Default Wi-Fi Icons),activityIn=true,activityOut=false,rssi=-39,,ssid="wl-ftl-mt12-1-5",isGigaWiFi=false,isAttWifiCall=false
12-14 22:03:55.688: D/WifiWatchdogStateMachine(1728): EVENT_CHECK_IMS_CALL_STATE received
12-14 22:03:55.689: D/WifiWatchdogStateMachine(1728): OnlineWatchState handleRssiChange() imscallstate : 0
12-14 22:03:56.060: D/SntpClient(1728): request time failed: java.net.SocketTimeoutException: Receive timed out
12-14 22:03:56.542: V/WifiServerServiceExt(1728): checkPollTimer Cnt= 0 rssi =-42 threshold=-100
12-14 22:03:56.695: I/WearableService(7506): Wearable Services stopping
12-14 22:03:56.717: D/sensors_hal_SMGR(1728): processBufferingInd:report(on_change_sensor) eventtype 0
