12-14 22:02:11.211: W/BroadcastQueue(1728): ActivityInfo{bb74eb4 com.google.android.apps.youtube.app.system.LocaleUpdatedReceiver} consumed 1417 ms for handling BroadcastRecord{a3f8add u-1 android.intent.action.LOCALE_CHANGED} in foreground queue
12-14 22:02:11.213: I/Radio-JNI(13081): register_android_hardware_Radio DONE
12-14 22:02:11.215: D/AlarmClock(4774): AlarmInitReceiver : Received android.intent.action.LOCALE_CHANGED
12-14 22:02:11.217: D/Utils(2591): isDisneyModel : false
12-14 22:02:11.223: D/AlarmClock(4774): fixExpiredInstances
12-14 22:02:11.230: I/ShareConnection(2591): isNearbyMenu is true = 401008
12-14 22:02:11.233: I/ShareConnection(2591): isSupportFileSharing result : true
12-14 22:02:11.234: D/AlarmClock(4774): Delete All expired instances from Thu 10:02 PM
12-14 22:02:11.234: D/AlarmClock(4774): get calcusId(-1) of current alerting alarm
12-14 22:02:11.234: I/ALProvider(4774): delete where=======time <= ? and aindex > 0 and _id != ?
12-14 22:02:11.235: D/AlarmClock(4774): 0 instances was deleted. except calcusId : -1
12-14 22:02:11.236: W/Utils(2591): isSoftwareVersionCheck() is not found(com.lge.miracastviewer)
12-14 22:02:11.237: D/AndroidRuntime(13081): Calling main entry com.android.commands.am.Am
12-14 22:02:11.238: D/AlarmClock(4774): setNextAlert
12-14 22:02:11.238: D/AlarmClock(4774): updateTimeForEnabledAlarms
12-14 22:02:11.241: D/AlarmScheduler(4210): No events found starting within 1 week.
12-14 22:02:11.241: D/AlarmClock(4774): getEarliestAlarmTime
12-14 22:02:11.242: D/AlarmClock(4774): getEarliestAlarmTime : now=Thu Dec 14 22:02:11 PST 2017
12-14 22:02:11.244: D/AlarmClock(4774): getEarliestAlarmTime: time= Wed Dec 31 16:00:00 PST 1969
12-14 22:02:11.247: E/asset(13156): setgid: Operation not permitted
12-14 22:02:11.247: I/UsbSettingsControl(2591): [isSupportLGAirDrive] lgAirDrive versionCode : 200032
12-14 22:02:11.249: D/NfcUtils(2591): [hasInner]
12-14 22:02:11.249: D/NfcUtils(2591): [hasInner] type = two_toggleN
12-14 22:02:11.251: D/Utils(2591): HasSprintTouchV2()
12-14 22:02:11.251: D/Utils(2591): SystemProperties.get = 0
12-14 22:02:11.255: E/CommonUtil(4774): unknown operator code=NAO
12-14 22:02:11.255: I/CommonUtil(4774): BUILD Operator: OPEN
12-14 22:02:11.256: E/Alarms(4774): operation=null
12-14 22:02:11.256: D/AlarmClock(4774): SetNextAlert : No Next Alarm
12-14 22:02:11.256: I/AlarmObj(4774): getEveryEnabledParentAlarmObjs : get enabled and after current time parent alarms
12-14 22:02:11.260: I/QuickdDismissNotiScheduler(4774): schedureQuickDismissNotiForEnabledAlarms
12-14 22:02:11.262: V/AlarmClock(4774): AlarmInitReceiver finished
12-14 22:02:11.263: I/DigitalAppWidgetProvider(4774): onReceive:action=android.intent.action.LOCALE_CHANGED
12-14 22:02:11.264: E/asset(13158): setgid: Operation not permitted
12-14 22:02:11.264: V/DigitalAppWidgetProvider(4774): cancelAlarmOnQuarterHour android.app.ReceiverRestrictedContext@5f75c12
12-14 22:02:11.269: V/DigitalAppWidgetProvider(4774): startAlarmOnQuarterHour android.app.ReceiverRestrictedContext@5f75c12
12-14 22:02:11.272: D/QuickCoverProvider(4774): onReceiver
12-14 22:02:11.275: D/QuickCoverProvider(4774): onReceiver
12-14 22:02:11.284: D/QuickCoverProvider(4774): onReceiver
12-14 22:02:11.286: I/ActivityManager(1728): START u0 {flg=0x10000000 cmp=com.google.android.apps.mtaas.backdrop/.BackdropActivity} from uid 2000 on display 0
12-14 22:02:11.289: D/ActivityManager(1728): setTaskToReturnTo : TaskRecord{1d9d59e #2 A=com.google.android.apps.mtaas.backdrop U=0 StackId=1 sz=0} / mTaskToReturnTo = 1
12-14 22:02:11.289: D/ActivityManager(1728): setTaskToReturnTo : TaskRecord{1d9d59e #2 A=com.google.android.apps.mtaas.backdrop U=0 StackId=1 sz=0} / mTaskToReturnTo = 1
12-14 22:02:11.289: D/ActivityManager(1728): setTaskToReturnTo : TaskRecord{1d9d59e #2 A=com.google.android.apps.mtaas.backdrop U=0 StackId=1 sz=0} / mTaskToReturnTo = 1
12-14 22:02:11.292: D/ActivityManager(1728): setTaskToReturnTo : TaskRecord{1d9d59e #2 A=com.google.android.apps.mtaas.backdrop U=0 StackId=1 sz=1} / mTaskToReturnTo = 1
12-14 22:02:11.293: D/LGImageQualityEnhancementService(2496): handleCallbackActivity(), isEnhanced: false
12-14 22:02:11.294: D/InputDispatcher(1728): Focus left window: Window{668ae5b u0 com.lge.launcher3/com.lge.launcher3.LauncherExtension}
12-14 22:02:11.294: E/ANDR-PERF-MPCTL(565): invalid request, no optimizations performed
12-14 22:02:11.295: I/PowerRM(874): System FW:1 SO:0 GT:0 CAPP:-1 APP:0
12-14 22:02:11.296: D/ActivityTrigger(1728): ActivityTrigger activityPauseTrigger 
12-14 22:02:11.297: I/[LGHome6]LauncherCallbacksImpl(12698): Launcher.onPause // 6.0.12.2(60001220) this:com.lge.launcher3.LauncherExtension$LauncherCallbacksImpl@e025ff4
12-14 22:02:11.298: I/ThermalEngine(817): Thermal-Server: Thermal received msg from  tmr
12-14 22:02:11.299: I/TMR(817): C0.1
12-14 22:02:11.299: I/TMR(817): C1.9
12-14 22:02:11.299: I/Thermal-Lib(874): Thermal-Lib-Client: Client request sent
12-14 22:02:11.299: D/AndroidRuntime(13081): Shutting down VM
12-14 22:02:11.309: D/LGImageQualityEnhancementService(2496): handleCallbackActivity(), isEnhanced: false
12-14 22:02:11.314: I/cr_CronetLibraryLoader(7685): Cronet version: 57.0.2987.19, arch: aarch64
12-14 22:02:11.331: D/AlertReceiver(4210): WakeLock release : StartingAlertService startId=1
12-14 22:02:11.337: V/WirelessMoreUtils(2591): Support WirelessMoreSettings
12-14 22:02:11.337: V/MptcpUtils(2591): [isMPTCPEnabled] : [false]
12-14 22:02:11.340: I/ActivityManager(1728): Start proc 13165:com.google.android.apps.mtaas.backdrop/u0a191 for activity com.google.android.apps.mtaas.backdrop/.BackdropActivity
12-14 22:02:11.361: D/Utils(2591): isRcsSupported :false
12-14 22:02:11.363: D/Utils(2591): isRcsSupported :false
12-14 22:02:11.404: D/Index(2591): SearchIndexableResource 'com.android.settings.kt.KTTwoPhoneServiceSettings' should implement the com.android.settings.search.Indexable interface!
12-14 22:02:11.404: D/QuickCoverProvider(4774): onReceiver
12-14 22:02:11.425: W/System(13165): ClassLoader referenced unknown path: /data/app/com.google.android.apps.mtaas.backdrop-1/lib/arm64
12-14 22:02:11.443: D/QuickCoverProvider(4774): onReceiver
12-14 22:02:11.446: V/MediaRouter(12947): Selecting route: RouteInfo{ name=Headphones, description=null, status=null, category=RouteCategory{ name=null types=ROUTE_TYPE_LIVE_AUDIO ROUTE_TYPE_LIVE_VIDEO  groupable=false }, supportedTypes=ROUTE_TYPE_LIVE_AUDIO ROUTE_TYPE_LIVE_VIDEO , presentationDisplay=null }
12-14 22:02:11.452: D/[SmartSettings][InternalReceiver](12862): event = android.intent.action.LOCALE_CHANGED
12-14 22:02:11.457: W/ResourceType(7544): ResTable_typeSpec entry count inconsistent: given 1, previously 544
12-14 22:02:11.467: W/ResourceType(7544): For resource 0x7f02019c, entry index(412) is beyond type entryCount(1)
12-14 22:02:11.467: W/ResourceType(7544): For resource 0x7f02019c, entry index(412) is beyond type entryCount(1)
12-14 22:02:11.467: W/ResourceType(7544): For resource 0x7f02019c, entry index(412) is beyond type entryCount(1)
12-14 22:02:11.475: D/[SmartSettings][CommonIntentProcessor](12862): update home start, count = 0
12-14 22:02:11.475: E/AlarmManager(1728): Exist canceled pending intent
12-14 22:02:11.475: E/AlarmManager(1728): Cancel 1 alarm(s) in package com.lge.clock
12-14 22:02:11.477: I/WindowManager(1728): Starting window displayed
12-14 22:02:11.487: I/ActivityManager(1728): Start proc 13196:com.lge.qhelp/u0a109 for broadcast com.lge.qhelp/.QHelpReceiver
12-14 22:02:11.493: V/WifiServerServiceExt(1728): checkPollTimer Cnt= 0 rssi =-42 threshold=-100
12-14 22:02:11.501: D/AboutPhoneHelper(2591): isSupportConfigurationVersion, FALSE
12-14 22:02:11.501: D/AboutPhoneHelper(2591): isSupportRootingStatus, FALSE
12-14 22:02:11.516: D/PrivacySettings(2591): isBackupEnabled : 0 isBackupEnabled : 1
12-14 22:02:11.517: W/ActivityManager(1728): Permission Denial: Accessing service ComponentInfo{com.google.android.music/com.google.android.music.dial.DialMediaRouteProviderService} from pid=12947, uid=10188 that is not exported from uid 10179
12-14 22:02:11.523: I/ActivityManager(1728): Killing 8055:com.google.android.gms.ui/u0a73 (adj 906): empty for 4889s
12-14 22:02:11.542: I/MPE_MY_PLACE_ENGINE_SETTING_PROVIDER(2510): TYPE_GET_HOME_POS_INFO
12-14 22:02:11.543: D/PrivacySettings(2591): 9remove backup_reset_vzw
12-14 22:02:11.543: D/PrivacySettings(2591): 10remove reset_settings
12-14 22:02:11.544: I/SystemServicesProxy(2345): RecentApps has 0 item(s).
12-14 22:02:11.545: D/PrivacySettings(2591): 12remove ciq_toggle_mpcs
12-14 22:02:11.545: I/NavigationThemeResource(2345): notify navigation bar color(0xff000000)
12-14 22:02:11.545: I/NavigationThemeResource(2345): NavigationKey Color is changed(WHITE_WITH_BORDER -> WHITE)
12-14 22:02:11.545: I/NavigationThemeResource(2345):  BarMode=4, Theme=WHITE, LightBackground=false (NOT Transparent)
12-14 22:02:11.545: I/NavigationThemeResource(2345): , Keyguard show=false, IME shown=false, Bar vertical=false, Panel expanded=false
12-14 22:02:11.545: D/PhoneStatusBar(2345): setSystemUiVisibility vis=0 mask=ffffffff oldVal=8708 newVal=0 diff=8708
12-14 22:02:11.552: D/PrivacySettings(2591): 13remove ciq_toggle_tmo
12-14 22:02:11.552: D/PrivacySettings(2591):  auto_restore : create
12-14 22:02:11.552: D/PrivacySettings(2591):  configure_account : create
12-14 22:02:11.552: D/PrivacySettings(2591):  lg_backup_service : create
12-14 22:02:11.552: D/PrivacySettings(2591):  lg_backup_transfer : create
12-14 22:02:11.552: D/PrivacySettings(2591): back up my data : create
12-14 22:02:11.552: D/PrivacySettings(2591): network reset : create
12-14 22:02:11.552: D/PrivacySettings(2591): backup_reset : create
12-14 22:02:11.557: I/NavigationThemeResource(2345): NavigationKey Color is changed(WHITE -> BLACK)
12-14 22:02:11.557: I/NavigationThemeResource(2345):  BarMode=0, Theme=WHITE, LightBackground=false (NOT Transparent)
12-14 22:02:11.557: I/NavigationThemeResource(2345): , Keyguard show=false, IME shown=false, Bar vertical=false, Panel expanded=false
12-14 22:02:11.568: I/CastDatabase(7544): Opening the database
12-14 22:02:11.561: E/[SmartSettings][SmartSettingPreference](12862): l-Info is null
12-14 22:02:11.578: D/LeccpService_Stub(2496): [LeccpService_Stub] register listener: 3037
12-14 22:02:11.581: D/lgairdrive_TransferManagerClient(3037): isIniailized(), mIsTransferBind = false, mIsTransferInitialized = false
12-14 22:02:11.585: D/LeccpService_Stub(2496): [LeccpService_Stub] unregister listener: 3037
12-14 22:02:11.589: D/lgairdrive_TransferManagerClient(3037): isIniailized(), mIsTransferBind = false, mIsTransferInitialized = false
12-14 22:02:11.592: W/System(13196): ClassLoader referenced unknown path: /system/priv-app/LGQHelpService/lib/arm
12-14 22:02:11.600: E/[SmartSettings][CommonIntentProcessor](12862): update home locked
12-14 22:02:11.604: V/PrivacyLockHelper(2591): getAppNameIfSupportLockFeature: com.android.gallery3d requireTier (MID_HIGH)
12-14 22:02:11.627: V/PrivacyLockHelper(2591): getAppNameIfSupportLockFeature: com.lge.qmemoplus requireTier (NONE)
12-14 22:02:11.629: V/NetdClient(7685): setNetworkForSocket: netId=100, socketFd=63
12-14 22:02:11.644: V/NotificationService(1728): pkg=com.google.android.apps.mtaas.backdrop canInterrupt=false intercept=true
12-14 22:02:11.645: I/NotificationServiceEx(1728): LED remove() : mLights=0|com.google.android.apps.mtaas.backdrop|1|null|10191
12-14 22:02:11.645: D/NotificationServiceEx(1728): updateLightListLocked :r=0|com.google.android.apps.mtaas.backdrop|1|null|10191, action=2
12-14 22:02:11.645: D/NotificationServiceEx(1728): notification=Notification(pri=0 contentView=null vibrate=null sound=null tick defaults=0x0 flags=0x0 color=0x00000000 backgroundColor=0x00000000 vis=PRIVATE)
12-14 22:02:11.646: D/ActivityManager(1728): cleanUpApplicationRecord -- 8055
12-14 22:02:11.658: I/SQLiteOpenHelper(7544): Create cast.db
12-14 22:02:11.659: I/SQLiteCastDBHelper(7544): Creating cast database
12-14 22:02:11.737: D/NetworkSecurityConfig(7685): Using Network Security Config from resource network_security_config debugBuild: false
12-14 22:02:11.741: D/Utils(2591): IsVersionCheck ex : 600009
12-14 22:02:11.742: D/Utils(2591): IsVersionCheck : true
12-14 22:02:11.756: D/skku(2591): config_two_phone : false
12-14 22:02:11.765: I/BackdropActivity(13165): android_id: 3924317900792183249
12-14 22:02:11.773: D/Tethering(1728): checkDunRequired: secureSetting is 2
12-14 22:02:11.773: D/Tethering(1728): checkDunRequired: secureSetting is 2
12-14 22:02:11.774: D/Tethering(1728): checkDunRequired: secureSetting is 2
12-14 22:02:11.775: D/Tethering(1728): checkDunRequired: secureSetting is 2
12-14 22:02:11.776: D/Tethering(1728): checkDunRequired: secureSetting is 2
12-14 22:02:11.777: D/Tethering(1728): checkDunRequired: secureSetting is 2
12-14 22:02:11.777: D/Tethering(1728): checkDunRequired: secureSetting is 2
12-14 22:02:11.780: D/Tethering(1728): checkDunRequired: secureSetting is 2
12-14 22:02:11.780: D/Tethering(1728): checkDunRequired: secureSetting is 2
12-14 22:02:11.781: D/Tethering(1728): checkDunRequired: secureSetting is 2
12-14 22:02:11.782: D/Tethering(1728): checkDunRequired: secureSetting is 2
12-14 22:02:11.782: D/Tethering(1728): checkDunRequired: secureSetting is 2
12-14 22:02:11.783: D/Tethering(1728): checkDunRequired: secureSetting is 2
12-14 22:02:11.799: I/SQLiteCastStore(7544): 0 CastNetworkInfo instances loaded, 0 CastDeviceInfo instances loaded, 0 paired guest mode devices loaded.
12-14 22:02:11.835: W/GCoreFlp(7506): No location to return for getLastLocation()
12-14 22:02:11.856: I/QHelpReceiver(13196): onReceive() action = android.intent.action.LOCALE_CHANGED
12-14 22:02:11.856: D/[QHelp]DBContact(13196): updateValidLanguage
12-14 22:02:11.856: D/[QHelp]DBContact(13196): getValidLanguageDBId
12-14 22:02:11.858: I/GMPM(13196): App measurement is starting up
12-14 22:02:11.863: V/SurfaceControlWithBlanks(1728): isTransparent(), true vs true
12-14 22:02:11.865: I/PowerRM(874): System FW:0 SO:0 GT:0 CAPP:-1 APP:0
12-14 22:02:11.867: D/InputDispatcher(1728): Focus entered window: Window{9e936b u0 com.google.android.apps.mtaas.backdrop/com.google.android.apps.mtaas.backdrop.BackdropActivity}
12-14 22:02:11.869: W/NearbyMessages(7506): LocationProvider returns null
12-14 22:02:11.869: I/Adreno(13165): QUALCOMM build                   : 2ff701b, Ifb108ab6ba
12-14 22:02:11.869: I/Adreno(13165): Build Date                       : 01/30/17
12-14 22:02:11.869: I/Adreno(13165): OpenGL ES Shader Compiler Version: XE031.09.00.03
12-14 22:02:11.869: I/Adreno(13165): Local Branch                     : 
12-14 22:02:11.869: I/Adreno(13165): Remote Branch                    : refs/tags/AU_LINUX_ANDROID_LA.UM.5.5.C1.07.00.00.275.029
12-14 22:02:11.869: I/Adreno(13165): Remote Branch                    : NONE
12-14 22:02:11.869: I/Adreno(13165): Reconstruct Branch               : NOTHING
12-14 22:02:11.875: I/OpenGLRenderer(13165): Initialized EGL, version 1.4
12-14 22:02:11.875: D/OpenGLRenderer(13165): Swap behavior 1
12-14 22:02:11.881: D/QHelp_Debugger(13196): Debuggable : false
12-14 22:02:11.881: I/QHelpUtil(13196): getModelSuffix = LGUS997.AUSABK
12-14 22:02:11.882: D/QHelp_Debugger(13196): Debuggable : false
12-14 22:02:11.882: I/QHelpUtil(13196): getModelSuffix = LGUS997.AUSABK
12-14 22:02:11.882: D/QHelpUtil(13196): operator is NAO
12-14 22:02:11.882: D/QHelpUtil(13196): target device is lucye
12-14 22:02:11.882: D/QHelp_Debugger(13196): Debuggable : false
12-14 22:02:11.882: D/QHelpUtil(13196): checkSupportedLanguage:country=null
12-14 22:02:11.883: I/[QHelp]DBProvider(13196): notify update
12-14 22:02:11.890: I/ConfigHelper(2591): MINI VIEW APP NOT FOUND
12-14 22:02:11.890: I/QHelpReceiver(13196): current locale = en
12-14 22:02:11.895: I/ActivityManager(1728): Killing 7436:com.google.android.apps.mtaas.deviceadmin/u0a199 (adj 906): empty for 4886s
12-14 22:02:11.897: D/WeatherPLT_Utils(3684): Network type : WIFI - CONNECTED
12-14 22:02:11.897: D/WeatherPLT_CommonReceiver(3684): start action : android.intent.action.LOCALE_CHANGED
12-14 22:02:11.900: D/WeatherPLT_UpdateWorkerCurrentOnly(3684): cursor is empty. current location is not exist.
12-14 22:02:11.903: D/WeatherPLT_CommonReceiver(3684): end action : android.intent.action.LOCALE_CHANGED : 6ms
12-14 22:02:11.904: D/WeatherPLT_UpdateServ(3684): check update on : 101 & 1 = 1
12-14 22:02:11.904: D/WeatherPLT_UpdateServ(3684): check remained time : 101 & 10 = 0
12-14 22:02:11.904: D/WeatherPLT_UpdateServ(3684): set isOnUpdating : true
12-14 22:02:11.912: I/ConfigHelper(2591): field != null
12-14 22:02:11.917: D/Utils(2591): field : config_using_corner_cover, result : false
12-14 22:02:11.919: D/WeatherPLT_UpdateServ(3684): check screen on : 101 & 100 = 100
12-14 22:02:11.926: D/PowerManagerServiceEx(1728): releaseWakeLockInternal: lock=136033365 [TimeChangeAlarmWakeLock@b4f7899], flags=0x0
12-14 22:02:11.929: D/Utils(2591): isGameTunerSupport level 3
12-14 22:02:11.964: I/PhoneStatusBar(2345): updateMediaMetaData(false): mMediaMetadata = null
12-14 22:02:11.964: D/ActivityManager(1728): cleanUpApplicationRecord -- 7436
12-14 22:02:11.973: I/ActivityManager(1728): Displayed com.google.android.apps.mtaas.backdrop/.BackdropActivity: +664ms
12-14 22:02:11.973: I/Timeline(13165): Timeline: Activity_idle id: android.os.BinderProxy@b1d476a time:5082905
12-14 22:02:11.975: W/LGPowerHintPolicy(2496): [Perf] setPowerHintBoostCancelIfNeeded : send boost cancel msg after 500ms
12-14 22:02:11.976: D/PowerManagerServiceEx(1728): wakefulness = Awake, wakeUpInProximityPositive = false
12-14 22:02:11.976: D/WindowManager(1728): remove transit: 5
12-14 22:02:11.976: W/LGPowerHintAppInfoPolicy(2496): [Perf] handleAppInfo : tunermode = 0 / isGame = 0 / fps= -1 / ofValue= -1
12-14 22:02:11.976: V/WindowManager(1728): Not removing Window{a0c4f6f u0 Starting com.google.android.apps.mtaas.backdrop EXITING} due to exit animation 
12-14 22:02:11.980: I/qtaguid(12947): Untagging socket -1 failed errno=-9
12-14 22:02:11.980: W/NetworkManagementSocketTagger(12947): untagSocket(-1) failed with errno -9
12-14 22:02:11.981: D/InputDispatcher(1728): Window went away: Window{a0c4f6f u0 Starting com.google.android.apps.mtaas.backdrop}
12-14 22:02:11.981: D/Weather_DataCache(3623): changedTime in DB = 0, in Cache : 0
12-14 22:02:11.991: I/CastSocket(7544): 24 >= 18. Adding new CastClientAuthKeyManager.
12-14 22:02:11.993: D/WeatherPLT_Utils(3684): Network type : WIFI - CONNECTED
12-14 22:02:11.996: D/Weather_DataCache(3623): changedTime in DB = 0, in Cache : 0
12-14 22:02:11.996: D/WeatherPLT_UpdateWorker(3684): do not update. No city here.
12-14 22:02:11.996: D/WeatherPLT_UpdateServ(3684): onResult
12-14 22:02:11.996: D/WeatherPLT_UpdateServ(3684): set isOnUpdating : false
12-14 22:02:11.997: D/WeatherPLT_UpdateServ(3684): stop this service at update result handler.
12-14 22:02:11.997: D/WeatherPLT_UpdateServ(3684): isOnProcessing - onAdding : false, onUpdating : false
12-14 22:02:11.997: D/WeatherPLT_UpdateServ(3684): stop update service
12-14 22:02:11.997: D/WifiServiceImplEx(1728): startScan pid=7544, uid=10073, packageName=com.google.uid.shared:10073
12-14 22:02:12.000: I/DiscoveryManager(7544): WifiGuestModeDeviceScanner enabled.
12-14 22:02:12.002: I/WifiServerServiceExt(1728): handleLgeEvent event : 9, data : CTRL-EVENT-SCAN-STARTED 
12-14 22:02:12.009: D/Weather_DataCache(3623): changedTime in DB = 0, in Cache : 0
12-14 22:02:12.009: I/Weather_DataCache(3623): return -1 / 0
12-14 22:02:12.009: I/Weather_WidgetCreator(3623): appWidgetId = 6, cityIndex = -1
12-14 22:02:12.010: D/Weather_Utils(3623): applied_additional_theme : false
12-14 22:02:12.010: D/Weather_Utils(3623): applied_additional_theme : false
12-14 22:02:12.011: D/Weather_Utils(3623): applied_additional_theme : false
12-14 22:02:12.011: D/Weather_WidgetCreator(3623): use_homescreen_widget_adaptive_color : true
12-14 22:02:12.011: D/Weather_WidgetCreator(3623): isUsingAdaptiveTextColor = true
12-14 22:02:12.011: D/Weather_WidgetCreator(3623): prepareThemeColor, mIsDynamicTheme = false, mWidgetBasicColor = -1, mWidgetSubColor = -1
12-14 22:02:12.018: D/Weather_WidgetCreator(3623): setMinute : 02
12-14 22:02:12.024: I/DiscoveryManager(7544): Filter criteria(233637DE) scannerFlags(2)
12-14 22:02:12.038: I/Weather_WidgetLarge(3623): Empty view is on creating : 6
12-14 22:02:12.039: I/Weather_WidgetAncestor(3623): buildUpdate, appWidgetId: 6
12-14 22:02:12.067: D/Weather_DataCache(3623): changedTime in DB = 0, in Cache : 0
12-14 22:02:12.067: I/Weather_DataCache(3623): return -1 / 0
12-14 22:02:12.067: I/Weather_WidgetCreator(3623): appWidgetId = 6, cityIndex = -1
12-14 22:02:12.068: D/Weather_Utils(3623): applied_additional_theme : false
12-14 22:02:12.072: D/Weather_Utils(3623): applied_additional_theme : false
12-14 22:02:12.072: D/Weather_Utils(3623): applied_additional_theme : false
12-14 22:02:12.073: D/Weather_WidgetCreator(3623): use_homescreen_widget_adaptive_color : true
12-14 22:02:12.073: D/Weather_WidgetCreator(3623): isUsingAdaptiveTextColor = true
12-14 22:02:12.073: D/Weather_WidgetCreator(3623): prepareThemeColor, mIsDynamicTheme = false, mWidgetBasicColor = -1, mWidgetSubColor = -1
12-14 22:02:12.073: D/Weather_WidgetCreator(3623): setMinute : 02
12-14 22:02:12.080: I/Weather_WidgetLarge(3623): Empty view is on creating : 6
12-14 22:02:12.087: I/Weather_WidgetAncestor(3623): buildUpdate, appWidgetId: 6
12-14 22:02:12.100: D/WifiServiceImplEx(1728): startScan pid=7544, uid=10073, packageName=com.google.uid.shared:10073
12-14 22:02:12.100: D/Weather_DataCache(3623): changedTime in DB = 0, in Cache : 0
12-14 22:02:12.132: D/Weather_DataCache(3623): changedTime in DB = 0, in Cache : 0
12-14 22:02:12.132: I/Weather_DataCache(3623): return -1 / 0
12-14 22:02:12.132: I/Weather_WidgetCreator(3623): appWidgetId = 6, cityIndex = -1
12-14 22:02:12.134: D/Weather_Utils(3623): applied_additional_theme : false
12-14 22:02:12.134: D/Weather_Utils(3623): applied_additional_theme : false
12-14 22:02:12.134: D/Weather_Utils(3623): applied_additional_theme : false
12-14 22:02:12.134: I/GBMv2(871): WP:3
12-14 22:02:12.135: D/Weather_WidgetCreator(3623): use_homescreen_widget_adaptive_color : true
12-14 22:02:12.135: D/Weather_WidgetCreator(3623): isUsingAdaptiveTextColor = true
12-14 22:02:12.135: D/Weather_WidgetCreator(3623): prepareThemeColor, mIsDynamicTheme = false, mWidgetBasicColor = -1, mWidgetSubColor = -1
12-14 22:02:12.135: D/Weather_WidgetCreator(3623): setMinute : 02
12-14 22:02:12.141: I/Weather_WidgetLarge(3623): Empty view is on creating : 6
12-14 22:02:12.142: I/Weather_WidgetAncestor(3623): buildUpdate, appWidgetId: 6
12-14 22:02:12.148: I/GBMv2(871): WP:0
12-14 22:02:12.152: I/qtaguid(12947): Tagging socket -1 with tag 0(0) for uid -1 failed errno=-9
12-14 22:02:12.153: I/NetworkManagementSocketTagger(12947): tagSocketFd(-1, 0, -1) failed with errno-9
12-14 22:02:12.158: I/WindowManager(1728): Destroying surface Surface(name=Starting com.google.android.apps.mtaas.backdrop) called by com.android.server.wm.WindowStateAnimator.destroySurface:2192 com.android.server.wm.WindowStateAnimator.destroySurfaceLocked:969 com.android.server.wm.WindowState.destroyOrSaveSurface:2170 com.android.server.wm.AppWindowToken.destroySurfaces:381 com.android.server.wm.WindowStateAnimator.finishExit:593 com.android.server.wm.WindowStateAnimator.stepAnimationLocked:519 com.android.server.wm.WindowAnimator.updateWindowsLocked:323 com.android.server.wm.WindowAnimator.animateLocked:739 
12-14 22:02:12.218: D/WifiServiceImplEx(1728): acquireMulticastLock pid=7544, uid=10073, packageName=com.google.uid.shared:10073, tag=mdns-cast
12-14 22:02:12.219: W/IpManager.wlan0(1728): StartedState:: msg what = 8
12-14 22:02:12.219: D/WifiServerServiceExt(1728): { when=0 what=131275 obj=false target=com.android.internal.util.StateMachine$SmHandler }
12-14 22:02:12.235: D/Index(2591): Indexing locale 'en' took 1578 millis
12-14 22:02:12.245: W/ContextImpl(2591): Calling a method in the system process without a qualified user: android.app.ContextImpl.sendBroadcast:879 android.content.ContextWrapper.sendBroadcast:421 com.android.settings.search.Index$UpdateIndexTask.onPostExecute:1293 com.android.settings.search.Index$UpdateIndexTask.onPostExecute:1280 android.os.AsyncTask.finish:660 
12-14 22:02:12.257: W/ContextImpl(2591): Calling a method in the system process without a qualified user: android.app.ContextImpl.startService:1359 android.content.ContextWrapper.startService:613 android.content.ContextWrapper.startService:613 com.android.settings.search.SettingAppIndexUpdateReceiver.onReceive:29 android.app.ActivityThread.handleReceiver:3142 
12-14 22:02:12.260: D/ActivityTrigger(1728): ActivityTrigger activityStopTrigger 
12-14 22:02:12.261: D/SettingAppIndexUpdateService(2591): action : com.lge.settings.END_CREATE_DB
12-14 22:02:12.262: D/SettingAppIndexUpdateService(2591): setupWizardEnable : false
12-14 22:02:12.266: D/SettingAppIndex(2591): checkAppIndexStart!!!!!!
12-14 22:02:12.269: W/ContextImpl(2591): Calling a method in the system process without a qualified user: android.app.ContextImpl.bindService:1426 android.content.ContextWrapper.bindService:636 com.google.android.gms.common.stats.zzb.zza:-1 com.google.android.gms.common.internal.zzo$zzb.zzhu:-1 com.google.android.gms.common.internal.zzo.zza:-1 
12-14 22:02:12.275: I/SettingAppIndex(2591): cursor size : 357, mIterator size : 292
12-14 22:02:12.281: D/SettingAppIndex(2591): doAppindex -- STOP_APPINDEX !!
12-14 22:02:12.281: I/SettingAppIndex(2591): end app index time :1513317732281
12-14 22:02:12.281: I/SettingAppIndex(2591): done calculated time :15
12-14 22:02:12.292: I/WindowManager(1728): Destroying surface Surface(name=com.lge.launcher3/com.lge.launcher3.LauncherExtension) called by com.android.server.wm.WindowStateAnimator.destroySurface:2192 com.android.server.wm.WindowStateAnimator.destroySurfaceLocked:969 com.android.server.wm.WindowState.destroyOrSaveSurface:2170 com.android.server.wm.AppWindowToken.destroySurfaces:381 com.android.server.wm.AppWindowToken.notifyAppStopped:407 com.android.server.wm.WindowManagerService.notifyAppStopped:5508 com.android.server.am.ActivityStack.activityStoppedLocked:1329 com.android.server.am.ActivityManagerService.activityStopped:7511 
12-14 22:02:12.385: I/Icing(7544): Removing corpus key 3A9563BDEA8B40AEB18AFDE2ED2AD30F3E1C73B4 for package com.android.settings
12-14 22:02:12.425: V/AudioFlinger_Threads(930): thread 0xf0e03980 type 0 TID 1444 going to sleep
12-14 22:02:12.428: V/AudioFlinger_Threads(930): thread 0xf0803540 type 0 TID 1450 going to sleep
12-14 22:02:12.442: V/AudioFlinger_Threads(930): thread 0xf0983000 type 0 TID 1447 going to sleep
12-14 22:02:12.602: D/[SmartSettings][CommonIntentProcessor](12862): update home start, count = 1
12-14 22:02:12.611: I/MPE_MY_PLACE_ENGINE_SETTING_PROVIDER(2510): TYPE_GET_HOME_POS_INFO
12-14 22:02:12.613: E/[SmartSettings][SmartSettingPreference](12862): l-Info is null
12-14 22:02:12.626: E/[SmartSettings][CommonIntentProcessor](12862): update home locked
12-14 22:02:12.717: D/PowerManagerServiceEx(1728): releaseWakeLockInternal: lock=39149630 [NotificationHistoryWakeLock@28e96f6], flags=0x0
12-14 22:02:12.842: I/ActivityManager(1728): Start proc 13236:com.android.vending/u0a132 for service com.android.vending/com.google.android.finsky.billing.iab.InAppBillingService
12-14 22:02:12.895: I/ActivityManager(1728): Killing 6153:com.google.android.partnersetup/u0a76 (adj 906): empty for 4885s
12-14 22:02:12.903: W/System(13236): ClassLoader referenced unknown path: /system/priv-app/Phonesky/lib/arm64
12-14 22:02:12.906: D/ActivityManager(1728): cleanUpApplicationRecord -- 6153
12-14 22:02:12.932: W/Finsky(13236): [488] com.google.android.finsky.application.FinskyAppImpl.F(1569): No account configured on this device.
12-14 22:02:12.933: W/Finsky(13236): [1] com.google.android.finsky.application.FinskyAppImpl.F(1569): No account configured on this device.
12-14 22:02:12.967: W/Finsky(13236): [1] com.google.android.finsky.application.FinskyAppImpl.F(1569): No account configured on this device.
12-14 22:02:12.968: W/Finsky(13236): [1] com.google.android.finsky.application.FinskyAppImpl.F(1569): No account configured on this device.
12-14 22:02:12.970: W/Finsky(13236): [1] com.google.android.finsky.application.FinskyAppImpl.F(1569): No account configured on this device.
12-14 22:02:12.970: W/Finsky(13236): [1] com.google.android.finsky.application.FinskyAppImpl.F(1569): No account configured on this device.
12-14 22:02:12.973: W/Finsky(13236): [1] com.google.android.finsky.application.FinskyAppImpl.F(1569): No account configured on this device.
12-14 22:02:12.974: W/Finsky(13236): [1] com.google.android.finsky.application.FinskyAppImpl.F(1569): No account configured on this device.
12-14 22:02:12.994: W/Finsky(13236): [1] com.google.android.finsky.application.FinskyAppImpl.F(1569): No account configured on this device.
12-14 22:02:12.995: W/Finsky(13236): [1] com.google.android.finsky.application.FinskyAppImpl.F(1569): No account configured on this device.
12-14 22:02:12.996: W/Finsky(13236): [1] com.google.android.finsky.application.FinskyAppImpl.F(1569): No account configured on this device.
12-14 22:02:13.000: W/Finsky(13236): [1] com.google.android.finsky.application.FinskyAppImpl.F(1569): No account configured on this device.
12-14 22:02:13.003: W/Finsky(13236): [1] com.google.android.finsky.application.FinskyAppImpl.F(1569): No account configured on this device.
12-14 22:02:13.046: W/Finsky(13236): [1] com.google.android.finsky.application.FinskyAppImpl.F(1569): No account configured on this device.
12-14 22:02:13.053: W/Finsky(13236): [1] com.google.android.finsky.application.FinskyAppImpl.F(1569): No account configured on this device.
12-14 22:02:13.064: W/Finsky(13236): [1] com.google.android.finsky.application.FinskyAppImpl.F(1569): No account configured on this device.
12-14 22:02:13.066: W/Finsky(13236): [1] com.google.android.finsky.application.FinskyAppImpl.F(1569): No account configured on this device.
12-14 22:02:13.067: W/Finsky(13236): [1] com.google.android.finsky.application.FinskyAppImpl.F(1569): No account configured on this device.
12-14 22:02:13.069: W/Finsky(13236): [1] com.google.android.finsky.application.FinskyAppImpl.F(1569): No account configured on this device.
12-14 22:02:13.070: W/Finsky(13236): [1] com.google.android.finsky.application.FinskyAppImpl.F(1569): No account configured on this device.
12-14 22:02:13.103: W/Finsky(13236): [1] com.google.android.finsky.application.FinskyAppImpl.F(1569): No account configured on this device.
12-14 22:02:13.105: W/Finsky(13236): [1] com.google.android.finsky.application.FinskyAppImpl.F(1569): No account configured on this device.
12-14 22:02:13.107: W/Finsky(13236): [1] com.google.android.finsky.application.FinskyAppImpl.F(1569): No account configured on this device.
12-14 22:02:13.111: W/Finsky(13236): [1] com.google.android.finsky.application.FinskyAppImpl.F(1569): No account configured on this device.
12-14 22:02:13.113: W/Finsky(13236): [1] com.google.android.finsky.application.FinskyAppImpl.F(1569): No account configured on this device.
12-14 22:02:13.115: W/Finsky(13236): [1] com.google.android.finsky.application.FinskyAppImpl.F(1569): No account configured on this device.
12-14 22:02:13.130: W/Finsky(13236): [1] com.google.android.finsky.application.FinskyAppImpl.F(1569): No account configured on this device.
12-14 22:02:13.131: W/Finsky(13236): [1] com.google.android.finsky.application.FinskyAppImpl.F(1569): No account configured on this device.
12-14 22:02:13.132: W/Finsky(13236): [1] com.google.android.finsky.application.FinskyAppImpl.F(1569): No account configured on this device.
12-14 22:02:13.133: W/Finsky(13236): [1] com.google.android.finsky.application.FinskyAppImpl.F(1569): No account configured on this device.
12-14 22:02:13.133: W/Finsky(13236): [1] com.google.android.finsky.application.FinskyAppImpl.F(1569): No account configured on this device.
12-14 22:02:13.134: W/Finsky(13236): [1] com.google.android.finsky.application.FinskyAppImpl.F(1569): No account configured on this device.
12-14 22:02:13.135: I/Finsky(13236): [1] com.google.android.finsky.services.DailyHygiene.a(267): No recent hygiene success, needs more hygiene.
12-14 22:02:13.136: W/Finsky(13236): [1] com.google.android.finsky.application.FinskyAppImpl.F(1569): No account configured on this device.
12-14 22:02:13.142: W/Finsky(13236): [1] com.google.android.finsky.application.FinskyAppImpl.F(1569): No account configured on this device.
12-14 22:02:13.170: W/Finsky(13236): [1] com.google.android.finsky.application.FinskyAppImpl.F(1569): No account configured on this device.
12-14 22:02:13.171: W/Settings(13236): Setting download_manager_max_bytes_over_mobile has moved from android.provider.Settings.Secure to android.provider.Settings.Global.
12-14 22:02:13.174: W/Settings(13236): Setting download_manager_recommended_max_bytes_over_mobile has moved from android.provider.Settings.Secure to android.provider.Settings.Global.
12-14 22:02:13.180: W/Finsky(13236): [1] com.google.android.finsky.application.FinskyAppImpl.F(1569): No account configured on this device.
12-14 22:02:13.186: W/Finsky(13236): [1] com.google.android.finsky.application.FinskyAppImpl.F(1569): No account configured on this device.
12-14 22:02:13.190: W/Finsky(13236): [1] com.google.android.finsky.application.FinskyAppImpl.F(1569): No account configured on this device.
12-14 22:02:13.191: W/Finsky(13236): [1] com.google.android.finsky.application.FinskyAppImpl.F(1569): No account configured on this device.
12-14 22:02:13.193: W/Finsky(13236): [1] com.google.android.finsky.application.FinskyAppImpl.F(1569): No account configured on this device.
12-14 22:02:13.194: W/Finsky(13236): [1] com.google.android.finsky.application.FinskyAppImpl.F(1569): No account configured on this device.
12-14 22:02:13.224: W/Finsky(13236): [1] com.google.android.finsky.application.FinskyAppImpl.F(1569): No account configured on this device.
12-14 22:02:13.225: W/Finsky(13236): [1] com.google.android.finsky.application.FinskyAppImpl.F(1569): No account configured on this device.
12-14 22:02:13.226: W/Finsky(13236): [1] com.google.android.finsky.application.FinskyAppImpl.F(1569): No account configured on this device.
12-14 22:02:13.228: D/WifiStateMachine(1728): setSuspendOptimizations : false, SetAllMulti : true
12-14 22:02:13.229: W/Finsky(13236): [1] com.google.android.finsky.application.FinskyAppImpl.F(1569): No account configured on this device.
12-14 22:02:13.231: W/Finsky(13236): [1] com.google.android.finsky.application.FinskyAppImpl.F(1569): No account configured on this device.
12-14 22:02:13.231: W/Finsky(13236): [1] com.google.android.finsky.application.FinskyAppImpl.b(1269): No account configured on this device.
12-14 22:02:13.233: W/Finsky(13236): [1] com.google.android.finsky.application.FinskyAppImpl.F(1569): No account configured on this device.
12-14 22:02:13.235: W/Finsky(13236): [1] com.google.android.finsky.application.FinskyAppImpl.F(1569): No account configured on this device.
12-14 22:02:13.236: W/Finsky(13236): [1] com.google.android.finsky.application.FinskyAppImpl.F(1569): No account configured on this device.
12-14 22:02:13.237: W/Finsky(13236): [1] com.google.android.finsky.application.FinskyAppImpl.F(1569): No account configured on this device.
12-14 22:02:13.238: W/Finsky(13236): [1] com.google.android.finsky.application.FinskyAppImpl.F(1569): No account configured on this device.
12-14 22:02:13.242: D/EN(12715): [BillingUtil]{Thread-11} - Billing: bound to IAP-3
12-14 22:02:13.243: W/Finsky(13236): [486] com.google.android.finsky.application.FinskyAppImpl.F(1569): No account configured on this device.
12-14 22:02:13.243: W/Finsky(13236): [514] com.google.android.finsky.application.FinskyAppImpl.F(1569): No account configured on this device.
12-14 22:02:13.247: I/Finsky(13236): [1] com.google.android.finsky.installer.ac.a(1289): Installer kick - no action, not running yet
12-14 22:02:13.248: V/GoogleSignatureVerifier(13236): com.google.android.gms signature not valid.  Found: 
12-14 22:02:13.248: V/GoogleSignatureVerifier(13236): MIIEQzCCAyugAwIBAgIJAMLgh0ZkSjCNMA0GCSqGSIb3DQEBBAUAMHQxCzAJBgNVBAYTAlVTMRMw
12-14 22:02:13.248: V/GoogleSignatureVerifier(13236): EQYDVQQIEwpDYWxpZm9ybmlhMRYwFAYDVQQHEw1Nb3VudGFpbiBWaWV3MRQwEgYDVQQKEwtHb29n
12-14 22:02:13.248: V/GoogleSignatureVerifier(13236): bGUgSW5jLjEQMA4GA1UECxMHQW5kcm9pZDEQMA4GA1UEAxMHQW5kcm9pZDAeFw0wODA4MjEyMzEz
12-14 22:02:13.248: V/GoogleSignatureVerifier(13236): MzRaFw0zNjAxMDcyMzEzMzRaMHQxCzAJBgNVBAYTAlVTMRMwEQYDVQQIEwpDYWxpZm9ybmlhMRYw
12-14 22:02:13.248: V/GoogleSignatureVerifier(13236): FAYDVQQHEw1Nb3VudGFpbiBWaWV3MRQwEgYDVQQKEwtHb29nbGUgSW5jLjEQMA4GA1UECxMHQW5k
12-14 22:02:13.248: V/GoogleSignatureVerifier(13236): cm9pZDEQMA4GA1UEAxMHQW5kcm9pZDCCASAwDQYJKoZIhvcNAQEBBQADggENADCCAQgCggEBAKtW
12-14 22:02:13.248: V/GoogleSignatureVerifier(13236): LgDYO6IIrgqWbxJOKdoR8qtW0I9Y4sypEwPpt1TTcvZApxsdyxMJZ2JORland2qSGT2y5b+3JKke
12-14 22:02:13.248: V/GoogleSignatureVerifier(13236): dxiLDmpHpDsz2WCbdxgxRczfey5YZnTJ4VZbH0xqWVW/8lGmPav5xVwnIiJS6HXk+BVKZF+JcWjA
12-14 22:02:13.248: V/GoogleSignatureVerifier(13236): sb/GEuq/eFdpuzSqeYTcfi6idkyugwfYwXFU1+5fZKUaRKYCwkkFQVfcAs1fXA5V+++FGfvjJ/Cx
12-14 22:02:13.248: V/GoogleSignatureVerifier(13236): URaSxaBvGdGDhfXE28LWuT9ozCl5xw4Yq5OGazvV24mZVSoOO0yZ31j7kYvtwYK6NeADwbSxDdJE
12-14 22:02:13.248: V/GoogleSignatureVerifier(13236): qO4k//0zOHKrUiGYXtqw/A0LFFtqoZKFjnkCAQOjgdkwgdYwHQYDVR0OBBYEFMd9jMIhF1Ylmn/T
12-14 22:02:13.248: V/GoogleSignatureVerifier(13236): gt9r45jk14alMIGmBgNVHSMEgZ4wgZuAFMd9jMIhF1Ylmn/Tgt9r45jk14aloXikdjB0MQswCQYD
12-14 22:02:13.248: V/GoogleSignatureVerifier(13236): VQQGEwJVUzETMBEGA1UECBMKQ2FsaWZvcm5pYTEWMBQGA1UEBxMNTW91bnRhaW4gVmlldzEUMBIG
12-14 22:02:13.248: V/GoogleSignatureVerifier(13236): A1UEChMLR29vZ2xlIEluYy4xEDAOBgNVBAsTB0FuZHJvaWQxEDAOBgNVBAMTB0FuZHJvaWSCCQDC
12-14 22:02:13.248: V/GoogleSignatureVerifier(13236): 4IdGZEowjTAMBgNVHRMEBTADAQH/MA0GCSqGSIb3DQEBBAUAA4IBAQBt0lLO74UwLDYKqs6Tm8/y
12-14 22:02:13.248: V/GoogleSignatureVerifier(13236): zKkEu116FmH4rkaymUIE0P9KaMftGlMexFlaYjzmB2OxZyl6euNXEsQH8gjwyxCUKRJNexBiGcCE
12-14 22:02:13.248: V/GoogleSignatureVerifier(13236): yj6z+a1fuHHvkiaai+KL8W1EyNmgjmyy8AW7P+LLlkR+ho5zEHatRbM/YAnqGcFh5iZBqpknHf1S
12-14 22:02:13.248: V/GoogleSignatureVerifier(13236): KMXFh4dd239FJ1jWYfbMDMy3NS5CTMQ2XFI1MvcyUTdZPErjQfTbQe3aDQsQcafEQPD+nqActifK
12-14 22:02:13.248: V/GoogleSignatureVerifier(13236): Z0Np0IS9L9kR/wbNvyz6ENwPiTrjV2KRkEjH78ZMcUQXg0L3BYHJ3lc69Vs5Ddf9uUGGMYldX3Wf
12-14 22:02:13.248: V/GoogleSignatureVerifier(13236): MBEmh/9iFBDAaTCK
12-14 22:02:13.257: W/Finsky(13236): [1] com.google.android.finsky.application.FinskyAppImpl.F(1569): No account configured on this device.
12-14 22:02:13.259: W/Finsky(13236): [1] com.google.android.finsky.application.FinskyAppImpl.F(1569): No account configured on this device.
12-14 22:02:13.262: I/Finsky(13236): [1] com.google.android.finsky.c.l.a(253): result=false type=4
12-14 22:02:13.300: I/WearableService(7506): Wearable Services not starting - Wear is not available on this device.
12-14 22:02:13.310: W/Finsky(13236): [486] com.google.android.finsky.billing.iab.s.a(200): com.evernote: No account found.
12-14 22:02:13.311: E/EN(12715): [BillingUtil]{Thread-11} - Billing: IAP-3 does not support subs
12-14 22:02:13.313: W/Finsky(13236): [514] com.google.android.finsky.application.FinskyAppImpl.F(1569): No account configured on this device.
12-14 22:02:13.315: W/Finsky(13236): [514] com.google.android.finsky.application.FinskyAppImpl.F(1569): No account configured on this device.
12-14 22:02:13.357: I/ThermalEngine(817): Thermal-Server: Thermal received msg from  tmr
12-14 22:02:13.357: I/TMR(817): C0.10
12-14 22:02:13.357: I/TMR(817): C1.10
12-14 22:02:13.357: I/Thermal-Lib(874): Thermal-Lib-Client: Client request sent
12-14 22:02:13.377: I/Finsky(13236): [1] com.google.android.finsky.services.bh.a(1081): Restore complete with 0 success and 0 failed.
12-14 22:02:13.382: D/WearableService(7506): onGetService - Wear is not available on this device.
12-14 22:02:13.390: E/Finsky(13236): [1] com.google.android.finsky.wear.bp.a(847): onConnectionFailed: ConnectionResult{statusCode=API_UNAVAILABLE, resolution=null, message=null}
12-14 22:02:13.391: I/Finsky(13236): [1] com.google.android.finsky.wear.an.run(2402): Dropping command=send_installed_apps due to Gms not connected
12-14 22:02:13.408: I/art(1728): Starting a blocking GC Explicit
12-14 22:02:13.507: I/art(1728): Explicit concurrent mark sweep GC freed 119851(10MB) AllocSpace objects, 2(168KB) LOS objects, 33% free, 47MB/71MB, paused 1.066ms total 98.828ms
12-14 22:02:13.824: D/EN(12715): [WidgetUtils]{Thread-9} - checkIfStubWidgetNeeded ...
12-14 22:02:13.828: D/EN(12715): [WidgetUtils]{Thread-9} - ... took 4
12-14 22:02:13.829: D/EN(12715): [Evernote]{Thread-9} - Manufacturer: LGE
12-14 22:02:14.174: I/Icing(7544): IndexChimeraService.getServiceInterface callingPackage=com.google.android.gms componentName=AppsCorpus serviceId=36
12-14 22:02:14.177: I/Icing(7544): IndexChimeraService.getServiceInterface callingPackage=com.google.android.gms componentName=AppsCorpus serviceId=32
12-14 22:02:14.190: I/Icing(7544): Query from com.google.android.gms package restrict com.google.android.gms start 0 num 100
12-14 22:02:14.493: V/WifiServerServiceExt(1728): checkPollTimer Cnt= 0 rssi =-39 threshold=-100
12-14 22:02:14.662: I/GAV2(12854): Thread[GAThread,5,main]: No campaign data found.
12-14 22:02:14.667: I/GAv4-SVC(7544): Google Analytics 11.9.51 is starting up.
12-14 22:02:14.701: I/art(7544): Do full code cache collection, code=506KB, data=469KB
12-14 22:02:14.702: I/art(7544): After code cache collection, code=444KB, data=383KB
12-14 22:02:14.712: I/Icing(7544): IndexChimeraService.getServiceInterface callingPackage=com.google.android.gms componentName=AppsCorpus serviceId=36
12-14 22:02:14.717: I/Icing(7544): IndexChimeraService.getServiceInterface callingPackage=com.google.android.gms componentName=AppsCorpus serviceId=32
12-14 22:02:14.812: I/Icing(7544): App usage reports: 1
12-14 22:02:14.812: I/Icing(7544): Usage reports ok 1, Failed Usage reports 0, indexed 0, rejected 0, imm upload false
12-14 22:02:14.839: I/Icing(7544): Usage reports ok 0, Failed Usage reports 0, indexed 0, rejected 0, imm upload false
12-14 22:02:14.840: I/Icing(7544): Indexing 3A9563BDEA8B40AEB18AFDE2ED2AD30F3E1C73B4 from com.android.settings
12-14 22:02:14.852: I/Icing(7544): Indexing done 3A9563BDEA8B40AEB18AFDE2ED2AD30F3E1C73B4
12-14 22:02:14.874: I/Icing(7544): Usage reports ok 0, Failed Usage reports 0, indexed 0, rejected 0, imm upload false
12-14 22:02:14.894: I/Icing(7544): Usage reports ok 0, Failed Usage reports 0, indexed 0, rejected 0, imm upload false
12-14 22:02:14.969: D/AndroidRuntime(13289): >>>>>> START com.android.internal.os.RuntimeInit uid 2000 <<<<<<
12-14 22:02:14.972: D/AndroidRuntime(13289): CheckJNI is OFF
12-14 22:02:15.036: D/ICU(13289): No timezone override file found: /data/misc/zoneinfo/current/icu/icu_tzdata.dat
12-14 22:02:15.057: I/Radio-JNI(13289): register_android_hardware_Radio DONE
12-14 22:02:15.073: D/AndroidRuntime(13289): Calling main entry com.android.commands.pm.Pm
12-14 22:02:15.105: W/MessageQueue(13289): Handler (android.os.Handler) {e562a70} sending message to a Handler on a dead thread
12-14 22:02:15.105: W/MessageQueue(13289): java.lang.IllegalStateException: Handler (android.os.Handler) {e562a70} sending message to a Handler on a dead thread
12-14 22:02:15.105: W/MessageQueue(13289): 	at android.os.MessageQueue.enqueueMessage(MessageQueue.java:543)
12-14 22:02:15.105: W/MessageQueue(13289): 	at android.os.Handler.enqueueMessage(Handler.java:643)
12-14 22:02:15.105: W/MessageQueue(13289): 	at android.os.Handler.sendMessageAtTime(Handler.java:612)
12-14 22:02:15.105: W/MessageQueue(13289): 	at android.os.Handler.sendMessageDelayed(Handler.java:582)
12-14 22:02:15.105: W/MessageQueue(13289): 	at android.os.Handler.post(Handler.java:338)
12-14 22:02:15.105: W/MessageQueue(13289): 	at android.os.ResultReceiver$MyResultReceiver.send(ResultReceiver.java:57)
12-14 22:02:15.105: W/MessageQueue(13289): 	at com.android.internal.os.IResultReceiver$Stub.onTransact(IResultReceiver.java:58)
12-14 22:02:15.105: W/MessageQueue(13289): 	at android.os.Binder.execTransact(Binder.java:565)
12-14 22:02:15.106: I/art(13289): System.exit called, status: 0
12-14 22:02:15.106: I/AndroidRuntime(13289): VM exiting with result code 0.
12-14 22:02:15.398: I/NetworkController.WifiSignalController(2345): Change in state to: connected=true,enabled=true,level=3,inetCondition=1,iconGroup=IconGroup(Default Wi-Fi Icons),activityIn=true,activityOut=false,rssi=-39,,ssid="wl-ftl-mt12-1-5",isGigaWiFi=false,isAttWifiCall=false
12-14 22:02:15.574: D/WifiWatchdogStateMachine(1728): EVENT_CHECK_IMS_CALL_STATE received
12-14 22:02:15.574: D/WifiWatchdogStateMachine(1728): OnlineWatchState handleRssiChange() imscallstate : 0
12-14 22:02:15.667: W/XTCC-5.1.0.23-b(1322): [LOWIUtils] inPostcardToResponse - FROM: LOWI-SERVER, TO:   GTP-FDAL, RESP:  LOWI_ASYNC_DISCOVERY_SCAN_RESULTS
12-14 22:02:15.668: W/XTCC-5.1.0.23-b(1322): [LOWIUtils] inPostcardToResponse - FROM: LOWI-SERVER, TO:   GTP-WAA, RESP:  LOWI_ASYNC_DISCOVERY_SCAN_RESULTS
12-14 22:02:15.671: I/WifiServerServiceExt(1728): handleLgeEvent event : 100, data : CTRL-EVENT-SCAN-RESULTS 
12-14 22:02:15.671: D/WifiServerServiceExt(1728): { when=0 what=147461 target=com.android.internal.util.StateMachine$SmHandler }
12-14 22:02:15.671: W/AlarmManager(1728): Unrecognized alarm listener com.android.server.wifi.scanner.SupplicantWifiScannerImpl$3@c4f19cb
12-14 22:02:15.674: W/XTCC-5.1.0.23-b(1322): [LOWIUtils] to_eScanTypeResponse - default case
12-14 22:02:15.677: W/XTCC-5.1.0.23-b(1322): [LOWIUtils] to_eScanTypeResponse - default case
12-14 22:02:15.678: W/LOWI-7.7.1.0.c1(1320): [LOWIUtils] inPostcardToRequest - FROM: GTP-FDAL, TO:   LOWI-SERVER, REQ:  LOWI_DISCOVERY_SCAN
12-14 22:02:15.678: W/LOWI-7.7.1.0.c1(1320): [LOWIUtils] parseDiscScanParams - Request id = 19 Scan Type(0) REQUEST_MODE(3) BAND(0) BUFFER_CACHE_BIT(0) MEAS_AGE_FILTER(10)
12-14 22:02:15.690: E/IzatSvc_Wiper(1728): W/LocTech-Label :: WIPER :: Wifi Scan Notification In,response to scan type:5
12-14 22:02:15.691: E/IzatSvc_Wiper(1728): W/Num of elements returned by LOWI 50
12-14 22:02:15.692: W/XTCC-5.1.0.23-b(1322): [LOWIUtils] inPostcardToResponse - FROM: LOWI-SERVER, TO:   GTP-WAA, RESP:  LOWI_ASYNC_DISCOVERY_SCAN_RESULTS
12-14 22:02:15.695: W/XTCC-5.1.0.23-b(1322): [LOWIUtils] to_eScanTypeResponse - default case
12-14 22:02:15.697: W/XTCC-5.1.0.23-b(1322): [LOWIUtils] inPostcardToResponse - FROM: LOWI-SERVER, TO:   GTP-FDAL, RESP:  LOWI_DISCOVERY_SCAN
12-14 22:02:15.700: E/IzatSvc_Wiper(1728): W/LocTech-Label :: WIPER :: Wifi Scan Notification In,response to scan type:5
12-14 22:02:15.700: E/IzatSvc_Wiper(1728): W/Num of elements returned by LOWI 50
12-14 22:02:15.704: W/XTCC-5.1.0.23-b(1322): [LOWIUtils] to_eScanTypeResponse - default case
12-14 22:02:15.727: I/MPE_WIFI_MANAGER(2510): Engine OFF >> Do Nothing.... 
12-14 22:02:15.826: D/AndroidRuntime(13308): >>>>>> START com.android.internal.os.RuntimeInit uid 2000 <<<<<<
12-14 22:02:15.829: D/AndroidRuntime(13308): CheckJNI is OFF
12-14 22:02:15.892: D/ICU(13308): No timezone override file found: /data/misc/zoneinfo/current/icu/icu_tzdata.dat
12-14 22:02:15.899: I/Icing(7544): Indexing B394FB5FC89416A717F7FC4FD68B76A170E02CCC from com.google.android.gms
12-14 22:02:15.915: I/Radio-JNI(13308): register_android_hardware_Radio DONE
12-14 22:02:15.934: D/AndroidRuntime(13308): Calling main entry com.android.commands.pm.Pm
12-14 22:02:15.934: D/AndroidRuntime(13308): [ 12-14 22:02:15.960   934:  934 I/         ]
12-14 22:02:15.934: D/AndroidRuntime(13308): free_cache(4447447) avail 21837156352
12-14 22:02:16.093: I/ActivityManager(1728): Start proc 13318:com.android.defcontainer/u0a64 for service com.android.defcontainer/.DefaultContainerService
12-14 22:02:16.112: I/qtaguid(12947): Untagging socket -1 failed errno=-9
12-14 22:02:16.112: W/NetworkManagementSocketTagger(12947): untagSocket(-1) failed with errno -9
12-14 22:02:16.194: W/ResourceType(7544): ResTable_typeSpec entry count inconsistent: given 1, previously 544
12-14 22:02:16.194: W/ResourceType(7544): For resource 0x7f02019c, entry index(412) is beyond type entryCount(1)
12-14 22:02:16.194: W/ResourceType(7544): For resource 0x7f02019c, entry index(412) is beyond type entryCount(1)
12-14 22:02:16.194: W/ResourceType(7544): For resource 0x7f02019c, entry index(412) is beyond type entryCount(1)
12-14 22:02:16.222: I/PackageManager.DexOptimizer(1728): Running dexopt (dex2oat) on: /data/app/vmdl1222791243.tmp/base.apk pkg=com.example.lunchmeet.lunchmeet isa=arm64 vmSafeMode=false debuggable=true target-filter=interpret-only oatDir = /data/app/vmdl1222791243.tmp/oat sharedLibraries=null
12-14 22:02:16.246: I/dex2oat(13334): /system/bin/dex2oat --compiler-filter=interpret-only --debuggable
12-14 22:02:16.401: I/NetworkController.WifiSignalController(2345): Change in state to: connected=true,enabled=true,level=3,inetCondition=1,iconGroup=IconGroup(Default Wi-Fi Icons),activityIn=true,activityOut=true,rssi=-39,,ssid="wl-ftl-mt12-1-5",isGigaWiFi=false,isAttWifiCall=false
12-14 22:02:16.618: W/dex2oat(13334): Before Android 4.1, method int android.support.v7.widget.ListViewCompat.lookForSelectablePosition(int, boolean) would have incorrectly overridden the package-private method in android.widget.ListView
