12-14 22:03:40.671: D/WifiWatchdogStateMachine(1728): OnlineWatchState handleRssiChange() imscallstate : 0
12-14 22:03:41.533: V/WifiServerServiceExt(1728): checkPollTimer Cnt= 0 rssi =-42 threshold=-100
12-14 22:03:43.515: D/sensors_hal_SMGR(1728): processBufferingInd:report(on_change_sensor) eventtype 0
12-14 22:03:44.534: V/WifiServerServiceExt(1728): checkPollTimer Cnt= 0 rssi =-42 threshold=-100
12-14 22:03:45.677: D/WifiWatchdogStateMachine(1728): EVENT_CHECK_IMS_CALL_STATE received
12-14 22:03:45.677: D/WifiWatchdogStateMachine(1728): OnlineWatchState handleRssiChange() imscallstate : 0
12-14 22:03:46.065: D/AndroidRuntime(14618): >>>>>> START com.android.internal.os.RuntimeInit uid 2000 <<<<<<
12-14 22:03:46.075: D/AndroidRuntime(14618): CheckJNI is OFF
12-14 22:03:46.144: D/ICU(14618): No timezone override file found: /data/misc/zoneinfo/current/icu/icu_tzdata.dat
12-14 22:03:46.171: I/Radio-JNI(14618): register_android_hardware_Radio DONE
12-14 22:03:46.192: D/AndroidRuntime(14618): Calling main entry com.android.commands.pm.Pm
12-14 22:03:46.205: I/ActivityManager(1728): Force stopping com.example.lunchmeet.lunchmeet.test appid=10201 user=-1: deletePackageX
12-14 22:03:46.205: I/ActivityManager(1728): [ 12-14 22:03:46.211   934:  934 D/         ]
12-14 22:03:46.205: I/ActivityManager(1728): destroy_sdp_data: pkgname:com.example.lunchmeet.lunchmeet.test userid:0
12-14 22:03:46.214: D/SDPManager(1728): new SDPManager
12-14 22:03:46.215: E/SDPManager(1728): Failed to connect SDPService
12-14 22:03:46.343: E/PackageManager(1728): [LGIS] Integrity Service is not running
12-14 22:03:46.344: I/art(1728): Starting a blocking GC Explicit
12-14 22:03:46.409: I/art(1728): Explicit concurrent mark sweep GC freed 15538(1249KB) AllocSpace objects, 3(60KB) LOS objects, 33% free, 42MB/64MB, paused 1.029ms total 64.856ms
12-14 22:03:46.420: I/art(14618): System.exit called, status: 0
12-14 22:03:46.420: I/AndroidRuntime(14618): VM exiting with result code 0.
12-14 22:03:46.421: I/ActivityManager(1728): Force stopping com.example.lunchmeet.lunchmeet.test appid=10201 user=0: pkg removed
12-14 22:03:46.438: D/KeyguardModel(2345): mPackageIntentReceiver, received action: android.intent.action.PACKAGE_REMOVED, sendingUserId:0
12-14 22:03:46.440: D/FMFRW_LgFmService(2496): onReceive
12-14 22:03:46.440: D/FMFRW_LgFmService(2496): android.intent.action.PACKAGE_REMOVED
12-14 22:03:46.440: D/FMFRW_LgFmService(2496): pkgName : com.example.lunchmeet.lunchmeet.testmClientPackagename :null
12-14 22:03:46.440: D/FMFRW_LgFmService(2496): fmServiceGetFMState
12-14 22:03:46.440: D/FMFRW_QctFmRadio(2496): fmServiceGetFMState >>>
12-14 22:03:46.440: E/FMFRW_QctFmRadio(2496): fmServiceGetFMState <<< mReceiver is null.
12-14 22:03:46.446: I/GeofencerStateMachine(7506): removeGeofences: removeRequest=RemoveGeofencingRequest[REMOVE_ALL packageName=com.example.lunchmeet.lunchmeet.test]
12-14 22:03:46.448: W/System.err(3154): android.content.pm.PackageManager$NameNotFoundException: com.example.lunchmeet.lunchmeet.test
12-14 22:03:46.448: W/System.err(3154): 	at android.app.ApplicationPackageManager.getPackageInfoAsUser(ApplicationPackageManager.java:170)
12-14 22:03:46.448: W/System.err(3154): 	at android.app.ApplicationPackageManager.getPackageInfo(ApplicationPackageManager.java:155)
12-14 22:03:46.448: W/System.err(3154): 	at com.lge.mlt.watcher.LDBOnAppWatcher$2.onReceive(LDBOnAppWatcher.java:68)
12-14 22:03:46.448: W/System.err(3154): 	at android.app.LoadedApk$ReceiverDispatcher$Args.run(LoadedApk.java:1196)
12-14 22:03:46.448: W/System.err(3154): 	at android.os.Handler.handleCallback(Handler.java:751)
12-14 22:03:46.448: W/System.err(3154): 	at android.os.Handler.dispatchMessage(Handler.java:95)
12-14 22:03:46.448: W/System.err(3154): 	at android.os.Looper.loop(Looper.java:154)
12-14 22:03:46.448: W/System.err(3154): 	at android.app.ActivityThread.main(ActivityThread.java:6316)
12-14 22:03:46.448: W/System.err(3154): 	at java.lang.reflect.Method.invoke(Native Method)
12-14 22:03:46.448: W/System.err(3154): 	at com.android.internal.os.ZygoteInit$MethodAndArgsCaller.run(ZygoteInit.java:872)
12-14 22:03:46.448: W/System.err(3154): 	at com.android.internal.os.ZygoteInit.main(ZygoteInit.java:762)
12-14 22:03:46.452: E/OverlayManager(1728): Cannot found overlays for target: com.example.lunchmeet.lunchmeet.test
12-14 22:03:46.460: I/InputReader(1728): Reconfiguring input devices.  changes=0x00000010
12-14 22:03:46.464: D/AccountTypeManager(12661): sync.accountType: com.lge.sync
12-14 22:03:46.465: I/LocalDefaultAccountUtil(12661): notifyLgSyncAccountExistingInSyncAdapterTypes()
12-14 22:03:46.466: D/AccountTypeManager(12661): sync.accountType: com.google.android.gm.exchange
12-14 22:03:46.467: D/AccountTypeManager(12661): sync.accountType: com.google
12-14 22:03:46.468: D/AccountTypeManager(12661): Registering 1 extension packages
12-14 22:03:46.474: D/CarrierSvcBindHelper(2570): No carrier app for: 0
12-14 22:03:46.475: W/AccountTypeManager(12661): Skipping extension package com.google.android.apps.plus because it doesn't have the CONTACTS_STRUCTURE metadata
12-14 22:03:46.476: D/AppDetectorService(2496): cancelRetailNoti()
12-14 22:03:46.476: D/AppDetectorService(2496): action : PACKAGE_REMOVED, RetailModeService property[0] sRetailModeAppInstallCount : 0
12-14 22:03:46.477: I/ActivityManager(1728): Start proc 14631:com.lge.mirrorlink/1000 for broadcast com.lge.mirrorlink/.MirrorLinkPackageReceiver
12-14 22:03:46.477: I/AccountTypeManager(12661): Default account exists in Sync Adapter.
12-14 22:03:46.477: I/AccountTypeManager(12661): Precess 2 (When it isn't registered to Account Manager)
12-14 22:03:46.479: D/administrator(1728): Handling package changes for user 0
12-14 22:03:46.482: D/KeyguardModel(2345): mPackageIntentReceiver, received action: android.intent.action.PACKAGE_FULLY_REMOVED, sendingUserId:0
12-14 22:03:46.482: I/SIMContacts(12661): SimPhonebookManager|[0]SIM loading status : false
12-14 22:03:46.483: I/AccountTypeManager(12661): Loaded meta-data for 3 account types, 1 accounts in 20ms(wall) 5ms(cpu)
12-14 22:03:46.485: W/ActivityManager(1728): Permission Denial: Accessing service ComponentInfo{com.google.android.music/com.google.android.music.dial.DialMediaRouteProviderService} from pid=12947, uid=10188 that is not exported from uid 10179
12-14 22:03:46.495: V/LGSettingsProvider(1728): call_put(secure:accessibility_enabled=0)  calling package = android  callingUserId : 0
12-14 22:03:46.496: D/RegisteredNfcFServicesCache(3090): Service unchanged, not updating
12-14 22:03:46.497: D/LRegisteredServicesCache(3090): processOnReceive action :: android.intent.action.PACKAGE_REMOVED
12-14 22:03:46.497: D/LRegisteredServicesCache(3090): processOnReceive pkgName :: com.example.lunchmeet.lunchmeet.test
12-14 22:03:46.497: I/TetherStatsReporting(1728): getTetherStats() called NetworkStats: elapsedRealtime=5177424
12-14 22:03:46.497: I/TetherStatsReporting(1728):   [0] iface=wlan0 uid=0 set=DEFAULT tag=0x0 roaming=NO rxBytes=223755 rxPackets=453 txBytes=9407 txPackets=189 operations=0
12-14 22:03:46.497: I/TetherStatsReporting(1728):   [1] iface=wlan0 uid=0 set=FOREGROUND tag=0x0 roaming=NO rxBytes=0 rxPackets=0 txBytes=0 txPackets=0 operations=0
12-14 22:03:46.497: I/TetherStatsReporting(1728):   [2] iface=wlan0 uid=1000 set=DEFAULT tag=0x0 roaming=NO rxBytes=78445 rxPackets=81 txBytes=7564 txPackets=79 operations=0
12-14 22:03:46.497: I/TetherStatsReporting(1728):   [3] iface=wlan0 uid=1000 set=FOREGROUND tag=0x0 roaming=NO rxBytes=0 rxPackets=0 txBytes=0 txPackets=0 operations=0
12-14 22:03:46.497: I/TetherStatsReporting(1728):   [4] iface=wlan0 uid=10066 set=DEFAULT tag=0x0 roaming=NO rxBytes=14788 rxPackets=34 txBytes=3759 txPackets=34 operations=0
12-14 22:03:46.497: I/TetherStatsReporting(1728):   [5] iface=wlan0 uid=10066 set=FOREGROUND tag=0x0 roaming=NO rxBytes=0 rxPackets=0 txBytes=0 txPackets=0 operations=0
12-14 22:03:46.497: I/TetherStatsReporting(1728):   [6] iface=wlan0 uid=10073 set=DEFAULT tag=0x0 roaming=NO rxBytes=15660161 rxPackets=11184 txBytes=468091 txPackets=5935 operations=0
12-14 22:03:46.497: I/TetherStatsReporting(1728):   [7] iface=wlan0 uid=10073 set=FOREGROUND tag=0x0 roaming=NO rxBytes=97151 rxPackets=905 txBytes=69478 txPackets=97 operations=0
12-14 22:03:46.497: I/TetherStatsReporting(1728):   [8] iface=wlan0 uid=10085 set=DEFAULT tag=0x0 roaming=NO rxBytes=0 rxPackets=0 txBytes=1196 txPackets=23 operations=0
12-14 22:03:46.497: I/TetherStatsReporting(1728):   [9] iface=wlan0 uid=10085 set=FOREGROUND tag=0x0 roaming=NO rxBytes=0 rxPackets=0 txBytes=0 txPackets=0 operations=0
12-14 22:03:46.497: I/TetherStatsReporting(1728):   [10] iface=wlan0 uid=10109 set=DEFAULT tag=0x0 roaming=NO rxBytes=4741 rxPackets=9 txBytes=1808 txPackets=10 operations=0
12-14 22:03:46.497: I/TetherStatsReporting(1728):   [11] iface=wlan0 uid=10109 set=FOREGROUND tag=0x0 roaming=NO rxBytes=0 rxPackets=0 txBytes=0 txPackets=0 operations=0
12-14 22:03:46.497: I/TetherStatsReporting(1728):   [12] iface=wlan0 uid=10132 set=DEFAULT tag=0x0 roaming=NO rxBytes=5143 rxPackets=13 txBytes=2129 txPackets=14 operations=0
12-14 22:03:46.497: I/TetherStatsReporting(1728):   [13] iface=wlan0 uid=10132 set=FOREGROUND tag=0x0 roaming=NO rxBytes=0 rxPackets=0 txBytes=0 txPackets=0 operations=0
12-14 22:03:46.497: I/TetherStatsReporting(1728):   [14] iface=wlan0 uid=10144 set=DEFAULT tag=0x0 roaming=NO rxBytes=34675 rxPackets=49 txBytes=14977 txPackets=58 operations=0
12-14 22:03:46.497: I/TetherStatsReporting(1728):   [15] iface=wlan0 uid=10144 set=FOREGROUND tag=0x0 roaming=NO rxBytes=52 rxPackets=1 txBytes=4230 txPackets=4 operations=0
12-14 22:03:46.497: I/TetherStatsReporting(1728):   [16] iface=wlan0 uid=10157 set=DEFAULT tag=0x0 roaming=NO rxBytes=4116 rxPackets=8 txBytes=1528 txPackets=10 operations=0
12-14 22:03:46.497: I/TetherStatsReporting(1728):   [17] iface=wlan0 uid=10157 set=FOREGROUND tag=0x0 roaming=NO rxBytes=0 rxPackets=0 txBytes=0 txPackets=0 operations=0
12-14 22:03:46.497: I/TetherStatsReporting(1728):   [18] iface=wlan0 uid=10188 set=DEFAULT tag=0x0 roaming=NO rxBytes=45711 rxPackets=76 txBytes=17473 txPackets=86 operations=0
12-14 22:03:46.497: I/TetherStatsReporting(1728):   [19] iface=wlan0 uid=10188 set=FOREGROUND tag=0x0 roaming=NO rxBytes=0 rxPackets=0 txBytes=0 txPackets=0 operations=0
12-14 22:03:46.497: I/TetherStatsReporting(1728):   [20] iface=wlan0 uid=10197 set=DEFAULT tag=0x0 roaming=NO rxBytes=13285 rxPackets=13 txBytes=854 txPackets=14 operations=0
12-14 22:03:46.497: I/TetherStatsReporting(1728):   [21] iface=wlan0 uid=10197 set=FOREGROUND tag=0x0 roaming=NO rxBytes=0 rxPackets=0 txBytes=0 txPackets=0 operations=0
12-14 22:03:46.497: I/TetherStatsReporting(1728):   [22] iface=wlan0 uid=10200 set=DEFAULT tag=0x0 roaming=NO rxBytes=12042 rxPackets=28 txBytes=5597 txPackets=30 operations=0
12-14 22:03:46.497: I/TetherStatsReporting(1728):   [23] iface=wlan0 uid=10200 set=FOREGROUND tag=0x0 roaming=NO rxBytes=0 rxPackets=0 txBytes=0 txPackets=0 operations=0
12-14 22:03:46.497: I/TetherStatsReporting(1728):   [24] iface=wlan0 uid=10073 set=DEFAULT tag=0x600 roaming=NO rxBytes=4820 rxPackets=11 txBytes=1341 txPackets=11 operations=0
12-14 22:03:46.497: I/TetherStatsReporting(1728):   [25] iface=wlan0 uid=10073 set=FOREGROUND tag=0x600 roaming=NO rxBytes=0 rxPackets=0 txBytes=0 txPackets=0 operations=0
12-14 22:03:46.497: I/TetherStatsReporting(1728):   [26] iface=wlan0 uid=10073 set=DEFAULT tag=0x30000401 roaming=NO rxBytes=7354 rxPackets=29 txBytes=25033 txPackets=37 operations=0
12-14 22:03:46.497: I/TetherStatsReporting(1728):   [27] iface=wlan0 uid=10073 set=FOREGROUND tag=0x30000401 roaming=NO rxBytes=0 rxPackets=0 txBytes=0 txPackets=0 operations=0
12-14 22:03:46.497: I/TetherStatsReporting(1728):   [28] iface=wlan0 uid=10073 set=DEFAULT tag=0x30000407 roaming=NO rxBytes=22078 rxPackets=82 txBytes=30136 txPackets=89 operations=0
12-14 22:03:46.497: I/TetherStatsReporting(1728):   [29] iface=wlan0 uid=10073 set=FOREGROUND tag=0x30000407 roaming=NO rxBytes=2358 rxPackets=10 txBytes=2246 txPackets=11 operations=0
12-14 22:03:46.497: I/TetherStatsReporting(1728):   [30] iface=wlan0 uid=10073 set=DEFAULT tag=0x30000408 roaming=NO rxBytes=52273 rxPackets=65 txBytes=33096 txPackets=55 operations=0
12-14 22:03:46.497: I/TetherStatsReporting(1728):   [31] iface=wlan0 uid=10073 set=FOREGROUND tag=0x30000408 roaming=NO rxBytes=0 rxPackets=0 txBytes=0 txPackets=0 operat
12-14 22:03:46.497: I/TetherStatsReporting(1728): combining tether stats
12-14 22:03:46.499: D/QtiTetherService/IpaWrapper(3077): getStats(false)
12-14 22:03:46.502: D/KeyguardModel(2345): package = com.android.contacts, class = com.android.contacts.activities.DialtactsActivity
12-14 22:03:46.502: D/KeyguardModel(2345): createShortcutInfo...
12-14 22:03:46.533: D/VR support(1728): elapsed time to make set of cardboard apps = 1
12-14 22:03:46.539: D/NfcAdapterAddon(3090): comparevalue : INITVALUE, equals : true
12-14 22:03:46.542: D/KeyguardModel(2345): package = , class = 
12-14 22:03:46.542: D/KeyguardModel(2345): createShortcutInfo...
12-14 22:03:46.544: W/ResourceType(1728): ResTable_typeSpec entry count inconsistent: given 1, previously 544
12-14 22:03:46.544: E/KeyguardModel(2345): package:  not found!
12-14 22:03:46.544: D/KeyguardModel(2345): package = , class = 
12-14 22:03:46.545: D/KeyguardModel(2345): createShortcutInfo...
12-14 22:03:46.546: E/KeyguardModel(2345): package:  not found!
12-14 22:03:46.546: D/KeyguardModel(2345): package = , class = 
12-14 22:03:46.546: D/KeyguardModel(2345): createShortcutInfo...
12-14 22:03:46.547: E/KeyguardModel(2345): package:  not found!
12-14 22:03:46.547: D/KeyguardModel(2345): package = com.lge.camera, class = com.lge.camera.CameraApp
12-14 22:03:46.548: W/ResourceType(1728): ResTable_typeSpec entry count inconsistent: given 1, previously 544
12-14 22:03:46.553: D/LCardEmulationManager(3090): onServicesUpdated
12-14 22:03:46.557: I/KeyguardModel(2345): isCameraDisabledByDpm, disabledCamera : false
12-14 22:03:46.557: D/KeyguardModel(2345): createShortcutInfo...
12-14 22:03:46.604: D/LNfcService(3090): updatePackageCache
12-14 22:03:46.604: D/LNfcService(3090): UpdatePackageCacheTask -onPreExecute
12-14 22:03:46.605: D/LNfcService(3090): UpdatePackageCacheTask - doInBackground - begin
12-14 22:03:46.605: D/LNfcService(3090): UpdatePackageCacheTask -onPostExecute : com.android.nfc.LNfcService$UpdatePackageCacheTask@58fa288
12-14 22:03:46.619: D/KeyguardModel(2345): handleShortcutListChanged...
12-14 22:03:46.643: D/KeyguardModel(2345): package = com.android.contacts, class = com.android.contacts.activities.DialtactsActivity
12-14 22:03:46.643: D/KeyguardModel(2345): createShortcutInfo...
12-14 22:03:46.647: D/KeyguardModel(2345): package = , class = 
12-14 22:03:46.647: D/KeyguardModel(2345): createShortcutInfo...
12-14 22:03:46.648: E/KeyguardModel(2345): package:  not found!
12-14 22:03:46.648: D/KeyguardModel(2345): package = , class = 
12-14 22:03:46.648: D/KeyguardModel(2345): createShortcutInfo...
12-14 22:03:46.648: E/KeyguardModel(2345): package:  not found!
12-14 22:03:46.648: D/KeyguardModel(2345): package = , class = 
12-14 22:03:46.648: D/KeyguardModel(2345): createShortcutInfo...
12-14 22:03:46.649: E/KeyguardModel(2345): package:  not found!
12-14 22:03:46.649: D/KeyguardModel(2345): package = com.lge.camera, class = com.lge.camera.CameraApp
12-14 22:03:46.658: I/NetworkController.WifiSignalController(2345): Change in state to: connected=true,enabled=true,level=3,inetCondition=1,iconGroup=IconGroup(Default Wi-Fi Icons),activityIn=true,activityOut=true,rssi=-39,,ssid="wl-ftl-mt12-1-5",isGigaWiFi=false,isAttWifiCall=false
12-14 22:03:46.658: I/KeyguardModel(2345): isCameraDisabledByDpm, disabledCamera : false
12-14 22:03:46.658: D/KeyguardModel(2345): createShortcutInfo...
12-14 22:03:46.662: I/[LGHome6]Launcher.Model(12698): onReceive intent=Intent { act=android.search.action.SEARCHABLES_CHANGED flg=0x24000010 }
12-14 22:03:46.663: D/GeocoderProxy(1728): bindBestPackage for com.android.location.service.GeocodeProvider :  found 1, new best component: ComponentInfo{com.google.android.gms/com.google.android.location.geocode.GeocodeService}
12-14 22:03:46.663: D/FusedProxy(1728): bindBestPackage for com.android.location.service.FusedProvider :  found 1, new best component: ComponentInfo{com.google.android.gms/com.google.android.location.fused.service.FusedProviderService}
12-14 22:03:46.664: D/GeofenceProxy(1728): bindBestPackage for com.android.location.service.GeofenceProvider :  found 1, new best component: ComponentInfo{com.google.android.gms/com.google.android.location.geofencer.service.GeofenceProviderService}
12-14 22:03:46.665: D/ActivityRecognitionProxy(1728): bindBestPackage for com.android.location.service.ActivityRecognitionProvider :  found 1, new best component: ComponentInfo{com.google.android.gms/com.google.android.location.internal.server.HardwareArProviderService}
12-14 22:03:46.666: I/[LGHome6]Launcher.Model(12698): enqueuePackageUpdated: mOp = OP_REMOVE, packageName = [com.example.lunchmeet.lunchmeet.test], User = &s
12-14 22:03:46.666: I/[LGHome6]Launcher.Model(12698): PackageUpdatedTask.run() : Op{OP_REMOVE}, Package{[com.example.lunchmeet.lunchmeet.test]}, UserHandle{0}
12-14 22:03:46.668: I/[LGHome4]EVENT(12729): [LauncherModel.java:219:onReceive()]onReceive intent android.search.action.SEARCHABLES_CHANGED
12-14 22:03:46.668: I/[LGHome6]Launcher.Model(12698): updateWidgetsModel: refresh = false
12-14 22:03:46.668: I/[LGHome4]Launcher.Model(12729): onPackageRemoved=com.example.lunchmeet.lunchmeet.test for UserHandle{0}
12-14 22:03:46.669: W/[LGHome4]Launcher.Model(12729): [LauncherModel.java:563:run()]Nobody to tell about the new app.  Launcher is probably loading.
12-14 22:03:46.671: D/KeyguardModel(2345): handleShortcutListChanged...
12-14 22:03:46.673: W/[LGHome6]WidgetsModel(12698): [WidgetsModelExtension.java:73:isValidSizeWidget()]Widget ComponentInfo{com.lge.sizechangable.weather/com.lge.sizechangable.weather.layout.WeatherFph} can not fit on this device (40000, 40000), default (4x5), span (125x125)
12-14 22:03:46.683: I/MirrorLink_UPnP(14631): loadPredefinedAppInfo : loaded app num:6
12-14 22:03:46.683: I/MirrorLink_UPnP(14631): /data/data/com.lge.mirrorlink/files
12-14 22:03:46.688: I/MirrorLink_UPnP(14631): loadAppList()
12-14 22:03:46.688: I/MirrorLink_UPnP(14631): putInternalApps()
12-14 22:03:46.688: I/MirrorLink_UPnP(14631): add internal app:com.lge.mirrorlink/com.lge.mirrorlink.vnc.TmVNCServer
12-14 22:03:46.688: I/MirrorLink_UPnP(14631): add internal app:com.lge.mirrorlink/com.lge.mirrorlink.rtp.TmRTPServer
12-14 22:03:46.688: I/MirrorLink_UPnP(14631): add internal app:com.lge.mirrorlink/com.lge.mirrorlink.bt.BTHFP
12-14 22:03:46.688: I/MirrorLink_UPnP(14631): add internal app:com.lge.mirrorlink/com.lge.mirrorlink.bt.BTA2DP
12-14 22:03:46.688: I/MirrorLink_UPnP(14631): add internal app:com.lge.mirrorlink/com.lge.mirrorlink.dap.TmDAPServer
12-14 22:03:46.688: I/MirrorLink_UPnP(14631): add internal app:com.lge.mirrorlink/com.lge.mirrorlink.cdb.TmCDBServer
12-14 22:03:46.689: I/MirrorLink_UPnP(14631): Certificates loaded: 0
12-14 22:03:46.691: E/MirrorLink_Cert(14631): getDeveloperId(): devIdFromDB == null
12-14 22:03:46.691: W/MirrorLink_Cert(14631): refreshDeveloperId(): devId is not valid. - null
12-14 22:03:46.691: I/MirrorLink_UPnP(14631): loaded app num:0
12-14 22:03:46.718: W/[LGHome6]WidgetsModel(12698): [WidgetsModelExtension.java:73:isValidSizeWidget()]Widget ComponentInfo{com.lge.qmemoplus/com.lge.qmemoplus.appwidget.QMemoPlusFullAppWidgetProvider} can not fit on this device (39996, 39996), default (4x5), span (125x125)
12-14 22:03:46.752: I/MirrorLink_Cert(14631): success to load Trust Root Certificate:E0BE24FB9179C3205B626478CFF939E5963E8C9ABEE66E35CDC3AE2A63BF2256
12-14 22:03:46.752: W/MirrorLink_Cert(14631): /persist-lg/mirrorlink/device_certificate.crt is not found.
12-14 22:03:46.757: I/MirrorLink_Cert(14631): Device certificate is loaded from resource
12-14 22:03:46.816: I/MirrorLink_Cert(14631): CertificateManager loaded
12-14 22:03:46.816: I/MirrorLink(14631): onReceive: android.intent.action.PACKAGE_REMOVED pkg = com.example.lunchmeet.lunchmeet.test
12-14 22:03:46.816: I/MirrorLink_UPnP(14631): removeApp: com.example.lunchmeet.lunchmeet.test
12-14 22:03:46.816: W/MirrorLink_UPnP(14631): removeApp: cannot find app - com.example.lunchmeet.lunchmeet.test
12-14 22:03:46.816: I/MirrorLink(14631): non MirrorLink User
12-14 22:03:46.818: I/MirrorLink(14631): topActivity : ComponentInfo{com.google.android.apps.mtaas.backdrop/com.google.android.apps.mtaas.backdrop.BackdropActivity}
12-14 22:03:46.818: I/Process(14631): Sending signal. PID: 14631 SIG: 9
12-14 22:03:46.871: I/ActivityManager(1728): Process com.lge.mirrorlink (pid 14631) has died
12-14 22:03:46.872: D/ActivityManager(1728): cleanUpApplicationRecord -- 14631
12-14 22:03:46.965: I/ActivityManager(1728): Start proc 14652:com.android.keychain/1000 for broadcast com.android.keychain/.KeyChainBroadcastReceiver
12-14 22:03:47.068: W/System(14652): ClassLoader referenced unknown path: /system/app/KeyChain/lib/arm64
12-14 22:03:47.088: W/ContextImpl(14652): Calling a method in the system process without a qualified user: android.app.ContextImpl.startService:1359 android.content.ContextWrapper.startService:613 android.content.ContextWrapper.startService:613 com.android.keychain.KeyChainBroadcastReceiver.onReceive:12 android.app.ActivityThread.handleReceiver:3142 
12-14 22:03:47.100: D/TeleService(2570): ConfigUtils: isSupportVisualvoicemail getBoolean(config_visual_voice_mail) = false
12-14 22:03:47.111: D/VoicemailCleanupService(3387): Cleaning up data for package: com.example.lunchmeet.lunchmeet.test
12-14 22:03:47.114: I/Telecom(2554): Logging: START_SESSION: TSI.gDDP@ACY
12-14 22:03:47.117: I/Telecom(2554): Logging: CREATE_SUBSESSION (Invisible subsession): TSI.gDDP@ACY
12-14 22:03:47.117: I/Telecom(2554): Logging: CONTINUE_SUBSESSION (Invisible Subsession) with Method TSI.gSDP: TSI.gDDP@ACY
12-14 22:03:47.118: I/Telecom(2554): Logging: END_SUBSESSION (Invisible Subsession) (dur: 1 mS): TSI.gDDP@ACY
12-14 22:03:47.118: I/Telecom(2554): Logging: END_SUBSESSION (dur: 5 mS): TSI.gDDP@ACY
12-14 22:03:47.118: I/Telecom(2554): Logging: END_SESSION (dur: 5 ms): TSI.gDDP@ACY
12-14 22:03:47.119: I/Telecom(2554): Logging: START_SESSION: TSI.gSDP@ACc
12-14 22:03:47.119: I/Telecom(2554): Logging: END_SUBSESSION (dur: 0 mS): TSI.gSDP@ACc
12-14 22:03:47.120: I/Telecom(2554): Logging: END_SESSION (dur: 0 ms): TSI.gSDP@ACc
12-14 22:03:47.121: I/Telecom(2554): Logging: START_SESSION: TSI.gDDP@ACg
12-14 22:03:47.125: I/Telecom(2554): Logging: CREATE_SUBSESSION (Invisible subsession): TSI.gDDP@ACg
12-14 22:03:47.125: I/Telecom(2554): Logging: CONTINUE_SUBSESSION (Invisible Subsession) with Method TSI.gSDP: TSI.gDDP@ACg
12-14 22:03:47.125: I/Telecom(2554): Logging: END_SUBSESSION (Invisible Subsession) (dur: 0 mS): TSI.gDDP@ACg
12-14 22:03:47.125: I/Telecom(2554): Logging: END_SUBSESSION (dur: 4 mS): TSI.gDDP@ACg
12-14 22:03:47.125: I/Telecom(2554): Logging: END_SESSION (dur: 4 ms): TSI.gDDP@ACg
12-14 22:03:47.127: I/Telecom(2554): Logging: START_SESSION: TSI.gSDP@ACk
12-14 22:03:47.127: I/Telecom(2554): Logging: END_SUBSESSION (dur: 1 mS): TSI.gSDP@ACk
12-14 22:03:47.127: I/Telecom(2554): Logging: END_SESSION (dur: 1 ms): TSI.gSDP@ACk
12-14 22:03:47.132: D/PackageIntentReceiver(2591): Not supported Hotkey customization function 
12-14 22:03:47.138: D/HideNavigationAppsReceiver(2591): Receive package name : com.example.lunchmeet.lunchmeet.test, replacing=false, action=android.intent.action.PACKAGE_REMOVED
12-14 22:03:47.138: D/HideNavigationAppsReceiver(2591): replacing : false
12-14 22:03:47.139: D/HideNavigationAppsReceiver(2591): Delete mPackageMame : com.example.lunchmeet.lunchmeet.test
12-14 22:03:47.140: I/Telecom(2554): Logging: START_SESSION: TSI.gDDP@ACo
12-14 22:03:47.143: I/Telecom(2554): Logging: CREATE_SUBSESSION (Invisible subsession): TSI.gDDP@ACo
12-14 22:03:47.143: I/Telecom(2554): Logging: CONTINUE_SUBSESSION (Invisible Subsession) with Method TSI.gSDP: TSI.gDDP@ACo
12-14 22:03:47.143: I/Telecom(2554): Logging: END_SUBSESSION (Invisible Subsession) (dur: 0 mS): TSI.gDDP@ACo
12-14 22:03:47.143: I/Telecom(2554): Logging: END_SUBSESSION (dur: 4 mS): TSI.gDDP@ACo
12-14 22:03:47.143: I/Telecom(2554): Logging: END_SESSION (dur: 4 ms): TSI.gDDP@ACo
12-14 22:03:47.145: I/Telecom(2554): Logging: START_SESSION: TSI.gSDP@ACs
12-14 22:03:47.145: I/Telecom(2554): Logging: END_SUBSESSION (dur: 0 mS): TSI.gSDP@ACs
12-14 22:03:47.145: I/Telecom(2554): Logging: END_SESSION (dur: 0 ms): TSI.gSDP@ACs
12-14 22:03:47.146: D/ButtonCombinationReceiver(2591): Receive package name : com.example.lunchmeet.lunchmeet.test
12-14 22:03:47.146: D/ButtonCombinationReceiver(2591): replacing : false
12-14 22:03:47.147: I/Telecom(2554): Logging: START_SESSION: TSI.gDDP@ACw
12-14 22:03:47.151: I/Telecom(2554): Logging: CREATE_SUBSESSION (Invisible subsession): TSI.gDDP@ACw
12-14 22:03:47.151: I/Telecom(2554): Logging: CONTINUE_SUBSESSION (Invisible Subsession) with Method TSI.gSDP: TSI.gDDP@ACw
12-14 22:03:47.151: I/Telecom(2554): Logging: END_SUBSESSION (Invisible Subsession) (dur: 0 mS): TSI.gDDP@ACw
12-14 22:03:47.151: I/Telecom(2554): Logging: END_SUBSESSION (dur: 4 mS): TSI.gDDP@ACw
12-14 22:03:47.152: I/Telecom(2554): Logging: END_SESSION (dur: 4 ms): TSI.gDDP@ACw
12-14 22:03:47.153: I/Telecom(2554): Logging: START_SESSION: TSI.gSDP@AC0
12-14 22:03:47.153: I/Telecom(2554): Logging: END_SUBSESSION (dur: 0 mS): TSI.gSDP@AC0
12-14 22:03:47.153: I/Telecom(2554): Logging: END_SESSION (dur: 0 ms): TSI.gSDP@AC0
12-14 22:03:47.161: W/Finsky(13236): [1] com.google.android.finsky.application.FinskyAppImpl.F(1569): No account configured on this device.
12-14 22:03:47.174: W/Finsky(13236): [1] com.google.android.finsky.application.FinskyAppImpl.F(1569): No account configured on this device.
12-14 22:03:47.177: W/Finsky(13236): [1] com.google.android.finsky.application.FinskyAppImpl.F(1569): No account configured on this device.
12-14 22:03:47.203: I/WearableService(7506): Wearable Services not starting - Wear is not available on this device.
12-14 22:03:47.232: D/WearableService(7506): onGetService - Wear is not available on this device.
12-14 22:03:47.235: E/Finsky(13236): [1] com.google.android.finsky.wear.bp.a(847): onConnectionFailed: ConnectionResult{statusCode=API_UNAVAILABLE, resolution=null, message=null}
12-14 22:03:47.236: I/Finsky(13236): [1] com.google.android.finsky.wear.an.run(2402): Dropping command=auto_uninstall due to Gms not connected
12-14 22:03:47.242: I/Finsky(13236): [1] com.google.android.finsky.wear.an.run(2402): Dropping command=send_installed_apps due to Gms not connected
12-14 22:03:47.260: E/NetworkScheduler(7506): Unrecognised action provided: android.intent.action.PACKAGE_REMOVED
12-14 22:03:47.329: W/ConfigurationChimeraPro(7506): Got null configs for com.google.android.gms.drive
12-14 22:03:47.341: D/SearchDBupdateProvider(2591): Enter sendUpdatePendingIntent
12-14 22:03:47.343: I/SQLiteOpenHelper(7544): Create metadata.db
12-14 22:03:47.365: D/AppUp4:PreloadHelper(13439): added Exclude : com.example.lunchmeet.lunchmeet.test
12-14 22:03:47.371: D/[BNRAppListMgrReceiver](13461): android.intent.action.PACKAGE_REMOVED : com.example.lunchmeet.lunchmeet.test
12-14 22:03:47.376: D/AppStateChangeReceiver(3243): app state is changed. Action : android.intent.action.PACKAGE_REMOVED
12-14 22:03:47.376: D/AppStateChangeReceiver(3243): package name is : package:com.example.lunchmeet.lunchmeet.test
12-14 22:03:47.376: W/ContextImpl(3243): Calling a method in the system process without a qualified user: android.app.ContextImpl.startService:1359 android.content.ContextWrapper.startService:613 android.content.ContextWrapper.startService:613 com.lge.gametuner.broadcastreceiver.AppStateChangeReceiver.onReceive:45 android.app.ActivityThread.handleReceiver:3142 
12-14 22:03:47.382: D/GameDetector(3243): Start game detecting service.
12-14 22:03:47.382: D/GameDetector(3243): user agree to use network : false
12-14 22:03:47.385: I/PeopleContactsSync(7544): triggerPendingContactsCleanup: no accounts
12-14 22:03:47.388: I/GMPH(2496): gtObserver mod onChange
12-14 22:03:47.388: I/GMPH(2496): gtObserver OF List onChange
12-14 22:03:47.388: D/GMPH(2496): loadgtOfListInfos start
12-14 22:03:47.388: D/GMPH(2496): loadgtModInfos start
12-14 22:03:47.389: I/GMPH(2496): gtObserver pkg onChange
12-14 22:03:47.389: D/GMPH(2496): loadgtPkgInfos start
12-14 22:03:47.408: I/SQLiteOpenHelper(7544): Upgrade DocList.db
12-14 22:03:47.408: W/DatabaseHelper(7544): Upgrading database /data/user/0/com.google.android.gms/databases/DocList.db from version 171 to 172 databaseName=DocList.db
12-14 22:03:47.411: D/Wear_Controller(7544): Received broadcast action=android.intent.action.PACKAGE_REMOVED and uri=com.example.lunchmeet.lunchmeet.test
12-14 22:03:47.417: I/DatabaseHelper(7544): Creating a new database at version 172 for /data/user/0/com.google.android.gms/databases/DocList.db
12-14 22:03:47.424: I/ExtensionAppChangeReceiver(13512): onReceive: android.intent.action.PACKAGE_REMOVED
12-14 22:03:47.425: I/GMPH(2496): loadgtOfListInfos completed / package number = 211
12-14 22:03:47.427: I/GMPH(2496): loadgtPkgInfos completed / package number = 0
12-14 22:03:47.427: D/GMPH(2496): loadgtModInfos completed
12-14 22:03:47.430: I/LocationSettingsChecker(7544): Removing dialog suppression flag for package com.example.lunchmeet.lunchmeet.test
12-14 22:03:47.440: D/BIO SDSERVICE 2(13512): SDServiceBroadcastReceiver::[onReceive] Intent action: android.intent.action.PACKAGE_REMOVED
12-14 22:03:47.440: D/BIO SDSERVICE 2(13512): SDServiceBroadcastReceiver::[onReceive] removed package: com.example.lunchmeet.lunchmeet.test
12-14 22:03:47.446: D/LockScreenSettings.PackageIntentReceiver(5667): onReceive, android.intent.action.PACKAGE_REMOVED
12-14 22:03:47.463: I/GrowthService(7544): Package com.example.lunchmeet.lunchmeet.test uninstalled. Removing from storage.
12-14 22:03:47.461: I/Icing(7544): doRemovePackageData com.example.lunchmeet.lunchmeet.test
12-14 22:03:47.475: I/Icing(7544): IndexChimeraService.getServiceInterface callingPackage=com.google.android.gms componentName=AppsCorpus serviceId=36
12-14 22:03:47.487: I/SQLiteOpenHelper(7544): Create growth.db
12-14 22:03:47.493: I/Icing(7544): IndexChimeraService.getServiceInterface callingPackage=com.google.android.gms componentName=AppsCorpus serviceId=32
12-14 22:03:47.505: I/ActivityManager(1728): Start proc 14697:com.android.documentsui/u0a65 for broadcast com.android.documentsui/.PackageReceiver
12-14 22:03:47.536: V/WifiServerServiceExt(1728): checkPollTimer Cnt= 0 rssi =-42 threshold=-100
12-14 22:03:47.538: W/System(14697): ClassLoader referenced unknown path: /system/priv-app/DocumentsUI/lib/arm64
12-14 22:03:47.554: I/Icing(7544): Usage reports ok 0, Failed Usage reports 0, indexed 0, rejected 0, imm upload false
12-14 22:03:47.585: I/Icing(7544): Usage reports ok 0, Failed Usage reports 0, indexed 0, rejected 0, imm upload false
12-14 22:03:47.597: V/ActivityManager(1728): clear launchingApp : null
12-14 22:03:47.608: I/ActivityManager(1728): Start proc 14712:com.android.externalstorage/u0a67 for content provider com.android.externalstorage/.ExternalStorageProvider
12-14 22:03:47.614: W/DriveInitializer(7544): Awaiting to be initialized
12-14 22:03:47.615: W/DriveInitializer(7544): Background init thread started
12-14 22:03:47.616: I/ActivityManager(1728): Killing 7081:com.google.android.configupdater/u0a66 (adj 906): empty #33
12-14 22:03:47.621: I/Telecom(2554): Logging: START_SESSION: TSI.cA@AC4
12-14 22:03:47.621: I/Telecom(2554): Logging: END_SUBSESSION (dur: 0 mS): TSI.cA@AC4
12-14 22:03:47.621: I/Telecom(2554): Logging: END_SESSION (dur: 0 ms): TSI.cA@AC4
12-14 22:03:47.626: D/PackageIntentReceiver(2591): Not supported Hotkey customization function 
12-14 22:03:47.633: I/ActivityManager(1728): Killing 12729:com.lge.launcher2/u0a99 (adj 906): empty #33
12-14 22:03:47.638: D/ActivityManager(1728): cleanUpApplicationRecord -- 7081
12-14 22:03:47.659: I/NetworkController.WifiSignalController(2345): Change in state to: connected=true,enabled=true,level=3,inetCondition=1,iconGroup=IconGroup(Default Wi-Fi Icons),activityIn=true,activityOut=false,rssi=-39,,ssid="wl-ftl-mt12-1-5",isGigaWiFi=false,isAttWifiCall=false
12-14 22:03:47.660: D/LockScreenSettings.PackageIntentReceiver(5667): onReceive, android.intent.action.PACKAGE_FULLY_REMOVED
12-14 22:03:47.661: W/System(14712): ClassLoader referenced unknown path: /system/priv-app/ExternalStorageProvider/lib/arm64
12-14 22:03:47.668: D/ActivityManager(1728): cleanUpApplicationRecord -- 12729
12-14 22:03:47.675: W/DatabaseHelper(7544): Trying to check foreignKeys
12-14 22:03:47.677: W/DatabaseHelper(7544): Database upgrade completed in 269 ms
12-14 22:03:47.687: D/ExternalStorage(14712): After updating volumes, found 2 active roots
12-14 22:03:47.717: I/ActivityManager(1728): Start proc 14729:com.lge.qmemoplus/1000 for broadcast com.lge.qmemoplus/.network.evernote.EvernoteManageReceiver
12-14 22:03:47.745: V/ActivityManager(1728): clear launchingApp : null
12-14 22:03:47.752: W/System(14729): ClassLoader referenced unknown path: /system/priv-app/LGQMemoplus/lib/arm
12-14 22:03:47.756: I/ActivityManager(1728): Start proc 14743:com.android.mtp/u0a85 for content provider com.android.mtp/.MtpDocumentsProvider
12-14 22:03:47.777: I/ActivityManager(1728): Killing 12715:com.evernote/u0a80 (adj 906): empty #33
12-14 22:03:47.781: I/App(14729): [App][onCreate()] 6.0.12
12-14 22:03:47.787: D/AccountManager(14729): setSyncFrequency
12-14 22:03:47.791: D/ActivityManager(1728): cleanUpApplicationRecord -- 12715
12-14 22:03:47.793: D/BaseTool(14729): [BaseTool] penWidthScale 1.0
12-14 22:03:47.793: D/BaseTool(14729): [BaseTool] penWidthScale 1.0
12-14 22:03:47.793: D/BaseTool(14729): [BaseTool] penWidthScale 1.0
12-14 22:03:47.796: I/TrashAutoDeleteService(14729): [registerAlarm]
12-14 22:03:47.807: I/TrashAutoDeleteService(14729): [registerAlarm] is not enable trash
12-14 22:03:47.808: D/EvernoteManageReceiver(14729): [onReceive] action : android.intent.action.PACKAGE_FULLY_REMOVED
12-14 22:03:47.811: D/BaseTool(14729): [BaseTool] penWidthScale 1.0
12-14 22:03:47.812: I/ActivityManager(1728): Killing 6934:com.google.android.apps.photos/u0a186 (adj 906): empty #33
12-14 22:03:47.829: I/ContentMaintenance(7544): Pruning caches...
12-14 22:03:47.837: D/ActivityManager(1728): cleanUpApplicationRecord -- 6934
12-14 22:03:47.850: I/PinnedContentDownloader(7544): Started downloading pinned content.
12-14 22:03:47.853: W/DriveInitializer(7544): Background init thread ended
12-14 22:03:47.864: D/VoldConnector(1728): SND -> {17 appfuse mount 10085 14743 MtpDocumentsProvider}
12-14 22:03:47.866: I/PinnedContentDownloader(7544): Finished downloading pinned content.
12-14 22:03:47.867: I/ContentMaintenance(7544): Internal cache bytes used: 0; limit: 100000000; download size: 0
12-14 22:03:47.869: V/Netd(949): unexpected event from subsystem bdi
12-14 22:03:47.869: I/ContentMaintenance(7544): Cache pruning complete.
12-14 22:03:47.872: D/VoldConnector(1728): RCV <- {200 17 AppFuse command succeeded}
12-14 22:03:47.872: I/ContentMaintenance(7544): Beginning garbage collection.
12-14 22:03:47.875: I/RealtimeCacheCleanup(7544): Beginning Realtime garbage collection.
12-14 22:03:47.876: I/RealtimeCacheCleanup(7544): Finished Realtime garbage collection.
12-14 22:03:47.876: I/ContentMaintenance(7544): Finished garbage collection.
12-14 22:03:47.884: D/BaseTool(14729): [BaseTool] penWidthScale 1.0
12-14 22:03:47.885: D/BaseTool(14729): [BaseTool] penWidthScale 1.0
12-14 22:03:47.886: D/BaseTool(14729): [BaseTool] penWidthScale 1.0
12-14 22:03:48.280: D/AndroidRuntime(14774): >>>>>> START com.android.internal.os.RuntimeInit uid 2000 <<<<<<
12-14 22:03:48.283: D/AndroidRuntime(14774): CheckJNI is OFF
12-14 22:03:48.353: D/ICU(14774): No timezone override file found: /data/misc/zoneinfo/current/icu/icu_tzdata.dat
12-14 22:03:48.374: I/Radio-JNI(14774): register_android_hardware_Radio DONE
12-14 22:03:48.391: D/AndroidRuntime(14774): Calling main entry com.android.commands.pm.Pm
12-14 22:03:48.397: I/art(14774): System.exit called, status: 1
12-14 22:03:48.397: I/AndroidRuntime(14774): VM exiting with result code 1.
12-14 22:03:48.600: I/Icing(7544): Indexing B394FB5FC89416A717F7FC4FD68B76A170E02CCC from com.google.android.gms
12-14 22:03:48.615: I/Icing(7544): Indexing done B394FB5FC89416A717F7FC4FD68B76A170E02CCC
12-14 22:03:50.349: V/Netd(949): unexpected event from subsystem lge_power
12-14 22:03:50.353: V/Netd(949): unexpected event from subsystem power_supply
12-14 22:03:50.368: D/WifiController(1728): battery changed pluggedType: 1
12-14 22:03:50.370: D/KeyguardUpdateMonitor(2345): Intent.ACTION_BATTERY_CHANGED status : 5 ,plugged : 1 ,level : 100 ,temperature : 302, temperatureState : 0, EXTRA_CHARGING_CURRENT : 0 / EXTRA_HVDCP_TYPE : false
12-14 22:03:50.374: I/LGPowerUI(2345): onReceive = android.intent.action.BATTERY_CHANGED
12-14 22:03:50.375: I/LGPowerUI(2345): level = 100, plugType = 1, plugged = true, charging = false, temperature = 302, chargingCurrent = 0, factoryCableItem = 0, isFastCharging = false, batteryID = 1
12-14 22:03:50.382: I/AbsQuickSettingsHandlerBase(2345): Got action android.intent.action.BATTERY_CHANGED for BATTERY_SAVER
12-14 22:03:50.383: W/QCNEJ(3077): |CORE| CNE received unexpected action: android.intent.action.BATTERY_CHANGED
12-14 22:03:50.387: D/TeleService(2570): PhoneGlobalsEx: onReceive: android.intent.action.BATTERY_CHANGED
12-14 22:03:50.393: W/MainApplication(13461): onReceive intent : Intent { act=android.intent.action.BATTERY_CHANGED flg=0x60000010 (has extras) }
12-14 22:03:50.472: D/AndroidRuntime(14788): >>>>>> START com.android.internal.os.RuntimeInit uid 2000 <<<<<<
12-14 22:03:50.474: D/AndroidRuntime(14788): CheckJNI is OFF
12-14 22:03:50.537: V/WifiServerServiceExt(1728): checkPollTimer Cnt= 0 rssi =-42 threshold=-100
12-14 22:03:50.539: D/ICU(14788): No timezone override file found: /data/misc/zoneinfo/current/icu/icu_tzdata.dat
12-14 22:03:50.560: I/Radio-JNI(14788): register_android_hardware_Radio DONE
12-14 22:03:50.576: D/AndroidRuntime(14788): Calling main entry com.android.commands.pm.Pm
12-14 22:03:50.584: I/ActivityManager(1728): Force stopping com.example.lunchmeet.lunchmeet appid=10200 user=-1: deletePackageX
12-14 22:03:50.584: I/ActivityManager(1728): [ 12-14 22:03:50.586   934:  934 D/         ]
12-14 22:03:50.584: I/ActivityManager(1728): destroy_sdp_data: pkgname:com.example.lunchmeet.lunchmeet userid:0
12-14 22:03:50.587: E/SDPManager(1728): Failed to connect SDPService
12-14 22:03:50.588: I/PackageManager(1728): Removing old permission: com.example.lunchmeet.lunchmeet.permission.C2D_MESSAGE from package com.example.lunchmeet.lunchmeet
12-14 22:03:50.682: D/WifiWatchdogStateMachine(1728): EVENT_CHECK_IMS_CALL_STATE received
12-14 22:03:50.682: D/WifiWatchdogStateMachine(1728): OnlineWatchState handleRssiChange() imscallstate : 0
12-14 22:03:50.795: E/PackageManager(1728): [LGIS] Integrity Service is not running
12-14 22:03:50.796: I/art(1728): Starting a blocking GC Explicit
12-14 22:03:50.935: I/art(1728): Explicit concurrent mark sweep GC freed 142903(12MB) AllocSpace objects, 13(248KB) LOS objects, 33% free, 43MB/64MB, paused 1.804ms total 139.047ms
12-14 22:03:50.959: I/art(14788): System.exit called, status: 0
12-14 22:03:50.959: I/AndroidRuntime(14788): VM exiting with result code 0.
12-14 22:03:50.963: W/MessageQueue(14788): Handler (android.os.Handler) {ad14150} sending message to a Handler on a dead thread
12-14 22:03:50.963: W/MessageQueue(14788): java.lang.IllegalStateException: Handler (android.os.Handler) {ad14150} sending message to a Handler on a dead thread
12-14 22:03:50.963: W/MessageQueue(14788): 	at android.os.MessageQueue.enqueueMessage(MessageQueue.java:543)
12-14 22:03:50.963: W/MessageQueue(14788): 	at android.os.Handler.enqueueMessage(Handler.java:643)
12-14 22:03:50.963: W/MessageQueue(14788): 	at android.os.Handler.sendMessageAtTime(Handler.java:612)
12-14 22:03:50.963: W/MessageQueue(14788): 	at android.os.Handler.sendMessageDelayed(Handler.java:582)
12-14 22:03:50.963: W/MessageQueue(14788): 	at android.os.Handler.post(Handler.java:338)
12-14 22:03:50.963: W/MessageQueue(14788): 	at android.os.ResultReceiver$MyResultReceiver.send(ResultReceiver.java:57)
12-14 22:03:50.963: W/MessageQueue(14788): 	at com.android.internal.os.IResultReceiver$Stub.onTransact(IResultReceiver.java:58)
12-14 22:03:50.963: W/MessageQueue(14788): 	at android.os.Binder.execTransact(Binder.java:565)
12-14 22:03:50.963: I/ActivityManager(1728): Force stopping com.example.lunchmeet.lunchmeet appid=10200 user=0: pkg removed
12-14 22:03:50.982: E/OverlayManager(1728): Cannot found overlays for target: com.example.lunchmeet.lunchmeet
12-14 22:03:50.985: D/KeyguardModel(2345): mPackageIntentReceiver, received action: android.intent.action.PACKAGE_REMOVED, sendingUserId:0
12-14 22:03:50.987: D/FMFRW_LgFmService(2496): onReceive
12-14 22:03:50.987: D/FMFRW_LgFmService(2496): android.intent.action.PACKAGE_REMOVED
12-14 22:03:50.987: D/FMFRW_LgFmService(2496): pkgName : com.example.lunchmeet.lunchmeetmClientPackagename :null
12-14 22:03:50.987: D/FMFRW_LgFmService(2496): fmServiceGetFMState
12-14 22:03:50.987: D/FMFRW_QctFmRadio(2496): fmServiceGetFMState >>>
12-14 22:03:50.987: E/FMFRW_QctFmRadio(2496): fmServiceGetFMState <<< mReceiver is null.
12-14 22:03:50.994: I/GeofencerStateMachine(7506): removeGeofences: removeRequest=RemoveGeofencingRequest[REMOVE_ALL packageName=com.example.lunchmeet.lunchmeet]
12-14 22:03:50.995: W/System.err(3154): android.content.pm.PackageManager$NameNotFoundException: com.example.lunchmeet.lunchmeet
12-14 22:03:50.996: W/System.err(3154): 	at android.app.ApplicationPackageManager.getPackageInfoAsUser(ApplicationPackageManager.java:170)
12-14 22:03:50.996: W/System.err(3154): 	at android.app.ApplicationPackageManager.getPackageInfo(ApplicationPackageManager.java:155)
12-14 22:03:50.996: W/System.err(3154): 	at com.lge.mlt.watcher.LDBOnAppWatcher$2.onReceive(LDBOnAppWatcher.java:68)
12-14 22:03:50.996: W/System.err(3154): 	at android.app.LoadedApk$ReceiverDispatcher$Args.run(LoadedApk.java:1196)
12-14 22:03:50.996: W/System.err(3154): 	at android.os.Handler.handleCallback(Handler.java:751)
12-14 22:03:50.996: W/System.err(3154): 	at android.os.Handler.dispatchMessage(Handler.java:95)
12-14 22:03:50.996: W/System.err(3154): 	at android.os.Looper.loop(Looper.java:154)
12-14 22:03:50.996: W/System.err(3154): 	at android.app.ActivityThread.main(ActivityThread.java:6316)
12-14 22:03:50.996: W/System.err(3154): 	at java.lang.reflect.Method.invoke(Native Method)
12-14 22:03:50.996: W/System.err(3154): 	at com.android.internal.os.ZygoteInit$MethodAndArgsCaller.run(ZygoteInit.java:872)
12-14 22:03:50.996: W/System.err(3154): 	at com.android.internal.os.ZygoteInit.main(ZygoteInit.java:762)
12-14 22:03:50.998: I/InputReader(1728): Reconfiguring input devices.  changes=0x00000010
12-14 22:03:51.001: D/KeyguardModel(2345): mPackageIntentReceiver, received action: android.intent.action.PACKAGE_FULLY_REMOVED, sendingUserId:0
12-14 22:03:51.004: D/AccountTypeManager(12661): sync.accountType: com.lge.sync
12-14 22:03:51.005: I/LocalDefaultAccountUtil(12661): notifyLgSyncAccountExistingInSyncAdapterTypes()
12-14 22:03:51.005: D/AccountTypeManager(12661): sync.accountType: com.google.android.gm.exchange
12-14 22:03:51.006: D/AccountTypeManager(12661): sync.accountType: com.google
12-14 22:03:51.008: D/administrator(1728): Handling package changes for user 0
12-14 22:03:51.009: D/AccountTypeManager(12661): Registering 1 extension packages
12-14 22:03:51.010: W/AccountTypeManager(12661): Skipping extension package com.google.android.apps.plus because it doesn't have the CONTACTS_STRUCTURE metadata
12-14 22:03:51.010: D/AppDetectorService(2496): cancelRetailNoti()
12-14 22:03:51.011: D/AppDetectorService(2496): action : PACKAGE_REMOVED, RetailModeService property[0] sRetailModeAppInstallCount : 0
12-14 22:03:51.011: I/AccountTypeManager(12661): Default account exists in Sync Adapter.
12-14 22:03:51.011: I/AccountTypeManager(12661): Precess 2 (When it isn't registered to Account Manager)
12-14 22:03:51.011: I/SIMContacts(12661): SimPhonebookManager|[0]SIM loading status : false
12-14 22:03:51.011: I/AccountTypeManager(12661): Loaded meta-data for 3 account types, 1 accounts in 9ms(wall) 4ms(cpu)
12-14 22:03:51.014: I/TetherStatsReporting(1728): getTetherStats() called NetworkStats: elapsedRealtime=5181935
12-14 22:03:51.014: I/TetherStatsReporting(1728):   [0] iface=wlan0 uid=0 set=DEFAULT tag=0x0 roaming=NO rxBytes=223887 rxPackets=454 txBytes=9475 txPackets=190 operations=0
12-14 22:03:51.014: I/TetherStatsReporting(1728):   [1] iface=wlan0 uid=0 set=FOREGROUND tag=0x0 roaming=NO rxBytes=0 rxPackets=0 txBytes=0 txPackets=0 operations=0
12-14 22:03:51.014: I/TetherStatsReporting(1728):   [2] iface=wlan0 uid=1000 set=DEFAULT tag=0x0 roaming=NO rxBytes=78445 rxPackets=81 txBytes=7640 txPackets=80 operations=0
12-14 22:03:51.014: I/TetherStatsReporting(1728):   [3] iface=wlan0 uid=1000 set=FOREGROUND tag=0x0 roaming=NO rxBytes=0 rxPackets=0 txBytes=0 txPackets=0 operations=0
12-14 22:03:51.014: I/TetherStatsReporting(1728):   [4] iface=wlan0 uid=10066 set=DEFAULT tag=0x0 roaming=NO rxBytes=14788 rxPackets=34 txBytes=3759 txPackets=34 operations=0
12-14 22:03:51.014: I/TetherStatsReporting(1728):   [5] iface=wlan0 uid=10066 set=FOREGROUND tag=0x0 roaming=NO rxBytes=0 rxPackets=0 txBytes=0 txPackets=0 operations=0
12-14 22:03:51.014: I/TetherStatsReporting(1728):   [6] iface=wlan0 uid=10073 set=DEFAULT tag=0x0 roaming=NO rxBytes=15660339 rxPackets=11186 txBytes=468091 txPackets=5935 operations=0
12-14 22:03:51.014: I/TetherStatsReporting(1728):   [7] iface=wlan0 uid=10073 set=FOREGROUND tag=0x0 roaming=NO rxBytes=99999 rxPackets=937 txBytes=69478 txPackets=97 operations=0
12-14 22:03:51.014: I/TetherStatsReporting(1728):   [8] iface=wlan0 uid=10085 set=DEFAULT tag=0x0 roaming=NO rxBytes=0 rxPackets=0 txBytes=1196 txPackets=23 operations=0
12-14 22:03:51.014: I/TetherStatsReporting(1728):   [9] iface=wlan0 uid=10085 set=FOREGROUND tag=0x0 roaming=NO rxBytes=0 rxPackets=0 txBytes=0 txPackets=0 operations=0
12-14 22:03:51.014: I/TetherStatsReporting(1728):   [10] iface=wlan0 uid=10109 set=DEFAULT tag=0x0 roaming=NO rxBytes=4741 rxPackets=9 txBytes=1808 txPackets=10 operations=0
12-14 22:03:51.014: I/TetherStatsReporting(1728):   [11] iface=wlan0 uid=10109 set=FOREGROUND tag=0x0 roaming=NO rxBytes=0 rxPackets=0 txBytes=0 txPackets=0 operations=0
12-14 22:03:51.014: I/TetherStatsReporting(1728):   [12] iface=wlan0 uid=10132 set=DEFAULT tag=0x0 roaming=NO rxBytes=5143 rxPackets=13 txBytes=2129 txPackets=14 operations=0
12-14 22:03:51.014: I/TetherStatsReporting(1728):   [13] iface=wlan0 uid=10132 set=FOREGROUND tag=0x0 roaming=NO rxBytes=0 rxPackets=0 txBytes=0 txPackets=0 operations=0
12-14 22:03:51.014: I/TetherStatsReporting(1728):   [14] iface=wlan0 uid=10144 set=DEFAULT tag=0x0 roaming=NO rxBytes=34675 rxPackets=49 txBytes=14977 txPackets=58 operations=0
12-14 22:03:51.014: I/TetherStatsReporting(1728):   [15] iface=wlan0 uid=10144 set=FOREGROUND tag=0x0 roaming=NO rxBytes=52 rxPackets=1 txBytes=4230 txPackets=4 operations=0
12-14 22:03:51.014: I/TetherStatsReporting(1728):   [16] iface=wlan0 uid=10157 set=DEFAULT tag=0x0 roaming=NO rxBytes=4116 rxPackets=8 txBytes=1528 txPackets=10 operations=0
12-14 22:03:51.014: I/TetherStatsReporting(1728):   [17] iface=wlan0 uid=10157 set=FOREGROUND tag=0x0 roaming=NO rxBytes=0 rxPackets=0 txBytes=0 txPackets=0 operations=0
12-14 22:03:51.014: I/TetherStatsReporting(1728):   [18] iface=wlan0 uid=10188 set=DEFAULT tag=0x0 roaming=NO rxBytes=45711 rxPackets=76 txBytes=17473 txPackets=86 operations=0
12-14 22:03:51.014: I/TetherStatsReporting(1728):   [19] iface=wlan0 uid=10188 set=FOREGROUND tag=0x0 roaming=NO rxBytes=0 rxPackets=0 txBytes=0 txPackets=0 operations=0
12-14 22:03:51.014: I/TetherStatsReporting(1728):   [20] iface=wlan0 uid=10197 set=DEFAULT tag=0x0 roaming=NO rxBytes=13285 rxPackets=13 txBytes=854 txPackets=14 operations=0
12-14 22:03:51.014: I/TetherStatsReporting(1728):   [21] iface=wlan0 uid=10197 set=FOREGROUND tag=0x0 roaming=NO rxBytes=0 rxPackets=0 txBytes=0 txPackets=0 operations=0
12-14 22:03:51.014: I/TetherStatsReporting(1728):   [22] iface=wlan0 uid=10200 set=DEFAULT tag=0x0 roaming=NO rxBytes=12042 rxPackets=28 txBytes=5597 txPackets=30 operations=0
12-14 22:03:51.014: I/TetherStatsReporting(1728):   [23] iface=wlan0 uid=10200 set=FOREGROUND tag=0x0 roaming=NO rxBytes=0 rxPackets=0 txBytes=0 txPackets=0 operations=0
12-14 22:03:51.014: I/TetherStatsReporting(1728):   [24] iface=wlan0 uid=10073 set=DEFAULT tag=0x600 roaming=NO rxBytes=4820 rxPackets=11 txBytes=1341 txPackets=11 operations=0
12-14 22:03:51.014: I/TetherStatsReporting(1728):   [25] iface=wlan0 uid=10073 set=FOREGROUND tag=0x600 roaming=NO rxBytes=0 rxPackets=0 txBytes=0 txPackets=0 operations=0
12-14 22:03:51.014: I/TetherStatsReporting(1728):   [26] iface=wlan0 uid=10073 set=DEFAULT tag=0x30000401 roaming=NO rxBytes=7354 rxPackets=29 txBytes=25033 txPackets=37 operations=0
12-14 22:03:51.014: I/TetherStatsReporting(1728):   [27] iface=wlan0 uid=10073 set=FOREGROUND tag=0x30000401 roaming=NO rxBytes=0 rxPackets=0 txBytes=0 txPackets=0 operations=0
12-14 22:03:51.014: I/TetherStatsReporting(1728):   [28] iface=wlan0 uid=10073 set=DEFAULT tag=0x30000407 roaming=NO rxBytes=22078 rxPackets=82 txBytes=30136 txPackets=89 operations=0
