12-14 22:02:07.090: D/AndroidRuntime(12586): >>>>>> START com.android.internal.os.RuntimeInit uid 2000 <<<<<<
12-14 22:02:07.093: D/AndroidRuntime(12586): CheckJNI is OFF
12-14 22:02:07.167: D/ICU(12586): No timezone override file found: /data/misc/zoneinfo/current/icu/icu_tzdata.dat
12-14 22:02:07.189: I/Radio-JNI(12586): register_android_hardware_Radio DONE
12-14 22:02:07.206: D/AndroidRuntime(12586): Calling main entry com.android.commands.pm.Pm
12-14 22:02:07.210: I/art(12586): System.exit called, status: 0
12-14 22:02:07.210: I/AndroidRuntime(12586): VM exiting with result code 0.
12-14 22:02:07.589: D/AndroidRuntime(12600): >>>>>> START com.android.internal.os.RuntimeInit uid 2000 <<<<<<
12-14 22:02:07.592: D/AndroidRuntime(12600): CheckJNI is OFF
12-14 22:02:07.659: D/ICU(12600): No timezone override file found: /data/misc/zoneinfo/current/icu/icu_tzdata.dat
12-14 22:02:07.683: I/Radio-JNI(12600): register_android_hardware_Radio DONE
12-14 22:02:07.700: D/AndroidRuntime(12600): Calling main entry com.android.commands.am.Am
12-14 22:02:07.705: I/ActivityManager(1728): Force stopping com.google.android.apps.mtaas.tools appid=10190 user=0: start instr
12-14 22:02:07.725: I/ActivityManager(1728): Start proc 12623:com.google.android.apps.mtaas.tools/u0a190 for added application com.google.android.apps.mtaas.tools
12-14 22:02:07.753: W/System(12623): ClassLoader referenced unknown path: /data/app/com.google.android.apps.mtaas.tools-1/lib/arm64
12-14 22:02:07.776: I/ActivityManager(1728): Config changes=2004 {1.0 310mcc65535mnc [en] ldltr sw360dp w360dp h644dp 640dpi nrml long port finger -keyb/v/h -nav/h as.1 s.9 fontTypeIndex0 forceEmbolden0}
12-14 22:02:07.780: D/ActivityManager(1728): Storing locale en for decryption UI
12-14 22:02:07.781: D/CryptdConnector(1728): SND -> {9 cryptfs setfield SystemLocale en}
12-14 22:02:07.831: I/Cliptray Service(2496): configuration is changed!!
12-14 22:02:07.833: D/InputDispatcher(1728): setInputDispatchMode: enabled=1, frozen=1
12-14 22:02:07.847: E/VoldCryptCmdListener(556): [LGE][VOLD][CommandListener.cpp][CryptfsCmd::runCommand()] argv[0]:cryptfs, argv[1]:setfield
12-14 22:02:07.854: I/[LGHome6]LauncherCallbacksImpl(3225): Launcher.onPause // 6.0.12.2(60001220) this:com.lge.launcher3.LauncherExtension$LauncherCallbacksImpl@e025ff4
12-14 22:02:07.856: D/ChangeLocale(12623): Instrumentation completed successfully
12-14 22:02:07.857: D/CryptdConnector(1728): RCV <- {200 9 0}
12-14 22:02:07.857: I/ActivityManager(1728): Force stopping com.google.android.apps.mtaas.tools appid=10190 user=0: finished inst
12-14 22:02:07.858: I/ActivityManager(1728): Killing 12623:com.google.android.apps.mtaas.tools/u0a190 (adj 0): stop com.google.android.apps.mtaas.tools
12-14 22:02:07.858: D/ActivityManager(1728): cleanUpApplicationRecord -- 12623
12-14 22:02:07.865: D/Tethering(1728): checkDunRequired: secureSetting is 2
12-14 22:02:07.868: D/WfdStateTracker(2496): handleConfigurationChangedEvent
12-14 22:02:07.868: I/Cliptray Service(2496): cliptrayEventReceiver :onReceiveandroid.intent.action.CONFIGURATION_CHANGED
12-14 22:02:07.868: I/InCall(2799): InCall - onConfigurationChanged keybrdfalse
12-14 22:02:07.868: I/[LgeWidgetLib]LgeAppWidgetHost(3225): [LgeAppWidgetHost.java:161:notifyWidgetHostDestroyed()]notifyWidgetHostDestroyed()
12-14 22:02:07.877: D/WFC(2542): [IPPolicy$4::onReceive:547] action = android.intent.action.LOCALE_CHANGED
12-14 22:02:07.878: D/WFC(2542): [IPPolicy::notifyWifiCallStateChanged:3178] state: 1, mServerNotify: NONE
12-14 22:02:07.882: D/LGNetworkSettings(2570): onConfigurationChanged called
12-14 22:02:07.893: D/AlertReceiver(4210): onReceive: a=android.intent.action.LOCALE_CHANGED Intent { act=android.intent.action.LOCALE_CHANGED flg=0x10000010 cmp=com.android.calendar/.alerts.AlertReceiver }
12-14 22:02:07.894: D/WFC(2542): [IPPolicy::notifyWifiCallStateChanged:3182] Wfc is not enabled by platform
12-14 22:02:07.902: D/AlertReceiver(4210): WakeLock acquire : StartingAlertService intent.getExtras=Bundle[{action=android.intent.action.LOCALE_CHANGED}]
12-14 22:02:07.902: I/PhoneStatusBar(2345): updateMediaMetaData(true): mMediaMetadata = null
12-14 22:02:07.905: D/AndroidRuntime(12600): Shutting down VM
12-14 22:02:07.905: I/ActivityManager(1728): getAvailableExpressQueue#1. use ExBroadcastQueue
12-14 22:02:07.908: D/CalendarAppWidgetProvi(4210): [AppWidgetProvider] got the intent: Intent { act=android.intent.action.LOCALE_CHANGED flg=0x10000010 cmp=com.android.calendar/.widget.CalendarAppWidgetProvider }
12-14 22:02:07.917: I/MobileSignalController(2345): isRoaming ? false
12-14 22:02:07.920: I/ActivityManager(1728): getAvailableExpressQueue#1. use ExBroadcastQueue
12-14 22:02:07.925: W/PowerManagerServiceEx(1728): start wakeUpForExtendedDisplay
12-14 22:02:07.925: W/PowerManagerServiceEx(1728): ignore partial wakeup request because already awake state
12-14 22:02:07.925: D/PowerManagerServiceEx(1728): acquireWakeLockInternal: lock=136033365, flags=0x200, tag="TimeChangeAlarmWakeLock@b4f7899", ws=null, historyTag=null, uid=1000, pid=3168
12-14 22:02:07.926: I/ActivityManager(1728): getAvailableExpressQueue#1. use ExBroadcastQueue
12-14 22:02:07.933: I/StatusBarExpansionState(2345): removed callback is com.lge.sliders.LGBrightnessController$2@10e60a6
12-14 22:02:07.933: I/VolumeSlider(2345): destroy
12-14 22:02:07.938: D/Mms(3876): is_overlay_theme_ddt : false
12-14 22:02:07.938: D/Mms(3876): compareAssetSeqAndSetDDTTheme
12-14 22:02:07.938: V/[LGSF]:ProxyUtil(3876): assetSeq is get
12-14 22:02:07.939: I/ActivityManager(1728): getAvailableExpressQueue#1. use ExBroadcastQueue
12-14 22:02:07.942: I/LGMiniClockService(2496): [setClockTime] [22h:2m:7s:738ms]
12-14 22:02:07.942: D/TimerNotifService(4774): onCreate TimerSevice
12-14 22:02:07.942: V/TimerPreference(4774): --------------------- timers list is empty
12-14 22:02:07.946: D/TimerNotifService(4774): onStartCommand action : action_update_notifications
12-14 22:02:07.947: V/TimerPreference(4774): --------------------- timers list is empty
12-14 22:02:07.947: I/ActivityManager(1728): getAvailableExpressQueue#1. use ExBroadcastQueue
12-14 22:02:07.950: D/TimerNotifService(4774): onDestroy TimerSevice
12-14 22:02:07.952: I/Weather_WeatherService(3623): onReceive, action: android.intent.action.CONFIGURATION_CHANGED, Time(hour:min:sec) 22:2:7
12-14 22:02:07.952: I/Weather_WeatherService(3623): onReceive ACTION_CONFIGURATION_CHANGED: 
12-14 22:02:07.952: I/Weather_WeatherService(3623): isOrientatioinChanged=false
12-14 22:02:07.959: D/AppCleanupService(5174): android.intent.action.LOCALE_CHANGED
12-14 22:02:07.959: D/AppCleanupService(5174): LocalReceiver ===, action =android.intent.action.LOCALE_CHANGED
12-14 22:02:07.963: V/[LGSF]:ProxyUtil(2334): assetSeq is get
12-14 22:02:07.971: I/MobileSignalController(2345): isRoaming ? false
12-14 22:02:08.033: I/ActivityManager(1728): getAvailableExpressQueue#1. use ExBroadcastQueue
12-14 22:02:08.036: I/ActivityManager(1728): getAvailableExpressQueue#1. use ExBroadcastQueue
12-14 22:02:08.036: I/MSimUtils(2345): getDefaultDataPhoneId : 0
12-14 22:02:08.040: I/ActivityManager(1728): getAvailableExpressQueue#1. use ExBroadcastQueue
12-14 22:02:08.050: I/MSimUtils(2345): getDefaultDataPhoneId : 0
12-14 22:02:08.052: I/MSimUtils(2345): getDefaultDataPhoneId : 0
12-14 22:02:08.056: D/InputDispatcher(1728): Window went away: Window{ce26262 u0 DockedStackDivider}
12-14 22:02:08.058: D/vol.VolumeDialog(2345): updateHeaderText row.stream=2
12-14 22:02:08.058: D/vol.VolumeDialog(2345): updateHeaderText row.stream=5
12-14 22:02:08.058: D/vol.VolumeDialog(2345): updateHeaderText row.stream=1
12-14 22:02:08.058: D/vol.VolumeDialog(2345): updateHeaderText row.stream=3
12-14 22:02:08.059: D/vol.VolumeDialog(2345): updateHeaderText row.stream=4
12-14 22:02:08.059: D/vol.VolumeDialog(2345): updateHeaderText row.stream=0
12-14 22:02:08.059: D/vol.VolumeDialog(2345): updateHeaderText row.stream=6
12-14 22:02:08.065: I/[BOOT](2345): onInflate: Connectivity Buttons
12-14 22:02:08.066: D/LeccpService_Stub(2496): [LeccpService_Stub] getBLEServerState
12-14 22:02:08.093: I/[BOOT](2345): onInflate: Brightness Slider
12-14 22:02:08.100: I/[BOOT](2345): onInflate: Volume Slider
12-14 22:02:08.100: I/VolumeSlider(2345): VolumeSlider init
12-14 22:02:08.125: V/LGSettingsProvider(1728): call_put(secure:input_methods_subtype_history=com.lge.ime/.LgeImeImpl;500)  calling package = android  callingUserId : 0
12-14 22:02:08.126: V/LGSettingsProvider(1728): call_put(secure:selected_input_method_subtype=-1)  calling package = android  callingUserId : 0
12-14 22:02:08.126: V/LGSettingsProvider(1728): call_put(secure:default_input_method=com.lge.ime/.LgeImeImpl)  calling package = android  callingUserId : 0
12-14 22:02:08.126: W/InputMethodManagerService(1728): Illegal subtype state: old subtype = null, new subtype = android.view.inputmethod.InputMethodSubtype@1f4
12-14 22:02:08.127: D/LGWifiP2pService(1728): WifiP2pServiceIntentReceiver : Intent.ACTION_LOCALE_CHANGED
12-14 22:02:08.127: D/LGWifiP2pService(1728): InactiveState{ what=LOCALE_CHANGED }
12-14 22:02:08.127: D/LGWifiP2pService(1728): P2pEnabledState{ what=LOCALE_CHANGED }
12-14 22:02:08.127: D/LGWifiP2pService(1728): DefaultState{ what=LOCALE_CHANGED }
12-14 22:02:08.127: W/LGWifiP2pService(1728): Unhandled message{ what=LOCALE_CHANGED }
12-14 22:02:08.129: D/MonthWidgetProvider(4210): [onReceive]
12-14 22:02:08.129: D/CalendarWidgetProvider(4210): [onReceive]
12-14 22:02:08.129: D/CalendarWidgetProvider(4210): [CalendarWidgetProvider] got the intent: Intent { act=android.intent.action.LOCALE_CHANGED flg=0x10000010 cmp=com.android.calendar/.widget.MonthWidgetProvider }
12-14 22:02:08.131: I/[LgeWidgetLib]LgeAppWidgetHost(3225): [LgeAppWidgetHost.java:278:deletePackageReceiver()]deletePackageReceiver
12-14 22:02:08.135: D/WeekWidgetProvider(4210): [onReceive]
12-14 22:02:08.135: D/CalendarWidgetProvider(4210): [onReceive]
12-14 22:02:08.136: D/CalendarWidgetProvider(4210): [CalendarWidgetProvider] got the intent: Intent { act=android.intent.action.LOCALE_CHANGED flg=0x10000010 cmp=com.android.calendar/.widget.WeekWidgetProvider }
12-14 22:02:08.137: I/Weather_WeatherService(3623): onReceive has processed, action: android.intent.action.CONFIGURATION_CHANGED, Time(hour:min:sec) 22:2:8
12-14 22:02:08.138: I/Weather_WidgetAncestor(3623): onReceive, action: android.appwidget.action.APPWIDGET_UPDATE, Time(hour:min:sec) 22:2:8
12-14 22:02:08.139: I/[LGHome6]Launcher.Workspace(3225): onDetachedFromWindow()
12-14 22:02:08.139: I/[LGHome6]LauncherCallbacksImpl(3225): Launcher.onDestroy
12-14 22:02:08.143: I/[LGHome6]UninstallModeManager(3225): Destroy the UninstallModeManager instance.
12-14 22:02:08.143: I/[LGHome6]ScreenEffectManager(3225): Destroy ScreenEffectManager instance.
12-14 22:02:08.143: I/[LGHome6]HomescreenBlurManager(3225): Destroy HomescreenBlurManager instance.
12-14 22:02:08.143: I/[LGHome6]WallpaperBlurredImageController(3225): Cancel to destroy WallpaperBlurredImageController instance.because there is some activity to use it.
12-14 22:02:08.143: I/[LGHome6]WidgetBlurManager(3225): Destroy WidgetBlurManager instance.
12-14 22:02:08.143: D/MyScheduleWidgetProvid(4210): [onReceive] intent = Intent { act=android.intent.action.LOCALE_CHANGED flg=0x10000010 cmp=com.android.calendar/.widget.myschedule.MyScheduleWidgetProvider }
12-14 22:02:08.148: I/Weather_Widget5x1(3623): onUpdate, update Widget
12-14 22:02:08.149: I/Weather_WidgetAncestor(3623): onReceive has processed, action: android.appwidget.action.APPWIDGET_UPDATE, Time(hour:min:sec) 22:2:8
12-14 22:02:08.150: I/WindowManager(1728): Destroying surface Surface(name=com.lge.launcher3/com.lge.launcher3.LauncherExtension) called by com.android.server.wm.WindowStateAnimator.destroySurface:2192 com.android.server.wm.WindowStateAnimator.destroySurfaceLocked:969 com.android.server.wm.WindowState.removeLocked:1532 com.android.server.wm.WindowManagerService.removeWindowInnerLocked:2905 com.android.server.wm.WindowManagerService.removeWindowLocked:2860 com.android.server.wm.WindowManagerService.removeWindowLocked:2723 com.android.server.wm.WindowManagerServiceEx.removeWindowLocked:538 com.android.server.wm.WindowManagerService.removeWindow:2718 
12-14 22:02:08.150: D/KeyguardModel(2345): mReceiver, received action: android.intent.action.LOCALE_CHANGED, sendingUserId:-1
12-14 22:02:08.153: I/Clock(2345): onReceive = android.intent.action.LOCALE_CHANGED
12-14 22:02:08.154: D/Weather_DataCache(3623): changedTime in DB = 0, in Cache : 0
12-14 22:02:08.154: I/Weather_DataCache(3623): return -1 / 0
12-14 22:02:08.154: I/Weather_WidgetCreator(3623): appWidgetId = 6, cityIndex = -1
12-14 22:02:08.154: D/WeatherPLT_Utils(3684): Network type : WIFI - CONNECTED
12-14 22:02:08.154: D/WeatherPLT_CommonReceiver(3684): start action : com.lge.sizechangable.weather.platform.action.POKE
12-14 22:02:08.154: D/Weather_Utils(3623): applied_additional_theme : false
12-14 22:02:08.155: D/Weather_Utils(3623): applied_additional_theme : false
12-14 22:02:08.155: D/Weather_Utils(3623): applied_additional_theme : false
12-14 22:02:08.155: D/Weather_WidgetCreator(3623): use_homescreen_widget_adaptive_color : true
12-14 22:02:08.155: D/Weather_WidgetCreator(3623): isUsingAdaptiveTextColor = true
12-14 22:02:08.155: D/Weather_WidgetCreator(3623): prepareThemeColor, mIsDynamicTheme = false, mWidgetBasicColor = -1, mWidgetSubColor = -1
12-14 22:02:08.155: D/WeatherPLT_UpdateWorkerCurrentOnly(3684): cursor is empty. current location is not exist.
12-14 22:02:08.156: D/WeatherPLT_CommonReceiver(3684): end action : com.lge.sizechangable.weather.platform.action.POKE : 2ms
12-14 22:02:08.156: D/Weather_WidgetCreator(3623): setMinute : 02
12-14 22:02:08.157: D/InputDispatcher(1728): Focus left window: Window{217f147 u0 com.lge.launcher3/com.lge.launcher3.LauncherExtension}
12-14 22:02:08.157: D/InputDispatcher(1728): Window went away: Window{217f147 u0 com.lge.launcher3/com.lge.launcher3.LauncherExtension}
12-14 22:02:08.163: D/InputDispatcher(1728): Window went away: Window{f554840 u0 AssistPreviewPanel}
12-14 22:02:08.168: D/MyScheduleFactory(4210): [MyScheduleFactory]
12-14 22:02:08.168: D/MyScheduleFactory(4210): [onReceive] intent = Intent { act=android.intent.action.LOCALE_CHANGED flg=0x10000010 cmp=com.android.calendar/.widget.myschedule.MyScheduleWidgetService$MyScheduleFactory }
12-14 22:02:08.174: I/Weather_WidgetLarge(3623): Empty view is on creating : 6
12-14 22:02:08.175: I/Weather_WidgetAncestor(3623): buildUpdate, appWidgetId: 6
12-14 22:02:08.175: I/Weather_WeatherService(3623): onStartCommand, intent!=null, action: android.appwidget.action.APPWIDGET_UPDATE
12-14 22:02:08.177: I/Weather_WeatherService(3623): shouldTimeTickRegistered - 4x2 : 0, FphWidget : 0
12-14 22:02:08.177: I/Weather_WeatherService(3623): shouldTimeTickRegistered : true - home screen widget is shown.
12-14 22:02:08.178: I/[LGHome6]LauncherExtension(3225): Launcher.onCreate
12-14 22:02:08.178: I/[LGHome6]ConciergeBoardMngr(3225): init()
12-14 22:02:08.178: W/Launcher(3225): setApplicationContext called twice! old=com.lge.launcher3.LauncherApplication@58fa288 new=com.lge.launcher3.LauncherApplication@58fa288
12-14 22:02:08.182: D/Weather_DataCache(3623): changedTime in DB = 0, in Cache : 0
12-14 22:02:08.182: I/Weather_DataCache(3623): return -1 / 0
12-14 22:02:08.182: I/Weather_WidgetCreator(3623): appWidgetId = 6, cityIndex = -1
12-14 22:02:08.182: D/Weather_Utils(3623): applied_additional_theme : false
12-14 22:02:08.183: D/MyScheduleFactory(4210): [initLoader]
12-14 22:02:08.183: D/WidgetUtils(4210): [getVisibleCalendarSelection] selection = visible=1
12-14 22:02:08.183: D/WidgetUtils(4210): [getVisibleTasksSelection] selection = tdeleted=0 AND DATE(tduedate,'localtime') > DATE('2458101','localtime') AND DATE(tduedate,'localtime') < DATE('2458104','localtime') AND fvisible = 0
12-14 22:02:08.184: D/Weather_Utils(3623): applied_additional_theme : false
12-14 22:02:08.184: D/Weather_Utils(3623): applied_additional_theme : false
12-14 22:02:08.184: D/Weather_WidgetCreator(3623): use_homescreen_widget_adaptive_color : true
12-14 22:02:08.184: D/Weather_WidgetCreator(3623): isUsingAdaptiveTextColor = true
12-14 22:02:08.184: D/Weather_WidgetCreator(3623): prepareThemeColor, mIsDynamicTheme = false, mWidgetBasicColor = -1, mWidgetSubColor = -1
12-14 22:02:08.185: D/Weather_WidgetCreator(3623): setMinute : 02
12-14 22:02:08.186: D/PocketCardFactory(4210): [PocketCardFactory]
12-14 22:02:08.186: D/PocketCardFactory(4210): [onReceive] intent = Intent { act=android.intent.action.LOCALE_CHANGED flg=0x10000010 cmp=com.android.calendar/.widget.myschedule.MyPocketCardService$PocketCardFactory }
12-14 22:02:08.189: D/PocketCardFactory(4210): [run] loader null
12-14 22:02:08.190: I/Weather_WidgetLarge(3623): Empty view is on creating : 6
12-14 22:02:08.190: D/PocketCardFactory(4210): [initLoader]
12-14 22:02:08.190: I/Weather_WidgetAncestor(3623): buildUpdate, appWidgetId: 6
12-14 22:02:08.191: I/[LGHome6]ScreenZoomChangeWatcher(3225): checkScreenZoomChangedOnCreate() : density(4.00 -> 4.00), userId(0)
12-14 22:02:08.193: I/[LGHome6]HotwordServiceWrapper(3225): Hotword service created.
12-14 22:02:08.194: I/Weather_WidgetAncestor(3623): onReceive, action: android.appwidget.action.APPWIDGET_UPDATE, Time(hour:min:sec) 22:2:8
12-14 22:02:08.200: I/ActivityManager(1728): Start proc 12661:com.android.contacts/u0a84 for broadcast com.android.contacts/.AutoProfileReceiver
12-14 22:02:08.200: I/[LgeWidgetLib]LgeAppWidgetHost(3225): [LgeAppWidgetHost.java:267:initPackageUpdateReceiver()]initPackageUpdateReceiver
12-14 22:02:08.208: I/AppWidgetServiceImpl(1728): startListening() 0, callbacks: com.android.internal.appwidget.IAppWidgetHost$Stub$Proxy@9f78ec
12-14 22:02:08.208: I/AppWidgetServiceImpl(1728): startListening() com.lge.launcher3, appWidgetIds: [I@d4694b5
12-14 22:02:08.223: I/[LGHome6]PagedView(3225): 11,  110, 0.1
12-14 22:02:08.243: D/KeyguardModel(2345): package = com.android.contacts, class = com.android.contacts.activities.DialtactsActivity
12-14 22:02:08.243: D/KeyguardModel(2345): createShortcutInfo...
12-14 22:02:08.254: W/[LGHome6]LauncherCallbacksImpl(3225): [LauncherExtension.java:738:onPageSwitch()]Switched new page is null.
12-14 22:02:08.254: I/[LGHome6]Launcher(3225): setupViews() - mDragController = com.android.launcher3.DragController@8386840
12-14 22:02:08.254: I/[LGHome6]ScreenEffectManager(3225): Create a new ScreenEffectManager instance.
12-14 22:02:08.255: D/KeyguardModel(2345): package = , class = 
12-14 22:02:08.255: D/KeyguardModel(2345): createShortcutInfo...
12-14 22:02:08.256: E/KeyguardModel(2345): package:  not found!
12-14 22:02:08.256: D/KeyguardModel(2345): package = , class = 
12-14 22:02:08.256: D/KeyguardModel(2345): createShortcutInfo...
12-14 22:02:08.258: I/Weather_Widget5x1(3623): onUpdate, update Widget
12-14 22:02:08.258: I/Weather_WidgetAncestor(3623): onReceive has processed, action: android.appwidget.action.APPWIDGET_UPDATE, Time(hour:min:sec) 22:2:8
12-14 22:02:08.259: I/[LGHome6]WidgetBlurManager(3225): Create a new WidgetBlurManager instance.
12-14 22:02:08.259: I/[LGHome6]HomescreenBlurManager(3225): Create a new HomescreenBlurManager instance.
12-14 22:02:08.260: I/[LGHome6]Launcher(3225): Restore current screen = 0
12-14 22:02:08.260: E/KeyguardModel(2345): package:  not found!
12-14 22:02:08.260: D/KeyguardModel(2345): package = , class = 
12-14 22:02:08.260: D/KeyguardModel(2345): createShortcutInfo...
12-14 22:02:08.260: V/[LGSF]:ProxyUtil(3225): assetSeq is get
12-14 22:02:08.261: I/[LGHome6]DDTChangeWatcher(3225): checkDDTChangedOnCreate() : assetSeq (1 -> 1), userId(0)
12-14 22:02:08.261: I/[LGHome6]Launcher.Model(3225): startLoader(0, 0)
12-14 22:02:08.261: I/[LgeWidgetLib]LgeAppWidgetHost(3225): [LgeAppWidgetHost.java:195:notifyBindingStarted()]notifyBindingStarted()
12-14 22:02:08.262: E/KeyguardModel(2345): package:  not found!
12-14 22:02:08.262: D/KeyguardModel(2345): package = com.lge.camera, class = com.lge.camera.CameraApp
12-14 22:02:08.263: I/[LGHome6]UninstallModeManager(3225): Create a new UninstallModeManager instance.
12-14 22:02:08.264: D/WeatherPLT_Utils(3684): Network type : WIFI - CONNECTED
12-14 22:02:08.264: D/WeatherPLT_CommonReceiver(3684): start action : com.lge.sizechangable.weather.platform.action.POKE
12-14 22:02:08.266: I/Weather_WeatherService(3623): onStartCommand, intent!=null, action: android.appwidget.action.APPWIDGET_UPDATE
12-14 22:02:08.267: I/[LGHome6]Launcher.Workspace(3225): addInScreen() : AppIcon {MTaaS Tools}, -100, 1, 0, 0, 1, 1, false, true
12-14 22:02:08.269: D/WeatherPLT_UpdateWorkerCurrentOnly(3684): cursor is empty. current location is not exist.
12-14 22:02:08.269: D/WeatherPLT_CommonReceiver(3684): end action : com.lge.sizechangable.weather.platform.action.POKE : 5ms
12-14 22:02:08.269: I/KeyguardModel(2345): isCameraDisabledByDpm, disabledCamera : false
12-14 22:02:08.269: D/KeyguardModel(2345): createShortcutInfo...
12-14 22:02:08.272: I/[LGHome6]Launcher.Workspace(3225): addInScreen() : AppIcon {Device Details}, -100, 1, 1, 0, 1, 1, false, true
12-14 22:02:08.274: I/Weather_WeatherService(3623): shouldTimeTickRegistered - 4x2 : 0, FphWidget : 0
12-14 22:02:08.274: I/Weather_WeatherService(3623): shouldTimeTickRegistered : true - home screen widget is shown.
12-14 22:02:08.275: I/[LGHome6]Launcher.Workspace(3225): addInScreen() : AppIcon {Test Loop}, -100, 1, 2, 0, 1, 1, false, true
12-14 22:02:08.277: W/System(12661): ClassLoader referenced unknown path: /system/priv-app/LGContacts/lib/arm64
12-14 22:02:08.279: D/AndroidRuntime(12648): >>>>>> START com.android.internal.os.RuntimeInit uid 2000 <<<<<<
12-14 22:02:08.280: I/[LGHome6]Launcher.Workspace(3225): addInScreen() : AppIcon {Play Games}, -100, 1, 3, 0, 1, 1, false, true
12-14 22:02:08.282: D/AndroidRuntime(12648): CheckJNI is OFF
12-14 22:02:08.287: D/PinchDecision(3225): INTERVAL_TIME : 73
12-14 22:02:08.292: V/WallpaperManagerService(1728): check gif file for Only FLAG_SYSTEM
12-14 22:02:08.293: V/ILGDrmService(812): eDRM_IsDRMByHnd +++
12-14 22:02:08.293: V/ILGDrmService(812): eDRM_IsDRMByHnd ---#2
12-14 22:02:08.293: D/KeyguardModel(2345): handleShortcutListChanged...
12-14 22:02:08.300: I/[LGHome6]Launcher(3225): mBindOnResumeCallbacks.size() : 0
12-14 22:02:08.301: I/[LGHome6]LauncherCallbacksImpl(3225): Launcher.onResume // 6.0.12.2(60001220) this:com.lge.launcher3.LauncherExtension$LauncherCallbacksImpl@4ede7b3
12-14 22:02:08.310: D/Weather_DataCache(3623): changedTime in DB = 0, in Cache : 0
12-14 22:02:08.310: I/Weather_DataCache(3623): return -1 / 0
12-14 22:02:08.310: I/Weather_WidgetCreator(3623): appWidgetId = 6, cityIndex = -1
12-14 22:02:08.311: D/Weather_Utils(3623): applied_additional_theme : false
12-14 22:02:08.312: D/Weather_Utils(3623): applied_additional_theme : false
12-14 22:02:08.312: D/Weather_Utils(3623): applied_additional_theme : false
12-14 22:02:08.312: D/Weather_WidgetCreator(3623): use_homescreen_widget_adaptive_color : true
12-14 22:02:08.312: D/Weather_WidgetCreator(3623): isUsingAdaptiveTextColor = true
12-14 22:02:08.312: D/Weather_WidgetCreator(3623): prepareThemeColor, mIsDynamicTheme = false, mWidgetBasicColor = -1, mWidgetSubColor = -1
12-14 22:02:08.313: I/WifiCallingUtils(12661): refreshSupportWifiCalling. mSupportWifiCall : false
12-14 22:02:08.314: D/PocketCardFactory(4210): [onLoadComplete]
12-14 22:02:08.315: I/SystemConfig(12661): BUILD Country: US
12-14 22:02:08.316: I/SystemConfig(12661): BUILD Operator: NAO
12-14 22:02:08.316: E/SystemConfig(12661): unknown country code=
12-14 22:02:08.316: I/SystemConfig(12661): COTA Country: COM
12-14 22:02:08.316: E/SystemConfig(12661): unknown operator code=
12-14 22:02:08.316: I/SystemConfig(12661): COTA Operator: OPEN
12-14 22:02:08.318: D/Weather_WidgetCreator(3623): setMinute : 02
12-14 22:02:08.320: D/PocketCardFactory(4210): [onLoadComplete]
12-14 22:02:08.324: I/Weather_WidgetLarge(3623): Empty view is on creating : 6
12-14 22:02:08.326: I/Weather_WidgetAncestor(3623): buildUpdate, appWidgetId: 6
12-14 22:02:08.326: I/Weather_WidgetAncestor(3623): onReceive, action: android.appwidget.action.APPWIDGET_UPDATE, Time(hour:min:sec) 22:2:8
12-14 22:02:08.328: I/SIMContacts(12661): SimPhonebookStateReceiver|RegisterReceiver
12-14 22:02:08.332: I/Weather_Widget5x1(3623): onUpdate, update Widget
12-14 22:02:08.333: I/Weather_WidgetAncestor(3623): onReceive has processed, action: android.appwidget.action.APPWIDGET_UPDATE, Time(hour:min:sec) 22:2:8
12-14 22:02:08.333: I/[LGHome6]Launcher.Model(3225): onReceive intent=Intent { act=android.intent.action.LOCALE_CHANGED flg=0x10000010 }
12-14 22:02:08.333: I/[LGHome6]Launcher.IconCache(3225): clearIconDB()
12-14 22:02:08.337: I/NameIDHelper(12661): NameIDHelper (ContactsComman) static init called! Hiya Service version:1.0
12-14 22:02:08.341: I/Process(3225): Sending signal. PID: 3225 SIG: 9
12-14 22:02:08.343: I/SystemConfig(12661): pm.hasSystemFeature(com.lge.ims.rcs) = false
12-14 22:02:08.343: I/Weather_WeatherService(3623): onStartCommand, intent!=null, action: android.appwidget.action.APPWIDGET_UPDATE
12-14 22:02:08.343: I/SystemConfig(12661): existFile = false
12-14 22:02:08.343: I/SystemConfig(12661): canReadFile = false
12-14 22:02:08.343: I/SystemConfig(12661): systemFeature RCS result false
12-14 22:02:08.343: D/SystemConfig(12661): refreshRcsSupport() :false
12-14 22:02:08.343: D/AgendaItemMergeCursor(4210): creator()
12-14 22:02:08.344: E/NameIDHelper(12661): error trying to detect NameID package -- we are probably not installed
12-14 22:02:08.344: E/NameIDHelper(12661): android.content.pm.PackageManager$NameNotFoundException: com.whitepages.nameid.tmobile
12-14 22:02:08.344: E/NameIDHelper(12661): 	at android.app.ApplicationPackageManager.getPackageInfoAsUser(ApplicationPackageManager.java:170)
12-14 22:02:08.344: E/NameIDHelper(12661): 	at android.app.ApplicationPackageManager.getPackageInfo(ApplicationPackageManager.java:155)
12-14 22:02:08.344: E/NameIDHelper(12661): 	at com.whitepages.nameid.NameIDHelper.isNameIDInstalledAndEnabled(NameIDHelper.java:375)
12-14 22:02:08.344: E/NameIDHelper(12661): 	at com.whitepages.nameid.NameIDHelper.init(NameIDHelper.java:84)
12-14 22:02:08.344: E/NameIDHelper(12661): 	at com.android.contacts.ContactsApplication.onCreate(ContactsApplication.java:171)
12-14 22:02:08.344: E/NameIDHelper(12661): 	at android.app.Instrumentation.callApplicationOnCreate(Instrumentation.java:1025)
12-14 22:02:08.344: E/NameIDHelper(12661): 	at android.app.ActivityThread.handleBindApplication(ActivityThread.java:5581)
12-14 22:02:08.344: E/NameIDHelper(12661): 	at android.app.ActivityThread.-wrap2(ActivityThread.java)
12-14 22:02:08.344: E/NameIDHelper(12661): 	at android.app.ActivityThread$H.handleMessage(ActivityThread.java:1596)
12-14 22:02:08.344: E/NameIDHelper(12661): 	at android.os.Handler.dispatchMessage(Handler.java:102)
12-14 22:02:08.344: E/NameIDHelper(12661): 	at android.os.Looper.loop(Looper.java:154)
12-14 22:02:08.344: E/NameIDHelper(12661): 	at android.app.ActivityThread.main(ActivityThread.java:6316)
12-14 22:02:08.344: E/NameIDHelper(12661): 	at java.lang.reflect.Method.invoke(Native Method)
12-14 22:02:08.344: E/NameIDHelper(12661): 	at com.android.internal.os.ZygoteInit$MethodAndArgsCaller.run(ZygoteInit.java:872)
12-14 22:02:08.344: E/NameIDHelper(12661): 	at com.android.internal.os.ZygoteInit.main(ZygoteInit.java:762)
12-14 22:02:08.345: E/NameIDHelper(12661): error trying to detect Hiya Aegis package -- we are probably not installed
12-14 22:02:08.345: E/NameIDHelper(12661): android.content.pm.PackageManager$NameNotFoundException: com.att.callprotect
12-14 22:02:08.345: E/NameIDHelper(12661): 	at android.app.ApplicationPackageManager.getPackageInfoAsUser(ApplicationPackageManager.java:170)
12-14 22:02:08.345: E/NameIDHelper(12661): 	at android.app.ApplicationPackageManager.getPackageInfo(ApplicationPackageManager.java:155)
12-14 22:02:08.345: E/NameIDHelper(12661): 	at com.whitepages.nameid.NameIDHelper.isHiyaAegisInstalledAndEnabled(NameIDHelper.java:392)
12-14 22:02:08.345: E/NameIDHelper(12661): 	at com.whitepages.nameid.NameIDHelper.init(NameIDHelper.java:85)
12-14 22:02:08.345: E/NameIDHelper(12661): 	at com.android.contacts.ContactsApplication.onCreate(ContactsApplication.java:171)
12-14 22:02:08.345: E/NameIDHelper(12661): 	at android.app.Instrumentation.callApplicationOnCreate(Instrumentation.java:1025)
12-14 22:02:08.345: E/NameIDHelper(12661): 	at android.app.ActivityThread.handleBindApplication(ActivityThread.java:5581)
12-14 22:02:08.345: E/NameIDHelper(12661): 	at android.app.ActivityThread.-wrap2(ActivityThread.java)
12-14 22:02:08.345: E/NameIDHelper(12661): 	at android.app.ActivityThread$H.handleMessage(ActivityThread.java:1596)
12-14 22:02:08.345: E/NameIDHelper(12661): 	at android.os.Handler.dispatchMessage(Handler.java:102)
12-14 22:02:08.345: E/NameIDHelper(12661): 	at android.os.Looper.loop(Looper.java:154)
12-14 22:02:08.345: E/NameIDHelper(12661): 	at android.app.ActivityThread.main(ActivityThread.java:6316)
12-14 22:02:08.345: E/NameIDHelper(12661): 	at java.lang.reflect.Method.invoke(Native Method)
12-14 22:02:08.345: E/NameIDHelper(12661): 	at com.android.internal.os.ZygoteInit$MethodAndArgsCaller.run(ZygoteInit.java:872)
12-14 22:02:08.345: E/NameIDHelper(12661): 	at com.android.internal.os.ZygoteInit.main(ZygoteInit.java:762)
12-14 22:02:08.345: D/NameIDHelper(12661): both of NameID and ATT callProtect are not installed or disabled
12-14 22:02:08.346: D/SIMContacts(12661): SimConfig|ENABLE_MULTI_SIM_MODE : false
12-14 22:02:08.346: D/SIMContacts(12661): SimConfig|Slot count : 1
12-14 22:02:08.348: I/SIMContacts(12661): SimPhonebookStateReceiver|onReceive:| android.intent.action.SIM_STATE_CHANGED
12-14 22:02:08.349: W/SIMContacts(12661): SimPhonebookStateReceiver|PhoneCount = 1
12-14 22:02:08.358: W/SIMContacts(12661): SimPhonebookStateReceiver|*** slot is empty... start clear sim contact
12-14 22:02:08.360: I/Weather_WeatherService(3623): shouldTimeTickRegistered - 4x2 : 0, FphWidget : 0
12-14 22:02:08.360: I/Weather_WeatherService(3623): shouldTimeTickRegistered : true - home screen widget is shown.
12-14 22:02:08.363: D/AgendaItemMergeCursor(4210): refresh()
12-14 22:02:08.363: D/AgendaItemMergeCursor(4210): refresh() isAfterLast? true
12-14 22:02:08.363: D/AgendaItemMergeCursor(4210): refresh()
12-14 22:02:08.364: D/AgendaItemMergeCursor(4210): refresh() isAfterLast? true
12-14 22:02:08.365: D/SIMContacts(12661): SimPhonebookManager||clearSimContacts:BEGIN : 0
12-14 22:02:08.365: D/AgendaItemMergeCursor(4210): refresh()
12-14 22:02:08.365: D/AgendaItemMergeCursor(4210): refresh() isAfterLast? true
12-14 22:02:08.365: D/SIMContacts(12661): CancelableTaskScheduler|| task={com.lge.contacts.sim.ClearSimContactsTask@1ef8a2f} is registered
12-14 22:02:08.366: V/SIMContacts(12661): CancelableTaskScheduler|requestStartLocked {com.lge.contacts.sim.ClearSimContactsTask@1ef8a2f}
12-14 22:02:08.366: D/SIMContacts(12661): SimPhonebookManager||clearSimContacts:END
12-14 22:02:08.373: D/Weather_DataCache(3623): changedTime in DB = 0, in Cache : 0
12-14 22:02:08.373: I/Weather_DataCache(3623): return -1 / 0
12-14 22:02:08.373: I/Weather_WidgetCreator(3623): appWidgetId = 6, cityIndex = -1
12-14 22:02:08.374: D/Weather_Utils(3623): applied_additional_theme : false
12-14 22:02:08.374: D/Weather_Utils(3623): applied_additional_theme : false
12-14 22:02:08.374: D/SIMContacts(12661): CancelableTaskScheduler|start background task {20}
12-14 22:02:08.375: D/Weather_Utils(3623): applied_additional_theme : false
12-14 22:02:08.375: D/Weather_WidgetCreator(3623): use_homescreen_widget_adaptive_color : true
12-14 22:02:08.375: D/Weather_WidgetCreator(3623): isUsingAdaptiveTextColor = true
12-14 22:02:08.375: D/Weather_WidgetCreator(3623): prepareThemeColor, mIsDynamicTheme = false, mWidgetBasicColor = -1, mWidgetSubColor = -1
12-14 22:02:08.376: D/Weather_WidgetCreator(3623): setMinute : 02
12-14 22:02:08.379: D/ICU(12648): No timezone override file found: /data/misc/zoneinfo/current/icu/icu_tzdata.dat
12-14 22:02:08.381: D/LGSettingsProvider(1728): packageInfo.applicationInfo.privateFlags & ApplicationInfo.PRIVATE_FLAG_PRIVILEGED : 8
12-14 22:02:08.381: D/LGSettingsProvider(1728): packageInfo.sharedUserId : null
12-14 22:02:08.381: D/LGSettingsProvider(1728): packageInfo.packageName : com.android.contacts
12-14 22:02:08.381: V/LGSettingsProvider(1728): call_put(system:contact_mcc_value=)  calling package = com.android.contacts  callingUserId : 0
12-14 22:02:08.382: D/LGSettingsProvider(1728): packageInfo.applicationInfo.privateFlags & ApplicationInfo.PRIVATE_FLAG_PRIVILEGED : 8
12-14 22:02:08.382: D/LGSettingsProvider(1728): packageInfo.sharedUserId : null
12-14 22:02:08.382: D/LGSettingsProvider(1728): packageInfo.packageName : com.android.contacts
12-14 22:02:08.382: V/LGSettingsProvider(1728): call_put(system:contact_mnc_value=)  calling package = com.android.contacts  callingUserId : 0
12-14 22:02:08.383: D/PowerManagerServiceEx(1728): acquireWakeLockInternal: lock=160820050, flags=0x20000001, tag="CancelableTaskScheduler", ws=null, historyTag=null, uid=10084, pid=12661
12-14 22:02:08.386: I/Weather_WidgetLarge(3623): Empty view is on creating : 6
12-14 22:02:08.387: I/Weather_WidgetAncestor(3623): buildUpdate, appWidgetId: 6
12-14 22:02:08.387: I/Weather_WidgetAncestor(3623): onReceive, action: android.appwidget.action.APPWIDGET_UPDATE, Time(hour:min:sec) 22:2:8
12-14 22:02:08.388: I/Contacts_Profile(12661): support PRI : true
12-14 22:02:08.388: I/Contacts_Profile(12661): setDefault : phone
12-14 22:02:08.393: I/Weather_Widget5x1(3623): onUpdate, update Widget
12-14 22:02:08.393: I/Weather_WidgetAncestor(3623): onReceive has processed, action: android.appwidget.action.APPWIDGET_UPDATE, Time(hour:min:sec) 22:2:8
12-14 22:02:08.396: D/KeyguardModel(2345): mReceiver, received action: lge.intent.action.UNREAD_MESSAGES, sendingUserId:0
12-14 22:02:08.396: D/KeyguardModel(2345): putNotificationIntoList Number: 0 Id: 1 UserId: 0
12-14 22:02:08.396: I/Weather_WeatherService(3623): onStartCommand, intent!=null, action: android.appwidget.action.APPWIDGET_UPDATE
12-14 22:02:08.396: I/NfcP2pLinkManager(3090): LLCP deactivated.
12-14 22:02:08.396: I/NfcP2pLinkManager(3090): Duplicate onLlcpDectivated()
12-14 22:02:08.398: D/StorageInfo(12661): VolumeInfo{private}:
12-14 22:02:08.398: D/StorageInfo(12661):     type=PRIVATE diskId=null partGuid=null mountFlags=0 mountUserId=-1 
12-14 22:02:08.398: D/StorageInfo(12661):     state=MOUNTED 
12-14 22:02:08.398: D/StorageInfo(12661):     fsType=null fsUuid=null fsLabel=null 
12-14 22:02:08.398: D/StorageInfo(12661):     path=/data internalPath=null 
12-14 22:02:08.398: D/StorageInfo(12661): VolumeInfo{emulated}:
12-14 22:02:08.398: D/StorageInfo(12661):     type=EMULATED diskId=null partGuid=null mountFlags=PRIMARY|VISIBLE 
12-14 22:02:08.398: D/StorageInfo(12661):     mountUserId=-1 state=MOUNTED 
12-14 22:02:08.398: D/StorageInfo(12661):     fsType=null fsUuid=null fsLabel=null 
12-14 22:02:08.398: D/StorageInfo(12661):     path=/storage/emulated internalPath=/data/media 
12-14 22:02:08.398: I/StorageInfo(12661): External sd card path : null
12-14 22:02:08.399: D/StorageInfo(12661): /data availableSize=21842903040
12-14 22:02:08.399: D/PocketCardFactory(4210): [onLoadComplete]
12-14 22:02:08.402: I/Radio-JNI(12648): register_android_hardware_Radio DONE
12-14 22:02:08.403: I/GRIUtils(12661): set USE HD CALL ICON : false
12-14 22:02:08.403: I/GRIUtils(12661): clear GPRI Items
12-14 22:02:08.407: D/VibratePatternInfoReceiverEx(2591): CONFIGURATION_CHANGED
12-14 22:02:08.408: D/PocketCardFactory(4210): [getCount] return = 0
12-14 22:02:08.408: D/PocketCardFactory(4210): [sendCardUpdateIntent] mRowHeight = 320
12-14 22:02:08.408: D/PocketCardFactory(4210): [sendCardUpdateIntent] mRowSpacing = 16
12-14 22:02:08.408: D/PocketCardFactory(4210): [sendCardUpdateIntent] rowCount = 0
12-14 22:02:08.414: V/LGSettingsProvider(1728): call_put(system:user_vibration_conut=0)  calling package = com.android.settings  callingUserId : 0
12-14 22:02:08.414: I/Weather_WeatherService(3623): shouldTimeTickRegistered - 4x2 : 0, FphWidget : 0
12-14 22:02:08.415: I/Weather_WeatherService(3623): shouldTimeTickRegistered : true - home screen widget is shown.
12-14 22:02:08.422: D/AndroidRuntime(12648): Calling main entry com.android.commands.settings.SettingsCmd
12-14 22:02:08.423: W/ContextImpl(2591): Calling a method in the system process without a qualified user: android.app.ContextImpl.startService:1359 android.content.ContextWrapper.startService:613 android.content.ContextWrapper.startService:613 com.android.settings.search.SettingAppIndexUpdateReceiver.onReceive:29 android.app.ActivityThread.handleReceiver:3142 
12-14 22:02:08.427: D/Weather_DataCache(3623): changedTime in DB = 0, in Cache : 0
12-14 22:02:08.427: I/Weather_DataCache(3623): return -1 / 0
12-14 22:02:08.427: I/Weather_WidgetCreator(3623): appWidgetId = 6, cityIndex = -1
12-14 22:02:08.427: D/Weather_Utils(3623): applied_additional_theme : false
12-14 22:02:08.427: D/Weather_Utils(3623): applied_additional_theme : false
12-14 22:02:08.427: D/Weather_Utils(3623): applied_additional_theme : false
12-14 22:02:08.428: D/Weather_WidgetCreator(3623): use_homescreen_widget_adaptive_color : true
12-14 22:02:08.428: D/Weather_WidgetCreator(3623): isUsingAdaptiveTextColor = true
12-14 22:02:08.428: D/Weather_WidgetCreator(3623): prepareThemeColor, mIsDynamicTheme = false, mWidgetBasicColor = -1, mWidgetSubColor = -1
12-14 22:02:08.428: D/SettingAppIndexUpdateService(2591): action : android.intent.action.LOCALE_CHANGED
12-14 22:02:08.429: D/Weather_WidgetCreator(3623): setMinute : 02
12-14 22:02:08.430: V/LGSettingsProvider(1728): call_put(system:accelerometer_rotation=0)  calling package = com.android.shell  callingUserId : 0
12-14 22:02:08.432: D/SettingAppIndexUpdateService(2591): setupWizardEnable : false
12-14 22:02:08.434: D/AndroidRuntime(12648): Shutting down VM
12-14 22:02:08.435: I/ContactLocale(3387): AddressBook Labels [[**]]: [*, *, *, *, *, *, *, *, *, *, *, *, *, *, *, *, *, *, *, *, *, *, *, *, *, *, *, *, *, *, *, *, *, *, *, *, *, *, *, *, *, *, *, *, *, *, *, *, *, *, *, …, *, *, *, *, *, *, *, *, *, *, *, *, *, *, *, *, *, *, *, *, *, *, *, *, *, *, *, *, *, *, *, *, *, *, *, *, …, *, *, *, *, *, *, *, *, *, *, *, *, *, *, *, *, *, *, *, *, *, *, …, *, *, *, *, *, *, *, *, *, *, *, *, *, *, *, *, *, *, *, *, *, *, *, *, *, *, *, *, *, *, *, *, *, *, *, *, *, *, …, *, *, *, *, *, *, *, *, *, *, *, *, *, *, *, *, *, *, *, *, *, *, *, *, *, *, *, *, *, *, *, *, *, *, *, *, *, *, *, *, *, *, *, *, *, *, …, *, *, *, *, *, *, *, *, *, *, *, *, *, *, …, *, *, *, *, *, *, *, *, *, *, …, …]
12-14 22:02:08.435: I/SearchUtils(2591): isExsitcheckDBLocale return false : en
12-14 22:02:08.435: D/SettingAppIndexUpdateService(2591): Start Create Settings DB
12-14 22:02:08.442: I/Finsky(5814): [1] com.google.android.finsky.receivers.ClearCacheReceiver.onReceive(25): Received android.intent.action.LOCALE_CHANGED. Clearing cache and exiting.
12-14 22:02:08.449: D/Volley(5814): [322] g.b: Cache cleared.
12-14 22:02:08.454: I/WindowManager(1728): WIN DEATH: Window{fb8dea1 u0 com.lge.launcher3/com.lge.launcher3.LauncherExtension}
12-14 22:02:08.454: I/WindowManager(1728): mPendingRelaunchCount: 0
12-14 22:02:08.455: D/GraphicsStats(1728): Buffer count: 4
12-14 22:02:08.456: I/ActivityManager(1728): Process com.lge.launcher3 (pid 3225) has died
12-14 22:02:08.456: D/InputDispatcher(1728): Window went away: Window{fb8dea1 u0 com.lge.launcher3/com.lge.launcher3.LauncherExtension}
12-14 22:02:08.456: D/ActivityManager(1728): cleanUpApplicationRecord -- 3225
12-14 22:02:08.459: D/LGImageQualityEnhancementService(2496): handleCallbackActivity(), isEnhanced: false
12-14 22:02:08.459: D/LGPowerHintPolicy(2496): [Perf] releasePowerHinInfo : release target  com.lge.systemservice.service.LGPowerHintPolicy$PowerHintInfo@a53cea5
12-14 22:02:08.471: W/Finsky(5814): [1] com.google.android.finsky.application.FinskyAppImpl.F(1569): No account configured on this device.
12-14 22:02:08.474: W/Finsky(5814): [1] com.google.android.finsky.application.FinskyAppImpl.F(1569): No account configured on this device.
12-14 22:02:08.475: D/Volley(5814): [331] g.b: Cache cleared.
12-14 22:02:08.477: I/Weather_WidgetLarge(3623): Empty view is on creating : 6
12-14 22:02:08.479: I/ActivityManager(1728): Start proc 12698:com.lge.launcher3/u0a96 for activity com.lge.launcher3/.LauncherExtension
12-14 22:02:08.484: I/art(5814): System.exit called, status: 0
12-14 22:02:08.484: I/AndroidRuntime(5814): VM exiting with result code 0, cleanup skipped.
12-14 22:02:08.487: I/LGEIMS_J(3131): onTrimMemory :: level=5
12-14 22:02:08.487: I/art(3131): Starting a blocking GC Explicit
12-14 22:02:08.488: I/Telecom(2554): TelecomApp: onTrimMemory: 5
12-14 22:02:08.488: I/Telecom(2554): TelecomApp: trim memory
12-14 22:02:08.488: I/art(2554): Starting a blocking GC Explicit
12-14 22:02:08.493: V/WifiServerServiceExt(1728): checkPollTimer Cnt= 0 rssi =-42 threshold=-100
12-14 22:02:08.497: D/WeatherPLT_Utils(3684): Network type : WIFI - CONNECTED
12-14 22:02:08.497: D/WeatherPLT_CommonReceiver(3684): start action : com.lge.sizechangable.weather.platform.action.POKE
12-14 22:02:08.498: I/art(2554): Explicit concurrent mark sweep GC freed 7826(452KB) AllocSpace objects, 4(104KB) LOS objects, 46% free, 9MB/17MB, paused 125us total 9.616ms
12-14 22:02:08.498: D/WeatherPLT_UpdateWorkerCurrentOnly(3684): cursor is empty. current location is not exist.
12-14 22:02:08.498: D/WeatherPLT_CommonReceiver(3684): end action : com.lge.sizechangable.weather.platform.action.POKE : 1ms
12-14 22:02:08.499: I/Weather_WidgetAncestor(3623): buildUpdate, appWidgetId: 6
12-14 22:02:08.499: I/Weather_WidgetAncestor(3623): onReceive, action: android.appwidget.action.APPWIDGET_UPDATE, Time(hour:min:sec) 22:2:8
12-14 22:02:08.499: I/InCall(2799): InCallApp - onTrimMemory: 5
12-14 22:02:08.500: I/InCall(2799): InCallApp - trim memory
12-14 22:02:08.500: D/Telephony(2570): PhoneApp: onTrimMemory: 5
12-14 22:02:08.500: I/art(2570): Starting a blocking GC Explicit
12-14 22:02:08.508: I/ActivityManager(1728): Start proc 12715:com.evernote/u0a80 for broadcast com.evernote/.widget.WidgetUpdateReceiver
12-14 22:02:08.514: E/lowmemorykiller(646): Error writing /proc/5814/oom_score_adj; errno=22
12-14 22:02:08.526: W/System(12698): ClassLoader referenced unknown path: /system/priv-app/LGHome/lib/arm
12-14 22:02:08.536: I/art(2570): Explicit concurrent mark sweep GC freed 58390(3MB) AllocSpace objects, 10(248KB) LOS objects, 42% free, 10MB/18MB, paused 351us total 36.344ms
12-14 22:02:08.539: D/WeatherPLT_Utils(3684): Network type : WIFI - CONNECTED
12-14 22:02:08.539: D/WeatherPLT_CommonReceiver(3684): start action : com.lge.sizechangable.weather.platform.action.POKE
12-14 22:02:08.540: D/WeatherPLT_UpdateWorkerCurrentOnly(3684): cursor is empty. current location is not exist.
12-14 22:02:08.541: D/WeatherPLT_CommonReceiver(3684): end action : com.lge.sizechangable.weather.platform.action.POKE : 2ms
12-14 22:02:08.534: I/art(3131): Explicit concurrent mark sweep GC freed 59252(2MB) AllocSpace objects, 0(0B) LOS objects, 45% free, 9MB/17MB, paused 291us total 46.795ms
12-14 22:02:08.586: I/ActivityManager(1728): Start proc 12729:com.lge.launcher2/u0a99 for broadcast com.lge.launcher2/.numberbadge.LGNumberBadgeReceiver
12-14 22:02:08.601: I/[LGHome6]LauncherApplication(12698): onCreate()
12-14 22:02:08.606: I/ContactsProvider(3387): Locale has changed from [en_US] to [en]
12-14 22:02:08.611: I/TeleService(2570): CallSettingsSearchIndexableItem: setIndexableItemList
12-14 22:02:08.611: D/TeleService(2570): CallSettingsManager: getIntValue: connection_vibration_setting_key : 0
12-14 22:02:08.611: D/TeleService(2570): CallSettingsManager: getIntValue: disconnecting_vibration_setting_key : 0
12-14 22:02:08.611: I/TeleService(2570): ConfigUtils: getNoiseSuppressionDefaultValueOff() : false
12-14 22:02:08.626: W/System(12715): ClassLoader referenced unknown path: /system/priv-app/Evernote/lib/arm64
12-14 22:02:08.643: I/MultiDex(12715): VM with version 2.1.0 has multidex support
12-14 22:02:08.643: I/MultiDex(12715): install
12-14 22:02:08.643: I/MultiDex(12715): VM has multidex support, MultiDex support library is disabled.
12-14 22:02:08.654: I/[LGHome6]LauncherExtension(12698): Launcher.onCreate
12-14 22:02:08.661: I/ReleaseProperties(12715): Current app is: evernote
12-14 22:02:08.662: I/ReleaseProperties(12715): propFile: release is now loaded
12-14 22:02:08.662: I/ReleaseProperties(12715): propFile: play is now loaded
12-14 22:02:08.663: I/ReleaseProperties(12715): propFile: base is now loaded
12-14 22:02:08.663: I/ReleaseProperties(12715): propFile: override is now loaded
12-14 22:02:08.664: D/MarketUtils(12715): isPackageInstalled() - com.android.vending is installed
12-14 22:02:08.664: I/ReleaseProperties(12715): ReleaseProperties: 
12-14 22:02:08.664: I/ReleaseProperties(12715):   bundleName=lg-g4
12-14 22:02:08.664: I/ReleaseProperties(12715):   revision=7.9.9_1987
12-14 22:02:08.664: I/ReleaseProperties(12715):   type=public
12-14 22:02:08.664: I/ReleaseProperties(12715):   gitHash=dc9d441192b34e19d7de18cf89916388a7b30a97
12-14 22:02:08.664: I/ReleaseProperties(12715):   baseSearchUri=market://search?q=
12-14 22:02:08.672: I/[LGHome6]ConciergeBoardMngr(12698): init()
12-14 22:02:08.673: V/Launcher(12698): LauncherAppState inited
12-14 22:02:08.675: D/NetworkSecurityConfig(12715): No Network Security Config specified, using platform default
12-14 22:02:08.675: I/ReleaseProperties(12715): From file referralCode=lg-g4
12-14 22:02:08.686: W/System.err(12715): log4j:WARN No appenders could be found for logger (SystemUtils).
12-14 22:02:08.687: W/System.err(12715): log4j:WARN Please initialize the log4j system properly.
12-14 22:02:08.697: W/System(12729): ClassLoader referenced unknown path: /system/priv-app/LGHome4/lib/arm
12-14 22:02:08.715: I/NativeCrashHandler(12715): CrashHandler JNI_OnLoad
12-14 22:02:08.716: I/NativeCrashHandler(12715): CrashHandlerInstall: Native signal handlers installed
12-14 22:02:08.716: I/CrashHandler(12715): CrashHandler initialized
12-14 22:02:08.718: D/Launcher.Model(12698): Old launcher provider: content://com.android.launcher2.settings/favorites?notify=true
12-14 22:02:08.718: D/Launcher.Model(12698): Old launcher provider does not exist.
12-14 22:02:08.719: D/EN(12715): MemoryMapAppender.ctor()
12-14 22:02:08.719: D/EN(12715): MemoryMapAppender.ctor-end()
12-14 22:02:08.720: D/EN(12715): [EvernoteProvider]{main} - Provider+++++onCreate()
12-14 22:02:08.720: D/EN(12715): [AccountManager]{main} - AccountManager()::userIds=
12-14 22:02:08.720: D/EN(12715): [AccountManager]{main} - upgradeToAccountManager()::start
12-14 22:02:08.720: D/EN(12715): [AccountManager]{main} - AccountManager()::count=0
12-14 22:02:08.720: D/EN(12715): [AccountManager]{main} - initialized:
12-14 22:02:08.720: E/EN(12715): [EvernoteProvider]{main} - getDBInstance()::java.lang.IllegalStateException: No active account.
12-14 22:02:08.720: E/EN(12715): java.lang.IllegalStateException: No active account.
12-14 22:02:08.720: E/EN(12715): 	at com.evernote.provider.EvernoteProvider.h(EvernoteProvider.java:1082)
12-14 22:02:08.720: E/EN(12715): 	at com.evernote.provider.EvernoteProvider.onCreate(EvernoteProvider.java:1064)
12-14 22:02:08.720: E/EN(12715): 	at android.content.ContentProvider.attachInfo(ContentProvider.java:1751)
12-14 22:02:08.720: E/EN(12715): 	at android.content.ContentProvider.attachInfo(ContentProvider.java:1726)
12-14 22:02:08.720: E/EN(12715): 	at android.app.ActivityThread.installProvider(ActivityThread.java:6031)
12-14 22:02:08.720: E/EN(12715): 	at android.app.ActivityThread.installContentProviders(ActivityThread.java:5623)
12-14 22:02:08.720: E/EN(12715): 	at android.app.ActivityThread.handleBindApplication(ActivityThread.java:5562)
12-14 22:02:08.720: E/EN(12715): 	at android.app.ActivityThread.-wrap2(ActivityThread.java)
12-14 22:02:08.720: E/EN(12715): 	at android.app.ActivityThread$H.handleMessage(ActivityThread.java:1596)
12-14 22:02:08.720: E/EN(12715): 	at android.os.Handler.dispatchMessage(Handler.java:102)
12-14 22:02:08.720: E/EN(12715): 	at android.os.Looper.loop(Looper.java:154)
12-14 22:02:08.720: E/EN(12715): 	at android.app.ActivityThread.main(ActivityThread.java:6316)
12-14 22:02:08.720: E/EN(12715): 	at java.lang.reflect.Method.invoke(Native Method)
12-14 22:02:08.720: E/EN(12715): 	at com.android.internal.os.ZygoteInit$MethodAndArgsCaller.run(ZygoteInit.java:872)
12-14 22:02:08.720: E/EN(12715): 	at com.android.internal.os.ZygoteInit.main(ZygoteInit.java:762)
12-14 22:02:08.721: I/[LGHome6]LiveIcon(12698): updateEnabled() : true
12-14 22:02:08.722: W/NativeCrashHandler(12715): CrashFormatterCreate: Could not find libgccdemangle.so
12-14 22:02:08.728: I/Weather_Widget5x1(3623): onUpdate, update Widget
12-14 22:02:08.729: I/Weather_WidgetAncestor(3623): onReceive has processed, action: android.appwidget.action.APPWIDGET_UPDATE, Time(hour:min:sec) 22:2:8
12-14 22:02:08.730: I/Weather_WeatherService(3623): onStartCommand, intent!=null, action: android.appwidget.action.APPWIDGET_UPDATE
12-14 22:02:08.731: D/HockeyAppCrash(12715): Current handler class = com.evernote.util.crash.ApplicationCrashHandler
12-14 22:02:08.731: D/HockeyAppCrash(12715): Looking for exceptions in: /data/user/0/com.evernote/files
12-14 22:02:08.731: D/HockeyAppCrash(12715): Looking for exceptions in: /data/user/0/com.evernote/files
12-14 22:02:08.731: D/EN(12715): [SystemUtils]{main} - installHockeyApp - registered crash manager
12-14 22:02:08.735: I/Weather_WeatherService(3623): shouldTimeTickRegistered - 4x2 : 0, FphWidget : 0
