12-14 22:01:48.960: E/SEC_DRM_PLUGIN_Omafl(3191): OmaPlugin::onOpenDecryptSession(fd)::Drm2IsDrmFileByExtFd::file is NOT DRM by extension
12-14 22:01:48.961: W/SEC_DRM_PLUGIN_Playready(3191): PlayreadyPlugIn: Function[DRM_ASFVerify_Context_Initialize]; Line[4469]; File type[0]
12-14 22:01:48.961: W/SEC_DRM_PLUGIN_Playready(3191): PlayReadyPlugIn: Function[onOpenDecryptSession]; Line[2576]; DRM Result[0x80004005]
12-14 22:01:48.962: D/EnterpriseController(3228): netId is 0
12-14 22:01:48.962: D/Netd(3228): getNetworkForDns: using netid 502 for uid 10178
12-14 22:01:48.962: D/DnsProxyListener(3228): DNSDBG::dns addrinfo af 0
12-14 22:01:48.966: W/ActivityManager(3579): Slow operation: 127ms so far, now at startProcess: returned from zygote!
12-14 22:01:48.966: W/ActivityManager(3579): Slow operation: 127ms so far, now at startProcess: done updating battery stats
12-14 22:01:48.966: W/ActivityManager(3579): Slow operation: 127ms so far, now at startProcess: building log message
12-14 22:01:48.966: E/Zygote(14724): v2
12-14 22:01:48.966: I/ActivityManager(3579): Start proc 14724:com.policydm/1000 for broadcast com.policydm/.XDMBroadcastReceiver
12-14 22:01:48.966: W/ActivityManager(3579): Slow operation: 127ms so far, now at startProcess: starting to update pids map
12-14 22:01:48.966: W/ActivityManager(3579): Slow operation: 127ms so far, now at startProcess: done updating pids map
12-14 22:01:48.966: W/ActivityManager(3579): Slow operation: 127ms so far, now at startProcess: done starting proc!
12-14 22:01:48.966: I/libpersona(14724): KNOX_SDCARD checking this for 1000
12-14 22:01:48.966: I/libpersona(14724): KNOX_SDCARD not a persona
12-14 22:01:48.967: E/Zygote(14724): accessInfo : 0
12-14 22:01:48.971: W/SELinux(14724): SELinux selinux_android_compute_policy_index : Policy Index[1],  Con:u:r:zygote:s0 SPD:SEPF_SECMOBILE_7.0_0006 RAM:SEPF_SECMOBILE_7.0_0004, [-1 -1 0 1 0 1]
12-14 22:01:48.972: I/SELinux(14724): SELinux: seapp_context_lookup: seinfo=platform, pkgname=com.policydm 
12-14 22:01:48.973: D/ConnectivityManager(14471): requestNetwork; CallingUid : 10178, CallingPid : 14471
12-14 22:01:48.976: D/ConnectivityService(3579): listenForNetwork for Listen from uid/pid:10178/14471 for NetworkRequest [ id=17, legacyType=-1, [ Capabilities: INTERNET&NOT_RESTRICTED&TRUSTED] ]
12-14 22:01:48.976: D/ConnectivityService(3579): rematching NetworkAgentInfo [WIFI () - 502]
12-14 22:01:48.976: D/ConnectivityService(3579):  network has: [ Transports: WIFI Capabilities: NOT_METERED&INTERNET&NOT_RESTRICTED&TRUSTED&NOT_VPN&VALIDATED LinkUpBandwidth>=1048576Kbps LinkDnBandwidth>=1048576Kbps SignalStrength: -45]
12-14 22:01:48.976: D/ConnectivityService(3579):   checking if request is satisfied: NetworkRequest [ id=6, legacyType=-1, [ Transports: CELLULAR|WIFI Capabilities: NOT_RESTRICTED&TRUSTED&NOT_VPN] ]
12-14 22:01:48.976: D/ConnectivityService(3579):   checking if request is satisfied: NetworkRequest [ id=10, legacyType=-1, [ Transports: WIFI Capabilities: INTERNET&NOT_RESTRICTED&TRUSTED&NOT_VPN] ]
12-14 22:01:48.976: D/ConnectivityService(3579):   checking if request is satisfied: NetworkRequest [ id=8, legacyType=-1, [ Transports: WIFI Capabilities: INTERNET&NOT_RESTRICTED&TRUSTED&NOT_VPN] ]
12-14 22:01:48.976: D/ConnectivityService(3579):   checking if request is satisfied: NetworkRequest [ id=11, legacyType=-1, [ Transports: WIFI Capabilities: INTERNET&NOT_RESTRICTED&TRUSTED&NOT_VPN] ]
12-14 22:01:48.976: D/ConnectivityService(3579):   checking if request is satisfied: NetworkRequest [ id=5, legacyType=-1, [ Transports: WIFI Capabilities: INTERNET&NOT_RESTRICTED&TRUSTED&NOT_VPN] ]
12-14 22:01:48.976: D/ConnectivityService(3579): Network NetworkAgentInfo [WIFI () - 502] was already satisfying request 1. No change.
12-14 22:01:48.976: D/ConnectivityService(3579):   checking if request is satisfied: NetworkRequest [ id=3, legacyType=-1, [] ]
12-14 22:01:48.976: D/ConnectivityService(3579):   checking if request is satisfied: NetworkRequest [ id=4, legacyType=-1, [ Transports: CELLULAR Capabilities: INTERNET&NOT_RESTRICTED&TRUSTED&NOT_VPN] ]
12-14 22:01:48.976: D/ConnectivityService(3579):   checking if request is satisfied: NetworkRequest [ id=7, legacyType=-1, [] ]
12-14 22:01:48.976: D/ConnectivityService(3579):   checking if request is satisfied: NetworkRequest [ id=9, legacyType=-1, [ Capabilities: MMS&NOT_RESTRICTED&TRUSTED&NOT_VPN] ]
12-14 22:01:48.977: D/ConnectivityService(3579):   checking if request is satisfied: NetworkRequest [ id=12, legacyType=-1, [ Capabilities: INTERNET&NOT_RESTRICTED&TRUSTED] ]
12-14 22:01:48.977: D/ConnectivityService(3579):   checking if request is satisfied: NetworkRequest [ id=17, legacyType=-1, [ Capabilities: INTERNET&NOT_RESTRICTED&TRUSTED] ]
12-14 22:01:48.977: D/ConnectivityService(3579): sending notification AVAILABLE for NetworkRequest [ id=17, legacyType=-1, [ Capabilities: INTERNET&NOT_RESTRICTED&TRUSTED] ]
12-14 22:01:48.981: D/SecContentProvider2(3579): query(), uri = 15 selection = getAppBlockDownloadState
12-14 22:01:48.981: I/Icing(11342): IndexChimeraService.getServiceInterface callingPackage=com.google.android.googlequicksearchbox componentName=null serviceId=33
12-14 22:01:48.990: D/ActivityManager(3579): The following uid has registered to recieve broadcast for proxy related updates 10178
12-14 22:01:48.990: W/ContextImpl(3579): Calling a method in the system process without a qualified user: android.app.ContextImpl.sendBroadcast:921 com.android.server.am.ActivityManagerService.requestKnoxVpnToSendProxyBroadcast:26507 com.android.server.am.ActivityManagerService.registerReceiver:21371 android.app.ActivityManagerNative.onTransact:466 com.android.server.am.ActivityManagerService.onTransact:3573 
12-14 22:01:48.996: D/KnoxVpnEngineService(3579): Vpn Receiver : com.samsung.android.knox.intent.action.VPN_PROXY_BROADCAST_INTERNAL
12-14 22:01:48.996: D/ActivityThread(14724): Added TimaKeyStore provider
12-14 22:01:48.997: I/KnoxVpnEngineService(3579): vpn handle : Message received
12-14 22:01:48.998: I/ActivityManager(3579): DSS on for com.policydm and scale is 1.0
12-14 22:01:48.998: I/art(5095): Compiler allocated 4MB to compile android.net.Uri android.media.MediaScanner$MyMediaScannerClient.endFile(android.media.MediaScanner$FileEntry, boolean, boolean, boolean, boolean, boolean)
12-14 22:01:49.006: V/MediaRouter(14471): Selecting route: RouteInfo{ name=Phone, description=null, status=null, category=RouteCategory{ name=null types=ROUTE_TYPE_LIVE_AUDIO ROUTE_TYPE_LIVE_VIDEO  groupable=false }, supportedTypes=ROUTE_TYPE_LIVE_AUDIO ROUTE_TYPE_LIVE_VIDEO , presentationDisplay=null }
12-14 22:01:49.006: V/WifiDisplayAdapter(3579): getWifiDisplayStatusLocked: result=WifiDisplayStatus{featureState=2, scanState=0, activeDisplayState=0, activeDisplay=null, displays=[], sessionInfo=WifiDisplaySessionInfo: Client/Owner: Client GroupId:  Passphrase:  SessionId: 0 IP Address: , connectedState=-1, networkQoS=0}
12-14 22:01:49.008: I/Icing(11342): IndexChimeraService.getServiceInterface callingPackage=com.google.android.googlequicksearchbox componentName=null serviceId=32
12-14 22:01:49.016: W/System(14724): ClassLoader referenced unknown path: /system/priv-app/SPDClient/lib/arm64
12-14 22:01:49.016: I/SurfaceFlinger(3185): id=26 Removed TcreenshotS (4/8)
12-14 22:01:49.017: I/SurfaceFlinger(3185): id=29 Removed ClackSurfac (4/7)
12-14 22:01:49.017: I/SurfaceFlinger(3185): id=26 Removed TcreenshotS (-2/7)
12-14 22:01:49.017: I/SurfaceFlinger(3185): id=29 Removed ClackSurfac (-2/7)
12-14 22:01:49.017: I/SurfaceFlinger(3185): id=30 Removed ClackSurfac (4/6)
12-14 22:01:49.018: I/SurfaceFlinger(3185): id=31 Removed ClackSurfac (4/5)
12-14 22:01:49.018: I/SurfaceFlinger(3185): id=30 Removed ClackSurfac (-2/5)
12-14 22:01:49.018: I/SurfaceFlinger(3185): id=31 Removed ClackSurfac (-2/5)
12-14 22:01:49.018: I/SurfaceFlinger(3185): id=32 Removed ClackSurfac (4/4)
12-14 22:01:49.018: I/SurfaceFlinger(3185): id=32 Removed ClackSurfac (-2/4)
12-14 22:01:49.021: D/LockSettingsStorage(3579): mSKTLockState = 2
12-14 22:01:49.026: V/WindowManager(3579): rotationForOrientationLw(orient=-1, last=1); user=1 USER_ROTATION_LOCKED sensorRotation=-1 mLidState=-1 mDockMode=0 mHdmiPlugged=false
12-14 22:01:49.026: D/ContextRelationMgrBrdg(14724): loadKlass() : caller=com.samsung.android.bridge.multiscreen.common.ContextRelationManagerBridge.<clinit>:28 android.app.LoadedApk.makeApplication:840 
12-14 22:01:49.046: D/CustomFrequencyManagerService(3579): releaseDVFSLockLocked : Getting Lock type frm List : DVFS_MIN_LIMIT  frequency : 2600000  uid : 1000  pid : 3579  tag : PWM_ROTATION@CPU_MIN@36
12-14 22:01:49.046: I/FOTA(14724): [lllIIIIIIlllIlIIIIII(108/llIIIIlllllIIllIIllI)] oms: /customer.xml
12-14 22:01:49.046: I/FOTA(14724): [lllIIIIIIlllIlIIIIII(199/lllIlIlIIIllIIlIllIl)] read default : /system/csc/customer.xml
12-14 22:01:49.051: W/ActivityManager(3579): Permission Denial: Accessing service ComponentInfo{com.google.android.music/com.google.android.music.dial.DialMediaRouteProviderService} from pid=14471, uid=10178 that is not exported from uid 10135
12-14 22:01:49.054: W/DownloadManager(5095): fallocate() said ENOTSUP; falling back to ftruncate()
12-14 22:01:49.060: D/DownloadManager(5095): [42] Starting com.google.android.googlequicksearchbox
12-14 22:01:49.073: W/DiscoveryManager(11342): BroadcastReceiver is already registered
12-14 22:01:49.075: I/DiscoveryManager(11342): Filter criteria(805741C9,233637DE) scannerFlags(2)
12-14 22:01:49.077: I/FOTA(14724): [com.sec.android.policyagent.PolicyApplication(36/onCreate)] PolicyApplication onCreated!
12-14 22:01:49.080: I/System.out(11313): (HTTPLog)-Static: isSBSettingEnabled false
12-14 22:01:49.080: I/System.out(11313): (HTTPLog)-Static: isSBSettingEnabled false
12-14 22:01:49.082: D/SecMenutree(14149): Outdoor mode(outdoor_mode) is disabled so not indexed in Display
12-14 22:01:49.093: I/DBG_POLICYDM(14724): [com.policydm.XDMBroadcastReceiver(52/llIIIIlllllIIllIIllI)] XDMBroadcastReceiver onReceive! action = android.intent.action.LOCALE_CHANGED
12-14 22:01:49.094: I/System.out(14471): Thread-1608(ApacheHTTPLog):isSBSettingEnabled false
12-14 22:01:49.094: I/System.out(14471): Thread-1608(ApacheHTTPLog):isShipBuild true
12-14 22:01:49.095: I/System.out(14471): Thread-1608(ApacheHTTPLog):getDebugLevel 0x4f4c
12-14 22:01:49.095: I/System.out(14471): Thread-1608(ApacheHTTPLog):Smart Bonding Setting is false
12-14 22:01:49.095: I/System.out(14471): Thread-1608(ApacheHTTPLog):SmartBonding Setting is false, SHIP_BUILD is true, log to file is false, DBG is false, DEBUG_LEVEL (1-LOW, 2-MID, 3-HIGH) is 1
12-14 22:01:49.096: D/DownloadManager(5095): [40] Finished with status SUCCESS
12-14 22:01:49.103: V/DownloadManager(5095): MIME Type = application/java-archive
12-14 22:01:49.114: I/DBG_POLICYDM(14724): [com.policydm.db.IIIIllIlIIlIIIIlllIl(52/llIIIIlllllIIllIIllI)] doesn't exist target file: /data/security/sepolicy
12-14 22:01:49.116: I/DBG_POLICYDM(14724): [com.policydm.db.IIIIllIlIIlIIIIlllIl(52/llIIIIlllllIIllIIllI)] doesn't exist target file: /data/security/seapp_contexts
12-14 22:01:49.118: I/DBG_POLICYDM(14724): [com.policydm.db.IIIIllIlIIlIIIIlllIl(52/llIIIIlllllIIllIIllI)] doesn't exist target file: /data/security/property_contexts
12-14 22:01:49.118: I/DBG_POLICYDM(14724): [com.policydm.db.IIIIllIlIIlIIIIlllIl(52/llIIIIlllllIIllIIllI)] doesn't exist target file: /data/security/file_contexts.bin
12-14 22:01:49.119: I/DBG_POLICYDM(14724): [com.policydm.db.IIIIllIlIIlIIIIlllIl(52/llIIIIlllllIIllIIllI)] doesn't exist target file: /data/security/service_contexts
12-14 22:01:49.119: I/DBG_POLICYDM(14724): [com.policydm.db.IIIIllIlIIlIIIIlllIl(52/llIIIIlllllIIllIIllI)] doesn't exist target file: /data/security/mac_permissions.xml
12-14 22:01:49.120: I/DBG_POLICYDM(14724): [com.sec.android.policyagent.RegistrationReceiver(41/llIIIIlllllIIllIIllI)] RegistrationReceiver onReceive! action = android.intent.action.LOCALE_CHANGED
12-14 22:01:49.122: W/NetworkIdentity(3579): Active mobile network without subscriber!
12-14 22:01:49.128: I/DBG_POLICYDM(14724): [com.sec.android.policyagent.RegistrationReceiver(77/llIIIIlllllIIllIIllI)] Need to device registering...
12-14 22:01:49.128: I/OggExtractor(3223): ~OggExtractor ++
12-14 22:01:49.128: I/OggExtractor(3223): ~MyOggExtractor ++ 
12-14 22:01:49.128: I/OggExtractor(3223): ~MyOggExtractor --
12-14 22:01:49.128: I/OggExtractor(3223): ~OggExtractor --
12-14 22:01:49.129: I/DBG_POLICYDM(14724): [com.sec.android.policyagent.db.llllIIIllIlIIIIllllI(68/llIIIIlllllIIllIIllI)] get SalesCode from FotaFeature
12-14 22:01:49.130: I/DBG_POLICYDM(14724): [com.sec.android.policyagent.db.llllIIIllIlIIIIllllI(68/llIIIIlllllIIllIIllI)] get SalesCode from FotaFeature
12-14 22:01:49.131: I/DBG_POLICYDM(14724): [com.sec.android.policyagent.db.IIIIllIlIIlIIIIlllIl(45/llIIIIlllllIIllIIllI)] already Eula Agree
12-14 22:01:49.131: I/DBG_POLICYDM(14724): [com.sec.android.policyagent.RegistrationReceiver(156/llIIIIlllllIIllIIllI)] Do not need to agree FOTA Disclaimer
12-14 22:01:49.142: W/System(13999): ClassLoader referenced unknown path: 
12-14 22:01:49.142: W/System(13999): ClassLoader referenced unknown path: /system/priv-app/SecSettings2/lib/arm64
12-14 22:01:49.153: D/EnterpriseController(3228): netId is 0
12-14 22:01:49.153: D/Netd(3228): getNetworkForDns: using netid 502 for uid 10178
12-14 22:01:49.153: D/DnsProxyListener(3228): DNSDBG::dns addrinfo af 0
12-14 22:01:49.156: E/ActivityThread(13999): Failed to find provider info for com.myscript.atk.rmc
12-14 22:01:49.164: D/SecContentProvider2(3579): query(), uri = 15 selection = getAppBlockDownloadState
12-14 22:01:49.168: D/SecMenutree(14149): Wallpaper(wallpaper) is disabled so not indexed in Display
12-14 22:01:49.180: D/SecMenutree(14149): Screen rotation(auto_rotate) is disabled so not indexed in Display
12-14 22:01:49.181: D/SecMenutree(14149): Content scaling(display_scaling) is disabled so not indexed in Display
12-14 22:01:49.193: D/MountService(3579): getExternalStorageMountMode : 1
12-14 22:01:49.194: D/MountService(3579): getExternalStorageMountMode : 3
12-14 22:01:49.194: D/MountService(3579): getExternalStorageMountMode : final mountMode=1, uid : 10006, packageName : com.samsung.android.app.aodservice
12-14 22:01:49.220: D/NetworkSecurityConfig(5095): No Network Security Config specified, using platform default
12-14 22:01:49.229: E/Zygote(14753): v2
12-14 22:01:49.229: I/libpersona(14753): KNOX_SDCARD checking this for 10006
12-14 22:01:49.229: I/libpersona(14753): KNOX_SDCARD not a persona
12-14 22:01:49.230: E/Zygote(14753): accessInfo : 0
12-14 22:01:49.234: V/MediaPlayerService(3226): Create new media retriever from pid 5095
12-14 22:01:49.237: D/SecMenutree(14149): Double twist for camera(camera_gesture) is disabled so not indexed in Display
12-14 22:01:49.237: D/SecMenutree(14149): Press power button twice for camera(camera_double_tap_power_gesture) is disabled so not indexed in Display
12-14 22:01:49.238: D/SecMenutree(14149): Smart stay(smartscreen_stay) is disabled so not indexed in Display
12-14 22:01:49.239: I/ActivityManager(3579): Start proc 14753:com.samsung.android.app.aodservice:settingui/u0a6 for broadcast com.samsung.android.app.aodservice/.settings.SettingUIReceiver
12-14 22:01:49.241: W/SELinux(14753): SELinux selinux_android_compute_policy_index : Policy Index[1],  Con:u:r:zygote:s0 SPD:SEPF_SECMOBILE_7.0_0006 RAM:SEPF_SECMOBILE_7.0_0004, [-1 -1 0 1 0 1]
12-14 22:01:49.243: I/SELinux(14753): SELinux: seapp_context_lookup: seinfo=platform, level=s0:c512,c768, pkgname=com.samsung.android.app.aodservice:settingui 
12-14 22:01:49.261: D/SecMenutree(14149): Edge screen(edge_screen) is disabled so not indexed in Display
12-14 22:01:49.264: D/SecMenutree(14149): Night clock(night_clock) is disabled so not indexed in Display
12-14 22:01:49.265: D/SecMenutree(14149): Touch key light duration(touch_key_light) is disabled so not indexed in Display
12-14 22:01:49.265: D/SecMenutree(14149): Edge lighting(edge_lighting) is disabled so not indexed in Display
12-14 22:01:49.280: I/System.out(5095): (HTTPLog)-Static: isSBSettingEnabled false
12-14 22:01:49.280: I/System.out(5095): (HTTPLog)-Static: isSBSettingEnabled false
12-14 22:01:49.291: D/ActivityThread(14753): Added TimaKeyStore provider
12-14 22:01:49.301: I/ActivityManager(3579): DSS on for com.samsung.android.app.aodservice and scale is 1.0
12-14 22:01:49.327: E/SEC_DRM_PLUGIN_Omafl(3191): OmaPlugin::onOpenDecryptSession(fd)::Drm2IsDrmFileByExtFd::file is NOT DRM by extension
12-14 22:01:49.327: W/SEC_DRM_PLUGIN_Playready(3191): PlayreadyPlugIn: Function[DRM_ASFVerify_Context_Initialize]; Line[4469]; File type[0]
12-14 22:01:49.327: W/SEC_DRM_PLUGIN_Playready(3191): PlayReadyPlugIn: Function[onOpenDecryptSession]; Line[2576]; DRM Result[0x80004005]
12-14 22:01:49.342: D/SecMenutree(14149): Navigation Bar(navigation_Bar) is disabled so not indexed in Display
12-14 22:01:49.354: D/SecContentProvider2(3579): query(), uri = 15 selection = getAppBlockDownloadState
12-14 22:01:49.364: D/SamsungAlarmManager(3579): Cancel Alarm calling from uid:10025 pid :11313 / op:PendingIntent{fd44410: PendingIntentRecord{6dcae4 com.google.android.gms broadcastIntent}}
12-14 22:01:49.366: W/System(14753): ClassLoader referenced unknown path: /system/priv-app/AODService_v20/lib/arm64
12-14 22:01:49.388: D/ContextRelationMgrBrdg(14753): loadKlass() : caller=com.samsung.android.bridge.multiscreen.common.ContextRelationManagerBridge.<clinit>:28 android.app.LoadedApk.makeApplication:840 
12-14 22:01:49.408: I/ModelDlProcessorSrvc(4912): Ignoring download ID 40, hotword model id is 41
12-14 22:01:49.411: I/LanguagePackUpdateContr(4912): Not processing download: 40, not a language pack
12-14 22:01:49.441: D/DownloadManager(5095): [43] Starting com.google.android.googlequicksearchbox
12-14 22:01:49.446: D/SecMenutree(14149): Outer screen auto lock(sub_lcd_auto_lock) is disabled so not indexed in Display
12-14 22:01:49.446: D/WifiStateMachine(3579): Current network is: "wl-ftl-mt11-1-5" , ID is: 0
12-14 22:01:49.446: D/WifiStateMachine(3579): 5GHz mQnsLowerRssiThreshold is recovered, currentRssi = -38
12-14 22:01:49.447: D/SecMenutree(14149): Night-time keyboard mode(key_night_mode) is disabled so not indexed in Display
12-14 22:01:49.447: D/SecMenutree(14149): Keyboard backlight duration(key_backlight) is disabled so not indexed in Display
12-14 22:01:49.447: D/SecMenutree(14149): Pick up to turn on screen(lift_to_wake) is disabled so not indexed in Display
12-14 22:01:49.447: D/SecMenutree(14149): Ambient display(doze) is disabled so not indexed in Display
12-14 22:01:49.447: D/SecMenutree(14149): Tap to wake(tap_to_wake) is disabled so not indexed in Display
12-14 22:01:49.447: D/SecMenutree(14149): Screen zoom(screen_zoom) is disabled so not indexed in Display
12-14 22:01:49.447: D/SecMenutree(14149): Cast screen(wifi_display) is disabled so not indexed in Display
12-14 22:01:49.447: D/SecMenutree(14149): VR effects(vr_display_pref) is disabled so not indexed in Display
12-14 22:01:49.448: D/Settings_Utils(14149): isSupportBoostMode: true
12-14 22:01:49.450: D/Settings_Utils(14149): isGameModeEnabled: false
12-14 22:01:49.461: W/art(14149): Suspending all threads took: 5.502ms
12-14 22:01:49.464: D/AODFeature(14753): ScreenLimitType.getType: SCREEN_LIMIT_TYPE_NONE
12-14 22:01:49.468: D/SamsungAlarmManager(3579): setInexact Intent (T:2/F:0/AC:false) 20171214T222028 - CU:10025/CP:11313
12-14 22:01:49.475: D/DBManager(14753): ver : 5
12-14 22:01:49.475: D/DBManager(14753): create create table if not exists table_log (UID integer primary key autoincrement, TIME integer, MESSAGE text)
12-14 22:01:49.475: D/DBManager(14753): create create table if not exists table_touch_notification (UID integer primary key autoincrement, PACKAGE text, COUNT integer)
12-14 22:01:49.476: D/DBManager(14753): create create table if not exists table_clockcustom (UID integer primary key autoincrement, CLOCK_NAME text, SELECTED_COLOR integer, SELECTED_WALLPAPER integer, SELECTED_FONT integer, SELECTED_FONT_SIZE integer, SIGNATURE_TEXT text, BITMAP blob, SRC_BITMAP blob, COLOR_ELIMINATION_LEVEL integer, COLOR_SAMPLING_LEVEL integer, COLOR_INVERT integer, COLOR_MAX_LEVEL real, COLOR_MIN_LEVEL real)
12-14 22:01:49.476: D/DBManager(14753): create create table if not exists remoteview_calendar (UID integer primary key autoincrement, type text, date text, image blob, preview integer, timezoneid text, cityname text)
12-14 22:01:49.476: D/DBManager(14753): create create table if not exists table_settings (UID integer primary key autoincrement, SETTING_KEY text, SETTING_VALUE text)
12-14 22:01:49.480: I/SettingUIReceiver(14753): onReceive : android.intent.action.LOCALE_CHANGED
12-14 22:01:49.480: D/SettingUIReceiver(14753): onReceive : ACTION_LOCALE_CHANGED
12-14 22:01:49.484: D/MountService(3579): getExternalStorageMountMode : 1
12-14 22:01:49.484: D/MountService(3579): getExternalStorageMountMode : 3
12-14 22:01:49.484: D/MountService(3579): getExternalStorageMountMode : final mountMode=1, uid : 10155, packageName : com.samsung.android.calendar
12-14 22:01:49.491: D/DownloadManager(5095): [41] Finished with status SUCCESS
12-14 22:01:49.491: V/DownloadManager(5095): MIME Type = text/html
12-14 22:01:49.508: E/Zygote(14775): v2
12-14 22:01:49.508: I/libpersona(14775): KNOX_SDCARD checking this for 10155
12-14 22:01:49.508: I/libpersona(14775): KNOX_SDCARD not a persona
12-14 22:01:49.509: E/Zygote(14775): accessInfo : 0
12-14 22:01:49.516: W/SELinux(14775): SELinux selinux_android_compute_policy_index : Policy Index[1],  Con:u:r:zygote:s0 SPD:SEPF_SECMOBILE_7.0_0006 RAM:SEPF_SECMOBILE_7.0_0004, [-1 -1 0 1 0 1]
12-14 22:01:49.516: I/ActivityManager(3579): Start proc 14775:com.samsung.android.calendar/u0a155 for broadcast com.samsung.android.calendar/com.android.calendar.aod.AodCalendarReceiver
12-14 22:01:49.519: I/SELinux(14775): SELinux: seapp_context_lookup: seinfo=platform, level=s0:c512,c768, pkgname=com.samsung.android.calendar 
12-14 22:01:49.532: W/DownloadManager(5095): fallocate() said ENOTSUP; falling back to ftruncate()
12-14 22:01:49.544: D/ActivityThread(14775): Added TimaKeyStore provider
12-14 22:01:49.548: I/System.out(14471): Thread-1565(ApacheHTTPLog):isSBSettingEnabled false
12-14 22:01:49.548: I/System.out(14471): Thread-1565(ApacheHTTPLog):isShipBuild true
12-14 22:01:49.548: I/System.out(14471): Thread-1565(ApacheHTTPLog):getDebugLevel 0x4f4c
12-14 22:01:49.548: I/System.out(14471): Thread-1565(ApacheHTTPLog):Smart Bonding Setting is false
12-14 22:01:49.549: I/System.out(14471): Thread-1565(ApacheHTTPLog):SmartBonding Setting is false, SHIP_BUILD is true, log to file is false, DBG is false, DEBUG_LEVEL (1-LOW, 2-MID, 3-HIGH) is 1
12-14 22:01:49.550: I/qtaguid(14471): Tagging socket -1 with tag 0(0) for uid -1 failed errno=-9
12-14 22:01:49.550: I/NetworkManagementSocketTagger(14471): tagSocketFd(-1, 0, -1) failed with errno-9
12-14 22:01:49.583: D/DownloadManager(5095): [42] Finished with status SUCCESS
12-14 22:01:49.584: V/DownloadManager(5095): MIME Type = application/java-archive
12-14 22:01:49.607: I/OggExtractor(3223): ~OggExtractor ++
12-14 22:01:49.607: I/OggExtractor(3223): ~MyOggExtractor ++ 
12-14 22:01:49.607: I/OggExtractor(3223): ~MyOggExtractor --
12-14 22:01:49.607: I/OggExtractor(3223): ~OggExtractor --
12-14 22:01:49.650: I/qtaguid(14471): Untagging socket -1 failed errno=-9
12-14 22:01:49.650: W/NetworkManagementSocketTagger(14471): untagSocket(-1) failed with errno -9
12-14 22:01:49.650: I/System.out(14471): Thread-21 calls detatch()
12-14 22:01:49.689: I/FIPS_bssl(14789): FIPS (v1.1) approved mode (1) | 14789 | /system/bin/gpsd
12-14 22:01:49.689: D/SecurityManagerNative(14789): SecurityManagerNative v2.7.2.2 On 64bit PLATFORM With BORINGSSL
12-14 22:01:49.692: V/MediaPlayerService(3226): Create new media retriever from pid 5095
12-14 22:01:49.693: D/gpsd(14789): GpsHalOneInstance: open("/data/system/gps/.gpsd.lock", O_WRONLY|O_CREAT, 0660) returned -1, errno=13
12-14 22:01:49.693: E/gpsd(14789): GPS Daemon Process is already running, the second instance will not be started!
12-14 22:01:49.694: E/audit(3107): type=1400 audit(1513317709.679:8548): avc:  denied  { write } for  pid=14789 comm="gpsd" name=".gpsd.lock" dev="sda18" ino=245312 scontext=u:r:gpsd:s0 tcontext=u:object_r:system_data_file:s0 tclass=file permissive=0 SEPF_SECMOBILE_7.0_0006
12-14 22:01:49.694: E/audit(3107): type=1300 audit(1513317709.679:8548): arch=c00000b7 syscall=56 success=no exit=-13 a0=ffffff9c a1=712f02ffe0 a2=41 a3=1b0 items=0 ppid=1 pid=14789 auid=4294967295 uid=1021 gid=1000 euid=1021 suid=1021 fsuid=1021 egid=1000 sgid=1000 fsgid=1000 tty=(none) ses=4294967295 comm="gpsd" exe="/system/bin/gpsd" subj=u:r:gpsd:s0 key=(null)
12-14 22:01:49.701: D/SecurityLogAgent:SEDenialService(3579): Got Modify Event and sending Denial Intent for audit.log / /system/bin/gpsd -c /system/etc/gps.xml
12-14 22:01:49.701: E/audit(3107): type=1327 audit(1513317709.679:8548): proctitle=2F73797374656D2F62696E2F67707364002D63002F73797374656D2F6574632F6770732E786D6C
12-14 22:01:49.701: E/audit(3107): type=1320 audit(1513317709.679:8548): 
12-14 22:01:49.701: W/ContextImpl(3579): Calling a method in the system process without a qualified user: android.app.ContextImpl.sendBroadcast:906 com.android.server.SEDenialService$AuditFileObserver.onEvent:84 android.os.FileObserver$ObserverThread.onEvent:122 android.os.FileObserver$ObserverThread.observe:-2 android.os.FileObserver$ObserverThread.run:85 
12-14 22:01:49.703: E/SEC_DRM_PLUGIN_Omafl(3191): OmaPlugin::onOpenDecryptSession(fd)::Drm2IsDrmFileByExtFd::file is NOT DRM by extension
12-14 22:01:49.703: W/SEC_DRM_PLUGIN_Playready(3191): PlayreadyPlugIn: Function[DRM_ASFVerify_Context_Initialize]; Line[4469]; File type[0]
12-14 22:01:49.703: W/SEC_DRM_PLUGIN_Playready(3191): PlayReadyPlugIn: Function[onOpenDecryptSession]; Line[2576]; DRM Result[0x80004005]
12-14 22:01:49.735: I/OggExtractor(3223): ~OggExtractor ++
12-14 22:01:49.735: I/OggExtractor(3223): ~MyOggExtractor ++ 
12-14 22:01:49.736: I/OggExtractor(3223): ~MyOggExtractor --
12-14 22:01:49.736: I/OggExtractor(3223): ~OggExtractor --
12-14 22:01:49.863: W/ActivityManager(3579): Slow operation: 173ms so far, now at startProcess: getting gids from package manager
12-14 22:01:49.864: D/MountService(3579): getExternalStorageMountMode : 1
12-14 22:01:49.864: D/MountService(3579): getExternalStorageMountMode : 3
12-14 22:01:49.864: D/MountService(3579): getExternalStorageMountMode : final mountMode=1, uid : 10047, packageName : com.samsung.android.app.galaxyfinder
12-14 22:01:49.864: W/ActivityManager(3579): Slow operation: 174ms so far, now at startProcess: building args
12-14 22:01:49.865: W/ActivityManager(3579): Slow operation: 175ms so far, now at startProcess: asking zygote to start proc
12-14 22:01:49.867: W/NetworkIdentity(3579): Active mobile network without subscriber!
12-14 22:01:49.872: D/SecMenutree(14149): isSupportedExternalPackage/com.android.settings: true
12-14 22:01:49.876: D/SecMenutree(14149): SearchIndexableResource 'com.samsung.android.settings.display.IconBackgrounds' should implement the com.android.settings.search.Indexable interface!
12-14 22:01:49.881: D/io_stats(4485): !@   8,0 r 23507 2392824 w 41635 1091956 d 3742 302488 f 16493 16488 iot 31440 29592 th 530476 0 0 pt 0 inp 0 0 20724.772
12-14 22:01:49.882: D/SecContentProvider2(3579): query(), uri = 15 selection = getAppBlockDownloadState
12-14 22:01:49.908: E/Zygote(14793): v2
12-14 22:01:49.908: I/libpersona(14793): KNOX_SDCARD checking this for 10047
12-14 22:01:49.908: I/libpersona(14793): KNOX_SDCARD not a persona
12-14 22:01:49.909: W/ActivityManager(3579): Slow operation: 219ms so far, now at startProcess: returned from zygote!
12-14 22:01:49.909: E/Zygote(14793): accessInfo : 0
12-14 22:01:49.909: W/ActivityManager(3579): Slow operation: 219ms so far, now at startProcess: done updating battery stats
12-14 22:01:49.909: W/ActivityManager(3579): Slow operation: 219ms so far, now at startProcess: building log message
12-14 22:01:49.909: I/ActivityManager(3579): Start proc 14793:com.samsung.android.app.galaxyfinder/u0a47 for broadcast com.samsung.android.app.galaxyfinder/.ApplicationStatusReceiver
12-14 22:01:49.909: W/ActivityManager(3579): Slow operation: 220ms so far, now at startProcess: starting to update pids map
12-14 22:01:49.909: W/ActivityManager(3579): Slow operation: 220ms so far, now at startProcess: done updating pids map
12-14 22:01:49.909: W/ActivityManager(3579): Slow operation: 220ms so far, now at startProcess: done starting proc!
12-14 22:01:49.910: I/ActivityManager(3579): DSS on for com.samsung.android.calendar and scale is 1.0
12-14 22:01:49.914: W/SELinux(14793): SELinux selinux_android_compute_policy_index : Policy Index[1],  Con:u:r:zygote:s0 SPD:SEPF_SECMOBILE_7.0_0006 RAM:SEPF_SECMOBILE_7.0_0004, [-1 -1 0 1 0 1]
12-14 22:01:49.915: I/SELinux(14793): SELinux: seapp_context_lookup: seinfo=platform, level=s0:c512,c768, pkgname=com.samsung.android.app.galaxyfinder 
12-14 22:01:49.944: D/ActivityThread(14793): Added TimaKeyStore provider
12-14 22:01:49.948: V/MediaPlayerService(3226): Create new media retriever from pid 5095
12-14 22:01:49.954: E/SEC_DRM_PLUGIN_Omafl(3191): OmaPlugin::onOpenDecryptSession(fd)::Drm2IsDrmFileByExtFd::file is NOT DRM by extension
12-14 22:01:49.954: W/SEC_DRM_PLUGIN_Playready(3191): PlayreadyPlugIn: Function[DRM_ASFVerify_Context_Initialize]; Line[4469]; File type[0]
12-14 22:01:49.954: W/SEC_DRM_PLUGIN_Playready(3191): PlayReadyPlugIn: Function[onOpenDecryptSession]; Line[2576]; DRM Result[0x80004005]
12-14 22:01:49.955: D/SecMenutree(14149): Show network speed(network_speed) is disabled so not indexed in Status bar
12-14 22:01:49.955: D/SecMenutree(14149): SearchIndexableResource 'com.android.settings.DreamSettings' should implement the com.android.settings.search.Indexable interface!
12-14 22:01:49.985: I/OggExtractor(3223): ~OggExtractor ++
12-14 22:01:49.985: I/OggExtractor(3223): ~MyOggExtractor ++ 
12-14 22:01:49.985: I/OggExtractor(3223): ~MyOggExtractor --
12-14 22:01:49.985: I/OggExtractor(3223): ~OggExtractor --
12-14 22:01:50.065: I/CMHServiceInterface(5095): unbinding from CMH
12-14 22:01:50.072: D/SecMenutree(14149): isSupportedExternalPackage/com.android.settings: true
12-14 22:01:50.078: I/DownloadManager(5095): Download 41 finished with status SUCCESS
12-14 22:01:50.080: I/ContentSyncInterface(5095): unbinding from SCloud
12-14 22:01:50.081: D/SecMenutree(14149): There is no xmlResId: null
12-14 22:01:50.084: I/ActivityManager(3579): DSS on for com.samsung.android.app.galaxyfinder and scale is 1.0
12-14 22:01:50.087: V/MediaPlayerService(3226): Create new media retriever from pid 5095
12-14 22:01:50.097: E/SEC_DRM_PLUGIN_Omafl(3191): OmaPlugin::onOpenDecryptSession(fd)::Drm2IsDrmFileByExtFd::file is NOT DRM by extension
12-14 22:01:50.097: W/SEC_DRM_PLUGIN_Playready(3191): PlayreadyPlugIn: Function[DRM_ASFVerify_Context_Initialize]; Line[4469]; File type[0]
12-14 22:01:50.098: W/SEC_DRM_PLUGIN_Playready(3191): PlayReadyPlugIn: Function[onOpenDecryptSession]; Line[2576]; DRM Result[0x80004005]
12-14 22:01:50.124: D/NetworkSecurityConfig(5095): No Network Security Config specified, using platform default
12-14 22:01:50.155: I/OggExtractor(3223): ~OggExtractor ++
12-14 22:01:50.155: I/OggExtractor(3223): ~MyOggExtractor ++ 
12-14 22:01:50.155: I/OggExtractor(3223): ~MyOggExtractor --
12-14 22:01:50.155: I/OggExtractor(3223): ~OggExtractor --
12-14 22:01:50.161: I/qtaguid(14471): Untagging socket -1 failed errno=-9
12-14 22:01:50.162: W/NetworkManagementSocketTagger(14471): untagSocket(-1) failed with errno -9
12-14 22:01:50.162: I/System.out(14471): Thread-7 calls detatch()
12-14 22:01:50.262: V/MediaPlayerService(3226): Create new media retriever from pid 5095
12-14 22:01:50.262: D/SecMenutree(14149): isSupportedExternalPackage/com.samsung.android.themestore: false
12-14 22:01:50.270: E/SEC_DRM_PLUGIN_Omafl(3191): OmaPlugin::onOpenDecryptSession(fd)::Drm2IsDrmFileByExtFd::file is NOT DRM by extension
12-14 22:01:50.271: W/SEC_DRM_PLUGIN_Playready(3191): PlayreadyPlugIn: Function[DRM_ASFVerify_Context_Initialize]; Line[4469]; File type[0]
12-14 22:01:50.271: W/SEC_DRM_PLUGIN_Playready(3191): PlayReadyPlugIn: Function[onOpenDecryptSession]; Line[2576]; DRM Result[0x80004005]
12-14 22:01:50.271: W/System(14775): ClassLoader referenced unknown path: /system/app/SamsungCalendar_Stable/lib/arm64
12-14 22:01:50.283: I/System.out(5095): (HTTPLog)-Static: isSBSettingEnabled false
12-14 22:01:50.284: I/System.out(5095): (HTTPLog)-Static: isSBSettingEnabled false
12-14 22:01:50.286: D/EnterpriseController(3228): netId is 0
12-14 22:01:50.286: D/Netd(3228): getNetworkForDns: using netid 502 for uid 10039
12-14 22:01:50.286: D/DnsProxyListener(3228): DNSDBG::dns addrinfo af 0
12-14 22:01:50.348: I/Icing(11342): App usage reports: 2
12-14 22:01:50.349: I/Icing(11342): Usage reports ok 2, Failed Usage reports 0, indexed 0, rejected 0, imm upload true
12-14 22:01:50.358: I/OggExtractor(3223): ~OggExtractor ++
12-14 22:01:50.358: I/OggExtractor(3223): ~MyOggExtractor ++ 
12-14 22:01:50.358: I/OggExtractor(3223): ~MyOggExtractor --
12-14 22:01:50.358: I/OggExtractor(3223): ~OggExtractor --
12-14 22:01:50.375: I/ReschedulableTimer(13982): [#CMH#] ReschedulableTimer started 
12-14 22:01:50.411: E/ContactsProvider_EventLog(4524): Flush buffer to file cnt : 1 size : 0Kb duration : 3ms lastUpdatedAfter : 4359 ms mFlush_time_threasold : 2000 mCurrentSize : 482
12-14 22:01:50.444: V/MediaPlayerService(3226): Create new media retriever from pid 5095
12-14 22:01:50.451: I/CMHService(13982): [#CMH#] onDestroy() 
12-14 22:01:50.454: D/SecurityLogAgent:SEDenialService(3579): audit.ondenial set to 0 after sending samsung.intent.action.knox.DENIAL_NOTIFICATION intent
12-14 22:01:50.465: D/SamsungAlarmManager(3579): Cancel Alarm calling from uid:10025 pid :11313 / op:PendingIntent{4734ec5: PendingIntentRecord{876c01a com.google.android.gms broadcastIntent}}
12-14 22:01:50.472: I/MultiDex(14775): VM with version 2.1.0 has multidex support
12-14 22:01:50.472: I/MultiDex(14775): install
12-14 22:01:50.473: I/MultiDex(14775): VM has multidex support, MultiDex support library is disabled.
12-14 22:01:50.474: D/ContextRelationMgrBrdg(14775): loadKlass() : caller=com.samsung.android.bridge.multiscreen.common.ContextRelationManagerBridge.<clinit>:28 android.app.LoadedApk.makeApplication:840 
12-14 22:01:50.481: E/SEC_DRM_PLUGIN_Omafl(3191): OmaPlugin::onOpenDecryptSession(fd)::Drm2IsDrmFileByExtFd::file is NOT DRM by extension
12-14 22:01:50.481: W/SEC_DRM_PLUGIN_Playready(3191): PlayreadyPlugIn: Function[DRM_ASFVerify_Context_Initialize]; Line[4469]; File type[0]
12-14 22:01:50.481: W/SEC_DRM_PLUGIN_Playready(3191): PlayReadyPlugIn: Function[onOpenDecryptSession]; Line[2576]; DRM Result[0x80004005]
12-14 22:01:50.482: W/System(14793): ClassLoader referenced unknown path: /system/priv-app/SFinder_v6/lib/arm64
12-14 22:01:50.482: W/DownloadManager(5095): fallocate() said ENOTSUP; falling back to ftruncate()
12-14 22:01:50.493: D/Settings_Utils(14149): readCountryCode(): country=
12-14 22:01:50.502: D/Settings_Utils(14149): readCountryCode(): country=
12-14 22:01:50.503: D/SecContentProvider2(3579): query(), uri = 15 selection = getAppBlockDownloadState
12-14 22:01:50.515: D/SamsungAnalytics(14775): cf feature is supported
12-14 22:01:50.521: D/SamsungAnalytics(14775): [Tracker] Tracker start:1.8.15
12-14 22:01:50.524: D/ContextRelationMgrBrdg(14793): loadKlass() : caller=com.samsung.android.bridge.multiscreen.common.ContextRelationManagerBridge.<clinit>:28 android.app.LoadedApk.makeApplication:840 
12-14 22:01:50.525: D/MotionRecognitionManager(14149): mSContextService = com.samsung.android.hardware.context.ISemContextService$Stub$Proxy@9c543d5
12-14 22:01:50.536: D/MotionRecognitionManager(14149): motionService = com.samsung.android.gesture.IMotionRecognitionService$Stub$Proxy@f66f7ea
12-14 22:01:50.536: D/MotionRecognitionManager(14149): motionService = com.samsung.android.gesture.IMotionRecognitionService$Stub$Proxy@f66f7ea
12-14 22:01:50.537: I/Icing(11342): Usage reports ok 0, Failed Usage reports 0, indexed 0, rejected 0, imm upload true
12-14 22:01:50.545: W/BlobLobber(4912): Not processing download id 38, not a BlobLobber blob
12-14 22:01:50.546: W/BlobLobber(4912): Notification for download id 38 which we didn't know or failed
12-14 22:01:50.560: D/SamsungAlarmManager(3579): Cancel Alarm calling from uid:10085 pid :4912 / op:PendingIntent{ca9917d: PendingIntentRecord{5ac407 com.google.android.googlequicksearchbox startService}}
12-14 22:01:50.576: D/SamsungAlarmManager(3579): setInexact Intent (T:0/F:0/AC:false) 20171214T220648 - CU:10085/CP:4912
12-14 22:01:50.577: D/MountService(3579): getExternalStorageMountMode : 3
12-14 22:01:50.577: D/MountService(3579): getExternalStorageMountMode : 3
12-14 22:01:50.577: D/MountService(3579): getExternalStorageMountMode : final mountMode=3, uid : 5011, packageName : com.samsung.android.app.simplesharing
12-14 22:01:50.596: I/art(3579): Starting a blocking GC Explicit
12-14 22:01:50.618: E/Zygote(14817): v2
12-14 22:01:50.619: I/libpersona(14817): KNOX_SDCARD checking this for 5011
12-14 22:01:50.619: I/libpersona(14817): KNOX_SDCARD not a persona
12-14 22:01:50.619: D/DownloadManager(5095): [44] Starting com.google.android.googlequicksearchbox
12-14 22:01:50.620: E/Zygote(14817): accessInfo : 0
12-14 22:01:50.629: W/SELinux(14817): SELinux selinux_android_compute_policy_index : Policy Index[1],  Con:u:r:zygote:s0 SPD:SEPF_SECMOBILE_7.0_0006 RAM:SEPF_SECMOBILE_7.0_0004, [-1 -1 0 1 0 1]
12-14 22:01:50.630: I/SELinux(14817): SELinux: seapp_context_lookup: seinfo=platform, level=s0:c512,c768, pkgname=com.samsung.android.app.simplesharing 
12-14 22:01:50.649: W/ActivityManager(3579): Slow operation: 75ms so far, now at startProcess: returned from zygote!
12-14 22:01:50.649: W/ActivityManager(3579): Slow operation: 75ms so far, now at startProcess: done updating battery stats
12-14 22:01:50.649: W/ActivityManager(3579): Slow operation: 76ms so far, now at startProcess: building log message
12-14 22:01:50.649: I/ActivityManager(3579): Start proc 14817:com.samsung.android.app.simplesharing/5011 for broadcast com.samsung.android.app.simplesharing/.receiver.LocaleReceiver
12-14 22:01:50.650: W/ActivityManager(3579): Slow operation: 76ms so far, now at startProcess: starting to update pids map
12-14 22:01:50.650: W/ActivityManager(3579): Slow operation: 76ms so far, now at startProcess: done updating pids map
12-14 22:01:50.650: W/ActivityManager(3579): Slow operation: 76ms so far, now at startProcess: done starting proc!
12-14 22:01:50.650: D/DownloadManager(5095): [43] Finished with status SUCCESS
12-14 22:01:50.652: V/DownloadManager(5095): MIME Type = application/java-archive
12-14 22:01:50.655: W/NetworkIdentity(3579): Active mobile network without subscriber!
12-14 22:01:50.655: D/SamsungAlarmManager(3579): Cancel Alarm calling from uid:10085 pid :4912 / op:PendingIntent{19a69be: PendingIntentRecord{5ac407 com.google.android.googlequicksearchbox startService}}
12-14 22:01:50.690: D/ActivityThread(14817): Added TimaKeyStore provider
12-14 22:01:50.694: I/ActivityManager(3579): DSS on for com.samsung.android.app.simplesharing and scale is 1.0
12-14 22:01:50.700: D/AODContentProvider(4880): calendarDBItemList : [-- Type[month01], Date[2017-04-13], getRemoteImage capacity[36883], isPreview[false]lockedTimeZone[null]cityName[null]]
12-14 22:01:50.701: D/AODContentProvider(4880): update from calendar : month01, remoteImage.capacity : 42915
12-14 22:01:50.702: D/SamsungAlarmManager(3579): setInexact Intent (T:0/F:0/AC:false) 20171214T220650 - CU:10085/CP:4912
12-14 22:01:50.719: D/NetworkSecurityConfig(5095): No Network Security Config specified, using platform default
12-14 22:01:50.774: I/OggExtractor(3223): ~OggExtractor ++
12-14 22:01:50.774: I/OggExtractor(3223): ~MyOggExtractor ++ 
12-14 22:01:50.774: I/OggExtractor(3223): ~MyOggExtractor --
12-14 22:01:50.774: I/OggExtractor(3223): ~OggExtractor --
12-14 22:01:50.828: I/art(3579): Explicit concurrent mark sweep GC freed 41249(7MB) AllocSpace objects, 0(0B) LOS objects, 26% free, 43MB/59MB, paused 3.451ms total 231.751ms
12-14 22:01:50.846: I/System.out(5095): (HTTPLog)-Static: isSBSettingEnabled false
12-14 22:01:50.846: I/System.out(5095): (HTTPLog)-Static: isSBSettingEnabled false
12-14 22:01:50.860: I/BlobLobber(4912): Handling download id 40 (blob JiCWIQZZ86xRiG353fRlGqg)
12-14 22:01:50.862: D/MountService(3579): getExternalStorageMountMode : 3
12-14 22:01:50.862: D/MountService(3579): getExternalStorageMountMode : 3
12-14 22:01:50.862: D/MountService(3579): getExternalStorageMountMode : final mountMode=3, uid : 10062, packageName : com.android.providers.calendar
12-14 22:01:50.863: D/SamsungAlarmManager(3579): Cancel Alarm calling from uid:10085 pid :4912 / op:PendingIntent{9e7335: PendingIntentRecord{5ac407 com.google.android.googlequicksearchbox startService}}
12-14 22:01:50.883: W/System(14817): ClassLoader referenced unknown path: /system/app/ShareLink/lib/arm64
12-14 22:01:50.891: E/Zygote(14835): v2
12-14 22:01:50.891: I/libpersona(14835): KNOX_SDCARD checking this for 10062
12-14 22:01:50.891: I/libpersona(14835): KNOX_SDCARD not a persona
12-14 22:01:50.891: E/Zygote(14835): accessInfo : 0
12-14 22:01:50.893: I/ActivityManager(3579): Start proc 14835:com.android.providers.calendar/u0a62 for content provider com.android.providers.calendar/.CalendarProvider2
12-14 22:01:50.896: W/SELinux(14835): SELinux selinux_android_compute_policy_index : Policy Index[1],  Con:u:r:zygote:s0 SPD:SEPF_SECMOBILE_7.0_0006 RAM:SEPF_SECMOBILE_7.0_0004, [-1 -1 0 1 0 1]
12-14 22:01:50.897: I/SELinux(14835): SELinux: seapp_context_lookup: seinfo=release, level=s0:c512,c768, pkgname=com.android.providers.calendar 
12-14 22:01:50.906: D/ScoverManager(14149): serviceVersion : 17367040
12-14 22:01:50.911: D/SamsungAlarmManager(3579): setInexact Intent (T:0/F:0/AC:false) 20171214T220650 - CU:10085/CP:4912
12-14 22:01:50.913: D/ContextRelationMgrBrdg(14817): loadKlass() : caller=com.samsung.android.bridge.multiscreen.common.ContextRelationManagerBridge.<clinit>:28 android.app.LoadedApk.makeApplication:840 
12-14 22:01:50.921: V/MediaPlayerService(3226): Create new media retriever from pid 5095
12-14 22:01:50.925: D/SecMenutree(14149): S Pen(pen_settings_title) is disabled so not indexed in Advanced features
12-14 22:01:50.925: D/SecMenutree(14149): Active key(active_key_settings) is disabled so not indexed in Advanced features
12-14 22:01:50.925: D/SecMenutree(14149): Accessories(dock_settings) is disabled so not indexed in Advanced features
12-14 22:01:50.931: E/SEC_DRM_PLUGIN_Omafl(3191): OmaPlugin::onOpenDecryptSession(fd)::Drm2IsDrmFileByExtFd::file is NOT DRM by extension
12-14 22:01:50.932: W/SEC_DRM_PLUGIN_Playready(3191): PlayreadyPlugIn: Function[DRM_ASFVerify_Context_Initialize]; Line[4469]; File type[0]
12-14 22:01:50.932: W/SEC_DRM_PLUGIN_Playready(3191): PlayReadyPlugIn: Function[onOpenDecryptSession]; Line[2576]; DRM Result[0x80004005]
12-14 22:01:50.938: D/ActivityThread(14835): Added TimaKeyStore provider
12-14 22:01:50.946: I/ActivityManager(3579): DSS on for com.android.providers.calendar and scale is 1.0
12-14 22:01:50.961: I/GAV2(14379): Thread[GAThread,5,main]: No campaign data found.
12-14 22:01:50.962: D/AODContentProvider(4880): calendarDBItemList : [-- Type[event01], Date[2017-04-13], getRemoteImage capacity[22678], isPreview[true]lockedTimeZone[null]cityName[null]]
12-14 22:01:50.962: D/AODContentProvider(4880): update from calendar : event01, remoteImage.capacity : 22678
12-14 22:01:50.969: D/Interface SE-SDL(14817): SystemProperties
12-14 22:01:50.973: W/System(14835): ClassLoader referenced unknown path: /system/priv-app/SecCalendarProvider_NOTSTICKER/lib/arm64
12-14 22:01:50.978: I/c(14817): isSemAvalable: true
12-14 22:01:50.978: D/m(14817): Key: ro.product_ship, Output :true
12-14 22:01:50.980: D/CoreApps(14817): SEC_LOG - true
12-14 22:01:50.980: D/Interface SE-SDL(14817): Log
12-14 22:01:50.980: I/c(14817): isSemAvalable: true
12-14 22:01:50.987: D/Interface SE-SDL(14817): FloatingFeature
12-14 22:01:50.988: I/c(14817): isSemAvalable: true
12-14 22:01:50.988: D/LibSE Log(14817): SEC_LOG - true
12-14 22:01:51.005: D/ContextRelationMgrBrdg(14835): loadKlass() : caller=com.samsung.android.bridge.multiscreen.common.ContextRelationManagerBridge.<clinit>:28 android.app.LoadedApk.makeApplication:840 
12-14 22:01:51.012: D/m(14817): Key: ro.csc.country_code, Output :UK &amp; IRE
12-14 22:01:51.012: D/m(14817): Key: ro.product.name, Output :heroltexx
12-14 22:01:51.031: D/SecMenutree(14149): Games(game_home) is disabled so not indexed in Advanced features
12-14 22:01:51.037: V/DownloadManager(5095): Deleting /storage/emulated/0/Android/data/com.google.android.googlequicksearchbox/files/pending_blobs/JiCWIQZZ86xRiG353fRlGqg via provider delete
12-14 22:01:51.043: D/SecMenutree(14149): Floating messages(display_airmessage) is disabled so not indexed in Advanced features
12-14 22:01:51.044: D/SecMenutree(14149): Festival effect(key_festival_effect) is disabled so not indexed in Advanced features
12-14 22:01:51.044: D/SecMenutree(14149): App lock(key_applock) is disabled so not indexed in Advanced features
12-14 22:01:51.046: D/SecMenutree(14149): Identify unsaved numbers(identify_unsaved_numbers) is disabled so not indexed in Advanced features
12-14 22:01:51.047: D/SecMenutree(14149): Call/message spam filter(call_message_spam_filter) is disabled so not indexed in Advanced features
12-14 22:01:51.050: D/SecMenutree(14149): Quick grab hongbao(accelerate_hongbao_receiving) is disabled so not indexed in Advanced features
12-14 22:01:51.053: D/SecMenutree(14149): Hongbao assistant(hongbao_assistant) is disabled so not indexed in Advanced features
12-14 22:01:51.082: I/OggExtractor(3223): ~OggExtractor ++
12-14 22:01:51.082: I/OggExtractor(3223): ~MyOggExtractor ++ 
12-14 22:01:51.083: I/OggExtractor(3223): ~MyOggExtractor --
12-14 22:01:51.083: I/OggExtractor(3223): ~OggExtractor --
12-14 22:01:51.094: D/SecMenutree(14149): Record screen(screen_recorder) is disabled so not indexed in Advanced features
12-14 22:01:51.101: D/SecMenutree(14149): Galaxy Labs(galaxy_labs) is disabled so not indexed in Advanced features
12-14 22:01:51.101: D/SecMenutree(14149): Panic mode(key_panic_mode) is disabled so not indexed in Advanced features
12-14 22:01:51.112: D/SecMenutree(14149): Increase touch sensitivity(increse_touch_sensetivity) is disabled so not indexed in Advanced features
12-14 22:01:51.113: D/SecMenutree(14149): SearchIndexableResource 'com.samsung.android.settings.SmartStaySettings' should implement the com.android.settings.search.Indexable interface!
12-14 22:01:51.166: W/DownloadManager(5095): fallocate() said ENOTSUP; falling back to ftruncate()
12-14 22:01:51.172: I/LanguagePackUpdateContr(4912): Not processing download: 41, not a language pack
12-14 22:01:51.176: V/MediaPlayerService(3226): Create new media retriever from pid 5095
12-14 22:01:51.239: D/MountService(3579): getExternalStorageMountMode : 3
12-14 22:01:51.239: D/MountService(3579): getExternalStorageMountMode : 3
12-14 22:01:51.239: D/MountService(3579): getExternalStorageMountMode : final mountMode=3, uid : 10022, packageName : com.samsung.android.app.watchmanager
12-14 22:01:51.260: E/SEC_DRM_PLUGIN_Omafl(3191): OmaPlugin::onOpenDecryptSession(fd)::Drm2IsDrmFileByExtFd::file is NOT DRM by extension
12-14 22:01:51.260: W/SEC_DRM_PLUGIN_Playready(3191): PlayreadyPlugIn: Function[DRM_ASFVerify_Context_Initialize]; Line[4469]; File type[0]
12-14 22:01:51.260: W/SEC_DRM_PLUGIN_Playready(3191): PlayReadyPlugIn: Function[onOpenDecryptSession]; Line[2576]; DRM Result[0x80004005]
12-14 22:01:51.261: D/DownloadManager(5095): [44] Finished with status SUCCESS
12-14 22:01:51.261: V/DownloadManager(5095): MIME Type = application/java-archive
12-14 22:01:51.263: E/MOK(14835): INIT !!!
12-14 22:01:51.266: E/Zygote(14870): v2
12-14 22:01:51.266: I/libpersona(14870): KNOX_SDCARD checking this for 10022
12-14 22:01:51.266: I/libpersona(14870): KNOX_SDCARD not a persona
12-14 22:01:51.267: E/Zygote(14870): accessInfo : 0
12-14 22:01:51.269: I/ActivityManager(3579): Start proc 14870:com.samsung.android.app.watchmanager/u0a22 for broadcast com.samsung.android.app.watchmanager/com.samsung.android.app.twatchmanager.receiver.LocaleChangedReceiver
12-14 22:01:51.272: W/SELinux(14870): SELinux selinux_android_compute_policy_index : Policy Index[1],  Con:u:r:zygote:s0 SPD:SEPF_SECMOBILE_7.0_0006 RAM:SEPF_SECMOBILE_7.0_0004, [-1 -1 0 1 0 1]
12-14 22:01:51.273: I/SELinux(14870): SELinux: seapp_context_lookup: seinfo=platform, level=s0:c512,c768, pkgname=com.samsung.android.app.watchmanager 
12-14 22:01:51.274: V/DownloadManager(5095): Deleting /data/data/com.android.providers.downloads/cache/hotword.htm via provider delete
12-14 22:01:51.283: D/SecurityLogAgent(16843):  SeDenialReceiver : Intent received : samsung.intent.action.knox.DENIAL_NOTIFICATION
12-14 22:01:51.283: W/linker(4912): /data/app/com.google.android.gms-1/lib/arm64/libconscrypt_gmscore_jni.so: unused DT entry: type 0xf arg 0x8a
12-14 22:01:51.284: V/NativeCrypto(4912): Registering com/google/android/gms/org/conscrypt/NativeCrypto's 276 native methods...
12-14 22:01:51.296: D/SecMenutree(14149): Cannot find field 'SEARCH_INDEX_DATA_PROVIDER'
12-14 22:01:51.296: I/LanguagePackUpdateContr(4912): Not processing download: 42, not a language pack
12-14 22:01:51.308: D/ActivityThread(14870): Added TimaKeyStore provider
12-14 22:01:51.318: D/SecMenutree(14149): Cannot find field 'SEARCH_INDEX_DATA_PROVIDER'
