12-14 22:01:45.471: W/Finsky(14238): [1] com.google.android.finsky.FinskyApp.b(1246): No account configured on this device.
12-14 22:01:45.472: I/TMSDISP(14201): AcsAndroidVirtualDisplayIntfImpl::~AcsAndroidVirtualDisplayIntfImpl - Enter
12-14 22:01:45.472: I/TMSDISP(14201): AcsAndroidVirtualDisplayIntfImpl::~AcsAndroidVirtualDisplayIntfImpl - Enter2
12-14 22:01:45.472: I/TMSDISP(14201): AcsAndroidVirtualDisplayIntfImpl::~AcsAndroidVirtualDisplayIntfImpl - mSource2
12-14 22:01:45.472: I/TMSDISP(14201): AcsAndroidVirtualDisplayIntfImpl::~AcsAndroidVirtualDisplayIntfImpl - Exit
12-14 22:01:45.479: W/Finsky(14238): [1] com.google.android.finsky.FinskyApp.k(1599): No account configured on this device.
12-14 22:01:45.480: W/Finsky(14238): [1] com.google.android.finsky.FinskyApp.k(1599): No account configured on this device.
12-14 22:01:45.481: D/EasySignUpManager(14202): serviceId : 2, features : 1
12-14 22:01:45.481: D/CS/Config(14202): loadFreeMessageFeatures needToNotify = false changePolicy = false
12-14 22:01:45.481: D/CS/Config(14202): loadFreeMessageFeatures sIsAuthEasySignUp = false
12-14 22:01:45.481: D/CS/Config(14202): loadFreeMessageFeatures sIsSupportFreeMessage = false
12-14 22:01:45.481: D/CS/Config(14202): loadFreeMessageFeatures sIsFreeMessageServiceStatus = false
12-14 22:01:45.481: W/Finsky(14238): [1] com.google.android.finsky.FinskyApp.k(1599): No account configured on this device.
12-14 22:01:45.481: D/CS/Config(14202): loadFreeMessageFeatures sEnableFreeMessage = false
12-14 22:01:45.481: D/CS/Config(14202): loadFreeMessageFeatures sIsSupportSticker = false
12-14 22:01:45.481: D/CS/Config(14202): loadFreeMessageFeatures sEnableEasyShare = false
12-14 22:01:45.482: D/ContextRelationMgrBrdg(14310): loadKlass() : caller=com.samsung.android.bridge.multiscreen.common.ContextRelationManagerBridge.<clinit>:28 android.app.LoadedApk.makeApplication:840 
12-14 22:01:45.482: W/Finsky(14238): [1] com.google.android.finsky.FinskyApp.k(1599): No account configured on this device.
12-14 22:01:45.482: D/CS/MessageUtils(14202): setEsuComponent : com.samsung.android.communicationservice.bearer.em.EnhancedMessageBearerEsuReceiver
12-14 22:01:45.483: D/PackageManager(3579): setEnabledSetting : userId = 0 packageName = com.samsung.android.communicationservice cmp = com.samsung.android.communicationservice.bearer.em.EnhancedMessageBearerEsuReceiver newState = 1 callingPackage = 5002
12-14 22:01:45.483: W/Finsky(14238): [1] com.google.android.finsky.FinskyApp.k(1599): No account configured on this device.
12-14 22:01:45.484: I/Finsky(14238): [1] com.google.android.finsky.receivers.ClearCacheReceiver.onReceive(25): Received android.intent.action.LOCALE_CHANGED. Clearing cache and exiting.
12-14 22:01:45.485: D/Volley(14238): [1538] g.b: Cache cleared.
12-14 22:01:45.485: D/Volley(14238): [1529] g.b: Cache cleared.
12-14 22:01:45.489: D/CS/DbVersion(14202): TP version = 154
12-14 22:01:45.489: D/CS/DbVersion(14202): MmsSmsDbVersion = 154
12-14 22:01:45.493: W/Finsky(14238): [1] com.google.android.finsky.FinskyApp.k(1599): No account configured on this device.
12-14 22:01:45.493: D/CS/TelephonyPermission(14202): start operation mode monitor
12-14 22:01:45.494: W/Finsky(14238): [1] com.google.android.finsky.FinskyApp.k(1599): No account configured on this device.
12-14 22:01:45.495: D/CS/TelephonyPermission(14202): Already have a write permission
12-14 22:01:45.496: I/SA(14310): [SSP] onCreated
12-14 22:01:45.499: I/CS/MessageBearerHandlerThread(14202): Constructor : bearerType = 2
12-14 22:01:45.500: I/art(14238): System.exit called, status: 0
12-14 22:01:45.500: I/AndroidRuntime(14238): VM exiting with result code 0, cleanup skipped.
12-14 22:01:45.502: D/MountService(3579): getExternalStorageMountMode : 1
12-14 22:01:45.502: D/MountService(3579): getExternalStorageMountMode : 3
12-14 22:01:45.502: D/MountService(3579): getExternalStorageMountMode : final mountMode=1, uid : 10156, packageName : com.google.android.apps.photos
12-14 22:01:45.505: D/CS/SMSBearer(14202): Constructor
12-14 22:01:45.505: I/CS/MessageBearerHandlerThread(14202): Constructor : bearerType = 0
12-14 22:01:45.505: D/TelephonyProvider(4070): query: match = 7
12-14 22:01:45.506: V/MediaScanner(5095): processDirectory :  /system/media
12-14 22:01:45.509: W/MediaScanner(5095): Missing volume for /system/media; assuming invalid
12-14 22:01:45.519: V/MediaPlayerService(3226): Create new media retriever from pid 5095
12-14 22:01:45.522: D/CS/MmsBearer(14202): Constructor
12-14 22:01:45.526: I/CS/MessageBearerHandlerThread(14202): Constructor : bearerType = 1
12-14 22:01:45.530: E/Zygote(14343): v2
12-14 22:01:45.531: I/libpersona(14343): KNOX_SDCARD checking this for 10156
12-14 22:01:45.531: I/ActivityManager(3579): Start proc 14343:com.google.android.apps.photos/u0a156 for broadcast com.google.android.apps.photos/com.google.android.libraries.social.notifications.impl.LocaleChangeReceiver
12-14 22:01:45.531: I/libpersona(14343): KNOX_SDCARD not a persona
12-14 22:01:45.532: E/Zygote(14343): accessInfo : 0
12-14 22:01:45.535: I/DatabaseRebuilderTask(13982): [#CMH#] No of Uris that are present in media :  0
12-14 22:01:45.535: I/DatabaseRebuilderTask(13982): [#CMH#] No of Uris that are present in CMH :  0
12-14 22:01:45.535: W/SELinux(14343): SELinux selinux_android_compute_policy_index : Policy Index[1],  Con:u:r:zygote:s0 SPD:SEPF_SECMOBILE_7.0_0006 RAM:SEPF_SECMOBILE_7.0_0004, [-1 -1 0 1 0 1]
12-14 22:01:45.535: I/DatabaseRebuilderTask(13982): [#CMH#] No of Uris that are present in both Media and CMH:  0
12-14 22:01:45.536: I/DatabaseRebuilderTask(13982): [#CMH#] Insert =  0 Delete =  0
12-14 22:01:45.536: I/DatabaseRebuilderTask(13982): [#CMH#] syncCMHDB ended  0
12-14 22:01:45.536: I/SELinux(14343): SELinux: seapp_context_lookup: seinfo=untrusted, level=s0:c512,c768, pkgname=com.google.android.apps.photos 
12-14 22:01:45.539: I/SA(14310): [SCU] isHaveSA() - false
12-14 22:01:45.539: I/SA(14310): [OCP] Samsung account is not Signed-in
12-14 22:01:45.540: D/SamsungAnalytics(14310): cf feature is supported
12-14 22:01:45.542: I/Controller(13982): [#CMH#] com.android.providers.media Insert
12-14 22:01:45.543: I/ServiceManager(13982): [#CMH#]   FaceService already stopped:
12-14 22:01:45.543: I/ServiceManager(13982): [#CMH#]   IPService already stopped:
12-14 22:01:45.543: I/SA(14310): [OCP] Delete DB (TNC data)
12-14 22:01:45.543: I/ServiceManager(13982): [#CMH#]   StoryService already stopped:
12-14 22:01:45.545: I/Controller(13982): [#CMH#] startSmartClustering starting clustering 
12-14 22:01:45.546: I/ClusteringTask(13982): [#CMH#] before mutex 
12-14 22:01:45.546: I/ClusteringTask(13982): [#CMH#] after mutex 
12-14 22:01:45.546: I/MomentClusteringAlgo(13982): [#CMH#] performClustering images deleted false
12-14 22:01:45.546: I/ClusteringDBUtils(13982): [#CMH#] updateClusterTable In nothing to update 
12-14 22:01:45.551: I/Controller(13982): [#CMH#] startDaywiseClustering starting day clustering 
12-14 22:01:45.551: I/DayAndMonthTask(13982): [#CMH#] before mutex 
12-14 22:01:45.551: I/DayAndMonthTask(13982): [#CMH#] after mutex 
12-14 22:01:45.552: D/CS/DownloadManager(14202): roaming -> false (slotId = 0)
12-14 22:01:45.552: D/CS/DownloadManager(14202): [NotificationTransaction] getAutoDownloadState simSlot : 0
12-14 22:01:45.552: D/CS/DownloadManager(14202): auto download without roaming -> true
12-14 22:01:45.552: D/CS/DownloadManager(14202): [NotificationTransaction] getAutoDownloadState alwaysAuto : false, roaming : false
12-14 22:01:45.554: I/BaseThreadPoolExecutor(13982): [#CMH#] afterExecute FutureTask
12-14 22:01:45.555: D/CS/DownloadManager(14202): roaming -> false (slotId = 1)
12-14 22:01:45.555: D/CS/DownloadManager(14202): [NotificationTransaction] getAutoDownloadState simSlot : 1
12-14 22:01:45.555: D/CS/DownloadManager(14202): auto download without roaming slot2 -> true
12-14 22:01:45.555: D/CS/DownloadManager(14202): [NotificationTransaction] getAutoDownloadState alwaysAutoSlot2 : false, roaming : false
12-14 22:01:45.555: D/CS/DownloadManager(14202): auto download during roaming secondary -> false
12-14 22:01:45.555: D/CS/DownloadManager(14202): mAutoDownload ------> true
12-14 22:01:45.555: D/CS/CommunicationServiceApp(14202): getImsManager create a ImsManager
12-14 22:01:45.555: D/SamsungAnalytics(14310): [Tracker] Tracker start:1.8.10
12-14 22:01:45.556: D/ImsManager(14202): Register Receiver for Restart
12-14 22:01:45.559: I/ActivityManager(3579): Process com.android.vending (pid 14238) has died(111,2025)
12-14 22:01:45.560: D/ActivityManager(3579): cleanUpApplicationRecord -- 14238
12-14 22:01:45.561: I/[SC]CommonUtil(14218): Samsung Account Not Logged in
12-14 22:01:45.562: W/ActivityManager(3579): Scheduling restart of crashed service com.android.vending/com.google.android.finsky.wear.WearSupportService in 1000ms
12-14 22:01:45.562: D/CS/CommunicationServiceApp(14202): getImsManager onConnected()
12-14 22:01:45.563: D/CS/CommunicationServiceApp(14202): init() end
12-14 22:01:45.563: D/CS/TelephonyPermission(14202): User ID is null set current User Id
12-14 22:01:45.564: I/SA(14310): LBE isSupportBixbyModel() FALSE
12-14 22:01:45.566: D/CS/ITransactionManagerService(14202): onCreate called
12-14 22:01:45.566: D/CS/ITransactionManagerService(14202): onBind called
12-14 22:01:45.570: D/ActivityThread(14343): Added TimaKeyStore provider
12-14 22:01:45.572: D/capture(4864): captureMainHomeScreen
12-14 22:01:45.572: D/capture(4864): canCapture isWorkspaceLocked() = false isVisible : true
12-14 22:01:45.572: D/capture(4864): canCapture mWorkspace.getState()() = NORMAL isTouchActive : false isPageMoving : false
12-14 22:01:45.572: D/capture(4864): canCapture getCurrentPage()() = 1 getHomeScreenIndex() : 1
12-14 22:01:45.572: D/capture(4864): captureMainHomeScreen land : false
12-14 22:01:45.572: D/capture(4864): getCaptureBitmap getWidth : 1080 getHeight : 1920
12-14 22:01:45.574: E/SEC_DRM_PLUGIN_Omafl(3191): OmaPlugin::onOpenDecryptSession(fd)::Drm2IsDrmFileByExtFd::file is NOT DRM by extension
12-14 22:01:45.574: W/SEC_DRM_PLUGIN_Playready(3191): PlayreadyPlugIn: Function[DRM_ASFVerify_Context_Initialize]; Line[4469]; File type[0]
12-14 22:01:45.574: I/FIPS_bssl(14362): FIPS (v1.1) approved mode (1) | 14362 | setprop
12-14 22:01:45.575: W/SEC_DRM_PLUGIN_Playready(3191): PlayReadyPlugIn: Function[onOpenDecryptSession]; Line[2576]; DRM Result[0x80004005]
12-14 22:01:45.575: D/capture(4864): captureMainHomeScreen scale : 
12-14 22:01:45.575: D/capture(4864): canCapture isWorkspaceLocked() = false isVisible : true
12-14 22:01:45.575: D/capture(4864): canCapture mWorkspace.getState()() = NORMAL isTouchActive : false isPageMoving : false
12-14 22:01:45.575: D/capture(4864): canCapture getCurrentPage()() = 1 getHomeScreenIndex() : 1
12-14 22:01:45.575: D/capture(4864): saveMainHomeScreen start canCapture : true
12-14 22:01:45.579: D/TelephonyProvider(4070): query: match = 7
12-14 22:01:45.583: I/ActivityManager(3579): DSS on for com.google.android.apps.photos and scale is 1.0
12-14 22:01:45.585: D/Mms/MmsApp(14027): CommunicationService Connected
12-14 22:01:45.585: D/Mms/MmsApp(14027): updateAvailableServices()
12-14 22:01:45.585: D/Mms/MmsApp(14027): Triggering getAvailableBearers
12-14 22:01:45.589: D/Mms/MmsApp(14027): bearers available
12-14 22:01:45.590: D/Mms/MmsApp(14027): Triggering getEnabledBearerServices
12-14 22:01:45.590: D/Mms/MmsApp(14027): services available
12-14 22:01:45.590: D/Mms/MmsConfig(14027): setFreeMessageServiceStatus - setEMServiceStatus, status=false
12-14 22:01:45.591: D/Mms/MessageUtils(14027): setComponentFreeMessage isChecked = false
12-14 22:01:45.592: D/PackageManager(3579): setEnabledSetting : userId = 0 packageName = com.samsung.android.messaging cmp = com.android.mms.ui.TransferContent newState = 2 callingPackage = 10046
12-14 22:01:45.592: D/ForegroundUtils(4733): could not check pending caller
12-14 22:01:45.594: D/PackageManager(3579): setEnabledSetting : userId = 0 packageName = com.samsung.android.messaging cmp = com.android.mms.ui.ComposeMessageMms newState = 1 callingPackage = 10046
12-14 22:01:45.599: D/Mms/MmsApp(14027): updateAvailableServices() enableEm=false enableEmSimpleShare=false enableEmSticker=false
12-14 22:01:45.599: D/Mms/MmsApp(14027): updateAvailableServices() isSupportedFeature() : -1, isAuthEasySignUp() : false, isFreeMessageServiceStatus() : false
12-14 22:01:45.600: W/System(14343): ClassLoader referenced unknown path: /system/app/Photos/lib/arm64
12-14 22:01:45.608: I/SA(14310): [TPM] There is no property file
12-14 22:01:45.609: I/SA(14310): [SCU] isHaveSA() - false
12-14 22:01:45.611: D/ContextRelationMgrBrdg(14343): loadKlass() : caller=com.samsung.android.bridge.multiscreen.common.ContextRelationManagerBridge.<clinit>:28 android.app.LoadedApk.makeApplication:840 
12-14 22:01:45.613: I/SA(14310): [TPM] getModelProperty : null
12-14 22:01:45.613: I/SA(14310): [TPM] getCSCProperty : null
12-14 22:01:45.616: D/CS/TelephonyPermission(14202): DefaultSmsApp is com.samsung.android.messaging
12-14 22:01:45.617: D/CS/TelephonyPermission(14202): isDefault true
12-14 22:01:45.620: I/SA(14310): [SCU] isHaveSA() - false
12-14 22:01:45.622: I/SA(14310): [SCU] == networkStateCheck == true
12-14 22:01:45.624: D/SecMenutree(14149): Data saver(restrict_background) is disabled so not indexed in Data usage
12-14 22:01:45.628: I/SA(14310): [DirServerUtil] isRetryAvailable = true
12-14 22:01:45.632: I/SA(14310): [SS] same time
12-14 22:01:45.636: D/TP/SmsProvider(4070): query,matched:26, calling pid = 14202
12-14 22:01:45.637: D/TP/SmsProvider(4070): query, match 26:Elapsed time : 1.483 ms
12-14 22:01:45.642: I/art(14343): Do partial code cache collection, code=0B, data=11KB
12-14 22:01:45.642: I/art(14343): After code cache collection, code=0B, data=11KB
12-14 22:01:45.642: I/art(14343): Increasing code cache capacity to 128KB
12-14 22:01:45.642: V/WallpaperManagerService(3579): Wallpaper file change: evt=128 path=settings_secure.xml.bak sys=false lock=false imagePending=false whichPending=0x0 written=true index=0
12-14 22:01:45.662: D/TP/MmsSmsProvider(4070): query, match:6, calling pid = 14202, accessRestricted = false
12-14 22:01:45.668: D/TP/MmsSmsProvider(4070): query, match 6:Elapsed time : 5.356 ms
12-14 22:01:45.669: D/MountService(3579): getExternalStorageMountMode : 1
12-14 22:01:45.669: D/MountService(3579): getExternalStorageMountMode : 3
12-14 22:01:45.669: D/MountService(3579): getExternalStorageMountMode : final mountMode=1, uid : 10126, packageName : com.google.android.gm
12-14 22:01:45.669: I/DayAndMonthTask(13982): [#CMH#] after mutex release 
12-14 22:01:45.671: I/OggExtractor(3223): ~OggExtractor ++
12-14 22:01:45.671: I/OggExtractor(3223): ~MyOggExtractor ++ 
12-14 22:01:45.671: I/OggExtractor(3223): ~MyOggExtractor --
12-14 22:01:45.672: I/OggExtractor(3223): ~OggExtractor --
12-14 22:01:45.676: I/MomentClusteringAlgo(13982): [#CMH#] performClustering In 0 
12-14 22:01:45.676: I/ClusteringTask(13982): [#CMH#] Cluster size: 0
12-14 22:01:45.676: I/ClusteringDBUtils(13982): [#CMH#] updateClusterTable In nothing to update 
12-14 22:01:45.676: I/ClusteringTask(13982): [#CMH#] after mutex release 
12-14 22:01:45.683: V/WallpaperManagerService(3579): Wallpaper file change: evt=8 path=settings_secure.xml sys=false lock=false imagePending=false whichPending=0x0 written=true index=0
12-14 22:01:45.683: V/WallpaperManagerService(3579): Wallpaper file change: evt=512 path=settings_secure.xml.bak sys=false lock=false imagePending=false whichPending=0x0 written=false index=0
12-14 22:01:45.686: E/Zygote(14379): v2
12-14 22:01:45.686: I/libpersona(14379): KNOX_SDCARD checking this for 10126
12-14 22:01:45.686: I/libpersona(14379): KNOX_SDCARD not a persona
12-14 22:01:45.686: W/InstanceID/Rpc(14343): Found 10025
12-14 22:01:45.687: E/Zygote(14379): accessInfo : 0
12-14 22:01:45.690: W/SELinux(14379): SELinux selinux_android_compute_policy_index : Policy Index[1],  Con:u:r:zygote:s0 SPD:SEPF_SECMOBILE_7.0_0006 RAM:SEPF_SECMOBILE_7.0_0004, [-1 -1 0 1 0 1]
12-14 22:01:45.691: I/ActivityManager(3579): Start proc 14379:com.google.android.gm/u0a126 for broadcast com.google.android.gm/.MailIntentReceiver
12-14 22:01:45.691: I/SELinux(14379): SELinux: seapp_context_lookup: seinfo=untrusted, level=s0:c512,c768, pkgname=com.google.android.gm 
12-14 22:01:45.705: D/SecMenutree(14149): There is no xmlResId: com.samsung.android.settings.AirplaneModeSettings
12-14 22:01:45.706: D/NfcSettings(14149): Don't support RWP2p. so remove it
12-14 22:01:45.707: D/NfcSettings(14149): isSupportDualSwp false : 
12-14 22:01:45.707: D/NfcSettings(14149): Don't support Dual SWP. so remove it
12-14 22:01:45.707: D/ActivityThread(14379): Added TimaKeyStore provider
12-14 22:01:45.708: I/CS/ReservationManager(14202): ReservationManager()
12-14 22:01:45.709: I/ActivityManager(3579): DSS on for com.google.android.gm and scale is 1.0
12-14 22:01:45.715: D/CS/ReservationManager(14202): setDelayAlarmForInitialize()
12-14 22:01:45.725: W/System(14379): ClassLoader referenced unknown path: /system/app/Gmail2/lib/arm64
12-14 22:01:45.726: D/SecMenutree(14149): Standard mode(mode_standard_mode) is disabled so not indexed in NFC and payment
12-14 22:01:45.727: D/SecMenutree(14149): Card mode(mode_card_mode) is disabled so not indexed in NFC and payment
12-14 22:01:45.729: D/SamsungAlarmManager(3579): setInexact Intent (T:0/F:8/AC:false) 20171214T220215 - CU:5002/CP:14202
12-14 22:01:45.737: D/ContextRelationMgrBrdg(14379): loadKlass() : caller=com.samsung.android.bridge.multiscreen.common.ContextRelationManagerBridge.<clinit>:28 android.app.LoadedApk.makeApplication:840 
12-14 22:01:45.740: I/System.out(11313): (HTTPLog)-Static: isSBSettingEnabled false
12-14 22:01:45.740: I/System.out(11313): (HTTPLog)-Static: isSBSettingEnabled false
12-14 22:01:45.742: D/EnterpriseController(3228): netId is 0
12-14 22:01:45.742: D/Netd(3228): getNetworkForDns: using netid 502 for uid 10025
12-14 22:01:45.742: D/DnsProxyListener(3228): DNSDBG::dns addrinfo af 0
12-14 22:01:45.745: D/SecMenutree(14149): NFC payment services(nfc_payment_sim) is disabled so not indexed in NFC and payment
12-14 22:01:45.746: D/SecMenutree(14149): SearchIndexableResource 'com.samsung.android.settings.nfc.AndroidBeam' should implement the com.android.settings.search.Indexable interface!
12-14 22:01:45.754: W/EasBundling(14379): in EasBundling.init, isBundlingEnabled=true
12-14 22:01:45.759: V/MediaPlayerService(3226): Create new media retriever from pid 5095
12-14 22:01:45.759: D/SecMenutree(14149): SearchIndexableResource 'com.samsung.android.settings.nfc.PaymentBaseSettings' should implement the com.android.settings.search.Indexable interface!
12-14 22:01:45.759: I/Gmail(14379): getAccountsCursor
12-14 22:01:45.761: D/Tethering(3579): NAP Supported and not Wifi Model
12-14 22:01:45.762: D/ActivityThread(14379): Loading provider com.google.android.gmail.provider;com.android.mail.notifier;com.google.android.gm.email.provider;com.google.android.gm.email.notifier: com.android.email.provider.EmailProvider
12-14 22:01:45.762: E/Tethering(3579): No numeric data
12-14 22:01:45.769: D/Tethering(3579): NAP Supported and not Wifi Model
12-14 22:01:45.772: E/Tethering(3579): No numeric data
12-14 22:01:45.775: D/Tethering(3579): NAP Supported and not Wifi Model
12-14 22:01:45.776: E/Tethering(3579): No numeric data
12-14 22:01:45.778: W/ChimeraUtils(11313): Non Chimera context
12-14 22:01:45.788: E/SEC_DRM_PLUGIN_Omafl(3191): OmaPlugin::onOpenDecryptSession(fd)::Drm2IsDrmFileByExtFd::file is NOT DRM by extension
12-14 22:01:45.789: W/SEC_DRM_PLUGIN_Playready(3191): PlayreadyPlugIn: Function[DRM_ASFVerify_Context_Initialize]; Line[4469]; File type[0]
12-14 22:01:45.789: W/SEC_DRM_PLUGIN_Playready(3191): PlayReadyPlugIn: Function[onOpenDecryptSession]; Line[2576]; DRM Result[0x80004005]
12-14 22:01:45.795: W/Conscrypt(11313): Could not set socket write timeout:
12-14 22:01:45.795: W/Conscrypt(11313):    java.lang.reflect.Method.invoke(Native Method)
12-14 22:01:45.795: W/Conscrypt(11313):    com.google.android.gms.org.conscrypt.Platform.setSocketWriteTimeout(:com.google.android.gms@11951440:13)
12-14 22:01:45.804: I/Gmail(14379): Initiated Service map for: [gPop3, gLegacyImap, gEas, gmail]
12-14 22:01:45.816: D/PackageManager(3579): setEnabledSetting : userId = 0 packageName = com.google.android.gm cmp = com.android.email.service.AttachmentService newState = 2 callingPackage = 10126
12-14 22:01:45.817: W/ActivityManager(3579): Unable to start service Intent { cmp=com.google.android.gm/com.android.email.service.AttachmentService launchParam=MultiScreenLaunchParams { mDisplayId=0 mFlags=0 } } U=0: not found
12-14 22:01:45.818: W/GAV2(14379): Thread[main,5,main]: Need to call initialize() and be in fallback mode to start dispatch.
12-14 22:01:45.819: D/capture(4864): saveMainHomeScreen compress : 28686
12-14 22:01:45.822: D/capture(4864): saveToFileCaptureScreen ret : false SCREENSHOT_FILE_PATH : /storage/emulated/0/Android/data/com.sec.android.app.launcher/cache/homescreenPreview.png
12-14 22:01:45.823: D/SecContentProvider(3579): query(), uri = 17 selection = isSettingsChangesAllowed
12-14 22:01:45.825: I/Gmail(14379): Observing account changes for notifications
12-14 22:01:45.827: D/SecContentProvider(3579): called from com.sec.android.app.launcher
12-14 22:01:45.833: W/Conscrypt(11313): Could not set socket write timeout:
12-14 22:01:45.833: W/Conscrypt(11313):    java.lang.reflect.Method.invoke(Native Method)
12-14 22:01:45.833: W/Conscrypt(11313):    com.google.android.gms.org.conscrypt.Platform.setSocketWriteTimeout(:com.google.android.gms@11951440:13)
12-14 22:01:45.833: D/SecMenutree(14149): Cant tether or use portable hotspots while Data Saver is on(disabled_on_data_saver) is disabled so not indexed in Mobile hotspot and tethering
12-14 22:01:45.835: D/PackageManager(3579): setEnabledSetting : userId = 0 packageName = com.google.android.gm cmp = com.android.email.service.EasAuthenticatorService newState = 1 callingPackage = 10126
12-14 22:01:45.844: D/PackageManager(3579): setEnabledSetting : userId = 0 packageName = com.google.android.gm cmp = com.google.android.gm.setup.AccountSetupFinalGmailSuggestions newState = 2 callingPackage = 10126
12-14 22:01:45.845: I/Gmail(14379): GmailApplication: Disabled account setup suggestion (7 days)
12-14 22:01:45.846: D/Settings_Utils(14149): readCountryCode(): country=
12-14 22:01:45.859: V/hong(4139): mid yDiff = 438
12-14 22:01:45.859: V/hong(4139): mid yDiff = 438
12-14 22:01:45.869: I/Exchange(14379): EasService.onCreate
12-14 22:01:45.871: W/ActivityManager(3579): Unable to start service Intent { cmp=com.google.android.gm.exchange/com.android.exchange.service.EasService launchParam=MultiScreenLaunchParams { mDisplayId=0 mFlags=0 } } U=0: not found
12-14 22:01:45.871: I/Exchange(14379): EasService.onCreate stoppedOldService=false
12-14 22:01:45.872: I/Exchange(14379): needResyncCalendar: false, hasCalendarPermission: false, needResyncContacts: false, hasContactsPermission: false
12-14 22:01:45.877: I/Exchange(14379): RestartPingTask
12-14 22:01:45.888: D/SecMenutree(14149): Use Location in background(use_in_background_location) is disabled so not indexed in Location
12-14 22:01:45.888: D/SecMenutree(14149): Use location in work profile(managed_profile_location_switch) is disabled so not indexed in Location
12-14 22:01:45.891: I/NotifUtils(14379): resendNotifications cancelExisting: true, account: null, folder: null
12-14 22:01:45.894: D/SecMenutree(14149): Recent location requests(recent_location_requests) is disabled so not indexed in Location
12-14 22:01:45.895: E/SecMenutree(14149): nonIndexableKeys: cmcc_agpsmenu
12-14 22:01:45.895: D/SecMenutree(14149): A-GPS(assisted_gps_function_switch) is disabled so not indexed in Location
12-14 22:01:45.895: D/SecMenutree(14149): GPS satellite(satellite_view) is disabled so not indexed in Location
12-14 22:01:45.896: D/SecMenutree(14149): Sync with GPS clock(clock_sync) is disabled so not indexed in Location
12-14 22:01:45.896: I/Gmail(14379): getAccountsCursor
12-14 22:01:45.899: D/SecMenutree(14149): SearchIndexableResource 'com.android.settings.location.ScanningSettings' should implement the com.android.settings.search.Indexable interface!
12-14 22:01:45.904: I/Exchange(14379): RestartPingsTask did not start any pings.
12-14 22:01:45.933: I/NotifUtils(14379): resendNotifications cancelExisting: true, account: null, folder: null
12-14 22:01:45.933: I/Exchange(14379): onDestroy
12-14 22:01:45.943: I/FIPS_bssl(14373): FIPS (v1.1) approved mode (1) | 14373 | app_process
12-14 22:01:45.943: D/SecurityManagerNative(14373): SecurityManagerNative v2.7.2.2 On 64bit PLATFORM With BORINGSSL
12-14 22:01:45.947: E/appproc(14373): Enhanced Zygote ASLR: ro.knox.enhance.zygote.aslr != 1. Enhanced Zygote ASLR is DISABLED!
12-14 22:01:45.947: D/AndroidRuntime(14373): >>>>>> START com.android.internal.os.RuntimeInit uid 2000 <<<<<<
12-14 22:01:45.948: D/SamsungAlarmManager(3579): Cancel Alarm calling from uid:10025 pid :11313 / op:PendingIntent{667136e: PendingIntentRecord{6dcae4 com.google.android.gms broadcastIntent}}
12-14 22:01:45.949: I/SamsungAlarmManager(3579): setLocked to kernel - T:2 / 20171214T220146, SetElapsed=20721218, nowELAPSED=20720841
12-14 22:01:45.949: D/AndroidRuntime(14373): CheckJNI is OFF
12-14 22:01:45.950: D/AndroidRuntime(14373): addProductProperty: start
12-14 22:01:45.967: I/OggExtractor(3223): ~OggExtractor ++
12-14 22:01:45.967: I/OggExtractor(3223): ~MyOggExtractor ++ 
12-14 22:01:45.967: I/OggExtractor(3223): ~MyOggExtractor --
12-14 22:01:45.967: I/OggExtractor(3223): ~OggExtractor --
12-14 22:01:45.984: I/[saiv 1.1](14373): saiv_OnLoadJNI.cpp(38): _init: Version 1.1 Build # 3532
12-14 22:01:45.984: I/[saiv 1.1](14373): saiv_OnLoadJNI.cpp(43): _init: _init() was called
12-14 22:01:46.001: I/MLDAP(14373):            libMLDAP/MLDAP.c:  53: ================================================
12-14 22:01:46.001: I/MLDAP(14373):            libMLDAP/MLDAP.c:  53:  MLDAP_LIB v1.1.15
12-14 22:01:46.001: I/MLDAP(14373):            libMLDAP/MLDAP.c:  53: ================================================
12-14 22:01:46.014: I/Gmail(14379): getAccountsCursor
12-14 22:01:45.997: V/MediaPlayerService(3226): Create new media retriever from pid 5095
12-14 22:01:46.024: I/PeopleDatabaseHelper(11342): Updating DB locale: en_GB -> en
12-14 22:01:46.033: V/WallpaperManagerService(3579): Wallpaper file change: evt=128 path=settings_system.xml.bak sys=false lock=false imagePending=false whichPending=0x0 written=true index=0
12-14 22:01:46.046: I/art(4912): Do full code cache collection, code=243KB, data=238KB
12-14 22:01:46.046: I/art(4912): After code cache collection, code=232KB, data=195KB
12-14 22:01:46.050: I/TMSDISP(14373): AcsAndroidVirtualDisplayIntfImpl
12-14 22:01:46.052: E/SEC_DRM_PLUGIN_Omafl(3191): OmaPlugin::onOpenDecryptSession(fd)::Drm2IsDrmFileByExtFd::file is NOT DRM by extension
12-14 22:01:46.052: W/SEC_DRM_PLUGIN_Playready(3191): PlayreadyPlugIn: Function[DRM_ASFVerify_Context_Initialize]; Line[4469]; File type[0]
12-14 22:01:46.052: W/SEC_DRM_PLUGIN_Playready(3191): PlayReadyPlugIn: Function[onOpenDecryptSession]; Line[2576]; DRM Result[0x80004005]
12-14 22:01:46.052: E/ContactsProvider_EventLog(4524): Flush buffer to file cnt : 2 size : 0Kb duration : 54ms lastUpdatedAfter : 2099 ms mFlush_time_threasold : 2200 mCurrentSize : 383
12-14 22:01:46.069: D/ICU(14373): No timezone override file found: /data/misc/zoneinfo/current/icu/icu_tzdata.dat
12-14 22:01:46.071: V/WallpaperManagerService(3579): Wallpaper file change: evt=8 path=settings_system.xml sys=false lock=false imagePending=false whichPending=0x0 written=true index=0
12-14 22:01:46.085: I/Enhanced Zygote ASLR(14373): DISABLED!
12-14 22:01:46.086: I/Radio-JNI(14373): register_android_hardware_Radio DONE
12-14 22:01:46.088: D/ReflectionHelper(14373): loadKlass() : caller=android.app.Activity.<clinit>:7525 <bottom of call stack> 
12-14 22:01:46.088: D/ReflectionHelper(14373): Reflecting method.....  class <onScreenChanged>
12-14 22:01:46.089: E/SemAffinityControl(14373): SemAffinityControl: registerfunction enter
12-14 22:01:46.095: V/WallpaperManagerService(3579): Wallpaper file change: evt=512 path=settings_system.xml.bak sys=false lock=false imagePending=false whichPending=0x0 written=false index=0
12-14 22:01:46.096: I/WirelessSettings(14149): getNonIndexableKeys() mTetheredDataML : -1
12-14 22:01:46.097: D/AndroidRuntime(14373): Calling main entry com.android.commands.settings.SettingsCmd
12-14 22:01:46.116: I/OggExtractor(3223): ~OggExtractor ++
12-14 22:01:46.116: I/OggExtractor(3223): ~MyOggExtractor ++ 
12-14 22:01:46.116: I/OggExtractor(3223): ~MyOggExtractor --
12-14 22:01:46.116: I/OggExtractor(3223): ~OggExtractor --
12-14 22:01:46.180: D/Tethering(3579): NAP Supported and not Wifi Model
12-14 22:01:46.183: E/Tethering(3579): No numeric data
12-14 22:01:46.190: D/Tethering(3579): NAP Supported and not Wifi Model
12-14 22:01:46.192: E/Tethering(3579): No numeric data
12-14 22:01:46.194: V/MediaPlayerService(3226): Create new media retriever from pid 5095
12-14 22:01:46.199: D/SecContentProvider(3579): query(), uri = 17 selection = isSettingsChangesAllowed
12-14 22:01:46.202: D/SecContentProvider(3579): called from android.uid.shell:2000
12-14 22:01:46.204: W/KeyphraseEnrollmentInfo(4700): No Enrollment application supports the given keyphrase/locale
12-14 22:01:46.207: E/SEC_DRM_PLUGIN_Omafl(3191): OmaPlugin::onOpenDecryptSession(fd)::Drm2IsDrmFileByExtFd::file is NOT DRM by extension
12-14 22:01:46.207: W/SEC_DRM_PLUGIN_Playready(3191): PlayreadyPlugIn: Function[DRM_ASFVerify_Context_Initialize]; Line[4469]; File type[0]
12-14 22:01:46.207: W/SEC_DRM_PLUGIN_Playready(3191): PlayReadyPlugIn: Function[onOpenDecryptSession]; Line[2576]; DRM Result[0x80004005]
12-14 22:01:46.208: D/AndroidRuntime(14373): Shutting down VM
12-14 22:01:46.231: I/GsaVoiceInteractionSrv(4700): Not calling getSupportedRecognitionModes. Availability: -2
12-14 22:01:46.250: V/hong(4139): mid yDiff = 438
12-14 22:01:46.250: V/hong(4139): mid yDiff = 438
12-14 22:01:46.253: W/ChimeraUtils(11342): Non Chimera context
12-14 22:01:46.255: I/TMSDISP(14373): AcsAndroidVirtualDisplayIntfImpl::~AcsAndroidVirtualDisplayIntfImpl - Enter
12-14 22:01:46.255: I/TMSDISP(14373): AcsAndroidVirtualDisplayIntfImpl::~AcsAndroidVirtualDisplayIntfImpl - Enter2
12-14 22:01:46.255: I/TMSDISP(14373): AcsAndroidVirtualDisplayIntfImpl::~AcsAndroidVirtualDisplayIntfImpl - mSource2
12-14 22:01:46.255: I/TMSDISP(14373): AcsAndroidVirtualDisplayIntfImpl::~AcsAndroidVirtualDisplayIntfImpl - Exit
12-14 22:01:46.284: W/KeyphraseEnrollmentInfo(4700): No Enrollment application supports the given keyphrase/locale
12-14 22:01:46.298: I/FileSource(3226): [Read time] time (20695) us > 10000 us, request_size (3933), read_size (3933) offset(237) mOffset(0)
12-14 22:01:46.300: E/MicroModelsUtil(4912): No model available at /data/user/0/com.google.android.googlequicksearchbox/files/en-AU/hotword.data
12-14 22:01:46.300: E/MicroModelsUtil(4912): java.io.FileNotFoundException: /data/user/0/com.google.android.googlequicksearchbox/files/en-AU/hotword.data (No such file or directory)
12-14 22:01:46.300: E/MicroModelsUtil(4912): 	at java.io.FileInputStream.open(Native Method)
12-14 22:01:46.300: E/MicroModelsUtil(4912): 	at java.io.FileInputStream.<init>(FileInputStream.java:146)
12-14 22:01:46.300: E/MicroModelsUtil(4912): 	at com.google.common.e.x.bqi(SourceFile:120)
12-14 22:01:46.300: E/MicroModelsUtil(4912): 	at com.google.common.e.x.bqd(SourceFile:144)
12-14 22:01:46.300: E/MicroModelsUtil(4912): 	at com.google.common.e.v.X(SourceFile:248)
12-14 22:01:46.300: E/MicroModelsUtil(4912): 	at com.google.android.apps.gsa.speech.microdetection.q.B(SourceFile:93)
12-14 22:01:46.300: E/MicroModelsUtil(4912): 	at com.google.android.apps.gsa.speech.microdetection.q.e(SourceFile:38)
12-14 22:01:46.300: E/MicroModelsUtil(4912): 	at com.google.android.apps.gsa.speech.microdetection.n.run(SourceFile:524)
12-14 22:01:46.300: E/MicroModelsUtil(4912): 	at java.util.concurrent.Executors$RunnableAdapter.call(Executors.java:428)
12-14 22:01:46.300: E/MicroModelsUtil(4912): 	at java.util.concurrent.FutureTask.run(FutureTask.java:237)
12-14 22:01:46.300: E/MicroModelsUtil(4912): 	at com.google.android.apps.gsa.shared.util.concurrent.a.ak.run(SourceFile:66)
12-14 22:01:46.300: E/MicroModelsUtil(4912): 	at com.google.android.apps.gsa.shared.util.concurrent.a.ax.run(SourceFile:139)
12-14 22:01:46.300: E/MicroModelsUtil(4912): 	at com.google.android.apps.gsa.shared.util.concurrent.a.ax.run(SourceFile:139)
12-14 22:01:46.300: E/MicroModelsUtil(4912): 	at java.util.concurrent.ThreadPoolExecutor.runWorker(ThreadPoolExecutor.java:1133)
12-14 22:01:46.300: E/MicroModelsUtil(4912): 	at java.util.concurrent.ThreadPoolExecutor$Worker.run(ThreadPoolExecutor.java:607)
12-14 22:01:46.300: E/MicroModelsUtil(4912): 	at java.lang.Thread.run(Thread.java:762)
12-14 22:01:46.300: E/MicroModelsUtil(4912): 	at com.google.android.apps.gsa.shared.util.concurrent.a.ad$1.run(SourceFile:85)
12-14 22:01:46.302: I/GsaVoiceInteractionSrv(4700): Not calling getSupportedRecognitionModes. Availability: -2
12-14 22:01:46.325: D/SamsungAlarmManager(3579): Expired : 4
12-14 22:01:46.332: D/TAG(14149): isSupportDeviceVisibility - versionCode: 100000024, hasDeviceOwner: true
12-14 22:01:46.332: D/network_lock(14149): isSupportVZWNetworkLock: false
12-14 22:01:46.338: D/network_lock(14149): setVzwNetworkUnLocked to 1
12-14 22:01:46.339: D/SecMenutree(14149): joyn services(rcs_settings) is disabled so not indexed in More connection settings
12-14 22:01:46.339: D/SecMenutree(14149): Rich Communications(rcs_settings_partial_branded) is disabled so not indexed in More connection settings
12-14 22:01:46.339: D/SecMenutree(14149): Advanced Calling & Messaging(rcs_settings_partial_branded_cpr) is disabled so not indexed in More connection settings
12-14 22:01:46.345: D/SecMenutree(14149): Phone visibility(device_visibility_settings) is disabled so not indexed in More connection settings
12-14 22:01:46.345: D/SecMenutree(14149): Wi-Fi calling(wifi_calling_settings) is disabled so not indexed in More connection settings
12-14 22:01:46.345: D/SecMenutree(14149): Mobile hotspot(wifi_ap_settings) is disabled so not indexed in More connection settings
12-14 22:01:46.345: D/SecMenutree(14149): Tethering(tether_settings) is disabled so not indexed in More connection settings
12-14 22:01:46.345: D/SecMenutree(14149): Data usage(data_usage_settings) is disabled so not indexed in More connection settings
12-14 22:01:46.345: D/SecMenutree(14149): Mobile networks(mobile_network_settings_for_C) is disabled so not indexed in More connection settings
12-14 22:01:46.346: D/SecMenutree(14149): Flight mode(toggle_airplane) is disabled so not indexed in More connection settings
12-14 22:01:46.346: D/SecMenutree(14149): NFC and payment(nfc_setting) is disabled so not indexed in More connection settings
12-14 22:01:46.346: D/SecMenutree(14149): Mobile hotspot and tethering(header_connection_tethering_hotspot) is disabled so not indexed in More connection settings
12-14 22:01:46.346: D/SecMenutree(14149): Mobile networks(mobile_network_settings) is disabled so not indexed in More connection settings
12-14 22:01:46.356: D/SecMenutree(14149): Giga Multi-Path(multi_path) is disabled so not indexed in More connection settings
12-14 22:01:46.361: D/SecMenutree(14149): VPN(vpn_settings_for_att) is disabled so not indexed in More connection settings
12-14 22:01:46.361: D/SecMenutree(14149): Change carrier(network_unlock) is disabled so not indexed in More connection settings
12-14 22:01:46.361: D/SecMenutree(14149): Emergency alerts(key_vzw_emergency_alert) is disabled so not indexed in More connection settings
12-14 22:01:46.362: D/SecMenutree(14149): Reset network settings(network_reset) is disabled so not indexed in More connection settings
12-14 22:01:46.362: D/SecMenutree(14149): Ethernet(ethernet_settings) is disabled so not indexed in More connection settings
12-14 22:01:46.362: D/SecMenutree(14149): Screen sharing(screen_sharing_ready_category) is disabled so not indexed in More connection settings
12-14 22:01:46.363: E/SecMenutree(14149): nonIndexableKeys: media_share_category_vzw
12-14 22:01:46.363: D/SecMenutree(14149): Nearby devices(nearby_setting_vzw) is disabled so not indexed in More connection settings
12-14 22:01:46.363: E/SecMenutree(14149): nonIndexableKeys: data_plan_category
12-14 22:01:46.364: D/SecMenutree(14149): View Verizon Account(pay_as_you_go) is disabled so not indexed in More connection settings
12-14 22:01:46.365: D/SecMenutree(14149): Cannot find field 'SEARCH_INDEX_DATA_PROVIDER'
12-14 22:01:46.371: I/OggExtractor(3223): ~OggExtractor ++
12-14 22:01:46.371: I/OggExtractor(3223): ~MyOggExtractor ++ 
12-14 22:01:46.371: I/OggExtractor(3223): ~MyOggExtractor --
12-14 22:01:46.371: I/OggExtractor(3223): ~OggExtractor --
12-14 22:01:46.404: V/WallpaperManagerService(3579): Wallpaper file change: evt=128 path=settings_system.xml.bak sys=false lock=false imagePending=false whichPending=0x0 written=true index=0
12-14 22:01:46.415: V/WallpaperManagerService(3579): Wallpaper file change: evt=8 path=settings_system.xml sys=false lock=false imagePending=false whichPending=0x0 written=true index=0
12-14 22:01:46.415: V/WallpaperManagerService(3579): Wallpaper file change: evt=512 path=settings_system.xml.bak sys=false lock=false imagePending=false whichPending=0x0 written=false index=0
12-14 22:01:46.415: D/WifiStateMachine(3579): Current network is: "wl-ftl-mt11-1-5" , ID is: 0
12-14 22:01:46.415: D/WifiStateMachine(3579): 5GHz mQnsLowerRssiThreshold is recovered, currentRssi = -40
12-14 22:01:46.464: D/SamsungAlarmManager(3579): setInexact Intent (T:2/F:0/AC:false) 20171214T222028 - CU:10025/CP:11313
12-14 22:01:46.465: I/SamsungAlarmManager(3579): setLocked to kernel - T:2 / 20171214T220154, SetElapsed=20729545, nowELAPSED=20721357
12-14 22:01:46.465: V/SamsungAlarmManager(3579): Sending to uid : 10045 action=null alarm=Alarm{fd229e7 type 0 when 1513317706326 com.android.vending}
12-14 22:01:46.475: V/MediaPlayerService(3226): Create new media retriever from pid 5095
12-14 22:01:46.475: I/art(3579): Starting a blocking GC Explicit
12-14 22:01:46.503: D/SecMenutree(14149): There is no xmlResId: com.samsung.android.settings.smartbonding.SmartBondingSettings
12-14 22:01:46.507: E/SEC_DRM_PLUGIN_Omafl(3191): OmaPlugin::onOpenDecryptSession(fd)::Drm2IsDrmFileByExtFd::file is NOT DRM by extension
12-14 22:01:46.508: W/SEC_DRM_PLUGIN_Playready(3191): PlayreadyPlugIn: Function[DRM_ASFVerify_Context_Initialize]; Line[4469]; File type[0]
12-14 22:01:46.508: W/SEC_DRM_PLUGIN_Playready(3191): PlayReadyPlugIn: Function[onOpenDecryptSession]; Line[2576]; DRM Result[0x80004005]
12-14 22:01:46.512: D/SecMenutree(14149): SearchIndexableResource 'com.android.settings.vpn2.VpnSettings' should implement the com.android.settings.search.Indexable interface!
12-14 22:01:46.536: I/OggExtractor(3223): ~OggExtractor ++
12-14 22:01:46.536: I/OggExtractor(3223): ~MyOggExtractor ++ 
12-14 22:01:46.536: I/OggExtractor(3223): ~MyOggExtractor --
12-14 22:01:46.536: I/OggExtractor(3223): ~OggExtractor --
12-14 22:01:46.581: V/MediaPlayerService(3226): Create new media retriever from pid 5095
12-14 22:01:46.587: W/ActivityManager(3579): Unable to start service Intent { flg=0x4 cmp=com.android.vending/com.google.android.finsky.services.DailyHygiene$DailyHygieneService launchParam=MultiScreenLaunchParams { mDisplayId=0 mFlags=0 } (has extras) } U=0: not found
12-14 22:01:46.590: W/Icing(11342): Failed to connect to Lockbox API
12-14 22:01:46.590: W/Icing(11342): getSignedInAccountName: Falling back to default value
12-14 22:01:46.596: E/SEC_DRM_PLUGIN_Omafl(3191): OmaPlugin::onOpenDecryptSession(fd)::Drm2IsDrmFileByExtFd::file is NOT DRM by extension
12-14 22:01:46.596: W/SEC_DRM_PLUGIN_Playready(3191): PlayreadyPlugIn: Function[DRM_ASFVerify_Context_Initialize]; Line[4469]; File type[0]
12-14 22:01:46.596: W/SEC_DRM_PLUGIN_Playready(3191): PlayReadyPlugIn: Function[onOpenDecryptSession]; Line[2576]; DRM Result[0x80004005]
12-14 22:01:46.600: I/PeopleSearchIndexManage(11342): Marking for index update.
12-14 22:01:46.604: D/MountService(3579): getExternalStorageMountMode : 3
12-14 22:01:46.604: D/MountService(3579): getExternalStorageMountMode : 3
12-14 22:01:46.604: D/MountService(3579): getExternalStorageMountMode : final mountMode=3, uid : 10045, packageName : com.android.vending
12-14 22:01:46.613: D/SecMenutree(14149): Sound mode(interval_sound_mode) is disabled so not indexed in Sounds and vibration
12-14 22:01:46.623: E/Zygote(14452): v2
12-14 22:01:46.623: I/libpersona(14452): KNOX_SDCARD checking this for 10045
12-14 22:01:46.623: I/libpersona(14452): KNOX_SDCARD not a persona
12-14 22:01:46.623: I/ActivityManager(3579): Start proc 14452:com.android.vending/u0a45 for service com.android.vending/com.google.android.finsky.wear.WearSupportService
12-14 22:01:46.625: E/Zygote(14452): accessInfo : 0
12-14 22:01:46.629: W/SELinux(14452): SELinux selinux_android_compute_policy_index : Policy Index[1],  Con:u:r:zygote:s0 SPD:SEPF_SECMOBILE_7.0_0006 RAM:SEPF_SECMOBILE_7.0_0004, [-1 -1 0 1 0 1]
12-14 22:01:46.630: I/SELinux(14452): SELinux: seapp_context_lookup: seinfo=gmscore, level=s0:c512,c768, pkgname=com.android.vending 
12-14 22:01:46.633: W/Search.SearchUrlHelper(4912): Auth token not ready, no auth header set.
12-14 22:01:46.637: I/art(3579): Explicit concurrent mark sweep GC freed 114171(14MB) AllocSpace objects, 8(588KB) LOS objects, 27% free, 41MB/57MB, paused 1.367ms total 161.407ms
12-14 22:01:46.651: D/ActivityThread(14452): Added TimaKeyStore provider
12-14 22:01:46.658: I/ActivityManager(3579): DSS on for com.android.vending and scale is 1.0
12-14 22:01:46.673: D/SecMenutree(14149): Download ringtones(download_ringtone) is disabled so not indexed in Sounds and vibration
12-14 22:01:46.682: I/UpdateIcingCorporaServi(4912): Updating corpora: APPS=FORCE_ALL, CONTACTS=FORCE_ALL
12-14 22:01:46.689: D/SecContentProvider2(3579): query(), uri = 15 selection = getAppBlockDownloadState
12-14 22:01:46.697: D/SamsungAlarmManager(3579): Cancel Alarm calling from uid:10025 pid :11313 / op:PendingIntent{723c3d: PendingIntentRecord{6dcae4 com.google.android.gms broadcastIntent}}
12-14 22:01:46.698: W/System(14452): ClassLoader referenced unknown path: /system/priv-app/Phonesky/lib/arm64
12-14 22:01:46.699: I/SamsungAlarmManager(3579): setLocked to kernel - T:2 / 20171214T220154, SetElapsed=20729546, nowELAPSED=20721591
12-14 22:01:46.722: I/FIPS_bssl(14448): FIPS (v1.1) approved mode (1) | 14448 | app_process
12-14 22:01:46.722: D/SecurityManagerNative(14448): SecurityManagerNative v2.7.2.2 On 64bit PLATFORM With BORINGSSL
12-14 22:01:46.724: I/TLC_TIMA_PKM_measure_kernel(3579): TIMA: response_id = 3
12-14 22:01:46.724: I/TLC_TIMA_PKM_measure_kernel(3579): TIMA: response ret = 0, result_ondemand = MSG=Kernel Verification Success;
12-14 22:01:46.727: E/appproc(14448): Enhanced Zygote ASLR: ro.knox.enhance.zygote.aslr != 1. Enhanced Zygote ASLR is DISABLED!
12-14 22:01:46.727: D/AndroidRuntime(14448): >>>>>> START com.android.internal.os.RuntimeInit uid 2000 <<<<<<
12-14 22:01:46.728: D/SecMenutree(14149): Ringtone(ringtone2) is disabled so not indexed in Sounds and vibration
12-14 22:01:46.728: D/SecMenutree(14149): Ringtone(ds_ring_tone) is disabled so not indexed in Sounds and vibration
12-14 22:01:46.729: D/SecMenutree(14149): T coloring(tcoloring) is disabled so not indexed in Sounds and vibration
12-14 22:01:46.729: D/SecMenutree(14149): Ringtoyou(ringtoyou) is disabled so not indexed in Sounds and vibration
12-14 22:01:46.729: D/SecMenutree(14149): FeelRing(feelring) is disabled so not indexed in Sounds and vibration
12-14 22:01:46.729: D/AndroidRuntime(14448): CheckJNI is OFF
12-14 22:01:46.730: D/AndroidRuntime(14448): addProductProperty: start
12-14 22:01:46.740: I/OggExtractor(3223): ~OggExtractor ++
12-14 22:01:46.740: I/OggExtractor(3223): ~MyOggExtractor ++ 
12-14 22:01:46.740: I/OggExtractor(3223): ~MyOggExtractor --
12-14 22:01:46.740: I/OggExtractor(3223): ~OggExtractor --
12-14 22:01:46.750: D/SecMenutree(14149): GPS notifications(gps_notification_sounds) is disabled so not indexed in Sounds and vibration
12-14 22:01:46.750: D/SecMenutree(14149): Docking sounds(docking_sounds) is disabled so not indexed in Sounds and vibration
12-14 22:01:46.750: D/SecMenutree(14149): Dock speakers play(dock_audio_media) is disabled so not indexed in Sounds and vibration
12-14 22:01:46.750: D/SecMenutree(14149): Emergency tone(emergency_tone) is disabled so not indexed in Sounds and vibration
12-14 22:01:46.755: D/SecMenutree(14149): Folder open/close sounds(folder_sounds) is disabled so not indexed in Sounds and vibration
12-14 22:01:46.765: D/SecMenutree(14149): Multisound(multi_sound) is disabled so not indexed in Sounds and vibration
12-14 22:01:46.766: D/Settings_Utils(14149): readCountryCode(): country=
12-14 22:01:46.766: D/Settings_Utils(14149): readCountryCode(): country=
12-14 22:01:46.767: I/[saiv 1.1](14448): saiv_OnLoadJNI.cpp(38): _init: Version 1.1 Build # 3532
12-14 22:01:46.767: I/[saiv 1.1](14448): saiv_OnLoadJNI.cpp(43): _init: _init() was called
12-14 22:01:46.777: D/SecMenutree(14149): Alarm volume(alarm_volume) is disabled so not indexed in Volume
12-14 22:01:46.780: D/SecMenutree(14149): Call waiting tone(waiting_tone_volume) is disabled so not indexed in Volume
12-14 22:01:46.780: D/SecMenutree(14149): Call waiting tone(waiting_tone_volume_explanation) is disabled so not indexed in Volume
12-14 22:01:46.780: D/Settings_Utils(14149): readCountryCode(): country=
12-14 22:01:46.785: I/MLDAP(14448):            libMLDAP/MLDAP.c:  53: ================================================
12-14 22:01:46.785: I/MLDAP(14448):            libMLDAP/MLDAP.c:  53:  MLDAP_LIB v1.1.15
12-14 22:01:46.785: I/MLDAP(14448):            libMLDAP/MLDAP.c:  53: ================================================
12-14 22:01:46.808: D/MountService(3579): getExternalStorageMountMode : 1
12-14 22:01:46.808: D/MountService(3579): getExternalStorageMountMode : 3
12-14 22:01:46.808: D/MountService(3579): getExternalStorageMountMode : final mountMode=1, uid : 10178, packageName : com.google.android.youtube
12-14 22:01:46.810: V/MediaPlayerService(3226): Create new media retriever from pid 5095
12-14 22:01:46.818: D/ContextRelationMgrBrdg(14452): loadKlass() : caller=com.samsung.android.bridge.multiscreen.common.ContextRelationManagerBridge.<clinit>:28 android.app.LoadedApk.makeApplication:840 
12-14 22:01:46.832: I/TMSDISP(14448): AcsAndroidVirtualDisplayIntfImpl
12-14 22:01:46.845: E/Zygote(14471): v2
12-14 22:01:46.845: I/libpersona(14471): KNOX_SDCARD checking this for 10178
12-14 22:01:46.845: I/libpersona(14471): KNOX_SDCARD not a persona
12-14 22:01:46.846: E/Zygote(14471): accessInfo : 0
12-14 22:01:46.846: I/ActivityManager(3579): Start proc 14471:com.google.android.youtube/u0a178 for broadcast com.google.android.youtube/com.google.android.apps.youtube.app.system.LocaleUpdatedReceiver
12-14 22:01:46.849: D/ICU(14448): No timezone override file found: /data/misc/zoneinfo/current/icu/icu_tzdata.dat
12-14 22:01:46.852: W/SELinux(14471): SELinux selinux_android_compute_policy_index : Policy Index[1],  Con:u:r:zygote:s0 SPD:SEPF_SECMOBILE_7.0_0006 RAM:SEPF_SECMOBILE_7.0_0004, [-1 -1 0 1 0 1]
12-14 22:01:46.853: I/SELinux(14471): SELinux: seapp_context_lookup: seinfo=untrusted, level=s0:c512,c768, pkgname=com.google.android.youtube 
12-14 22:01:46.855: E/SEC_DRM_PLUGIN_Omafl(3191): OmaPlugin::onOpenDecryptSession(fd)::Drm2IsDrmFileByExtFd::file is NOT DRM by extension
12-14 22:01:46.856: W/SEC_DRM_PLUGIN_Playready(3191): PlayreadyPlugIn: Function[DRM_ASFVerify_Context_Initialize]; Line[4469]; File type[0]
12-14 22:01:46.856: W/SEC_DRM_PLUGIN_Playready(3191): PlayReadyPlugIn: Function[onOpenDecryptSession]; Line[2576]; DRM Result[0x80004005]
12-14 22:01:46.867: I/Enhanced Zygote ASLR(14448): DISABLED!
12-14 22:01:46.868: I/Radio-JNI(14448): register_android_hardware_Radio DONE
12-14 22:01:46.870: D/ActivityThread(14471): Added TimaKeyStore provider
12-14 22:01:46.871: D/ReflectionHelper(14448): loadKlass() : caller=android.app.Activity.<clinit>:7525 <bottom of call stack> 
12-14 22:01:46.871: D/ReflectionHelper(14448): Reflecting method.....  class <onScreenChanged>
12-14 22:01:46.872: E/SemAffinityControl(14448): SemAffinityControl: registerfunction enter
12-14 22:01:46.882: D/AndroidRuntime(14448): Calling main entry com.android.commands.am.Am
12-14 22:01:46.897: I/OggExtractor(3223): ~OggExtractor ++
12-14 22:01:46.897: I/OggExtractor(3223): ~MyOggExtractor ++ 
12-14 22:01:46.897: I/OggExtractor(3223): ~MyOggExtractor --
12-14 22:01:46.897: I/OggExtractor(3223): ~OggExtractor --
12-14 22:01:46.920: W/ActivityManager(3579): Slow operation: 73ms so far, now at getContentProviderImpl: after checkContentProviderPermission
12-14 22:01:46.920: W/ActivityManager(3579): Slow operation: 73ms so far, now at getContentProviderImpl: incProviderCountLocked
12-14 22:01:46.920: W/ActivityManager(3579): Slow operation: 73ms so far, now at getContentProviderImpl: before updateLruProcess
12-14 22:01:46.920: W/ActivityManager(3579): Slow operation: 73ms so far, now at getContentProviderImpl: after updateLruProcess
12-14 22:01:46.920: W/ActivityManager(3579): Slow operation: 73ms so far, now at getContentProviderImpl: before updateOomAdj
12-14 22:01:46.920: D/SecMenutree(14149): isSupportedExternalPackage/com.android.settings: true
12-14 22:01:46.921: W/ActivityManager(3579): Slow operation: 74ms so far, now at getContentProviderImpl: after updateOomAdj
