12-14 22:01:43.956: I/Launcher.Model(4864): getFestivalPageCountFromDb=0
12-14 22:01:43.958: I/Controller(13982): [#CMH#] registerSmartClusterIntents 
12-14 22:01:43.962: D/ContextRelationMgrBrdg(14066): loadKlass() : caller=com.samsung.android.bridge.multiscreen.common.ContextRelationManagerBridge.<clinit>:28 android.app.LoadedApk.makeApplication:840 
12-14 22:01:43.962: D/Launcher(4864): need_dark_color Salecode0
12-14 22:01:43.963: D/ContextRelationMgrBrdg(14051): loadKlass() : caller=com.samsung.android.bridge.multiscreen.common.ContextRelationManagerBridge.<clinit>:28 android.app.LoadedApk.makeApplication:840 
12-14 22:01:43.966: D/Mms/Contact(14027): [start]    init() consume time = 21.877269
12-14 22:01:43.968: I/Launcher.Model(4864): loadWorkspace screenCount = 2 isSdCardReady=true
12-14 22:01:43.968: D/Mms/Contact(14027): [end]    init consume time = 1.677269
12-14 22:01:43.968: E/Launcher.Model(4864): loadworkspace failed for this screen : 1
12-14 22:01:43.968: I/Controller(13982): [#CMH#] startSmartClustering starting clustering 
12-14 22:01:43.968: W/Launcher.Model(4864): bindPageWorkspace page item is null or empty!
12-14 22:01:43.968: D/Launcher.Model(4864): Setting thread priority to BACKGROUND
12-14 22:01:43.968: I/Controller(13982): [#CMH#] startDaywiseClustering starting day clustering 
12-14 22:01:43.970: I/Controller(13982): [#CMH#] takeBackupIfNeeded done 
12-14 22:01:43.973: D/Mms/TelephonyPermission(14027): start operation mode monitor
12-14 22:01:43.973: I/ClusteringTask(13982): [#CMH#] before mutex 
12-14 22:01:43.974: D/Mms/TelephonyPermission(14027): User ID is null set current User Id
12-14 22:01:43.974: I/Controller(13982): [#CMH#] setSuccessState =  true
12-14 22:01:43.974: I/Controller(13982): [#CMH#] setSuccessState latch is down 
12-14 22:01:43.974: I/Initializer(13982): [#CMH#] CMH initialization ends 
12-14 22:01:43.974: I/ControllerEventHandler(13982): [#CMH#] onLocaleChanged 
12-14 22:01:43.975: I/ServiceManager(13982): [#CMH#] Explicitly binding  DCMService
12-14 22:01:43.975: I/ServiceManager(13982): [#CMH#] Binding To Service  DCMService
12-14 22:01:43.975: I/DCMService(14066): [#CMH#] onBind() called 
12-14 22:01:43.976: I/Utilities(14066): [#CMH#] Location feature: true
12-14 22:01:43.978: I/DayAndMonthTask(13982): [#CMH#] before mutex 
12-14 22:01:43.978: I/DayAndMonthTask(13982): [#CMH#] after mutex 
12-14 22:01:43.978: I/DayAndMonthTask(13982): [#CMH#] after mutex release 
12-14 22:01:43.978: W/DCMTask(14066): [#CMH#] No calendar permission  calendar events not supported
12-14 22:01:43.979: I/NamedPlaceExtractor(14066): [#CMH#] Locale  en
12-14 22:01:43.979: I/EnhanceService(14051): [EnhanceService] onbind () called 
12-14 22:01:43.980: I/DatabaseManager(13982): [#CMH#] handleLocaleChange 
12-14 22:01:43.973: I/ClusteringTask(13982): [#CMH#] after mutex 
12-14 22:01:43.982: I/MomentClusteringAlgo(13982): [#CMH#] performClustering images deleted false
12-14 22:01:43.983: D/Mms/MmsApp(14027): getImsManager create a ImsManager
12-14 22:01:43.983: I/ClusteringDBUtils(13982): [#CMH#] updateClusterTable In nothing to update 
12-14 22:01:43.985: I/art(3579): Background partial concurrent mark sweep GC freed 225977(13MB) AllocSpace objects, 77(1556KB) LOS objects, 27% free, 42MB/58MB, paused 2.012ms total 180.677ms
12-14 22:01:43.987: D/Mms/Migration(14027): before migration status :2
12-14 22:01:43.987: D/ImsManager(14027): Register Receiver for Restart
12-14 22:01:43.990: I/FIPS_bssl(14003): FIPS (v1.1) approved mode (1) | 14003 | app_process
12-14 22:01:43.990: D/SecurityManagerNative(14003): SecurityManagerNative v2.7.2.2 On 64bit PLATFORM With BORINGSSL
12-14 22:01:43.990: I/ActivityManager(3579): Killing 3867:com.enhance.gameservice/u0a115 (adj 904): empty for 6107s
12-14 22:01:43.995: E/appproc(14003): Enhanced Zygote ASLR: ro.knox.enhance.zygote.aslr != 1. Enhanced Zygote ASLR is DISABLED!
12-14 22:01:43.995: D/AndroidRuntime(14003): >>>>>> START com.android.internal.os.RuntimeInit uid 2000 <<<<<<
12-14 22:01:43.997: D/AndroidRuntime(14003): CheckJNI is OFF
12-14 22:01:43.998: D/Mms/MmsApp(14027): getImsManager onConnected()
12-14 22:01:43.998: D/AndroidRuntime(14003): addProductProperty: start
12-14 22:01:43.998: D/Mms/MmsApp(14027): initWhitePage
12-14 22:01:43.999: D/Mms/PackageInfo(14027): com.sgmc.phonenumberlocatorservice is not installed
12-14 22:01:43.999: D/Mms/MmsApp(14027): [end]    onCreate() consume time = 31.348616
12-14 22:01:44.008: I/MomentClusteringAlgo(13982): [#CMH#] performClustering In 0 
12-14 22:01:44.008: I/ClusteringTask(13982): [#CMH#] Cluster size: 0
12-14 22:01:44.009: I/ClusteringDBUtils(13982): [#CMH#] updateClusterTable In nothing to update 
12-14 22:01:44.009: I/ClusteringTask(13982): [#CMH#] after mutex release 
12-14 22:01:44.011: D/PhoneStatusBar(4139): contaiiner onInflated
12-14 22:01:44.013: I/ZeroPageUtils(4864): activityName: flipboard.boxer.gui.LaunchActivity apptitle: Briefing appPreview: android.graphics.drawable.BitmapDrawable@6563c7e
12-14 22:01:44.024: D/TP/MmsSmsProvider(4070): query, match:13, calling pid = 14027, accessRestricted = false
12-14 22:01:44.026: D/Mms/TelephonyPermission(14027): DefaultSmsApp is com.samsung.android.messaging
12-14 22:01:44.026: D/Mms/TelephonyPermission(14027): isDefault true
12-14 22:01:44.026: I/ServiceManager(13982): [#CMH#] Bound to Package  com.samsung.dcmservice
12-14 22:01:44.028: I/ActivityManager(3579): Killing 10153:com.google.android.gms.ui/u0a25 (adj 904): empty for 2341s
12-14 22:01:44.032: I/ActivityManager(3579): Killing 10183:com.google.android.apps.photos/u0a156 (adj 904): empty for 2339s
12-14 22:01:44.032: I/ServiceManager(13982): [#CMH#] Bound to Package  com.samsung.dcmservice
12-14 22:01:44.033: I/ServiceManager(13982): [#CMH#] Bound to Package  com.samsung.enhanceservice
12-14 22:01:44.042: I/EnhanceService(14051): [EnhanceService] onSetResponseHandler () called 
12-14 22:01:44.042: I/[saiv 1.1](14003): saiv_OnLoadJNI.cpp(38): _init: Version 1.1 Build # 3532
12-14 22:01:44.042: I/[saiv 1.1](14003): saiv_OnLoadJNI.cpp(43): _init: _init() was called
12-14 22:01:44.044: W/NetworkIdentity(3579): Active mobile network without subscriber!
12-14 22:01:44.046: D/Mms/TelephonyUtils(14027): hasIccCard simSlot = 0, returnValue = false
12-14 22:01:44.048: I/ZeroPageUtils(4864): activityName: de.axelspringer.yana.activities.HomeActivity apptitle: upday appPreview: android.graphics.drawable.BitmapDrawable@fef74f5
12-14 22:01:44.048: D/ZeroPageUtils(4864): getZeropageAppListSize() = 2
12-14 22:01:44.050: W/NetworkIdentity(3579): Active mobile network without subscriber!
12-14 22:01:44.050: W/NetworkIdentity(3579): Active mobile network without subscriber!
12-14 22:01:44.050: W/NetworkIdentity(3579): Active mobile network without subscriber!
12-14 22:01:44.050: W/NetworkIdentity(3579): Active mobile network without subscriber!
12-14 22:01:44.051: W/NetworkIdentity(3579): Active mobile network without subscriber!
12-14 22:01:44.051: W/NetworkIdentity(3579): Active mobile network without subscriber!
12-14 22:01:44.051: W/NetworkIdentity(3579): Active mobile network without subscriber!
12-14 22:01:44.051: W/NetworkIdentity(3579): Active mobile network without subscriber!
12-14 22:01:44.051: W/NetworkIdentity(3579): Active mobile network without subscriber!
12-14 22:01:44.051: D/TP/MmsSmsProvider(4070): query, match 13:Elapsed time : 27.184 ms
12-14 22:01:44.052: I/DatabaseManager(13982): [#CMH#] handleLocaleChange notified 
12-14 22:01:44.053: D/VirtualScreenManager(4864): VirtualScreenManager created by Activity Context
12-14 22:01:44.053: D/SVirtualScreenManagerReflector(4864): completely initialized
12-14 22:01:44.054: D/MountService(3579): getExternalStorageMountMode : 3
12-14 22:01:44.054: D/MountService(3579): getExternalStorageMountMode : 3
12-14 22:01:44.054: D/MountService(3579): getExternalStorageMountMode : final mountMode=3, uid : 10103, packageName : com.sec.android.app.clockpackage
12-14 22:01:44.056: D/Mms/ArtClassLoader(14027): init [DONE] art
12-14 22:01:44.059: D/Mms/TelephonyUtils(14027): hasIccCard simSlot = 1, returnValue = false
12-14 22:01:44.059: D/Mms/TelephonyUtils(14027): initInsertedSimNum = 0 and Sim1 false and Sim2 false
12-14 22:01:44.061: I/MLDAP(14003):            libMLDAP/MLDAP.c:  53: ================================================
12-14 22:01:44.061: I/MLDAP(14003):            libMLDAP/MLDAP.c:  53:  MLDAP_LIB v1.1.15
12-14 22:01:44.061: I/MLDAP(14003):            libMLDAP/MLDAP.c:  53: ================================================
12-14 22:01:44.067: I/DCMService(14066): [#CMH#] onProcessNow () called 
12-14 22:01:44.068: I/DCMServiceController(14066): [#CMH#] Language Changed Re-running Location Task
12-14 22:01:44.069: I/BaseThreadPoolExecutor(14066): [#CMH#] Task com.samsung.dcmservice.extractors.task.LocationTask@4900d6f is submitted
12-14 22:01:44.073: E/Zygote(14097): v2
12-14 22:01:44.073: I/libpersona(14097): KNOX_SDCARD checking this for 10103
12-14 22:01:44.073: I/libpersona(14097): KNOX_SDCARD not a persona
12-14 22:01:44.074: E/Zygote(14097): accessInfo : 0
12-14 22:01:44.075: I/LocationTask(14066): [#CMH#] LocationTask started 
12-14 22:01:44.077: W/SELinux(14097): SELinux selinux_android_compute_policy_index : Policy Index[1],  Con:u:r:zygote:s0 SPD:SEPF_SECMOBILE_7.0_0006 RAM:SEPF_SECMOBILE_7.0_0004, [-1 -1 0 1 0 1]
12-14 22:01:44.078: I/SELinux(14097): SELinux: seapp_context_lookup: seinfo=platform, level=s0:c512,c768, pkgname=com.sec.android.app.clockpackage 
12-14 22:01:44.079: I/ActivityManager(3579): Start proc 14097:com.sec.android.app.clockpackage/u0a103 for broadcast com.sec.android.app.clockpackage/.alarmwidget.ClockAlarmWidgetProvider
12-14 22:01:44.087: D/ActivityManager(3579): cleanUpApplicationRecord -- 3867
12-14 22:01:44.093: D/ForegroundUtils(4733): could not check pending caller
12-14 22:01:44.098: D/ActivityThread(14097): Added TimaKeyStore provider
12-14 22:01:44.103: I/ActivityManager(3579): DSS on for com.sec.android.app.clockpackage and scale is 1.0
12-14 22:01:44.110: I/TMSDISP(14003): AcsAndroidVirtualDisplayIntfImpl
12-14 22:01:44.111: D/ActivityManager(3579): cleanUpApplicationRecord -- 10183
12-14 22:01:44.111: D/Mms:transaction(14027): Service state changed: Bundle[mParcelledData.dataSize=1632]
12-14 22:01:44.114: D/Mms/MethodReflector(14027): newFromBundle is called
12-14 22:01:44.114: D/Mms:transaction(14027): roaming ------> false, mSimSlot = 0
12-14 22:01:44.122: D/Mms:transaction(14027): roaming -> false (slotId = 0)
12-14 22:01:44.123: D/Mms:transaction(14027): [NotificationTransaction] getAutoDownloadState simSlot : 0
12-14 22:01:44.123: W/System(14097): ClassLoader referenced unknown path: /system/app/ClockPackage_N/lib/arm64
12-14 22:01:44.124: D/Mms:transaction(14027): isIgnoreNationalRoaming() = false
12-14 22:01:44.124: D/Mms:transaction(14027): auto download without roaming -> true
12-14 22:01:44.124: D/Mms:transaction(14027): [NotificationTransaction] getAutoDownloadState alwaysAuto : false, roaming : false
12-14 22:01:44.125: D/ForegroundUtils(4733): could not check pending caller
12-14 22:01:44.130: D/ICU(14003): No timezone override file found: /data/misc/zoneinfo/current/icu/icu_tzdata.dat
12-14 22:01:44.133: D/MenuAppsGridFragment(4864): onCreateView. savedInstanceState: not null
12-14 22:01:44.136: D/ActivityManager(3579): cleanUpApplicationRecord -- 10153
12-14 22:01:44.136: D/Mms:transaction(14027): roaming -> false (slotId = 1)
12-14 22:01:44.136: D/Mms:transaction(14027): [NotificationTransaction] getAutoDownloadState simSlot : 1
12-14 22:01:44.137: D/Mms:transaction(14027): isIgnoreNationalRoaming() = false
12-14 22:01:44.137: D/Launcher.MenuAppsGrid(4864): Created: com.android.launcher2.MenuAppsGrid{7b35d56 V.E...... ......I. 0,0-0,0 #7f10008b app:id/apps_grid}
12-14 22:01:44.137: D/Mms:transaction(14027): auto download without roaming slot2 -> true
12-14 22:01:44.137: D/Mms:transaction(14027): [NotificationTransaction] getAutoDownloadState alwaysAutoSlot2 : false, roaming : false
12-14 22:01:44.137: D/ContextRelationMgrBrdg(14097): loadKlass() : caller=com.samsung.android.bridge.multiscreen.common.ContextRelationManagerBridge.<clinit>:28 android.app.LoadedApk.makeApplication:840 
12-14 22:01:44.137: D/MenuAppsGridFragment(4864): onPageSwitch - newPageIndex = 0
12-14 22:01:44.138: D/Mms:transaction(14027): roaming -> false (slotId = 0)
12-14 22:01:44.138: D/InputMethodManager(4864): HSI from window - flag : 0 Pid : 4864
12-14 22:01:44.138: I/InputMethodManager(4864): HSI ignore mServedView == null or mServedView.getWindowToken() != windowToken, mServedView :0
12-14 22:01:44.138: D/Mms:transaction(14027): [NotificationTransaction] getAutoDownloadState simSlot : 0
12-14 22:01:44.138: D/Mms:transaction(14027): isIgnoreNationalRoaming() = false
12-14 22:01:44.138: D/Mms:transaction(14027): auto download without roaming -> true
12-14 22:01:44.138: D/Mms:transaction(14027): [NotificationTransaction] getAutoDownloadState alwaysAuto : false, roaming : false
12-14 22:01:44.138: D/Launcher.MenuAppsGrid(4864): appModelUpdated:-1
12-14 22:01:44.139: D/Mms:transaction(14027): mAutoDownload ------> true
12-14 22:01:44.139: D/ForegroundUtils(4733): could not check pending caller
12-14 22:01:44.139: D/Mms:transaction(14027): auto download during roaming secondary -> false
12-14 22:01:44.140: D/Mms:transaction(14027): mAutoDownload ------> true
12-14 22:01:44.140: D/Mms:transaction(14027): DownloadManager.init() done
12-14 22:01:44.145: D/Launcher(4864): onStart, Launcher: 242145550
12-14 22:01:44.145: D/Launcher.HomeView(4864): onStart
12-14 22:01:44.145: D/MenuAppsGridFragment(4864): onStart:false
12-14 22:01:44.145: D/Mms/MessageUtils(14027): initContactImage
12-14 22:01:44.147: I/Enhanced Zygote ASLR(14003): DISABLED!
12-14 22:01:44.148: I/Radio-JNI(14003): register_android_hardware_Radio DONE
12-14 22:01:44.149: I/VerificationLog(4864): onResume
12-14 22:01:44.149: D/Launcher(4864): onResume, Launcher: 242145550
12-14 22:01:44.151: D/ReflectionHelper(14003): loadKlass() : caller=android.app.Activity.<clinit>:7525 <bottom of call stack> 
12-14 22:01:44.151: D/ReflectionHelper(14003): Reflecting method.....  class <onScreenChanged>
12-14 22:01:44.152: E/SemAffinityControl(14003): SemAffinityControl: registerfunction enter
12-14 22:01:44.153: D/SecContentProvider(3579): query(), uri = 17 selection = isSettingsChangesAllowed
12-14 22:01:44.153: D/SecContentProvider(3579): called from com.sec.android.app.launcher
12-14 22:01:44.155: D/SecContentProvider(3579): query(), uri = 17 selection = isSettingsChangesAllowed
12-14 22:01:44.156: D/SecContentProvider(3579): called from com.sec.android.app.launcher
12-14 22:01:44.160: D/AndroidRuntime(14003): Calling main entry com.android.commands.settings.SettingsCmd
12-14 22:01:44.160: D/Launcher.HomeView(4864): onResume
12-14 22:01:44.161: I/[PDLIB]BNRClientProivder, VERSION : 1.7.8(14097): register - started.
12-14 22:01:44.162: I/[PDLIB]BNRClientProivder, VERSION : 1.7.8(14097): register - xml6 : Alarm, v5VJ0Ep6EE, com.sec.android.app.clockpackage.alarm.backuprestore.AlarmSCloudBackupRestore
12-14 22:01:44.163: I/[PDLIB]BNRClientHelper_Alarm(14097): BNRCLIENTHELPER, v: 1.7.8
12-14 22:01:44.163: I/[PDLIB]BNRClientProivder, VERSION : 1.7.8(14097): register - xml6 : WorldClock, pYz7p28bSl, com.sec.android.app.clockpackage.worldclock.backuprestore.WorldclockSCloudBackupRestore
12-14 22:01:44.163: D/SecContentProvider(3579): query(), uri = 17 selection = isSettingsChangesAllowed
12-14 22:01:44.163: I/[PDLIB]BNRClientHelper_WorldClock(14097): BNRCLIENTHELPER, v: 1.7.8
12-14 22:01:44.163: I/[PDLIB]BNRClientProivder, VERSION : 1.7.8(14097): register - xml6 quick_backup : ALARMWIDGET, I6IHHRg397, com.sec.android.app.clockpackage.alarm.backuprestore.AlarmWidgetSCloudBackupRestore
12-14 22:01:44.163: I/[PDLIB]QBNRClientHelper(14097): init SyncClientHelper : ALARMWIDGET
12-14 22:01:44.164: I/[PDLIB]BNRClientProivder, VERSION : 1.7.8(14097): register - xml6 quick_backup : DUALCLOCKWIDGET, ZCms5GaCFo, com.sec.android.widgetapp.dualclockdigital.DualClockDigitalBackupRestoreReceiver
12-14 22:01:44.164: I/[PDLIB]QBNRClientHelper(14097): init SyncClientHelper : DUALCLOCKWIDGET
12-14 22:01:44.164: D/Tile.AirplaneModeTile(4139):  handleUpdateState:  value false  state.dim false
12-14 22:01:44.167: D/SecContentProvider(3579): called from android.uid.shell:2000
12-14 22:01:44.170: D/capture(4864): ---------checkFileExist land
12-14 22:01:44.170: D/capture(4864): currentOrientation: 1 mMainHomeScreenshot: false mMainHomeScreenshotLand: true
12-14 22:01:44.171: D/AndroidRuntime(14003): Shutting down VM
12-14 22:01:44.173: I/LocationTask(14066): [#CMH#] Finished processing images in LocationTask,exiting 
12-14 22:01:44.173: D/SamsungAnalytics(14097): cf feature is supported
12-14 22:01:44.174: I/BaseThreadPoolExecutor(14066): [#CMH#] afterExecute FutureTask
12-14 22:01:44.176: D/SamsungAnalytics(14097): [Tracker] Tracker start:1.8.15
12-14 22:01:44.176: I/ServiceManager(13982): [#CMH#]   DCMService already stopped:
12-14 22:01:44.178: D/MenuAppsGridFragment(4864): onResume:false
12-14 22:01:44.179: D/MenuAppsGridFragment(4864): stateObj = com.android.launcher2.MenuAppsGrid$StateNormal@45e4dad
12-14 22:01:44.179: D/Launcher.MenuAppsGrid(4864): BlurInfo : false , true
12-14 22:01:44.180: D/MenuAppsGridFragment(4864): onResume  no mPendingModelUpdate:false this:MenuAppsGridFragment{89ff8e2 #0 id=0x1020011 APPS}
12-14 22:01:44.188: V/hong(4139): mid yDiff = 0
12-14 22:01:44.188: V/hong(4139): mid yDiff = 0
12-14 22:01:44.188: D/ToggleSlider(4139): setHost = com.android.systemui.statusbar.phone.QSTileHost@4768df2
12-14 22:01:44.188: D/ToggleSlider(4139): onDetachedFromWindow 
12-14 22:01:44.190: I/TMSDISP(14003): AcsAndroidVirtualDisplayIntfImpl::~AcsAndroidVirtualDisplayIntfImpl - Enter
12-14 22:01:44.190: I/TMSDISP(14003): AcsAndroidVirtualDisplayIntfImpl::~AcsAndroidVirtualDisplayIntfImpl - Enter2
12-14 22:01:44.190: I/TMSDISP(14003): AcsAndroidVirtualDisplayIntfImpl::~AcsAndroidVirtualDisplayIntfImpl - mSource2
12-14 22:01:44.190: I/TMSDISP(14003): AcsAndroidVirtualDisplayIntfImpl::~AcsAndroidVirtualDisplayIntfImpl - Exit
12-14 22:01:44.199: D/WindowManager(3579): addWindow: android.view.IWindow$Stub$Proxy@831df0 displayId=0
12-14 22:01:44.200: D/InputTransport(3579): Input channel constructed: fd=353
12-14 22:01:44.200: D/InputTransport(3579): Input channel constructed: fd=383
12-14 22:01:44.200: D/LockSettingsStorage(3579): mSKTLockState = 2
12-14 22:01:44.203: D/BrightnessDetail(4139): onFinishInflate
12-14 22:01:44.203: D/ToggleSlider(4139): onAttachedToWindow 
12-14 22:01:44.204: D/ToggleSlider(4139): initSlider  =  com.android.systemui.settings.ToggleSlider{c33d725 V.E...... ......I. 0,0-0,0 #7f130300 app:id/brightness_slider}
12-14 22:01:44.204: D/InputTransport(3579): Input channel destroyed: fd=383
12-14 22:01:44.205: D/InputTransport(4864): Input channel constructed: fd=75
12-14 22:01:44.205: D/ViewRootImpl@abe0473[LauncherActivity](4864): setView = DecorView@c351f30[LauncherActivity] touchMode=true
12-14 22:01:44.207: D/ActivityManager(3579): post active user change for 0 fullscreen true isHomeActivity() true
12-14 22:01:44.207: I/WallpaperManagerService(3579): switchPersonaWallpaper is called for personaId-0
12-14 22:01:44.208: D/KnoxTimeoutHandler(3579): post home show event for user 0
12-14 22:01:44.208: D/KnoxTimeoutHandler(3579): postActiveUserChange [MsgParam] userId: 0 fullscreen is true showWhenlocked is false isMutiwindowRecord is false multiwindowstyle is 0
12-14 22:01:44.208: D/WallpaperManagerService(3579):  force update = false; persona id = 0; current user =0; current persona = 0
12-14 22:01:44.208: D/KnoxKeyguardDelegate(3579): clear Flag
12-14 22:01:44.208: D/KnoxTimeoutHandler(3579): handleHomeShow for 0 and current 0
12-14 22:01:44.208: D/KnoxTimeoutHandler(3579): handleActiveUserChange [MsgParam] userId: 0 fullscreen is true showWhenlocked is false isMutiwindowRecord is false multiwindowstyle is 0
12-14 22:01:44.211: D/LockSettingsStorage(3579): mSKTLockState = 2
12-14 22:01:44.211: I/KnoxTimeoutHandler(3579): Shared devices show user statefalse
12-14 22:01:44.212: D/PackageManager(3579): setEnabledSetting : userId = 0 packageName = com.samsung.android.messaging cmp = com.android.mms.ui.ComposeMessageMms newState = 1 callingPackage = 10046
12-14 22:01:44.216: I/Choreographer(4864): Skipped 50 frames!  The application may be doing too much work on its main thread.
12-14 22:01:44.217: D/PackageManager(3579): setEnabledSetting : userId = 0 packageName = com.samsung.android.messaging cmp = com.android.mms.ui.ComposeMessageMmsNoVItem newState = 2 callingPackage = 10046
12-14 22:01:44.218: I/Telecom(3579): TelecomFeature: getContactsPackageName: com.samsung.android.contacts: TSI.iIC@AGo
12-14 22:01:44.218: I/Telecom(3579): com.android.server.telecom.TelecomServiceImpl$1: getSystemDialerPackage: com.samsung.android.contacts: TSI.iIC@AGo
12-14 22:01:44.219: D/Launcher(4864): onAttachedToWindow
12-14 22:01:44.220: I/Telecom(3579): TelecomFeature: getContactsPackageName: com.samsung.android.contacts: TSI.iIC@AGo
12-14 22:01:44.220: I/Telecom(3579): com.android.server.telecom.TelecomServiceImpl$1: getSystemDialerPackage: com.samsung.android.contacts: TSI.iIC@AGo
12-14 22:01:44.221: D/WallpaperService(4139): MSG_WINDOW_RESIZED
12-14 22:01:44.221: D/WallpaperService(4139): updateSurface forceRelayout=true redrawNeeded=true myWidth=1080 myHeight=1920 fixedSize=true mWidth=1080 mHeight=1920
12-14 22:01:44.221: V/WallpaperService(4139): Changes: creating=false format=false size=false
12-14 22:01:44.222: D/PackageManager(3579): setEnabledSetting : userId = 0 packageName = com.samsung.android.messaging cmp = com.android.mms.ui.RcsTransferContent newState = 2 callingPackage = 10046
12-14 22:01:44.223: V/WindowManager(3579): Relayout Window{8b7642cd0 u0 com.android.systemui.ImageWallpaper}: viewVisibility=0 req=1080x1920 WM.LayoutParams{(0,0)(1080x1920) gr=#800033 ty=2013 fl=#318 fmt=2 wanim=0x10302f2 naviIconColor=0}
12-14 22:01:44.224: D/LockSettingsStorage(3579): mSKTLockState = 2
12-14 22:01:44.225: D/PackageManager(3579): setEnabledSetting : userId = 0 packageName = com.samsung.android.messaging cmp = com.android.mms.ui.TmoTransferContent newState = 2 callingPackage = 10046
12-14 22:01:44.227: D/PackageManager(3579): setEnabledSetting : userId = 0 packageName = com.samsung.android.messaging cmp = com.android.mms.ui.TransferContent newState = 2 callingPackage = 10046
12-14 22:01:44.228: V/WallpaperService(4139): New surface=Surface(name=null)/@0x1f9cba7, frame=Rect(0, 0 - 1080, 1920),relayoutResult=3, mConfiguration={0 1.0 themeSeq = 0 showBtnBg = -1 ?mcc?mnc ?localeList ?layoutDir ?swdp ?wdp ?hdp ?density ?lsize ?long ?orien ?uimode ?night ?touch ?keyb/?/? ?nav/? mkbd/?}
12-14 22:01:44.229: V/WallpaperService(4139): Wallpaper size has changed: (1080, 1920
12-14 22:01:44.229: D/ImageWallpaper(4139): onSurfaceRedrawNeeded
12-14 22:01:44.229: D/ImageWallpaper(4139): drawFrame=false rotation=0 mLastRotation=0
12-14 22:01:44.229: D/ImageWallpaper(4139): drawFrame:[frame.width()]1080[frame.height()]1920
12-14 22:01:44.229: D/ImageWallpaper(4139): surfaceDimensionsChanged=false mLastSurfaceRotation=0 mDisplayWidth=-1 mDisplayHeight=-1
12-14 22:01:44.229: D/ImageWallpaper(4139): mNewKeyboard : 0 mLastKeyboard : 0 mForceDraw : false
12-14 22:01:44.229: D/ImageWallpaper(4139): redrawNeeded = false, mOffsetsChanged = false
12-14 22:01:44.229: D/ImageWallpaper(4139): Suppressed drawFrame since redraw is not needed and offsets have not changed.
12-14 22:01:44.229: D/WallpaperService(4139): finishDrawing
12-14 22:01:44.230: D/WindowManager(3579): finishDrawingWindow: Window{8b7642cd0 u0 com.android.systemui.ImageWallpaper} mDrawState=DRAW_PENDING
12-14 22:01:44.230: V/WallpaperService(4139): Layout: x=0 y=0 w=1080 h=1920
12-14 22:01:44.230: V/WallpaperService(4139): Offsets change in com.android.systemui.ImageWallpaper$DrawableEngine@aeb6cc1: 0.0,0.0
12-14 22:01:44.230: D/ImageWallpaper(4139): onOffsetsChanged: xOffset=0.0, yOffset=0.0, xOffsetStep=0.0, yOffsetStep=0.0, xPixels=0, yPixels=0
12-14 22:01:44.230: D/LockSettingsStorage(3579): mSKTLockState = 2
12-14 22:01:44.232: D/ImageWallpaper(4139): drawFrame=false rotation=0 mLastRotation=0
12-14 22:01:44.232: D/ImageWallpaper(4139): drawFrame:[frame.width()]1080[frame.height()]1920
12-14 22:01:44.232: D/ImageWallpaper(4139): surfaceDimensionsChanged=false mLastSurfaceRotation=0 mDisplayWidth=-1 mDisplayHeight=-1
12-14 22:01:44.232: D/ImageWallpaper(4139): mNewKeyboard : 0 mLastKeyboard : 0 mForceDraw : false
12-14 22:01:44.232: D/ImageWallpaper(4139): redrawNeeded = false, mOffsetsChanged = false
12-14 22:01:44.232: D/ImageWallpaper(4139): Suppressed drawFrame since redraw is not needed and offsets have not changed.
12-14 22:01:44.232: D/vol.SecVolumeDialog(4139): updateWindowWidth lp.width=1080, mCurrentWindowWidth = 1080
12-14 22:01:44.232: W/SemDesktopModeManager(4139): isDesktopMode: Desktop Mode feature not available
12-14 22:01:44.236: I/WallpaperScroller(4864): wallpaerscroller set window token : android.view.ViewRootImpl$W@ca3c23a
12-14 22:01:44.244: D/PackageManager(3579): setEnabledSetting : userId = 0 packageName = com.samsung.android.messaging cmp = com.android.mms.freemessage.EnhancedMessageEsuReceiver newState = 1 callingPackage = 10046
12-14 22:01:44.249: D/KeyguardUpdateMonitor(4139): received broadcast android.intent.action.LOCALE_CHANGED
12-14 22:01:44.249: D/VolumeInfo(4139): VolumeInfo from Parcel: id private ,type 1 ,disk null
12-14 22:01:44.249: D/VolumeInfo(4139): VolumeInfo from Parcel: id emulated ,type 2 ,disk null
12-14 22:01:44.249: D/VolumeInfo(4139): VolumeInfo from Parcel: id privatemode ,type 0 ,disk null
12-14 22:01:44.250: D/StorageNotification(4139): Notifying about private volume: VolumeInfo{private}:
12-14 22:01:44.250: D/StorageNotification(4139):     type=PRIVATE diskId=null partGuid=null mountFlags=0 mountUserId=-1 
12-14 22:01:44.250: D/StorageNotification(4139):     state=MOUNTED 
12-14 22:01:44.250: D/StorageNotification(4139):     fsType=null fsUuid=null fsLabel=null 
12-14 22:01:44.250: D/StorageNotification(4139):     path=/data internalPath=null 
12-14 22:01:44.255: D/NetworkController(4139): dynamicallyReduceTextSize : mDisplayMetrics.densityDpi480
12-14 22:01:44.256: D/ViewRootImpl@9ee1dac[DockedStackDivider](4139): dispatchDetachedFromWindow
12-14 22:01:44.257: W/AppOps(3579): Finishing op nesting under-run: uid 10006 pkg com.android.systemui code 64 time=0 duration=0 nesting=0
12-14 22:01:44.258: D/LockSettingsStorage(3579): mSKTLockState = 2
12-14 22:01:44.259: D/InputTransport(3579): Input channel destroyed: fd=372
12-14 22:01:44.265: D/InputTransport(4139): Input channel destroyed: fd=70
12-14 22:01:44.265: D/MountService(3579): getExternalStorageMountMode : 1
12-14 22:01:44.265: D/MountService(3579): getExternalStorageMountMode : 3
12-14 22:01:44.265: I/Choreographer(4139): Skipped 44 frames!  The application may be doing too much work on its main thread.
12-14 22:01:44.266: D/MountService(3579): getExternalStorageMountMode : final mountMode=1, uid : 10167, packageName : com.sec.android.inputmethod
12-14 22:01:44.266: V/WindowManager(3579): Relayout Window{7e7c5a5d0 u0 DockedStackDivider}: viewVisibility=4 req=1080x144 WM.LayoutParams{(0,0)(fillx144) sim=#20 ty=2034 fl=#21840028 pfl=0x40 fmt=-3 vsysui=0x700 naviIconColor=0}
12-14 22:01:44.267: D/LockSettingsStorage(3579): mSKTLockState = 2
12-14 22:01:44.269: D/Mms/TelephonyUtils(14027): ACTION_SIM_STATE_CHANGED
12-14 22:01:44.269: D/Mms/TelephonyUtils(14027): mSimStateReceiver(): simStatus = ABSENT
12-14 22:01:44.269: D/Mms/TelephonyUtils(14027): mSimStateReceiver() ABSENT reset SMSC preference
12-14 22:01:44.272: D/LockSettingsStorage(3579): mSKTLockState = 2
12-14 22:01:44.275: V/hong(4139): mid yDiff = 0
12-14 22:01:44.275: V/hong(4139): mid yDiff = 0
12-14 22:01:44.289: E/Zygote(14132): v2
12-14 22:01:44.289: I/libpersona(14132): KNOX_SDCARD checking this for 10167
12-14 22:01:44.289: I/libpersona(14132): KNOX_SDCARD not a persona
12-14 22:01:44.290: E/Zygote(14132): accessInfo : 0
12-14 22:01:44.290: I/ActivityManager(3579): Start proc 14132:com.sec.android.inputmethod:spellcheckerService/u0a167 for service com.sec.android.inputmethod/.base.spellcheckservice.SamsungIMESpellCheckerService
12-14 22:01:44.294: D/SamsungAnalytics(14097): user do not agree
12-14 22:01:44.300: V/hong(4139): mid yDiff = 0
12-14 22:01:44.300: V/hong(4139): mid yDiff = 0
12-14 22:01:44.302: W/SELinux(14132): SELinux selinux_android_compute_policy_index : Policy Index[1],  Con:u:r:zygote:s0 SPD:SEPF_SECMOBILE_7.0_0006 RAM:SEPF_SECMOBILE_7.0_0004, [-1 -1 0 1 0 1]
12-14 22:01:44.303: D/Launcher.Workspace(4864): changeOrientationIfRequired MobileKeyboardChanged : false   DisplayHeight : 1920  Density : 3.0   newConfig.orientation : 1
12-14 22:01:44.303: D/Launcher.Workspace(4864): ChangeMobileKeyboard:false mCurrentOrientation:1 mRequestedOrientation:1 newConfig.orientation:1 isShown:trueQuickViewWorkspace isOpened: false
12-14 22:01:44.303: I/SELinux(14132): SELinux: seapp_context_lookup: seinfo=platform, level=s0:c512,c768, pkgname=com.sec.android.inputmethod:spellcheckerService 
12-14 22:01:44.305: D/QuickViewWorkspace(4864): onMeasure()
12-14 22:01:44.307: V/WindowManager(3579): Relayout Window{b85bdeed0 u0 com.sec.android.app.launcher/com.sec.android.app.launcher.activities.LauncherActivity}: viewVisibility=0 req=1080x1848 WM.LayoutParams{(0,0)(fillxfill) sim=#130 ty=1 fl=#81910d00 pfl=0x20000 fmt=-2 wanim=0x103038a vsysui=0x600 needsMenuKey=2 dimDuration=0 naviIconColor=0}
12-14 22:01:44.308: I/SurfaceFlinger(3185): id=21 createSurf (1080x1920),1 flag=4, MauncherAct
12-14 22:01:44.312: D/Mms/Conversation(14027): [start]    init() consume time = 312.844192
12-14 22:01:44.315: D/LockSettingsStorage(3579): mSKTLockState = 2
12-14 22:01:44.318: D/TP/MmsSmsProvider(4070): delete, match:1, calling pid = 14027
12-14 22:01:44.319: D/TP/MmsSmsProvider(4070): deleteConversation threadId: 9223372036854775807
12-14 22:01:44.319: V/TP/MmsSmsProvider(4070): deleteConversation delete_sys_msg: true finalSelection=thread_id = 9223372036854775807
12-14 22:01:44.323: I/TP/MmsSmsProvider(4070): delete messages table selection : (thread_id = 9223372036854775807) AND (box_type = 3) null
12-14 22:01:44.324: D/ActivityThread(14132): Added TimaKeyStore provider
12-14 22:01:44.324: D/TP/MmsSmsProvider(4070): delete URI_CONVERSATIONS_MESSAGES affectedRows=0 isIntegrated=false
12-14 22:01:44.324: V/TP/MmsSmsDatabaseHelper(4070): updateThread(), thread_id = 9223372036854775807
12-14 22:01:44.326: D/InputDispatcher(3579): Focus entered window: 4864
12-14 22:01:44.326: I/ActivityManager(3579): DSS on for com.sec.android.inputmethod and scale is 1.0
12-14 22:01:44.329: D/QuickViewWorkspace(4864): onMeasure()
12-14 22:01:44.330: D/mali_winsys(4864): EGLint new_window_surface(egl_winsys_display*, void*, EGLSurface, EGLConfig, egl_winsys_surface**, egl_color_buffer_format*, EGLBoolean) returns 0x3000,  [1080x1920]-format:1
12-14 22:01:44.330: D/Launcher.HomeView(4864): onPageSwitch - newPageIndex = 1, getHomeScreenIndex = 1, moveToZeroPage = false
12-14 22:01:44.330: D/capture(4864): currentOrientation: 1 mMainHomeScreenshot: false mMainHomeScreenshotLand: true
12-14 22:01:44.330: D/QuickViewWorkspace(4864): onLayout()7
12-14 22:01:44.331: E/ActivityThread(4864): Activity com.android.launcher2.Launcher has leaked IntentReceiver com.android.launcher2.Launcher$3@2fd8062 that was originally registered here. Are you missing a call to unregisterReceiver()?
12-14 22:01:44.331: E/ActivityThread(4864): android.app.IntentReceiverLeaked: Activity com.android.launcher2.Launcher has leaked IntentReceiver com.android.launcher2.Launcher$3@2fd8062 that was originally registered here. Are you missing a call to unregisterReceiver()?
12-14 22:01:44.331: E/ActivityThread(4864): 	at android.app.LoadedApk$ReceiverDispatcher.<init>(LoadedApk.java:1222)
12-14 22:01:44.331: E/ActivityThread(4864): 	at android.app.LoadedApk.getReceiverDispatcher(LoadedApk.java:993)
12-14 22:01:44.331: E/ActivityThread(4864): 	at android.app.ContextImpl.registerReceiverInternal(ContextImpl.java:1331)
12-14 22:01:44.331: E/ActivityThread(4864): 	at android.app.ContextImpl.registerReceiver(ContextImpl.java:1311)
12-14 22:01:44.331: E/ActivityThread(4864): 	at android.app.ContextImpl.registerReceiver(ContextImpl.java:1305)
12-14 22:01:44.331: E/ActivityThread(4864): 	at android.content.ContextWrapper.registerReceiver(ContextWrapper.java:617)
12-14 22:01:44.331: E/ActivityThread(4864): 	at com.android.launcher2.Launcher.onResume(Launcher.java:1084)
12-14 22:01:44.331: E/ActivityThread(4864): 	at android.app.Instrumentation.callActivityOnResume(Instrumentation.java:1277)
12-14 22:01:44.331: E/ActivityThread(4864): 	at android.app.Activity.performResume(Activity.java:7058)
12-14 22:01:44.331: E/ActivityThread(4864): 	at android.app.ActivityThread.performResumeActivity(ActivityThread.java:3765)
12-14 22:01:44.331: E/ActivityThread(4864): 	at android.app.ActivityThread.handleResumeActivity(ActivityThread.java:3828)
12-14 22:01:44.331: E/ActivityThread(4864): 	at android.app.ActivityThread.handleLaunchActivity(ActivityThread.java:2991)
12-14 22:01:44.331: E/ActivityThread(4864): 	at android.app.ActivityThread.-wrap14(ActivityThread.java)
12-14 22:01:44.331: E/ActivityThread(4864): 	at android.app.ActivityThread$H.handleMessage(ActivityThread.java:1635)
12-14 22:01:44.331: E/ActivityThread(4864): 	at android.os.Handler.dispatchMessage(Handler.java:102)
12-14 22:01:44.331: E/ActivityThread(4864): 	at android.os.Looper.loop(Looper.java:154)
12-14 22:01:44.331: E/ActivityThread(4864): 	at android.app.ActivityThread.main(ActivityThread.java:6692)
12-14 22:01:44.331: E/ActivityThread(4864): 	at java.lang.reflect.Method.invoke(Native Method)
12-14 22:01:44.331: E/ActivityThread(4864): 	at com.android.internal.os.ZygoteInit$MethodAndArgsCaller.run(ZygoteInit.java:1468)
12-14 22:01:44.331: E/ActivityThread(4864): 	at com.android.internal.os.ZygoteInit.main(ZygoteInit.java:1358)
12-14 22:01:44.335: V/TP/MmsSmsDatabaseHelper(4070): sUpgradeVersion = 0, db.getVersion() = 154
12-14 22:01:44.340: E/ViewRootImpl(4864): sendUserActionEvent() mView == null
12-14 22:01:44.346: D/ScrollView(4139):  onsize change changed 
12-14 22:01:44.348: D/BootupListener(4070): onReceive : android.intent.action.LOCALE_CHANGED
12-14 22:01:44.352: V/TP/MmsSmsDatabaseHelper(4070): updateThread() end, affectedRows = 0
12-14 22:01:44.353: D/TP/MmsSmsProvider(4070): delete URI_CONVERSATIONS_MESSAGES affectedRows=0
12-14 22:01:44.353: D/TP/MmsSmsProvider(4070): delete threadId: 9223372036854775807
12-14 22:01:44.353: D/TP/MmsSmsProvider(4070): delete, match 1:Elapsed time : 34.336 ms
12-14 22:01:44.353: D/TP/MmsSmsProvider(4070): need read changed broadcast:false
12-14 22:01:44.364: D/WindowManager(3579): finishDrawingWindow: Window{b85bdeed0 u0 com.sec.android.app.launcher/com.sec.android.app.launcher.activities.LauncherActivity} mDrawState=DRAW_PENDING
12-14 22:01:44.365: D/ViewRootImpl@abe0473[LauncherActivity](4864): MSG_RESIZED_REPORT: ci=Rect(0, 0 - 0, 0) vi=Rect(0, 0 - 0, 0) or=1
12-14 22:01:44.365: D/ViewRootImpl@abe0473[LauncherActivity](4864): MSG_WINDOW_FOCUS_CHANGED 1
12-14 22:01:44.367: V/InputMethodManager(4864): Starting input: tba=android.view.inputmethod.EditorInfo@c074b24 nm : com.sec.android.app.launcher ic=null
12-14 22:01:44.369: I/InputMethodManager(4864): [IMM] startInputInner - mService.startInputOrWindowGainedFocus
12-14 22:01:44.369: D/LockSettingsStorage(3579): mSKTLockState = 2
12-14 22:01:44.373: D/LockSettingsStorage(3579): mSKTLockState = 2
12-14 22:01:44.375: D/WindowManager(3579): finishDrawingWindow: Window{d77586ed0 u0 StatusBar} mDrawState=DRAW_PENDING
12-14 22:01:44.375: V/KeyguardUpdateMonitor(4139): OnSubscriptionsChangedListener : MSG_SIM_SUBSCRIPTION_INFO_CHANGED
12-14 22:01:44.375: V/WallpaperService(4139): Visibility change in com.android.systemui.ImageWallpaper$DrawableEngine@aeb6cc1: 0
12-14 22:01:44.376: V/WallpaperService(4139): onVisibilityChanged(false): com.android.systemui.ImageWallpaper$DrawableEngine@aeb6cc1
12-14 22:01:44.376: D/ImageWallpaper(4139): onVisibilityChanged: mVisible, visible=true, false
12-14 22:01:44.376: D/ImageWallpaper(4139): Visibility changed to visible=false
12-14 22:01:44.376: D/KeyguardUpdateMonitor(4139): received broadcast android.intent.action.SERVICE_STATE
12-14 22:01:44.376: E/SpellCheckerBindGroup(3579): Remove the spell checker bind unexpectedly.
12-14 22:01:44.376: V/KeyguardUpdateMonitor(4139): action android.intent.action.SERVICE_STATE serviceState=2 1 voice home data home  UMTS Unknown CSS not supported -1 -1 RoamInd=-1 DefRoamInd=-1 VoiceRegType=0 ImsVoiceAvail=0 IsEbSupport=2 IsEaBarred=0 Snap=0 MobileVoice=1 UMTS MobileData=1 UMTS PsOnly=false FemtocellInd=0 EmergOnly=true IsDataRoamingFromRegistration=false subId=-2
12-14 22:01:44.376: D/NetworkController(4139): dynamicallyReduceTextSize : mDisplayMetrics.densityDpi480
12-14 22:01:44.381: D/MediaScannerReceiver(5095): action: android.intent.action.LOCALE_CHANGED
12-14 22:01:44.382: D/UDSTile(4139): setIsAirplaneMode : false
12-14 22:01:44.385: D/InputMethodManagerService(3579): windowGainedFocus mCurrentFocusedUserId - 0 and mSecureKeypadEnabled-false
12-14 22:01:44.388: D/KnoxTimeoutHandler(3579): notifyActivityDrawn [MsgParam] userId: 0 fullscreen is true showWhenlocked is false isMutiwindowRecord is false multiwindowstyle is 0
12-14 22:01:44.388: D/MediaProvider(5095): received ACTION_LOCALE_CHANGED_AND_SCAN > set locale
12-14 22:01:44.389: D/KnoxTimeoutHandler(3579): activityDrawn [MsgParam] userId: 0 fullscreen is true showWhenlocked is false isMutiwindowRecord is false multiwindowstyle is 0
12-14 22:01:44.390: D/InputMethodManagerService(3579): mDesktopModeManager null!
12-14 22:01:44.390: D/InputTransport(3579): Input channel constructed: fd=383
12-14 22:01:44.391: D/InputTransport(3579): Input channel destroyed: fd=383
12-14 22:01:44.391: D/InputTransport(4864): Input channel constructed: fd=80
12-14 22:01:44.391: D/InputTransport(4864): Input channel destroyed: fd=96
12-14 22:01:44.391: I/KnoxTimeoutHandler(3579): SD activityfalse
12-14 22:01:44.391: I/KnoxTimeoutHandler(3579): Fullscreen and mCurrent is not KNOX user. Hence hide keyguard
12-14 22:01:44.392: D/MediaProvider(5095): Start LocaleChangeThread
12-14 22:01:44.392: D/MountService(3579): getExternalStorageMountMode : 1
12-14 22:01:44.392: D/MountService(3579): getExternalStorageMountMode : 3
12-14 22:01:44.392: D/MountService(3579): getExternalStorageMountMode : final mountMode=1, uid : 1000, packageName : com.android.settings
12-14 22:01:44.394: D/SamsungIME(4450): onFinishInput
12-14 22:01:44.395: D/SamsungIME(4450): IMPL finishInput
12-14 22:01:44.395: W/System(14132): ClassLoader referenced unknown path: /system/app/SamsungIMEv4/lib/arm64
12-14 22:01:44.395: I/SamsungIME(4450): [IMI] onStartInput - caller packageName : com.sec.android.app.launcher
12-14 22:01:44.395: D/SamsungIME(4450): onStartInput: No inputType, No imeOption, isInputViewShown = false, isExtractViewShown = false, isShowInputRequested = false, isConfigChanged = true, mIsFirstStartInput = false
12-14 22:01:44.395: D/SKBD SamsungIME_SYNC(4450): import DLM start onstart input
12-14 22:01:44.395: D/SKBD SamsungIME_SYNC(4450): shouldImportDLM mIsImportDLM false
12-14 22:01:44.399: D/MediaScanner(5095): Scanner Detects Unmount (/storage/emulated/0)
12-14 22:01:44.404: D/WindowManager(3579): finishDrawingWindow: Window{b85bdeed0 u0 com.sec.android.app.launcher/com.sec.android.app.launcher.activities.LauncherActivity} mDrawState=HAS_DRAWN
12-14 22:01:44.405: D/ContextRelationMgrBrdg(14132): loadKlass() : caller=com.samsung.android.bridge.multiscreen.common.ContextRelationManagerBridge.<clinit>:28 android.app.LoadedApk.makeApplication:840 
12-14 22:01:44.412: D/Mms/Conversation(14027): [end]    init consume time = 100.61573
12-14 22:01:44.414: E/Zygote(14149): v2
12-14 22:01:44.414: I/libpersona(14149): KNOX_SDCARD checking this for 1000
12-14 22:01:44.414: I/libpersona(14149): KNOX_SDCARD not a persona
12-14 22:01:44.414: I/ActivityManager(3579): Start proc 14149:com.android.settings/1000 for broadcast com.android.settings/.search.SecSettingsSearchIntentReceiver
12-14 22:01:44.415: D/Mms/DbVersion(14027): add COLUMN_SECRET_MESSAGE
12-14 22:01:44.415: E/Mms/DbVersion(14027): createMessagesProjection,Elapsed time : 0.259576 ms
12-14 22:01:44.416: E/Zygote(14149): accessInfo : 0
12-14 22:01:44.419: D/SamsungAnalytics(14132): cf feature is supported
12-14 22:01:44.420: W/SELinux(14149): SELinux selinux_android_compute_policy_index : Policy Index[1],  Con:u:r:zygote:s0 SPD:SEPF_SECMOBILE_7.0_0006 RAM:SEPF_SECMOBILE_7.0_0004, [-1 -1 0 1 0 1]
12-14 22:01:44.421: I/SELinux(14149): SELinux: seapp_context_lookup: seinfo=platform, pkgname=com.android.settings 
12-14 22:01:44.433: D/Mms/MessagingNotificationLight(14027): [start]    init() consume time = 20.40277
12-14 22:01:44.436: D/LockSettingsStorage(3579): mSKTLockState = 2
12-14 22:01:44.440: D/LockSettingsStorage(3579): mSKTLockState = 2
12-14 22:01:44.443: I/WindowManager(3579): Screen frozen for +1s150ms due to Window{d77586ed0 u0 StatusBar}
12-14 22:01:44.444: D/Mms/MessagingNotificationLight(14027): [end]    init consume time = 11.440307
12-14 22:01:44.445: D/ActivityThread(14149): Added TimaKeyStore provider
12-14 22:01:44.445: D/Mms/SpamFilter(14027): [start]    SpamFilter fill() begin consume time = 1.032308
12-14 22:01:44.447: I/SurfaceFlinger(3185): id=22 createSurf (2160x1920),-1 flag=20004, ClackSurfac
12-14 22:01:44.447: D/SamsungAnalytics(14132): [Tracker] Tracker start:1.8.15
12-14 22:01:44.450: I/ActivityManager(3579): DSS on for com.android.settings and scale is 1.0
12-14 22:01:44.464: I/SurfaceFlinger(3185): id=23 createSurf (1080x3840),-1 flag=20004, ClackSurfac
12-14 22:01:44.465: D/MediaProvider(5095): Finish LocaleThread. Time : 73ms 
12-14 22:01:44.466: I/SurfaceFlinger(3185): id=24 createSurf (2160x1920),-1 flag=20004, ClackSurfac
12-14 22:01:44.469: I/SKBD AnalyticsLogger(14132): AnalyticsLogger is initialized.
12-14 22:01:44.469: D/SKBD AnalyticsLogger(14132): handleMessage:1
12-14 22:01:44.472: I/SurfaceFlinger(3185): id=25 createSurf (1080x3840),-1 flag=20004, ClackSurfac
12-14 22:01:44.474: D/InputDispatcher(3579): setInputDispatchMode: enabled=1, frozen=0
12-14 22:01:44.480: D/TP/MmsSmsProvider(4070): query, match:4000, calling pid = 14027, accessRestricted = false
12-14 22:01:44.482: D/TP/MmsSmsProvider(4070): query, match 4000:Elapsed time : 2.131 ms
12-14 22:01:44.482: D/TP/MmsSmsProvider(4070): query, match:400, calling pid = 14027, accessRestricted = false
12-14 22:01:44.483: I/ActivityManager(3579): Killing 20003:com.google.android.configupdater/u0a9 (adj 904): empty for 2178s
12-14 22:01:44.484: W/System(14149): ClassLoader referenced unknown path: /system/priv-app/SecSettings2/lib/arm64
12-14 22:01:44.488: D/CarrierText(4139): updateCarrierText(): 0
12-14 22:01:44.488: D/MultiSimUtils(4139): isSimStateReadyorNotReady() : simSlot = 0, simState = ABSENT
12-14 22:01:44.491: D/CarrierText(4139): Getting plmn/spn/subId sticky brdcst  plmn : Emergency calls only., spn : , subId :-2
12-14 22:01:44.491: D/CarrierText(4139): plmn Of NetworkController Impl : Emergency calls only.
12-14 22:01:44.491: D/CarrierText(4139): setText : No SIM card  Emergency calls only.
12-14 22:01:44.498: D/ContextRelationMgrBrdg(14149): loadKlass() : caller=com.samsung.android.bridge.multiscreen.common.ContextRelationManagerBridge.<clinit>:28 android.app.LoadedApk.makeApplication:840 
12-14 22:01:44.500: E/Mms/DbUtils(14027): rebuild done, 0 drafts,Elapsed time : 60.3805 ms
12-14 22:01:44.501: I/Telecom(3579): TelecomFeature: getContactsPackageName: com.samsung.android.contacts: TSI.iIC@AGs
12-14 22:01:44.501: I/Telecom(3579): com.android.server.telecom.TelecomServiceImpl$1: getSystemDialerPackage: com.samsung.android.contacts: TSI.iIC@AGs
12-14 22:01:44.503: I/Telecom(3579): TelecomFeature: getContactsPackageName: com.samsung.android.contacts: TSI.iIC@AGs
12-14 22:01:44.503: I/Telecom(3579): com.android.server.telecom.TelecomServiceImpl$1: getSystemDialerPackage: com.samsung.android.contacts: TSI.iIC@AGs
12-14 22:01:44.504: V/hong(4139): mid yDiff = 114
12-14 22:01:44.504: V/hong(4139): mid yDiff = 114
12-14 22:01:44.504: V/WallpaperService(4139): Visibility change in com.android.systemui.ImageWallpaper$DrawableEngine@aeb6cc1: 1
12-14 22:01:44.504: V/WallpaperService(4139): onVisibilityChanged(true): com.android.systemui.ImageWallpaper$DrawableEngine@aeb6cc1
12-14 22:01:44.504: D/WallpaperService(4139): updateSurface forceRelayout=false redrawNeeded=false myWidth=1080 myHeight=1920 fixedSize=true mWidth=1080 mHeight=1920
12-14 22:01:44.504: D/ImageWallpaper(4139): onVisibilityChanged: mVisible, visible=false, true
12-14 22:01:44.504: D/ImageWallpaper(4139): Visibility changed to visible=true
12-14 22:01:44.505: D/ImageWallpaper(4139): drawFrame=false rotation=0 mLastRotation=0
12-14 22:01:44.505: D/ImageWallpaper(4139): drawFrame:[frame.width()]1080[frame.height()]1920
12-14 22:01:44.505: D/ImageWallpaper(4139): surfaceDimensionsChanged=false mLastSurfaceRotation=0 mDisplayWidth=-1 mDisplayHeight=-1
12-14 22:01:44.505: D/ImageWallpaper(4139): mNewKeyboard : 0 mLastKeyboard : 0 mForceDraw : false
12-14 22:01:44.505: D/ImageWallpaper(4139): redrawNeeded = false, mOffsetsChanged = false
12-14 22:01:44.505: D/ImageWallpaper(4139): Suppressed drawFrame since redraw is not needed and offsets have not changed.
12-14 22:01:44.505: V/KeyguardUpdateMonitor(4139): onSubscriptionInfoChanged()
12-14 22:01:44.511: V/KeyguardUpdateMonitor(4139): onSubscriptionInfoChanged: list is null
12-14 22:01:44.513: D/Mms/SpamFilter(14027): [end]    SpamFilter fill() finished consume time = 64.023731
12-14 22:01:44.516: D/CarrierText(4139): updateCarrierText(): 0
12-14 22:01:44.516: D/MultiSimUtils(4139): isSimStateReadyorNotReady() : simSlot = 0, simState = ABSENT
12-14 22:01:44.517: D/CarrierText(4139): Getting plmn/spn/subId sticky brdcst  plmn : Emergency calls only., spn : , subId :-2
12-14 22:01:44.517: D/CarrierText(4139): plmn Of NetworkController Impl : Emergency calls only.
12-14 22:01:44.517: D/CarrierText(4139): setText : No SIM card  Emergency calls only.
12-14 22:01:44.527: D/SKBD AnalyticsLogger(14132): initIntenally:false,android.app.SharedPreferencesImpl@aad5313,com.sec.android.inputmethod:spellcheckerService,com.sec.android.inputmethod
12-14 22:01:44.527: D/SKBD AnalyticsLogger(14132): initLibrary:true,false
12-14 22:01:44.527: D/SKBD AnalyticsLogger(14132): Remote process is running
12-14 22:01:44.529: I/BNRClientProivder, VERSION : 1.7.5(14149): register - xml6 quick_backup : ACCESSIBILITYSETTINGS, X6qErjsfs2, com.samsung.android.settings.accessibility.sharedaccessibility.scloud.BNRTask
12-14 22:01:44.529: I/QBNRClientHelper(14149): init SyncClientHelper : ACCESSIBILITYSETTINGS
12-14 22:01:44.529: I/Telecom(3579): TelecomFeature: getContactsPackageName: com.samsung.android.contacts: TSI.iIC@AGw
12-14 22:01:44.529: I/BNRClientProivder, VERSION : 1.7.5(14149): register - xml6 quick_backup : CONNECTIONS, C0phMaUuZZ, com.samsung.android.settings.wifi.mobileap.WifiApBackupRestore
12-14 22:01:44.530: I/Telecom(3579): com.android.server.telecom.TelecomServiceImpl$1: getSystemDialerPackage: com.samsung.android.contacts: TSI.iIC@AGw
12-14 22:01:44.530: I/QBNRClientHelper(14149): init SyncClientHelper : CONNECTIONS
12-14 22:01:44.530: I/BNRClientProivder, VERSION : 1.7.5(14149): register - xml6 quick_backup : WiFi, C0phMaUuZZ, com.samsung.android.settings.wifi.WifiBackupRestore
12-14 22:01:44.530: I/QBNRClientHelper(14149): init SyncClientHelper : WiFi
12-14 22:01:44.532: D/MediaScannerService(5095): !@start scanning volume requested by null external: [/storage/emulated/0, /storage/Private]
12-14 22:01:44.535: I/Telecom(3579): TelecomFeature: getContactsPackageName: com.samsung.android.contacts: TSI.iIC@AGw
12-14 22:01:44.535: I/Telecom(3579): com.android.server.telecom.TelecomServiceImpl$1: getSystemDialerPackage: com.samsung.android.contacts: TSI.iIC@AGw
12-14 22:01:44.535: D/KeyguardUpdateMonitor(4139): handleServiceStateChange(subId=-2, serviceState=2 1 voice home data home  UMTS Unknown CSS not supported -1 -1 RoamInd=-1 DefRoamInd=-1 VoiceRegType=0 ImsVoiceAvail=0 IsEbSupport=2 IsEaBarred=0 Snap=0 MobileVoice=1 UMTS MobileData=1 UMTS PsOnly=false FemtocellInd=0 EmergOnly=true IsDataRoamingFromRegistration=false
12-14 22:01:44.535: W/KeyguardUpdateMonitor(4139): invalid subId in handleServiceStateChange()
12-14 22:01:44.537: D/TP/MmsSmsProvider(4070): query, match:0, calling pid = 14027, accessRestricted = false
12-14 22:01:44.537: V/TP/MmsSmsProvider(4070): getSimpleConversations entered.
12-14 22:01:44.539: D/TP/MmsSmsProvider(4070): query, match 0:Elapsed time : 2.454 ms
12-14 22:01:44.539: D/PhoneStatusBar(4139): addNotification key=-1|android|17040420|null|1000
12-14 22:01:44.540: I/SettingSearch/SearchIntentReceiver(14149): action : android.intent.action.LOCALE_CHANGED
12-14 22:01:44.551: D/MountService(3579): getExternalStorageMountMode : 1
12-14 22:01:44.551: D/MountService(3579): getExternalStorageMountMode : 3
12-14 22:01:44.551: D/MountService(3579): getExternalStorageMountMode : final mountMode=1, uid : 10003, packageName : com.sec.android.provider.badge
12-14 22:01:44.565: D/Launcher.Model(4864): done with first binding step
12-14 22:01:44.565: I/GAv4(14132): Google Analytics 7.5.71 is starting up. To enable debug logging on a device run:
12-14 22:01:44.565: I/GAv4(14132):   adb shell setprop log.tag.GAv4 DEBUG
12-14 22:01:44.565: I/GAv4(14132):   adb logcat -s GAv4
