12-14 22:01:51.318: D/SecMenutree(14149): Cannot find field 'SEARCH_INDEX_DATA_PROVIDER'
12-14 22:01:51.318: D/SecMenutree(14149): Cannot find field 'SEARCH_INDEX_DATA_PROVIDER'
12-14 22:01:51.318: D/SecMenutree(14149): Cannot find field 'SEARCH_INDEX_DATA_PROVIDER'
12-14 22:01:51.328: I/ProviderInstaller(4912): Installed default security provider GmsCore_OpenSSL
12-14 22:01:51.333: I/OggExtractor(3223): ~OggExtractor ++
12-14 22:01:51.333: I/OggExtractor(3223): ~MyOggExtractor ++ 
12-14 22:01:51.333: I/OggExtractor(3223): ~MyOggExtractor --
12-14 22:01:51.333: I/OggExtractor(3223): ~OggExtractor --
12-14 22:01:51.411: I/ActivityManager(3579): DSS on for com.samsung.android.app.watchmanager and scale is 1.0
12-14 22:01:51.424: V/MediaPlayerService(3226): Create new media retriever from pid 5095
12-14 22:01:51.425: W/BlobLobber(4912): Not processing download id 41, not a BlobLobber blob
12-14 22:01:51.425: W/BlobLobber(4912): Notification for download id 41 which we didn't know or failed
12-14 22:01:51.436: D/SecMenutree(14149): isSupportedExternalPackage/com.sec.android.app.safetyassurance: false
12-14 22:01:51.436: D/SecMenutree(14149): Cannot find field 'SEARCH_INDEX_DATA_PROVIDER'
12-14 22:01:51.447: D/SecMenutree(14149): isSupportedExternalPackage/com.samsung.android.lool: true
12-14 22:01:51.449: W/System(14149): ClassLoader referenced unknown path: 
12-14 22:01:51.471: W/System(14870): ClassLoader referenced unknown path: /system/priv-app/GearManager/lib/arm64
12-14 22:01:51.477: E/SEC_DRM_PLUGIN_Omafl(3191): OmaPlugin::onOpenDecryptSession(fd)::Drm2IsDrmFileByExtFd::file is NOT DRM by extension
12-14 22:01:51.478: W/SEC_DRM_PLUGIN_Playready(3191): PlayreadyPlugIn: Function[DRM_ASFVerify_Context_Initialize]; Line[4469]; File type[0]
12-14 22:01:51.478: W/SEC_DRM_PLUGIN_Playready(3191): PlayReadyPlugIn: Function[onOpenDecryptSession]; Line[2576]; DRM Result[0x80004005]
12-14 22:01:51.495: D/ContextRelationMgrBrdg(14870): loadKlass() : caller=com.samsung.android.bridge.multiscreen.common.ContextRelationManagerBridge.<clinit>:28 android.app.LoadedApk.makeApplication:840 
12-14 22:01:51.519: I/BlobLobber(4912): Handling download id 42 (blob JC6YRvTmJs3qMr1c08WauZA)
12-14 22:01:51.523: D/SamsungAlarmManager(3579): Cancel Alarm calling from uid:10085 pid :4912 / op:PendingIntent{312be6e: PendingIntentRecord{5ac407 com.google.android.googlequicksearchbox startService}}
12-14 22:01:51.525: I/SamsungAlarmManager(3579): setLocked to kernel - T:2 / 20171214T220154, SetElapsed=20729546, nowELAPSED=20726417
12-14 22:01:51.546: I/OggExtractor(3223): ~OggExtractor ++
12-14 22:01:51.546: I/OggExtractor(3223): ~MyOggExtractor ++ 
12-14 22:01:51.546: I/OggExtractor(3223): ~MyOggExtractor --
12-14 22:01:51.546: I/OggExtractor(3223): ~OggExtractor --
12-14 22:01:51.664: D/tUHM:HostManagerUtils(14870): Build.Type : user
12-14 22:01:51.669: V/tUHM:TWatchManagerApplication(14870): onCreate
12-14 22:01:51.670: D/FeatureUtil(14870): checkSupportSemAPI
12-14 22:01:51.671: D/FeatureUtil(14870): semAvailable set as true 
12-14 22:01:51.672: D/tUHM:TWatchManagerApplication(14870): AppVersion : 2.2.16121661
12-14 22:01:51.674: D/tUHM:LocaleChangedReceiver(14870): onReceive [Intent { act=android.intent.action.LOCALE_CHANGED flg=0x10000010 cmp=com.samsung.android.app.watchmanager/com.samsung.android.app.twatchmanager.receiver.LocaleChangedReceiver launchParam=MultiScreenLaunchParams { mDisplayId=0 mFlags=0 } bqHint=0 }]
12-14 22:01:51.675: V/MediaPlayerService(3226): Create new media retriever from pid 5095
12-14 22:01:51.690: D/tUHM:UpdateUtil(14870): isNormalUpdateCancelled, res [false]
12-14 22:01:51.731: D/SamsungAlarmManager(3579): setInexact Intent (T:0/F:0/AC:false) 20171214T220651 - CU:10085/CP:4912
12-14 22:01:51.735: I/LanguagePackUpdateContr(4912): Not processing download: 43, not a language pack
12-14 22:01:51.740: E/SEC_DRM_PLUGIN_Omafl(3191): OmaPlugin::onOpenDecryptSession(fd)::Drm2IsDrmFileByExtFd::file is NOT DRM by extension
12-14 22:01:51.741: W/SEC_DRM_PLUGIN_Playready(3191): PlayreadyPlugIn: Function[DRM_ASFVerify_Context_Initialize]; Line[4469]; File type[0]
12-14 22:01:51.741: W/SEC_DRM_PLUGIN_Playready(3191): PlayReadyPlugIn: Function[onOpenDecryptSession]; Line[2576]; DRM Result[0x80004005]
12-14 22:01:51.761: V/DownloadManager(5095): Deleting /storage/emulated/0/Android/data/com.google.android.googlequicksearchbox/files/pending_blobs/JC6YRvTmJs3qMr1c08WauZA via provider delete
12-14 22:01:51.799: D/SPlannerAlarm(14775): [AlertMainService] android.intent.action.LOCALE_CHANGED
12-14 22:01:51.842: I/BlobLobber(4912): Handling download id 43 (blob J20TITGzsYMjOFBnbvJ2aEw)
12-14 22:01:51.856: I/LanguagePackUpdateContr(4912): Not processing download: 44, not a language pack
12-14 22:01:51.919: I/OggExtractor(3223): ~OggExtractor ++
12-14 22:01:51.919: I/OggExtractor(3223): ~MyOggExtractor ++ 
12-14 22:01:51.919: I/OggExtractor(3223): ~MyOggExtractor --
12-14 22:01:51.919: I/OggExtractor(3223): ~OggExtractor --
12-14 22:01:51.997: V/MediaPlayerService(3226): Create new media retriever from pid 5095
12-14 22:01:51.998: D/SamsungAlarmManager(3579): Cancel Alarm calling from uid:10085 pid :4912 / op:PendingIntent{9e2cb07: PendingIntentRecord{5ac407 com.google.android.googlequicksearchbox startService}}
12-14 22:01:51.999: I/SamsungAlarmManager(3579): setLocked to kernel - T:2 / 20171214T220154, SetElapsed=20729545, nowELAPSED=20726891
12-14 22:01:52.017: E/SEC_DRM_PLUGIN_Omafl(3191): OmaPlugin::onOpenDecryptSession(fd)::Drm2IsDrmFileByExtFd::file is NOT DRM by extension
12-14 22:01:52.018: W/SEC_DRM_PLUGIN_Playready(3191): PlayreadyPlugIn: Function[DRM_ASFVerify_Context_Initialize]; Line[4469]; File type[0]
12-14 22:01:52.018: W/SEC_DRM_PLUGIN_Playready(3191): PlayReadyPlugIn: Function[onOpenDecryptSession]; Line[2576]; DRM Result[0x80004005]
12-14 22:01:52.023: V/DownloadManager(5095): Deleting /storage/emulated/0/Android/data/com.google.android.googlequicksearchbox/files/pending_blobs/J20TITGzsYMjOFBnbvJ2aEw via provider delete
12-14 22:01:52.026: D/SamsungAlarmManager(3579): setInexact Intent (T:0/F:0/AC:false) 20171214T220651 - CU:10085/CP:4912
12-14 22:01:52.045: D/SamsungAlarmManager(3579): Cancel Alarm calling from uid:10155 pid :14775 / op:PendingIntent{dd6c434: PendingIntentRecord{871925d com.samsung.android.calendar broadcastIntent}}
12-14 22:01:52.053: D/SSRM:f(3579): SIOP:: AP = 350, PST = 261 (W:6), CP = 227, CUR = -78, LCD = 0
12-14 22:01:52.089: D/SamsungAlarmManager(3579): Cancel Alarm calling from uid:10155 pid :14775 / op:PendingIntent{3e1d7d2: PendingIntentRecord{871925d com.samsung.android.calendar broadcastIntent}}
12-14 22:01:52.116: D/SamsungAlarmManager(3579): Cancel Alarm calling from uid:10155 pid :14775 / op:PendingIntent{55710a3: PendingIntentRecord{871925d com.samsung.android.calendar broadcastIntent}}
12-14 22:01:52.135: D/SamsungAlarmManager(3579): Cancel Alarm calling from uid:10085 pid :4912 / op:PendingIntent{e35efa0: PendingIntentRecord{5ac407 com.google.android.googlequicksearchbox startService}}
12-14 22:01:52.156: D/SamsungAlarmManager(3579): setInexact Intent (T:0/F:0/AC:false) 20171214T220651 - CU:10085/CP:4912
12-14 22:01:52.220: D/SamsungAlarmManager(3579): Cancel Alarm calling from uid:10085 pid :4912 / op:PendingIntent{d619f1e: PendingIntentRecord{5ac407 com.google.android.googlequicksearchbox startService}}
12-14 22:01:52.228: D/MountService(3579): getExternalStorageMountMode : 1
12-14 22:01:52.228: D/MountService(3579): getExternalStorageMountMode : 3
12-14 22:01:52.229: D/MountService(3579): getExternalStorageMountMode : final mountMode=1, uid : 1000, packageName : com.samsung.android.fmm
12-14 22:01:52.264: E/Zygote(14899): v2
12-14 22:01:52.264: I/libpersona(14899): KNOX_SDCARD checking this for 1000
12-14 22:01:52.264: I/libpersona(14899): KNOX_SDCARD not a persona
12-14 22:01:52.265: E/Zygote(14899): accessInfo : 0
12-14 22:01:52.267: I/ActivityManager(3579): Start proc 14899:com.samsung.android.fmm/1000 for broadcast com.samsung.android.fmm/com.sec.dsm.system.DSMReceiver
12-14 22:01:52.272: W/SELinux(14899): SELinux selinux_android_compute_policy_index : Policy Index[1],  Con:u:r:zygote:s0 SPD:SEPF_SECMOBILE_7.0_0006 RAM:SEPF_SECMOBILE_7.0_0004, [-1 -1 0 1 0 1]
12-14 22:01:52.273: I/SELinux(14899): SELinux: seapp_context_lookup: seinfo=platform, pkgname=com.samsung.android.fmm 
12-14 22:01:52.282: D/SamsungAlarmManager(3579): setInexact Intent (T:0/F:0/AC:false) 20171214T220651 - CU:10085/CP:4912
12-14 22:01:52.309: D/ActivityThread(14899): Added TimaKeyStore provider
12-14 22:01:52.312: I/ActivityManager(3579): DSS on for com.samsung.android.fmm and scale is 1.0
12-14 22:01:52.338: D/SamsungAlarmManager(3579): Cancel Alarm calling from uid:10085 pid :4912 / op:PendingIntent{4013ff: PendingIntentRecord{5ac407 com.google.android.googlequicksearchbox startService}}
12-14 22:01:52.342: W/System(14899): ClassLoader referenced unknown path: /system/priv-app/Fmm/lib/arm64
12-14 22:01:52.345: I/BlobLobber(4912): Handling download id 44 (blob odws1_en:us_2017-11-28_177715800_release_signed)
12-14 22:01:52.355: D/SecMenutree(14149): isSupportedExternalPackage/com.samsung.android.lool: true
12-14 22:01:52.356: D/SamsungAlarmManager(3579): setInexact Intent (T:0/F:0/AC:false) 20171214T220652 - CU:10085/CP:4912
12-14 22:01:52.360: D/ContextRelationMgrBrdg(14899): loadKlass() : caller=com.samsung.android.bridge.multiscreen.common.ContextRelationManagerBridge.<clinit>:28 android.app.LoadedApk.makeApplication:840 
12-14 22:01:52.361: D/AODContentProvider(4880): calendarDBItemList : [-- Type[event01], Date[2017-04-13], getRemoteImage capacity[6933], isPreview[false]lockedTimeZone[null]cityName[null]]
12-14 22:01:52.362: D/AODContentProvider(4880): update from calendar : event01, remoteImage.capacity : 6933
12-14 22:01:52.375: I/PCWCLIENTTRACE_LOG(14899): DEFAULT_LOGON : true
12-14 22:01:52.375: I/PCWCLIENTTRACE_LOG(14899): DEFAULT_LOGLEVEL : 3
12-14 22:01:52.375: I/PCWCLIENTTRACE_DMDBOpenHelper(14899): new DMDBOpenHelper instance
12-14 22:01:52.377: D/ScoverManager(14775): serviceVersion : 17367040
12-14 22:01:52.378: D/CoverManagerWhiteLists(3579): isAllowedToUse : SIGNATURE_MATCH
12-14 22:01:52.389: D/SamsungAlarmManager(3579): Cancel Alarm calling from uid:10085 pid :4912 / op:PendingIntent{79a65cc: PendingIntentRecord{5ac407 com.google.android.googlequicksearchbox startService}}
12-14 22:01:52.392: I/DBG_FMMDM(14899): [6.2.39][Line:-1][p] isWifiOnly : false
12-14 22:01:52.392: I/DBG_FMMDM(14899): [6.2.39][Line:-1][a] XDM_FEATURE_WIFI_ONLY_MODEL : false
12-14 22:01:52.392: I/DBG_FMMDM(14899): [6.2.39][Line:-1][a] XDM_FEATURE_SIM_CHANGE : true
12-14 22:01:52.392: I/DBG_FMMDM(14899): [6.2.39][Line:-1][a] XDM_FEATURE_MQTT_AUTH_MODEL : true
12-14 22:01:52.393: D/PCWCLIENTTRACE_DMContentProvider(14899): [URIMatcher] - result : 2
12-14 22:01:52.394: I/DBG_FMMDM(14899): [6.2.39][Line:-1][a] FMMApplication NOT Start !
12-14 22:01:52.395: D/DSM(14899): [null/Lines:-1] [DSMReceiver] Noti status is chagned
12-14 22:01:52.405: I/DBG_FMMDM(14899): [6.2.39][Line:-1][onReceive] Start : android.intent.action.LOCALE_CHANGED
12-14 22:01:52.405: I/DBG_FMMDM(14899): [6.2.39][Line:-1][onReceive] android.intent.action.LOCALE_CHANGED
12-14 22:01:52.408: V/DownloadManager(5095): Deleting /storage/emulated/0/Android/data/com.google.android.googlequicksearchbox/files/pending_blobs/odws1_en:us_2017-11-28_177715800_release_signed via provider delete
12-14 22:01:52.461: D/WifiStateMachine(3579): Current network is: "wl-ftl-mt11-1-5" , ID is: 0
12-14 22:01:52.461: D/WifiStateMachine(3579): 5GHz mQnsLowerRssiThreshold is recovered, currentRssi = -45
12-14 22:01:52.470: I/OggExtractor(3223): ~OggExtractor ++
12-14 22:01:52.470: I/OggExtractor(3223): ~MyOggExtractor ++ 
12-14 22:01:52.471: I/OggExtractor(3223): ~MyOggExtractor --
12-14 22:01:52.471: I/OggExtractor(3223): ~OggExtractor --
12-14 22:01:52.507: V/WallpaperManagerService(3579): Wallpaper file change: evt=128 path=package-restrictions-backup.xml sys=false lock=false imagePending=false whichPending=0x0 written=true index=0
12-14 22:01:52.512: V/WallpaperManagerService(3579): Wallpaper file change: evt=8 path=package-restrictions.xml sys=false lock=false imagePending=false whichPending=0x0 written=true index=0
12-14 22:01:52.512: V/WallpaperManagerService(3579): Wallpaper file change: evt=512 path=package-restrictions-backup.xml sys=false lock=false imagePending=false whichPending=0x0 written=false index=0
12-14 22:01:52.519: V/MediaPlayerService(3226): Create new media retriever from pid 5095
12-14 22:01:52.525: E/SEC_DRM_PLUGIN_Omafl(3191): OmaPlugin::onOpenDecryptSession(fd)::Drm2IsDrmFileByExtFd::file is NOT DRM by extension
12-14 22:01:52.525: W/SEC_DRM_PLUGIN_Playready(3191): PlayreadyPlugIn: Function[DRM_ASFVerify_Context_Initialize]; Line[4469]; File type[0]
12-14 22:01:52.525: W/SEC_DRM_PLUGIN_Playready(3191): PlayReadyPlugIn: Function[onOpenDecryptSession]; Line[2576]; DRM Result[0x80004005]
12-14 22:01:52.560: I/OggExtractor(3223): ~OggExtractor ++
12-14 22:01:52.560: I/OggExtractor(3223): ~MyOggExtractor ++ 
12-14 22:01:52.560: I/OggExtractor(3223): ~MyOggExtractor --
12-14 22:01:52.560: I/OggExtractor(3223): ~OggExtractor --
12-14 22:01:52.613: D/Mms/MessagingNotification(14027): [start]    nonBlockingUpdateMessageIndicator() consume time = 5443.149881
12-14 22:01:52.619: D/Mms/MessagingNotification(14027): sDisableVibrateForCamera = false
12-14 22:01:52.619: D/Mms/TelephonyPermission(14027): mUserId = 0
12-14 22:01:52.619: D/Mms/TelephonyPermission(14027): isDefault true
12-14 22:01:52.621: E/ActivityThread(5095): Service com.android.providers.downloads.DownloadJobService has leaked ServiceConnection android.media.MediaScannerConnection@3bb80ca that was originally bound here
12-14 22:01:52.621: E/ActivityThread(5095): android.app.ServiceConnectionLeaked: Service com.android.providers.downloads.DownloadJobService has leaked ServiceConnection android.media.MediaScannerConnection@3bb80ca that was originally bound here
12-14 22:01:52.621: E/ActivityThread(5095): 	at android.app.LoadedApk$ServiceDispatcher.<init>(LoadedApk.java:1399)
12-14 22:01:52.621: E/ActivityThread(5095): 	at android.app.LoadedApk.getServiceDispatcher(LoadedApk.java:1294)
12-14 22:01:52.621: E/ActivityThread(5095): 	at android.app.ContextImpl.bindServiceCommon(ContextImpl.java:1503)
12-14 22:01:52.621: E/ActivityThread(5095): 	at android.app.ContextImpl.bindService(ContextImpl.java:1475)
12-14 22:01:52.621: E/ActivityThread(5095): 	at android.content.ContextWrapper.bindService(ContextWrapper.java:688)
12-14 22:01:52.621: E/ActivityThread(5095): 	at android.media.MediaScannerConnection.connect(MediaScannerConnection.java:122)
12-14 22:01:52.621: E/ActivityThread(5095): 	at com.android.providers.downloads.DownloadScanner.requestScan(DownloadScanner.java:132)
12-14 22:01:52.621: E/ActivityThread(5095): 	at com.android.providers.downloads.DownloadScanner.requestScanBlocking(DownloadScanner.java:85)
12-14 22:01:52.621: E/ActivityThread(5095): 	at com.android.providers.downloads.DownloadThread.run(DownloadThread.java:844)
12-14 22:01:52.622: D/SamsungAlarmManager(3579): setInexact Intent (T:0/F:0/AC:false) 20171214T220652 - CU:10085/CP:4912
12-14 22:01:52.624: V/MediaPlayerService(3226): Create new media retriever from pid 5095
12-14 22:01:52.624: E/ActivityThread(5095): Service com.android.providers.downloads.DownloadJobService has leaked ServiceConnection android.media.MediaScannerConnection@85112f8 that was originally bound here
12-14 22:01:52.624: E/ActivityThread(5095): android.app.ServiceConnectionLeaked: Service com.android.providers.downloads.DownloadJobService has leaked ServiceConnection android.media.MediaScannerConnection@85112f8 that was originally bound here
12-14 22:01:52.624: E/ActivityThread(5095): 	at android.app.LoadedApk$ServiceDispatcher.<init>(LoadedApk.java:1399)
12-14 22:01:52.624: E/ActivityThread(5095): 	at android.app.LoadedApk.getServiceDispatcher(LoadedApk.java:1294)
12-14 22:01:52.624: E/ActivityThread(5095): 	at android.app.ContextImpl.bindServiceCommon(ContextImpl.java:1503)
12-14 22:01:52.624: E/ActivityThread(5095): 	at android.app.ContextImpl.bindService(ContextImpl.java:1475)
12-14 22:01:52.624: E/ActivityThread(5095): 	at android.content.ContextWrapper.bindService(ContextWrapper.java:688)
12-14 22:01:52.624: E/ActivityThread(5095): 	at android.media.MediaScannerConnection.connect(MediaScannerConnection.java:122)
12-14 22:01:52.624: E/ActivityThread(5095): 	at com.android.providers.downloads.DownloadScanner.requestScan(DownloadScanner.java:132)
12-14 22:01:52.624: E/ActivityThread(5095): 	at com.android.providers.downloads.DownloadScanner.requestScanBlocking(DownloadScanner.java:85)
12-14 22:01:52.624: E/ActivityThread(5095): 	at com.android.providers.downloads.DownloadThread.run(DownloadThread.java:844)
12-14 22:01:52.633: E/ActivityThread(5095): Service com.android.providers.downloads.DownloadJobService has leaked ServiceConnection android.media.MediaScannerConnection@ba95341 that was originally bound here
12-14 22:01:52.633: E/ActivityThread(5095): android.app.ServiceConnectionLeaked: Service com.android.providers.downloads.DownloadJobService has leaked ServiceConnection android.media.MediaScannerConnection@ba95341 that was originally bound here
12-14 22:01:52.633: E/ActivityThread(5095): 	at android.app.LoadedApk$ServiceDispatcher.<init>(LoadedApk.java:1399)
12-14 22:01:52.633: E/ActivityThread(5095): 	at android.app.LoadedApk.getServiceDispatcher(LoadedApk.java:1294)
12-14 22:01:52.633: E/ActivityThread(5095): 	at android.app.ContextImpl.bindServiceCommon(ContextImpl.java:1503)
12-14 22:01:52.633: E/ActivityThread(5095): 	at android.app.ContextImpl.bindService(ContextImpl.java:1475)
12-14 22:01:52.633: E/ActivityThread(5095): 	at android.content.ContextWrapper.bindService(ContextWrapper.java:688)
12-14 22:01:52.633: E/ActivityThread(5095): 	at android.media.MediaScannerConnection.connect(MediaScannerConnection.java:122)
12-14 22:01:52.633: E/ActivityThread(5095): 	at com.android.providers.downloads.DownloadScanner.requestScan(DownloadScanner.java:132)
12-14 22:01:52.633: E/ActivityThread(5095): 	at com.android.providers.downloads.DownloadScanner.requestScanBlocking(DownloadScanner.java:85)
12-14 22:01:52.633: E/ActivityThread(5095): 	at com.android.providers.downloads.DownloadThread.run(DownloadThread.java:844)
12-14 22:01:52.634: E/ActivityThread(5095): Service com.android.providers.downloads.DownloadJobService has leaked ServiceConnection android.media.MediaScannerConnection@cdf2847 that was originally bound here
12-14 22:01:52.634: E/ActivityThread(5095): android.app.ServiceConnectionLeaked: Service com.android.providers.downloads.DownloadJobService has leaked ServiceConnection android.media.MediaScannerConnection@cdf2847 that was originally bound here
12-14 22:01:52.634: E/ActivityThread(5095): 	at android.app.LoadedApk$ServiceDispatcher.<init>(LoadedApk.java:1399)
12-14 22:01:52.634: E/ActivityThread(5095): 	at android.app.LoadedApk.getServiceDispatcher(LoadedApk.java:1294)
12-14 22:01:52.634: E/ActivityThread(5095): 	at android.app.ContextImpl.bindServiceCommon(ContextImpl.java:1503)
12-14 22:01:52.634: E/ActivityThread(5095): 	at android.app.ContextImpl.bindService(ContextImpl.java:1475)
12-14 22:01:52.634: E/ActivityThread(5095): 	at android.content.ContextWrapper.bindService(ContextWrapper.java:688)
12-14 22:01:52.634: E/ActivityThread(5095): 	at android.media.MediaScannerConnection.connect(MediaScannerConnection.java:122)
12-14 22:01:52.634: E/ActivityThread(5095): 	at com.android.providers.downloads.DownloadScanner.requestScan(DownloadScanner.java:132)
12-14 22:01:52.634: E/ActivityThread(5095): 	at com.android.providers.downloads.DownloadScanner.requestScanBlocking(DownloadScanner.java:85)
12-14 22:01:52.634: E/ActivityThread(5095): 	at com.android.providers.downloads.DownloadThread.run(DownloadThread.java:844)
12-14 22:01:52.645: D/SamsungAlarmManager(3579): Cancel Alarm calling from uid:10085 pid :4912 / op:PendingIntent{f89b015: PendingIntentRecord{5ac407 com.google.android.googlequicksearchbox startService}}
12-14 22:01:52.646: I/SamsungAlarmManager(3579): setLocked to kernel - T:2 / 20171214T220154, SetElapsed=20729546, nowELAPSED=20727538
12-14 22:01:52.653: I/FIPS_bssl(14915): FIPS (v1.1) approved mode (1) | 14915 | app_process
12-14 22:01:52.653: D/SecurityManagerNative(14915): SecurityManagerNative v2.7.2.2 On 64bit PLATFORM With BORINGSSL
12-14 22:01:52.654: D/SamsungAlarmManager(3579): setInexact Intent (T:0/F:0/AC:false) 20171214T220652 - CU:10085/CP:4912
12-14 22:01:52.658: E/appproc(14915): Enhanced Zygote ASLR: ro.knox.enhance.zygote.aslr != 1. Enhanced Zygote ASLR is DISABLED!
12-14 22:01:52.658: D/AndroidRuntime(14915): >>>>>> START com.android.internal.os.RuntimeInit uid 2000 <<<<<<
12-14 22:01:52.658: D/MountService(3579): getExternalStorageMountMode : 1
12-14 22:01:52.658: D/MountService(3579): getExternalStorageMountMode : 3
12-14 22:01:52.658: D/MountService(3579): getExternalStorageMountMode : final mountMode=1, uid : 10109, packageName : com.samsung.android.provider.filterprovider
12-14 22:01:52.660: D/AndroidRuntime(14915): CheckJNI is OFF
12-14 22:01:52.661: D/AndroidRuntime(14915): addProductProperty: start
12-14 22:01:52.662: D/TP/MmsProvider(4070): query uri=content://mms, match=0, calling pid = 14027
12-14 22:01:52.664: D/TP/MmsProvider(4070): query uri=content://mms, match=0:Elapsed time : 2.245 ms
12-14 22:01:52.688: E/Zygote(14921): v2
12-14 22:01:52.688: I/libpersona(14921): KNOX_SDCARD checking this for 10109
12-14 22:01:52.688: I/libpersona(14921): KNOX_SDCARD not a persona
12-14 22:01:52.689: I/ActivityManager(3579): Start proc 14921:com.samsung.android.provider.filterprovider/u0a109 for broadcast com.samsung.android.provider.filterprovider/.FilterProviderReceiver
12-14 22:01:52.691: E/Zygote(14921): accessInfo : 0
12-14 22:01:52.692: E/SEC_DRM_PLUGIN_Omafl(3191): OmaPlugin::onOpenDecryptSession(fd)::Drm2IsDrmFileByExtFd::file is NOT DRM by extension
12-14 22:01:52.692: W/SEC_DRM_PLUGIN_Playready(3191): PlayreadyPlugIn: Function[DRM_ASFVerify_Context_Initialize]; Line[4469]; File type[0]
12-14 22:01:52.692: W/SEC_DRM_PLUGIN_Playready(3191): PlayReadyPlugIn: Function[onOpenDecryptSession]; Line[2576]; DRM Result[0x80004005]
12-14 22:01:52.695: W/SELinux(14921): SELinux selinux_android_compute_policy_index : Policy Index[1],  Con:u:r:zygote:s0 SPD:SEPF_SECMOBILE_7.0_0006 RAM:SEPF_SECMOBILE_7.0_0004, [-1 -1 0 1 0 1]
12-14 22:01:52.696: I/SELinux(14921): SELinux: seapp_context_lookup: seinfo=platform, level=s0:c512,c768, pkgname=com.samsung.android.provider.filterprovider 
12-14 22:01:52.698: I/[saiv 1.1](14915): saiv_OnLoadJNI.cpp(38): _init: Version 1.1 Build # 3532
12-14 22:01:52.698: I/[saiv 1.1](14915): saiv_OnLoadJNI.cpp(43): _init: _init() was called
12-14 22:01:52.705: D/TP/MmsProvider(4070): query uri=content://mms/inbox, match=2, calling pid = 14027
12-14 22:01:52.706: D/SamsungAlarmManager(3579): Cancel Alarm calling from uid:10085 pid :4912 / op:PendingIntent{6848f2a: PendingIntentRecord{5ac407 com.google.android.googlequicksearchbox startService}}
12-14 22:01:52.707: I/SamsungAlarmManager(3579): setLocked to kernel - T:2 / 20171214T220154, SetElapsed=20729545, nowELAPSED=20727599
12-14 22:01:52.709: D/TP/MmsProvider(4070): query uri=content://mms/inbox, match=2:Elapsed time : 3.745 ms
12-14 22:01:52.715: V/WallpaperManagerService(3579): Wallpaper file change: evt=128 path=runtime-permissions.xml.bak sys=false lock=false imagePending=false whichPending=0x0 written=true index=0
12-14 22:01:52.716: D/TP/MmsSmsProvider(4070): query, match:8, calling pid = 14027, accessRestricted = false
12-14 22:01:52.717: I/MLDAP(14915):            libMLDAP/MLDAP.c:  53: ================================================
12-14 22:01:52.717: I/MLDAP(14915):            libMLDAP/MLDAP.c:  53:  MLDAP_LIB v1.1.15
12-14 22:01:52.717: I/MLDAP(14915):            libMLDAP/MLDAP.c:  53: ================================================
12-14 22:01:52.717: D/TP/MmsSmsProvider(4070): query, match 8:Elapsed time : 1.934 ms
12-14 22:01:52.718: D/ActivityThread(14921): Added TimaKeyStore provider
12-14 22:01:52.721: I/ActivityManager(3579): DSS on for com.samsung.android.provider.filterprovider and scale is 1.0
12-14 22:01:52.725: V/WallpaperManagerService(3579): Wallpaper file change: evt=8 path=runtime-permissions.xml sys=false lock=false imagePending=false whichPending=0x0 written=true index=0
12-14 22:01:52.725: V/WallpaperManagerService(3579): Wallpaper file change: evt=512 path=runtime-permissions.xml.bak sys=false lock=false imagePending=false whichPending=0x0 written=false index=0
12-14 22:01:52.726: D/SamsungAlarmManager(3579): setInexact Intent (T:0/F:0/AC:false) 20171214T220652 - CU:10085/CP:4912
12-14 22:01:52.729: D/SecMenutree(14149): isSupportedExternalPackage/com.samsung.android.lool: true
12-14 22:01:52.729: D/TP/MmsSmsProvider(4070): query, match:200, calling pid = 14027, accessRestricted = false
12-14 22:01:52.731: D/TP/MmsSmsProvider(4070): query, match 200:Elapsed time : 2.554 ms
12-14 22:01:52.739: D/SamsungAlarmManager(3579): Cancel Alarm calling from uid:10085 pid :4912 / op:PendingIntent{e8bf11b: PendingIntentRecord{5ac407 com.google.android.googlequicksearchbox startService}}
12-14 22:01:52.740: I/SamsungAlarmManager(3579): setLocked to kernel - T:2 / 20171214T220154, SetElapsed=20729546, nowELAPSED=20727633
12-14 22:01:52.741: W/System(14921): ClassLoader referenced unknown path: /system/app/FilterProvider/lib/arm64
12-14 22:01:52.749: D/ContextRelationMgrBrdg(14921): loadKlass() : caller=com.samsung.android.bridge.multiscreen.common.ContextRelationManagerBridge.<clinit>:28 android.app.LoadedApk.makeApplication:840 
12-14 22:01:52.751: D/Mms/MessagingNotification(14027): getUndeliveredMessageCount count=0
12-14 22:01:52.752: D/SamsungAlarmManager(3579): setInexact Intent (T:0/F:0/AC:false) 20171214T220652 - CU:10085/CP:4912
12-14 22:01:52.755: I/System.out(11342): (HTTPLog)-Static: isSBSettingEnabled false
12-14 22:01:52.755: I/System.out(11342): (HTTPLog)-Static: isSBSettingEnabled false
12-14 22:01:52.760: I/PreloadInfo(14921): Database Version : 3
12-14 22:01:52.760: I/PreloadFilterInstaller(14921): storeThirdPartyExternalFilters
12-14 22:01:52.761: D/Mms/MessageUtils(14027): isCurrentUserOwner true
12-14 22:01:52.768: I/TMSDISP(14915): AcsAndroidVirtualDisplayIntfImpl
12-14 22:01:52.771: D/Mms/MessageUtils(14027): isCurrentUserOwner true
12-14 22:01:52.775: I/FilterProviderReceiver(14921): onReceive in FilterProviderReceiver
12-14 22:01:52.775: I/PreloadInfo(14921): Database Version : 3
12-14 22:01:52.775: I/FilterLocaleChanger(14921): FilterLocaleChanger in FilterProvider changeLocale() funcion start
12-14 22:01:52.778: D/SamsungAlarmManager(3579): Cancel Alarm calling from uid:10085 pid :4912 / op:PendingIntent{aee12b8: PendingIntentRecord{5ac407 com.google.android.googlequicksearchbox startService}}
12-14 22:01:52.778: I/FilterLocaleChanger(14921): present packageName : com.samsung.android.provider.filterprovider
12-14 22:01:52.778: E/FilterLocaleChanger(14921): present country : 
12-14 22:01:52.778: E/FilterLocaleChanger(14921): present language : en
12-14 22:01:52.779: I/SamsungAlarmManager(3579): setLocked to kernel - T:2 / 20171214T220154, SetElapsed=20729545, nowELAPSED=20727671
12-14 22:01:52.779: I/FilterLocaleChanger(14921): FilterLocaleChanger in FilterProvider   : resourceName : libcalm_title
12-14 22:01:52.779: I/FilterLocaleChanger(14921): FilterProvider in FilterLocaleChanger : title : Calm
12-14 22:01:52.780: D/Mms/MessageUtils(14027): isCurrentUserOwner true
12-14 22:01:52.780: I/FilterLocaleChanger(14921): FilterLocaleChanger in FilterProvider   : resourceName : libdawn_title
12-14 22:01:52.781: I/FilterLocaleChanger(14921): FilterProvider in FilterLocaleChanger : title : Dawn
12-14 22:01:52.782: D/EnterpriseController(3228): netId is 0
12-14 22:01:52.782: D/Netd(3228): getNetworkForDns: using netid 502 for uid 10025
12-14 22:01:52.782: D/DnsProxyListener(3228): DNSDBG::dns addrinfo af 0
12-14 22:01:52.782: I/FilterLocaleChanger(14921): FilterLocaleChanger in FilterProvider   : resourceName : libdeep_title
12-14 22:01:52.782: I/FilterLocaleChanger(14921): FilterProvider in FilterLocaleChanger : title : Deep
12-14 22:01:52.784: I/FilterLocaleChanger(14921): FilterLocaleChanger in FilterProvider   : resourceName : libevergreen_title
12-14 22:01:52.784: I/FilterLocaleChanger(14921): FilterProvider in FilterLocaleChanger : title : Evergreen
12-14 22:01:52.785: D/TP/SmsProvider(4070): query,matched:0, calling pid = 14027
12-14 22:01:52.785: I/FilterLocaleChanger(14921): FilterLocaleChanger in FilterProvider   : resourceName : libfilm_title
12-14 22:01:52.785: I/FilterLocaleChanger(14921): FilterProvider in FilterLocaleChanger : title : Film
12-14 22:01:52.787: I/FilterLocaleChanger(14921): FilterLocaleChanger in FilterProvider   : resourceName : libgrayscale_title
12-14 22:01:52.787: I/FilterLocaleChanger(14921): FilterProvider in FilterLocaleChanger : title : Greyscale
12-14 22:01:52.788: I/FilterLocaleChanger(14921): FilterLocaleChanger in FilterProvider   : resourceName : libpastel_title
12-14 22:01:52.788: I/FilterLocaleChanger(14921): FilterProvider in FilterLocaleChanger : title : Pastel
12-14 22:01:52.789: I/FilterLocaleChanger(14921): FilterLocaleChanger in FilterProvider   : resourceName : libretro_title
12-14 22:01:52.790: I/FilterLocaleChanger(14921): FilterProvider in FilterLocaleChanger : title : Retro
12-14 22:01:52.790: D/ICU(14915): No timezone override file found: /data/misc/zoneinfo/current/icu/icu_tzdata.dat
12-14 22:01:52.791: I/FilterLocaleChanger(14921): present packageName : com.samsung.android.provider.filterprovider
12-14 22:01:52.793: E/FilterLocaleChanger(14921): present country : 
12-14 22:01:52.793: E/FilterLocaleChanger(14921): present language : en
12-14 22:01:52.794: I/FilterLocaleChanger(14921): FilterLocaleChanger in FilterProvider   : resourceName : libsunrise_title
12-14 22:01:52.794: I/FilterLocaleChanger(14921): FilterProvider in FilterLocaleChanger : title : Sunrise
12-14 22:01:52.795: I/FilterLocaleChanger(14921): present packageName : com.samsung.android.provider.filterprovider
12-14 22:01:52.796: E/FilterLocaleChanger(14921): present country : 
12-14 22:01:52.796: E/FilterLocaleChanger(14921): present language : en
12-14 22:01:52.797: I/FilterLocaleChanger(14921): FilterLocaleChanger in FilterProvider   : resourceName : libriddle_title
12-14 22:01:52.797: I/FilterLocaleChanger(14921): FilterProvider in FilterLocaleChanger : title : Riddle
12-14 22:01:52.799: I/FilterLocaleChanger(14921): present packageName : com.samsung.android.provider.filterprovider
12-14 22:01:52.799: E/FilterLocaleChanger(14921): present country : 
12-14 22:01:52.799: E/FilterLocaleChanger(14921): present language : en
12-14 22:01:52.800: I/FilterLocaleChanger(14921): FilterLocaleChanger in FilterProvider   : resourceName : libgold_title
12-14 22:01:52.800: I/FilterLocaleChanger(14921): FilterProvider in FilterLocaleChanger : title : Gold
12-14 22:01:52.800: D/SamsungAlarmManager(3579): setInexact Intent (T:0/F:0/AC:false) 20171214T220652 - CU:10085/CP:4912
12-14 22:01:52.801: I/FilterLocaleChanger(14921): FilterLocaleChanger in FilterProvider   : resourceName : libsweet_title
12-14 22:01:52.802: I/FilterLocaleChanger(14921): FilterProvider in FilterLocaleChanger : title : Sweet
12-14 22:01:52.802: D/TP/SmsProvider(4070): query, match 0:Elapsed time : 13.224 ms
12-14 22:01:52.803: I/FilterLocaleChanger(14921): present packageName : com.samsung.android.provider.filterprovider
12-14 22:01:52.808: I/Enhanced Zygote ASLR(14915): DISABLED!
12-14 22:01:52.808: I/Radio-JNI(14915): register_android_hardware_Radio DONE
12-14 22:01:52.811: D/ReflectionHelper(14915): loadKlass() : caller=android.app.Activity.<clinit>:7525 <bottom of call stack> 
12-14 22:01:52.811: D/ReflectionHelper(14915): Reflecting method.....  class <onScreenChanged>
12-14 22:01:52.812: E/SemAffinityControl(14915): SemAffinityControl: registerfunction enter
12-14 22:01:52.820: D/AndroidRuntime(14915): Calling main entry com.android.commands.pm.Pm
12-14 22:01:52.836: I/OggExtractor(3223): ~OggExtractor ++
12-14 22:01:52.837: I/OggExtractor(3223): ~MyOggExtractor ++ 
12-14 22:01:52.837: I/OggExtractor(3223): ~MyOggExtractor --
12-14 22:01:52.837: I/OggExtractor(3223): ~OggExtractor --
12-14 22:01:52.896: E/FilterLocaleChanger(14921): present country : 
12-14 22:01:52.896: E/FilterLocaleChanger(14921): present language : en
12-14 22:01:52.897: I/FilterLocaleChanger(14921): FilterLocaleChanger in FilterProvider   : resourceName : libnostalgia_title
12-14 22:01:52.897: I/FilterLocaleChanger(14921): FilterProvider in FilterLocaleChanger : title : Nostalgia
12-14 22:01:52.901: I/FilterLocaleChanger(14921): FilterLocaleChanger in FilterProvider   : resourceName : librose_title
12-14 22:01:52.902: I/FilterLocaleChanger(14921): FilterProvider in FilterLocaleChanger : title : Rose
12-14 22:01:52.905: I/FilterLocaleChanger(14921): present packageName : com.samsung.android.provider.filterprovider
12-14 22:01:53.088: I/art(14915): System.exit called, status: 0
12-14 22:01:53.088: I/AndroidRuntime(14915): VM exiting with result code 0.
12-14 22:01:53.089: I/TMSDISP(14915): AcsAndroidVirtualDisplayIntfImpl::~AcsAndroidVirtualDisplayIntfImpl - Enter
12-14 22:01:53.089: I/TMSDISP(14915): AcsAndroidVirtualDisplayIntfImpl::~AcsAndroidVirtualDisplayIntfImpl - Enter2
12-14 22:01:53.089: I/TMSDISP(14915): AcsAndroidVirtualDisplayIntfImpl::~AcsAndroidVirtualDisplayIntfImpl - mSource2
12-14 22:01:53.089: I/TMSDISP(14915): AcsAndroidVirtualDisplayIntfImpl::~AcsAndroidVirtualDisplayIntfImpl - Exit
12-14 22:01:53.091: V/MediaPlayerService(3226): Create new media retriever from pid 5095
12-14 22:01:53.094: E/FilterLocaleChanger(14921): present country : 
12-14 22:01:53.095: E/FilterLocaleChanger(14921): present language : en
12-14 22:01:53.098: I/FilterLocaleChanger(14921): FilterLocaleChanger in FilterProvider   : resourceName : libeveryday_title
12-14 22:01:53.099: I/FilterLocaleChanger(14921): FilterProvider in FilterLocaleChanger : title : Everyday
12-14 22:01:53.106: E/SEC_DRM_PLUGIN_Omafl(3191): OmaPlugin::onOpenDecryptSession(fd)::Drm2IsDrmFileByExtFd::file is NOT DRM by extension
12-14 22:01:53.107: W/SEC_DRM_PLUGIN_Playready(3191): PlayreadyPlugIn: Function[DRM_ASFVerify_Context_Initialize]; Line[4469]; File type[0]
12-14 22:01:53.107: W/SEC_DRM_PLUGIN_Playready(3191): PlayReadyPlugIn: Function[onOpenDecryptSession]; Line[2576]; DRM Result[0x80004005]
12-14 22:01:53.110: I/FilterLocaleChanger(14921): FilterLocaleChanger in FilterProvider   : resourceName : libmonogram_title
12-14 22:01:53.111: I/FilterLocaleChanger(14921): FilterProvider in FilterLocaleChanger : title : Monogram
12-14 22:01:53.164: I/OggExtractor(3223): ~OggExtractor ++
12-14 22:01:53.164: I/OggExtractor(3223): ~MyOggExtractor ++ 
12-14 22:01:53.164: I/OggExtractor(3223): ~MyOggExtractor --
12-14 22:01:53.165: I/OggExtractor(3223): ~OggExtractor --
12-14 22:01:53.292: V/MediaPlayerService(3226): Create new media retriever from pid 5095
12-14 22:01:53.294: D/SamsungAlarmManager(3579): Cancel Alarm calling from uid:10025 pid :11342 / op:PendingIntent{f3473f6: PendingIntentRecord{6c90074 com.google.android.gms broadcastIntent}}
12-14 22:01:53.297: D/MountService(3579): getExternalStorageMountMode : 1
12-14 22:01:53.298: D/MountService(3579): getExternalStorageMountMode : 3
12-14 22:01:53.298: D/MountService(3579): getExternalStorageMountMode : final mountMode=1, uid : 10071, packageName : com.samsung.android.provider.shootingmodeprovider
12-14 22:01:53.303: I/Icing(11342): IndexChimeraService.getServiceInterface callingPackage=com.google.android.googlequicksearchbox componentName=null serviceId=36
12-14 22:01:53.303: D/SamsungAlarmManager(3579): Cancel Alarm calling from uid:10085 pid :4912 / op:PendingIntent{aee83f7: PendingIntentRecord{5ac407 com.google.android.googlequicksearchbox startService}}
12-14 22:01:53.325: E/SEC_DRM_PLUGIN_Omafl(3191): OmaPlugin::onOpenDecryptSession(fd)::Drm2IsDrmFileByExtFd::file is NOT DRM by extension
12-14 22:01:53.325: E/Zygote(14952): v2
12-14 22:01:53.325: I/libpersona(14952): KNOX_SDCARD checking this for 10071
12-14 22:01:53.325: I/libpersona(14952): KNOX_SDCARD not a persona
12-14 22:01:53.325: W/SEC_DRM_PLUGIN_Playready(3191): PlayreadyPlugIn: Function[DRM_ASFVerify_Context_Initialize]; Line[4469]; File type[0]
12-14 22:01:53.325: W/SEC_DRM_PLUGIN_Playready(3191): PlayReadyPlugIn: Function[onOpenDecryptSession]; Line[2576]; DRM Result[0x80004005]
12-14 22:01:53.326: E/Zygote(14952): accessInfo : 0
12-14 22:01:53.331: W/SELinux(14952): SELinux selinux_android_compute_policy_index : Policy Index[1],  Con:u:r:zygote:s0 SPD:SEPF_SECMOBILE_7.0_0006 RAM:SEPF_SECMOBILE_7.0_0004, [-1 -1 0 1 0 1]
12-14 22:01:53.333: I/SELinux(14952): SELinux: seapp_context_lookup: seinfo=platform, level=s0:c512,c768, pkgname=com.samsung.android.provider.shootingmodeprovider 
12-14 22:01:53.338: I/ActivityManager(3579): Start proc 14952:com.samsung.android.provider.shootingmodeprovider/u0a71 for broadcast com.samsung.android.provider.shootingmodeprovider/com.samsung.android.app.shootingmodeinstaller.LocaleChangedIntentReceiver
12-14 22:01:53.354: D/ActivityThread(14952): Added TimaKeyStore provider
12-14 22:01:53.357: I/ActivityManager(3579): DSS on for com.samsung.android.provider.shootingmodeprovider and scale is 1.0
12-14 22:01:53.367: D/SamsungAlarmManager(3579): setInexact Intent (T:0/F:0/AC:false) 20171214T220652 - CU:10085/CP:4912
12-14 22:01:53.377: W/System(14952): ClassLoader referenced unknown path: /system/priv-app/ShootingModeProvider2/lib/arm64
12-14 22:01:53.381: D/TP/MmsSmsProvider(4070): query, match:37, calling pid = 14027, accessRestricted = false
12-14 22:01:53.387: D/SamsungAlarmManager(3579): setExact Intent (T:2/F:1/AC:false) 20171214T220158 - CU:10062/CP:14835
12-14 22:01:53.387: D/ContextRelationMgrBrdg(14952): loadKlass() : caller=com.samsung.android.bridge.multiscreen.common.ContextRelationManagerBridge.<clinit>:28 android.app.LoadedApk.makeApplication:840 
12-14 22:01:53.391: I/IcingInternalCorpora(11342): Received calendar change notification.
12-14 22:01:53.393: D/TP/MmsSmsProvider(4070): query, match 37:Elapsed time : 11.221 ms
12-14 22:01:53.403: D/GameManagerService(3579): identifyGamePackage. com.google.android.apps.mtaas.backdrop
12-14 22:01:53.416: D/SPlannerAlarm(14775): [AlertMainService] android.intent.action.PROVIDER_CHANGED
12-14 22:01:53.466: I/OggExtractor(3223): ~OggExtractor ++
12-14 22:01:53.466: I/OggExtractor(3223): ~MyOggExtractor ++ 
12-14 22:01:53.466: I/OggExtractor(3223): ~MyOggExtractor --
12-14 22:01:53.466: I/OggExtractor(3223): ~OggExtractor --
12-14 22:01:53.525: I/FIPS_bssl(14968): FIPS (v1.1) approved mode (1) | 14968 | /system/bin/lhd
12-14 22:01:53.525: D/SecurityManagerNative(14968): SecurityManagerNative v2.7.2.2 On 64bit PLATFORM With BORINGSSL
12-14 22:01:53.525: V/lhd(14968): GlLhdInterface::Init(/system/etc/lhd.conf)
12-14 22:01:53.525: E/lhd(14968): SetCfgValue: Critical Error. Unknown configuration parameter "FlpName"="tcp"
12-14 22:01:53.525: V/lhd(14968): SetCfgValue: LHD config "LheSerialControl"="BBD:Serial=TTY"
12-14 22:01:53.525: E/lhd(14968): SetCfgValue: Critical Error. Unknown configuration parameter "LheClockMHz"="100"
12-14 22:01:53.525: V/lhd(14968): SetCfgValue: LHD config "LhePatch"="/dev/bbd_patch"
12-14 22:01:53.525: V/lhd(14968): SetCfgValue: LHD config "LheMaxMcuResetTries"="4"
12-14 22:01:53.525: V/lhd(14968): SetCfgValue: LHD config "LheBbdPacket"="/dev/ttyBCM"
12-14 22:01:53.525: V/lhd(14968): SetCfgValue: LHD config "LheBbdControl"="/dev/bbd_control"
12-14 22:01:53.525: V/lhd(14968): SetCfgValue: LHD config "LheBbdSensor"="/dev/bbd_sensor"
12-14 22:01:53.525: V/lhd(14968): SetCfgValue: LHD config "Lhe477xDebugFlags"="RPC:FACILITY=33:STDOUT_PUTS:STDOUT_LOG"
12-14 22:01:53.525: E/lhd(14968): SetCfgValue: Critical Error. Unknown configuration parameter "LheSensorIpc"="true"
12-14 22:01:53.526: E/lhd(14968): SetCfgValue: Critical Error. Unknown configuration parameter "LhePinMux"="P17=M1"
12-14 22:01:53.526: V/lhd(14968): SetCfgValue: LHD config "LheAutoBaudDelayMS"="10"
12-14 22:01:53.526: V/lhd(14968): SetCfgValue: LHD config "LheMaxMcuResetTries"="3"
12-14 22:01:53.526: E/lhd(14968): OpenFirmwareFile: Fail to open /efs/sec_efs/sensorhub_urgent_fw.patch, errno 2
12-14 22:01:53.526: E/lhd(14968): getCustPatchVersion: Fail to parse patch /efs/sec_efs/sensorhub_urgent_fw.patch
12-14 22:01:53.526: E/lhd(14968): getCustPatchVersion: <CustomerVersion> not found
12-14 22:01:53.526: D/lhd(14968): GpsHalOneInstance: open("/data/system/gps/.lhd.lock", O_WRONLY|O_CREAT, 0660) returned -1, errno=13
12-14 22:01:53.526: E/lhd(14968): LHD Daemon Process is already running, the second instance will not be started!
12-14 22:01:53.527: E/audit(3107): type=1400 audit(1513317713.509:8549): avc:  denied  { write } for  pid=14968 comm="lhd" name=".lhd.lock" dev="sda18" ino=245310 scontext=u:r:lhd:s0 tcontext=u:object_r:system_data_file:s0 tclass=file permissive=0 SEPF_SECMOBILE_7.0_0006
12-14 22:01:53.528: E/audit(3107): type=1300 audit(1513317713.509:8549): arch=c00000b7 syscall=56 success=no exit=-13 a0=ffffff9c a1=7dbfc2fe40 a2=41 a3=1b0 items=0 ppid=1 pid=14968 auid=4294967295 uid=1021 gid=1000 euid=1021 suid=1021 fsuid=1021 egid=1000 sgid=1000 fsgid=1000 tty=(none) ses=4294967295 comm="lhd" exe="/system/bin/lhd" subj=u:r:lhd:s0 key=(null)
12-14 22:01:53.532: E/audit(3107): type=1327 audit(1513317713.509:8549): proctitle=2F73797374656D2F62696E2F6C6864002F73797374656D2F6574632F6C68642E636F6E66
12-14 22:01:53.532: E/audit(3107): type=1320 audit(1513317713.509:8549): 
12-14 22:01:53.532: D/SecurityLogAgent:SEDenialService(3579): Got Modify Event and sending Denial Intent for audit.log / /system/bin/lhd /system/etc/lhd.conf
12-14 22:01:53.532: W/ContextImpl(3579): Calling a method in the system process without a qualified user: android.app.ContextImpl.sendBroadcast:906 com.android.server.SEDenialService$AuditFileObserver.onEvent:84 android.os.FileObserver$ObserverThread.onEvent:122 android.os.FileObserver$ObserverThread.observe:-2 android.os.FileObserver$ObserverThread.run:85 
12-14 22:01:53.600: V/MediaPlayerService(3226): Create new media retriever from pid 5095
12-14 22:01:53.600: I/Icing(11342): Usage reports ok 0, Failed Usage reports 0, indexed 0, rejected 0, imm upload true
12-14 22:01:53.602: D/SecMenutree(14149): isSupportedExternalPackage/com.samsung.android.lool: true
12-14 22:01:53.607: I/WearableService(11313): Wearable Services stopping
12-14 22:01:53.607: D/TP/MmsSmsProvider(4070): query, match:2105, calling pid = 14027, accessRestricted = false
12-14 22:01:53.607: V/TP/MmsSmsProvider(4070): getImConversations
12-14 22:01:53.610: D/SecurityLogAgent:SEDenialService(3579): audit.ondenial set to 0 after sending samsung.intent.action.knox.DENIAL_NOTIFICATION intent
12-14 22:01:53.614: D/TP/MmsSmsProvider(4070): query, match 2105:Elapsed time : 6.959 ms
12-14 22:01:53.620: D/MountService(3579): getExternalStorageMountMode : 1
12-14 22:01:53.620: D/MountService(3579): getExternalStorageMountMode : 3
12-14 22:01:53.620: D/MountService(3579): getExternalStorageMountMode : final mountMode=1, uid : 5009, packageName : com.samsung.android.scloud
12-14 22:01:53.645: E/Zygote(14972): v2
12-14 22:01:53.645: I/libpersona(14972): KNOX_SDCARD checking this for 5009
12-14 22:01:53.645: I/libpersona(14972): KNOX_SDCARD not a persona
12-14 22:01:53.645: E/Zygote(14972): accessInfo : 0
12-14 22:01:53.651: W/SELinux(14972): SELinux selinux_android_compute_policy_index : Policy Index[1],  Con:u:r:zygote:s0 SPD:SEPF_SECMOBILE_7.0_0006 RAM:SEPF_SECMOBILE_7.0_0004, [-1 -1 0 1 0 1]
12-14 22:01:53.652: I/SELinux(14972): SELinux: seapp_context_lookup: seinfo=platform, level=s0:c512,c768, pkgname=com.samsung.android.scloud 
12-14 22:01:53.658: I/ActivityManager(3579): Start proc 14972:com.samsung.android.scloud/5009 for broadcast com.samsung.android.scloud/.app.ui.SCloudUiReceiver
12-14 22:01:53.662: D/Mms/MessagingNotification(14027): blockingUpdateMessageIndicator() isMuteThread : false newMsgThreadId : -2isIm=false
12-14 22:01:53.664: E/SEC_DRM_PLUGIN_Omafl(3191): OmaPlugin::onOpenDecryptSession(fd)::Drm2IsDrmFileByExtFd::file is NOT DRM by extension
12-14 22:01:53.664: W/SEC_DRM_PLUGIN_Playready(3191): PlayreadyPlugIn: Function[DRM_ASFVerify_Context_Initialize]; Line[4469]; File type[0]
12-14 22:01:53.664: W/SEC_DRM_PLUGIN_Playready(3191): PlayReadyPlugIn: Function[onOpenDecryptSession]; Line[2576]; DRM Result[0x80004005]
12-14 22:01:53.683: D/ActivityThread(14972): Added TimaKeyStore provider
12-14 22:01:53.686: I/ActivityManager(3579): DSS on for com.samsung.android.scloud and scale is 1.0
12-14 22:01:53.696: D/SamsungAlarmManager(3579): Cancel Alarm calling from uid:10155 pid :14775 / op:PendingIntent{d7d6893: PendingIntentRecord{871925d com.samsung.android.calendar broadcastIntent}}
12-14 22:01:53.705: D/TP/SmsProvider(4070): query,matched:51, calling pid = 14027
12-14 22:01:53.708: W/System(14972): ClassLoader referenced unknown path: /system/priv-app/SamsungCloud/lib/arm64
12-14 22:01:53.708: D/TP/SmsProvider(4070): query, match 51:Elapsed time : 2.529 ms
12-14 22:01:53.720: D/ContextRelationMgrBrdg(14972): loadKlass() : caller=com.samsung.android.bridge.multiscreen.common.ContextRelationManagerBridge.<clinit>:28 android.app.LoadedApk.makeApplication:840 
12-14 22:01:53.733: D/SecurityLogAgent(16843):  SeDenialReceiver : Intent received : samsung.intent.action.knox.DENIAL_NOTIFICATION
12-14 22:01:53.743: D/Mms/MessageUtils(14027): isCurrentUserOwner true
12-14 22:01:53.745: D/CoverManagerWhiteLists(3579): isAllowedToUse : SIGNATURE_MATCH
12-14 22:01:53.746: I/[SC]RequestProvider(14972): onCreate() ~!! : com.samsung.android.scloud.framework.SamsungCloudApp@1a03076
12-14 22:01:53.747: I/[SC]QuotaInterfaceManager(14972): sync start
12-14 22:01:53.761: I/[SC]RequestProvider(14972): uiregister - started.
12-14 22:01:53.761: I/[SC]RequestProvider(14972): quotaregister - started.
12-14 22:01:53.761: I/[SC]ExternalOEMControlProvider(14972): onCreate
12-14 22:01:53.762: I/[SC]FailLogsProvider(14972): onCreate
12-14 22:01:53.785: V/SamsungCloudLogs(14972):  set Log level [4->4]act[false]
12-14 22:01:53.786: I/[SC]CommonUtil(14972): isSemAvailable:1
12-14 22:01:53.786: I/[SC]SamsungCloudApp(14972): AppVer[V2MAIN_R 2.3.24][L:4]Sem[true] slog[false]com.samsung.android.scloud
12-14 22:01:53.793: D/TP/MmsSmsProvider(4070): query, match:910, calling pid = 14027, accessRestricted = false
12-14 22:01:53.795: D/TP/MmsSmsProvider(4070): getBlockingInfo() result=0
12-14 22:01:53.795: I/[SC]SamsungCloudApp(14972): controller allowed
12-14 22:01:53.796: D/TP/MmsSmsProvider(4070): query, match 910:Elapsed time : 3.216 ms
12-14 22:01:53.797: I/[SC]MetaManager(14972): MetaManager--[elapse:       1] Version Info[2.3.24]
12-14 22:01:53.802: D/Mms/MessagingNotification(14027): getBlockingInfo result=0
12-14 22:01:53.807: D/MountService(3579): getExternalStorageMountMode : 1
12-14 22:01:53.807: D/MountService(3579): getExternalStorageMountMode : 3
12-14 22:01:53.807: D/MountService(3579): getExternalStorageMountMode : final mountMode=1, uid : 10177, packageName : com.samsung.rcs
12-14 22:01:53.818: D/Mms/MessagingNotification(14027): isBlockingModeEnabled() = false, Zen mode = 0
12-14 22:01:53.828: E/Zygote(14993): v2
12-14 22:01:53.828: I/libpersona(14993): KNOX_SDCARD checking this for 10177
12-14 22:01:53.828: I/libpersona(14993): KNOX_SDCARD not a persona
12-14 22:01:53.829: I/ActivityManager(3579): Start proc 14993:com.samsung.rcs/u0a177 for broadcast com.samsung.rcs/.service.PlatformReceiver
12-14 22:01:53.829: E/Zygote(14993): accessInfo : 0
12-14 22:01:53.834: D/SecMenutree(14149): isSupportedExternalPackage/com.samsung.android.lool: true
12-14 22:01:53.836: W/SELinux(14993): SELinux selinux_android_compute_policy_index : Policy Index[1],  Con:u:r:zygote:s0 SPD:SEPF_SECMOBILE_7.0_0006 RAM:SEPF_SECMOBILE_7.0_0004, [-1 -1 0 1 0 1]
12-14 22:01:53.837: I/SELinux(14993): SELinux: seapp_context_lookup: seinfo=platform, level=s0:c512,c768, pkgname=com.samsung.rcs 
12-14 22:01:53.838: D/Mms/MessageUtils(14027): isCurrentUserOwner true
12-14 22:01:53.850: D/Mms/MessageUtils(14027): isCurrentUserOwner true
12-14 22:01:53.858: D/ActivityThread(14993): Added TimaKeyStore provider
12-14 22:01:53.866: D/Mms/MessageUtils(14027): isCurrentUserOwner true
12-14 22:01:53.868: I/ActivityManager(3579): DSS on for com.samsung.rcs and scale is 1.0
12-14 22:01:53.871: D/Mms/MessagingNotificationLight(14027): setBadgeCount(), count=0
12-14 22:01:53.871: D/Mms/MessagingNotification(14027): sendCoverUpdateBrodcast Cover count=zero update broadcast. sEnableNotification = true
12-14 22:01:53.871: D/Mms/MessagingNotification(14027): sendCoverUpdateBrodcast
12-14 22:01:53.883: D/Mms/TelephonyUtils(14027): getInsertedSimNum = 0
12-14 22:01:53.894: D/Mms/MessagingNotification(14027): remove alarm
12-14 22:01:53.900: W/System(14993): ClassLoader referenced unknown path: /system/app/aligned_signed_secRCS_BB/lib/arm64
12-14 22:01:53.902: D/SamsungAlarmManager(3579): Cancel Alarm calling from uid:10046 pid :14027 / op:PendingIntent{3a68c9: PendingIntentRecord{9420bce com.samsung.android.messaging broadcastIntent}}
12-14 22:01:53.906: I/FIPS_bssl(14971): FIPS (v1.1) approved mode (1) | 14971 | app_process
12-14 22:01:53.906: D/SecurityManagerNative(14971): SecurityManagerNative v2.7.2.2 On 64bit PLATFORM With BORINGSSL
12-14 22:01:53.911: E/appproc(14971): Enhanced Zygote ASLR: ro.knox.enhance.zygote.aslr != 1. Enhanced Zygote ASLR is DISABLED!
12-14 22:01:53.911: D/AndroidRuntime(14971): >>>>>> START com.android.internal.os.RuntimeInit uid 2000 <<<<<<
