12-14 22:03:45.475: I/Remoter(1395): Saved screenshot to '/data/screenshots/__pmv__-0064.jpg'
12-14 22:03:46.518: I/Remoter(1395): Saved screenshot to '/data/screenshots/__pmv__-0065.jpg'
12-14 22:03:47.471: D/AndroidRuntime(5190): >>>>>> START com.android.internal.os.RuntimeInit uid 0 <<<<<<
12-14 22:03:47.473: D/AndroidRuntime(5190): CheckJNI is OFF
12-14 22:03:47.502: D/ICU(5190): No timezone override file found: /data/misc/zoneinfo/current/icu/icu_tzdata.dat
12-14 22:03:47.563: I/Remoter(1395): Saved screenshot to '/data/screenshots/__pmv__-0066.jpg'
12-14 22:03:47.563: I/Remoter(1395): [ 12-14 22:03:47.574  5190: 5190 W/         ]
12-14 22:03:47.563: I/Remoter(1395): Failed to bind-mount /system/lib/x86/cpuinfo as /proc/cpuinfo: No such file or directory
12-14 22:03:47.580: E/memtrack(5190): Couldn't load memtrack module (No such file or directory)
12-14 22:03:47.580: E/android.os.Debug(5190): failed to load memtrack module: -2
12-14 22:03:47.580: I/Radio-JNI(5190): register_android_hardware_Radio DONE
12-14 22:03:47.614: D/AndroidRuntime(5190): Calling main entry com.android.commands.pm.Pm
12-14 22:03:47.614: D/AndroidRuntime(5190): [ 12-14 22:03:47.619  1411: 1411 I/         ]
12-14 22:03:47.614: D/AndroidRuntime(5190): free_cache(865602) avail 3932172288
12-14 22:03:47.795: I/ActivityManager(1699): Start proc 5200:com.android.defcontainer/u0a8 for service com.android.defcontainer/.DefaultContainerService
12-14 22:03:47.819: I/ActivityManager(1699): Start proc 5215:com.android.vending/u0a24 for broadcast com.android.vending/com.google.android.vending.verifier.PackageVerificationReceiver
12-14 22:03:47.831: W/System(5215): ClassLoader referenced unknown path: /system/priv-app/Phonesky/lib/x86
12-14 22:03:47.844: W/Finsky(5215): [1] com.google.android.finsky.FinskyApp.i(1556): No account configured on this device.
12-14 22:03:47.847: W/Finsky(5215): [1] com.google.android.finsky.FinskyApp.i(1556): No account configured on this device.
12-14 22:03:47.848: W/Finsky(5215): [1] com.google.android.finsky.FinskyApp.i(1556): No account configured on this device.
12-14 22:03:47.848: W/Finsky(5215): [1] com.google.android.finsky.FinskyApp.i(1556): No account configured on this device.
12-14 22:03:47.848: W/Finsky(5215): [1] com.google.android.finsky.FinskyApp.i(1556): No account configured on this device.
12-14 22:03:47.849: W/Finsky(5215): [1] com.google.android.finsky.FinskyApp.i(1556): No account configured on this device.
12-14 22:03:47.850: W/Finsky(5215): [1] com.google.android.finsky.FinskyApp.i(1556): No account configured on this device.
12-14 22:03:47.856: W/Finsky(5215): [1] com.google.android.finsky.FinskyApp.i(1556): No account configured on this device.
12-14 22:03:47.857: W/Finsky(5215): [1] com.google.android.finsky.FinskyApp.i(1556): No account configured on this device.
12-14 22:03:47.859: W/Finsky(5215): [1] com.google.android.finsky.FinskyApp.i(1556): No account configured on this device.
12-14 22:03:47.863: W/Finsky(5215): [1] com.google.android.finsky.FinskyApp.i(1556): No account configured on this device.
12-14 22:03:47.865: W/Finsky(5215): [1] com.google.android.finsky.FinskyApp.i(1556): No account configured on this device.
12-14 22:03:47.866: W/Finsky(5215): [1] com.google.android.finsky.FinskyApp.i(1556): No account configured on this device.
12-14 22:03:47.867: W/Finsky(5215): [1] com.google.android.finsky.FinskyApp.i(1556): No account configured on this device.
12-14 22:03:47.867: W/Finsky(5215): [1] com.google.android.finsky.FinskyApp.i(1556): No account configured on this device.
12-14 22:03:47.868: W/Finsky(5215): [1] com.google.android.finsky.FinskyApp.i(1556): No account configured on this device.
12-14 22:03:47.869: W/Finsky(5215): [1] com.google.android.finsky.FinskyApp.i(1556): No account configured on this device.
12-14 22:03:47.870: W/Finsky(5215): [1] com.google.android.finsky.FinskyApp.i(1556): No account configured on this device.
12-14 22:03:47.875: W/Finsky(5215): [1] com.google.android.finsky.FinskyApp.i(1556): No account configured on this device.
12-14 22:03:47.875: W/Finsky(5215): [1] com.google.android.finsky.FinskyApp.i(1556): No account configured on this device.
12-14 22:03:47.876: W/Finsky(5215): [1] com.google.android.finsky.FinskyApp.i(1556): No account configured on this device.
12-14 22:03:47.876: W/Finsky(5215): [1] com.google.android.finsky.FinskyApp.i(1556): No account configured on this device.
12-14 22:03:47.876: W/Finsky(5215): [1] com.google.android.finsky.FinskyApp.i(1556): No account configured on this device.
12-14 22:03:47.877: W/Finsky(5215): [1] com.google.android.finsky.FinskyApp.i(1556): No account configured on this device.
12-14 22:03:47.877: I/Finsky(5215): [1] com.google.android.finsky.services.DailyHygiene.a(214): No recent hygiene success, needs more hygiene.
12-14 22:03:47.878: W/Finsky(5215): [1] com.google.android.finsky.FinskyApp.i(1556): No account configured on this device.
12-14 22:03:47.881: W/Settings(5215): Setting download_manager_max_bytes_over_mobile has moved from android.provider.Settings.Secure to android.provider.Settings.Global.
12-14 22:03:47.882: W/Settings(5215): Setting download_manager_recommended_max_bytes_over_mobile has moved from android.provider.Settings.Secure to android.provider.Settings.Global.
12-14 22:03:47.885: W/Finsky(5215): [1] com.google.android.finsky.FinskyApp.i(1556): No account configured on this device.
12-14 22:03:47.887: W/Finsky(5215): [1] com.google.android.finsky.FinskyApp.i(1556): No account configured on this device.
12-14 22:03:47.888: W/Finsky(5215): [1] com.google.android.finsky.FinskyApp.i(1556): No account configured on this device.
12-14 22:03:47.889: W/Finsky(5215): [1] com.google.android.finsky.FinskyApp.i(1556): No account configured on this device.
12-14 22:03:47.890: W/Finsky(5215): [1] com.google.android.finsky.FinskyApp.i(1556): No account configured on this device.
12-14 22:03:47.891: W/Finsky(5215): [1] com.google.android.finsky.FinskyApp.i(1556): No account configured on this device.
12-14 22:03:47.892: W/Finsky(5215): [1] com.google.android.finsky.FinskyApp.i(1556): No account configured on this device.
12-14 22:03:47.892: W/Finsky(5215): [1] com.google.android.finsky.FinskyApp.i(1556): No account configured on this device.
12-14 22:03:47.892: W/Finsky(5215): [1] com.google.android.finsky.FinskyApp.i(1556): No account configured on this device.
12-14 22:03:47.893: W/Finsky(5215): [1] com.google.android.finsky.FinskyApp.b(1227): No account configured on this device.
12-14 22:03:47.894: W/Finsky(5215): [1] com.google.android.finsky.FinskyApp.i(1556): No account configured on this device.
12-14 22:03:47.894: W/Finsky(5215): [1] com.google.android.finsky.FinskyApp.i(1556): No account configured on this device.
12-14 22:03:47.894: W/Finsky(5215): [1] com.google.android.finsky.FinskyApp.i(1556): No account configured on this device.
12-14 22:03:47.895: W/Finsky(5215): [1] com.google.android.finsky.FinskyApp.i(1556): No account configured on this device.
12-14 22:03:47.897: I/Finsky(5215): [1] com.google.android.vending.verifier.PackageVerificationReceiver.onReceive(2107): Skipping verification. Disabled by user setting
12-14 22:03:47.898: W/Finsky(5215): [303] com.google.android.finsky.FinskyApp.i(1556): No account configured on this device.
12-14 22:03:47.906: W/Finsky(5215): [1] com.google.android.finsky.FinskyApp.i(1556): No account configured on this device.
12-14 22:03:47.906: I/PackageManager.DexOptimizer(1699): Running dexopt (dex2oat) on: /data/app/vmdl448890007.tmp/base.apk pkg=com.google.android.apps.mtaas.tools isa=x86 vmSafeMode=false debuggable=false target-filter=interpret-only oatDir = /data/app/vmdl448890007.tmp/oat sharedLibraries=null
12-14 22:03:47.907: W/Finsky(5215): [1] com.google.android.finsky.FinskyApp.i(1556): No account configured on this device.
12-14 22:03:47.910: I/WearableService(2105): Wearable Services not starting - Wear is not available on this device.
12-14 22:03:47.917: W/dex2oat(5256): Mismatch between dex2oat instruction set features (ISA: X86 Feature string: smp,ssse3,sse4.1,sse4.2,-avx,-avx2,lock_add,popcnt) and those of dex2oat executable (ISA: X86 Feature string: smp,ssse3,sse4.1,sse4.2,-avx,-avx2,-lock_add,popcnt) for the command line:
12-14 22:03:47.917: W/dex2oat(5256): /system/bin/dex2oat --zip-fd=6 --zip-location=base.apk --oat-fd=7 --oat-location=/data/app/vmdl448890007.tmp/oat/x86/base.odex --instruction-set=x86 --instruction-set-variant=silvermont --instruction-set-features=default --runtime-arg -Xms64m --runtime-arg -Xmx512m --compiler-filter=interpret-only --swap-fd=8
12-14 22:03:47.917: I/dex2oat(5256): /system/bin/dex2oat --compiler-filter=interpret-only
12-14 22:03:47.917: E/cutils-trace(5256): Error opening trace file: Permission denied (13)
12-14 22:03:47.918: I/Finsky(5215): [1] com.google.android.finsky.c.l.a(253): result=false type=4
12-14 22:03:47.918: W/Finsky(5215): [1] com.google.android.finsky.FinskyApp.i(1556): No account configured on this device.
12-14 22:03:47.919: W/Finsky(5215): [1] com.google.android.finsky.FinskyApp.i(1556): No account configured on this device.
12-14 22:03:47.925: W/Finsky(5215): [303] com.google.android.finsky.FinskyApp.i(1556): No account configured on this device.
12-14 22:03:47.927: W/Finsky(5215): [1] com.google.android.finsky.FinskyApp.i(1556): No account configured on this device.
12-14 22:03:47.929: D/WearableService(2105): onGetService - Wear is not available on this device.
12-14 22:03:47.929: W/Finsky(5215): [1] com.google.android.finsky.FinskyApp.i(1556): No account configured on this device.
12-14 22:03:47.929: I/Finsky(5215): [1] com.google.android.finsky.services.bd.a(853): Restore complete with 0 success and 0 failed.
12-14 22:03:47.930: E/Finsky(5215): [1] com.google.android.finsky.wear.bo.a(838): onConnectionFailed: ConnectionResult{statusCode=API_UNAVAILABLE, resolution=null, message=null}
12-14 22:03:47.930: I/Finsky(5215): [1] com.google.android.finsky.wear.WearSupportService.a(6396): Dropping command=send_installed_apps due to Gms not connected
12-14 22:03:48.131: I/dex2oat(5256): dex2oat took 213.994ms (threads: 2) arena alloc=4KB (4872B) java alloc=1208KB (1237896B) native alloc=3MB (3299408B) free=1385KB (1419184B)
12-14 22:03:48.149: W/PackageManager(1699): Not granting permission android.permission.SET_ANIMATION_SCALE to package com.google.android.apps.mtaas.tools (protectionLevel=50 flags=0x3808be44)
12-14 22:03:48.149: W/PackageManager(1699): Not granting permission android.permission.CHANGE_CONFIGURATION to package com.google.android.apps.mtaas.tools (protectionLevel=50 flags=0x3808be44)
12-14 22:03:48.161: D/installd(1411): Detected label change from u:object_r:system_data_file:s0 to u:object_r:app_data_file:s0:c512,c768 at /data/data/com.google.android.apps.mtaas.tools; running recursive restorecon
12-14 22:03:48.161: D/installd(1411): Detected label change from u:object_r:system_data_file:s0 to u:object_r:app_data_file:s0:c512,c768 at /data/user_de/0/com.google.android.apps.mtaas.tools; running recursive restorecon
12-14 22:03:48.162: V/BackupManagerService(1699): restoreAtInstall pkg=com.google.android.apps.mtaas.tools token=1 restoreSet=0
12-14 22:03:48.162: V/BackupManagerService(1699): Finishing install immediately
12-14 22:03:48.163: I/art(1699): Starting a blocking GC Explicit
12-14 22:03:48.187: I/art(1699): Explicit concurrent mark sweep GC freed 33044(2003KB) AllocSpace objects, 7(140KB) LOS objects, 33% free, 14MB/21MB, paused 235us total 23.473ms
12-14 22:03:48.187: I/art(1699): [ 12-14 22:03:48.187  1411: 1411 E/         ]
12-14 22:03:48.187: I/art(1699): Couldn't opendir /data/app/vmdl448890007.tmp: No such file or directory
12-14 22:03:48.190: D/BluetoothMapAppObserver(1769): onReceive
12-14 22:03:48.190: D/BluetoothMapAppObserver(1769): The installed package is: com.google.android.apps.mtaas.tools
12-14 22:03:48.191: D/BluetoothMapAppObserver(1769): Found 0 application(s) with intent android.bluetooth.action.BLUETOOTH_MAP_PROVIDER
12-14 22:03:48.191: D/BluetoothMapAppObserver(1769): Found 0 application(s) with intent android.bluetooth.action.BLUETOOTH_MAP_IM_PROVIDER
12-14 22:03:48.197: I/InputReader(1699): Reconfiguring input devices.  changes=0x00000010
12-14 22:03:48.199: D/CarrierSvcBindHelper(1875): No carrier app for: 0
12-14 22:03:48.199: D/CarrierConfigLoader(1875): mHandler: 9 phoneId: 0
12-14 22:03:48.200: I/art(5190): System.exit called, status: 0
12-14 22:03:48.200: I/AndroidRuntime(5190): VM exiting with result code 0.
12-14 22:03:48.205: I/ActivityManager(1699): Start proc 5261:com.android.musicfx/u0a23 for broadcast com.android.musicfx/.Compatibility$Receiver
12-14 22:03:48.231: W/System(5261): ClassLoader referenced unknown path: /system/priv-app/MusicFX/lib/x86
12-14 22:03:48.281: I/Finsky(5215): [1] com.google.android.finsky.utils.PermissionPolicies$PermissionPolicyService.onStartCommand(117): post-install permissions check for com.google.android.apps.mtaas.tools
12-14 22:03:48.281: W/Finsky(5215): [1] com.google.android.finsky.FinskyApp.i(1556): No account configured on this device.
12-14 22:03:48.290: I/ActivityManager(1699): Start proc 5280:com.google.android.apps.plus/u0a72 for broadcast com.google.android.apps.plus/.service.PackagesMediaMonitor
12-14 22:03:48.293: D/WearableService(2105): onGetService - Wear is not available on this device.
12-14 22:03:48.297: W/System(5280): ClassLoader referenced unknown path: /system/app/PlusOne/lib/x86
12-14 22:03:48.313: E/DatabaseUtils(4966): Writing exception to parcel
12-14 22:03:48.313: E/DatabaseUtils(4966): java.lang.SecurityException: Permission Denial: reading com.android.providers.media.MediaProvider uri content://media/external/fs_id from pid=5280, uid=10072 requires android.permission.READ_EXTERNAL_STORAGE, or grantUriPermission()
12-14 22:03:48.313: E/DatabaseUtils(4966): 	at android.content.ContentProvider.enforceReadPermissionInner(ContentProvider.java:608)
12-14 22:03:48.313: E/DatabaseUtils(4966): 	at android.content.ContentProvider$Transport.enforceReadPermission(ContentProvider.java:483)
12-14 22:03:48.313: E/DatabaseUtils(4966): 	at android.content.ContentProvider$Transport.query(ContentProvider.java:212)
12-14 22:03:48.313: E/DatabaseUtils(4966): 	at android.content.ContentProviderNative.onTransact(ContentProviderNative.java:112)
12-14 22:03:48.313: E/DatabaseUtils(4966): 	at android.os.Binder.execTransact(Binder.java:565)
12-14 22:03:48.326: W/ActivityManager(1699): Permission Denial: opening provider com.android.providers.contacts.ContactsProvider2 from ProcessRecord{4f2d17c 5280:com.google.android.apps.plus/u0a72} (pid=5280, uid=10072) requires android.permission.READ_CONTACTS or android.permission.WRITE_CONTACTS
12-14 22:03:48.327: W/ActivityManager(1699): Permission Denial: opening provider com.android.providers.contacts.ContactsProvider2 from ProcessRecord{4f2d17c 5280:com.google.android.apps.plus/u0a72} (pid=5280, uid=10072) requires android.permission.READ_CONTACTS or android.permission.WRITE_CONTACTS
12-14 22:03:48.331: W/ActivityManager(1699): Permission Denial: opening provider com.android.providers.contacts.ContactsProvider2 from ProcessRecord{4f2d17c 5280:com.google.android.apps.plus/u0a72} (pid=5280, uid=10072) requires android.permission.READ_CONTACTS or android.permission.WRITE_CONTACTS
12-14 22:03:48.332: E/GooglePlusContactsSync(5280): Failed to clear out contacts
12-14 22:03:48.332: E/GooglePlusContactsSync(5280): java.lang.SecurityException: Permission Denial: opening provider com.android.providers.contacts.ContactsProvider2 from ProcessRecord{4f2d17c 5280:com.google.android.apps.plus/u0a72} (pid=5280, uid=10072) requires android.permission.READ_CONTACTS or android.permission.WRITE_CONTACTS
12-14 22:03:48.332: E/GooglePlusContactsSync(5280): 	at android.os.Parcel.readException(Parcel.java:1684)
12-14 22:03:48.332: E/GooglePlusContactsSync(5280): 	at android.os.Parcel.readException(Parcel.java:1637)
12-14 22:03:48.332: E/GooglePlusContactsSync(5280): 	at android.app.ActivityManagerProxy.getContentProvider(ActivityManagerNative.java:4199)
12-14 22:03:48.332: E/GooglePlusContactsSync(5280): 	at android.app.ActivityThread.acquireProvider(ActivityThread.java:5476)
12-14 22:03:48.332: E/GooglePlusContactsSync(5280): 	at android.app.ContextImpl$ApplicationContentResolver.acquireUnstableProvider(ContextImpl.java:2239)
12-14 22:03:48.332: E/GooglePlusContactsSync(5280): 	at android.content.ContentResolver.acquireUnstableProvider(ContentResolver.java:1517)
12-14 22:03:48.332: E/GooglePlusContactsSync(5280): 	at android.content.ContentResolver.query(ContentResolver.java:516)
12-14 22:03:48.332: E/GooglePlusContactsSync(5280): 	at android.content.ContentResolver.query(ContentResolver.java:474)
12-14 22:03:48.332: E/GooglePlusContactsSync(5280): 	at dcl.a(PG:447)
12-14 22:03:48.332: E/GooglePlusContactsSync(5280): 	at dcl.b(PG:1396)
12-14 22:03:48.332: E/GooglePlusContactsSync(5280): 	at dcm.run(PG:333)
12-14 22:03:48.332: E/GooglePlusContactsSync(5280): 	at java.lang.Thread.run(Thread.java:761)
12-14 22:03:48.341: I/Finsky(5215): [1] com.google.android.finsky.utils.bn.run(1302): Package state data is missing for com.google.android.apps.mtaas.tools
12-14 22:03:48.342: W/Finsky(5215): [1] com.google.android.finsky.FinskyApp.i(1556): No account configured on this device.
12-14 22:03:48.343: E/Finsky(5215): [1] com.google.android.finsky.wear.bo.a(838): onConnectionFailed: ConnectionResult{statusCode=API_UNAVAILABLE, resolution=null, message=null}
12-14 22:03:48.343: I/Finsky(5215): [1] com.google.android.finsky.wear.WearSupportService.a(6396): Dropping command=send_installed_apps due to Gms not connected
12-14 22:03:48.344: I/ActivityManager(1699): Killing 4580:com.google.android.apps.photos/u0a70 (adj 906): empty for 13990s
12-14 22:03:48.379: D/ActivityManager(1699): cleanUpApplicationRecord -- 4580
12-14 22:03:48.458: I/ActivityManager(1699): Start proc 5312:com.google.android.googlequicksearchbox:search/u0a32 for broadcast com.google.android.googlequicksearchbox/com.google.android.apps.gsa.search.core.icingsync.IcingCorporaChangedReceiver
12-14 22:03:48.409: I/main(1407): type=1400 audit(0.0:81): avc: denied { getattr } for path="/sys/kernel/debug/tracing/trace_marker" dev="tracefs" ino=1048 scontext=u:r:zygote:s0 tcontext=u:object_r:debugfs_tracing:s0 tclass=file permissive=1
12-14 22:03:48.419: I/main(5312): type=1400 audit(0.0:82): avc: denied { write } for name="trace_marker" dev="tracefs" ino=1048 scontext=u:r:zygote:s0 tcontext=u:object_r:debugfs_tracing:s0 tclass=file permissive=1
12-14 22:03:48.419: I/main(5312): type=1400 audit(0.0:83): avc: denied { open } for path="/sys/kernel/debug/tracing/trace_marker" dev="tracefs" ino=1048 scontext=u:r:zygote:s0 tcontext=u:object_r:debugfs_tracing:s0 tclass=file permissive=1
12-14 22:03:48.510: W/ConfigurationChimeraPro(2105): Got null configs for com.google.android.gms.appinvite
12-14 22:03:48.517: I/FontsPackageChangeOp(2301): Package com.google.android.apps.mtaas.tools has no metadata
12-14 22:03:48.526: D/Wear_Controller(2301): Received broadcast action=android.intent.action.PACKAGE_ADDED and uri=com.google.android.apps.mtaas.tools
12-14 22:03:48.526: I/ActivityManager(1699): Killing 3874:com.google.android.apps.gcs/u0a13 (adj 906): empty for 13970s
12-14 22:03:48.548: W/ConfigurationChimeraPro(2105): Got null configs for com.google.android.gms.chromesync
12-14 22:03:48.550: I/Icing(2301): IndexChimeraService.getServiceInterface callingPackage=com.google.android.gms componentName=AppsCorpus serviceId=36
12-14 22:03:48.553: I/Icing(2301): IndexChimeraService.getServiceInterface callingPackage=com.google.android.gms componentName=AppsCorpus serviceId=32
12-14 22:03:48.579: D/ActivityManager(1699): cleanUpApplicationRecord -- 3874
12-14 22:03:48.585: I/Icing(2301): Usage reports ok 0, Failed Usage reports 0, indexed 0, rejected 0, imm upload false
12-14 22:03:48.599: I/Icing(2301): Usage reports ok 0, Failed Usage reports 0, indexed 0, rejected 0, imm upload false
12-14 22:03:48.614: I/ActivityManager(1699): Start proc 5352:com.google.android.partnersetup/u0a21 for broadcast com.google.android.partnersetup/.RlzPingBroadcastReceiver
12-14 22:03:48.632: I/Remoter(1395): Saved screenshot to '/data/screenshots/__pmv__-0067.jpg'
12-14 22:03:48.633: W/System(5352): ClassLoader referenced unknown path: /system/priv-app/GooglePartnerSetup/lib/x86
12-14 22:03:48.639: I/UpdateIcingCorporaServi(5312): Updating corpora: APPS=com.google.android.apps.mtaas.tools, CONTACTS=MAYBE
12-14 22:03:48.647: I/GsaVoiceInteractionSrv(2137): Not calling getSupportedRecognitionModes. Availability: -2
12-14 22:03:48.651: I/ActivityManager(1699): Killing 4252:com.google.android.talk/u0a59 (adj 906): empty for 7198s
12-14 22:03:48.709: D/ActivityManager(1699): cleanUpApplicationRecord -- 4252
12-14 22:03:48.718: I/Icing(2301): IndexChimeraService.getServiceInterface callingPackage=com.google.android.googlequicksearchbox componentName=null serviceId=36
12-14 22:03:48.728: I/GrammarCompilationSvcCt(5312): Grammar compilation alarm set for interval 604800000
12-14 22:03:48.750: I/Icing(2301): Usage reports ok 0, Failed Usage reports 0, indexed 0, rejected 0, imm upload true
12-14 22:03:48.751: I/UpdateIcingCorporaServi(5312): UpdateCorporaTask done [took 112 ms] updated apps [took 112 ms] 
12-14 22:03:48.759: W/GCoreFlp(2105): No location to return for getLastLocation()
12-14 22:03:48.911: D/AndroidRuntime(5386): >>>>>> START com.android.internal.os.RuntimeInit uid 0 <<<<<<
12-14 22:03:48.913: D/AndroidRuntime(5386): CheckJNI is OFF
12-14 22:03:48.940: D/ICU(5386): No timezone override file found: /data/misc/zoneinfo/current/icu/icu_tzdata.dat
12-14 22:03:48.940: D/ICU(5386): [ 12-14 22:03:48.945  5386: 5386 W/         ]
12-14 22:03:48.940: D/ICU(5386): Failed to bind-mount /system/lib/x86/cpuinfo as /proc/cpuinfo: No such file or directory
12-14 22:03:48.950: E/memtrack(5386): Couldn't load memtrack module (No such file or directory)
12-14 22:03:48.950: E/android.os.Debug(5386): failed to load memtrack module: -2
12-14 22:03:48.951: I/Radio-JNI(5386): register_android_hardware_Radio DONE
12-14 22:03:48.955: D/AndroidRuntime(5386): Calling main entry com.android.commands.pm.Pm
12-14 22:03:48.955: D/AndroidRuntime(5386): [ 12-14 22:03:48.959  1411: 1411 I/         ]
12-14 22:03:48.955: D/AndroidRuntime(5386): free_cache(503090) avail 3928178688
12-14 22:03:48.972: I/Finsky(5215): [1] com.google.android.vending.verifier.PackageVerificationReceiver.onReceive(2107): Skipping verification. Disabled by user setting
12-14 22:03:48.974: I/PackageParser(1699): com.google.android.apps.mtaas.loginutil: compat added android.permission.WRITE_EXTERNAL_STORAGE android.permission.READ_PHONE_STATE
12-14 22:03:48.975: I/PackageManager.DexOptimizer(1699): Running dexopt (dex2oat) on: /data/app/vmdl1218867358.tmp/base.apk pkg=com.google.android.apps.mtaas.loginutil isa=x86 vmSafeMode=false debuggable=false target-filter=interpret-only oatDir = /data/app/vmdl1218867358.tmp/oat sharedLibraries=null
12-14 22:03:48.989: W/dex2oat(5399): Mismatch between dex2oat instruction set features (ISA: X86 Feature string: smp,ssse3,sse4.1,sse4.2,-avx,-avx2,lock_add,popcnt) and those of dex2oat executable (ISA: X86 Feature string: smp,ssse3,sse4.1,sse4.2,-avx,-avx2,-lock_add,popcnt) for the command line:
12-14 22:03:48.989: W/dex2oat(5399): /system/bin/dex2oat --zip-fd=6 --zip-location=base.apk --oat-fd=7 --oat-location=/data/app/vmdl1218867358.tmp/oat/x86/base.odex --instruction-set=x86 --instruction-set-variant=silvermont --instruction-set-features=default --runtime-arg -Xms64m --runtime-arg -Xmx512m --compiler-filter=interpret-only --swap-fd=8
12-14 22:03:48.989: I/dex2oat(5399): /system/bin/dex2oat --compiler-filter=interpret-only
12-14 22:03:48.989: E/cutils-trace(5399): Error opening trace file: Permission denied (13)
12-14 22:03:49.129: I/dex2oat(5399): dex2oat took 140.550ms (threads: 2) arena alloc=7KB (7776B) java alloc=540KB (553328B) native alloc=2MB (2535944B) free=2MB (2182648B)
12-14 22:03:49.157: D/installd(1411): Detected label change from u:object_r:system_data_file:s0 to u:object_r:app_data_file:s0:c512,c768 at /data/data/com.google.android.apps.mtaas.loginutil; running recursive restorecon
12-14 22:03:49.157: D/installd(1411): Detected label change from u:object_r:system_data_file:s0 to u:object_r:app_data_file:s0:c512,c768 at /data/user_de/0/com.google.android.apps.mtaas.loginutil; running recursive restorecon
12-14 22:03:49.158: V/BackupManagerService(1699): restoreAtInstall pkg=com.google.android.apps.mtaas.loginutil token=2 restoreSet=0
12-14 22:03:49.158: V/BackupManagerService(1699): Finishing install immediately
12-14 22:03:49.159: I/art(1699): Starting a blocking GC Explicit
12-14 22:03:49.183: I/art(1699): Explicit concurrent mark sweep GC freed 60845(3MB) AllocSpace objects, 13(308KB) LOS objects, 33% free, 14MB/21MB, paused 267us total 23.609ms
12-14 22:03:49.183: I/art(1699): [ 12-14 22:03:49.183  1411: 1411 E/         ]
12-14 22:03:49.183: I/art(1699): Couldn't opendir /data/app/vmdl1218867358.tmp: No such file or directory
12-14 22:03:49.189: D/CarrierSvcBindHelper(1875): No carrier app for: 0
12-14 22:03:49.189: D/CarrierConfigLoader(1875): mHandler: 9 phoneId: 0
12-14 22:03:49.190: D/BluetoothMapAppObserver(1769): onReceive
12-14 22:03:49.190: D/BluetoothMapAppObserver(1769): The installed package is: com.google.android.apps.mtaas.loginutil
12-14 22:03:49.194: D/BluetoothMapAppObserver(1769): Found 0 application(s) with intent android.bluetooth.action.BLUETOOTH_MAP_PROVIDER
12-14 22:03:49.194: I/InputReader(1699): Reconfiguring input devices.  changes=0x00000010
12-14 22:03:49.194: D/BluetoothMapAppObserver(1769): Found 0 application(s) with intent android.bluetooth.action.BLUETOOTH_MAP_IM_PROVIDER
12-14 22:03:49.198: I/art(5386): System.exit called, status: 0
12-14 22:03:49.198: I/AndroidRuntime(5386): VM exiting with result code 0.
12-14 22:03:49.199: W/ActivityManager(1699): Unable to start service Intent { flg=0x4 cmp=com.android.vending/com.google.android.finsky.services.DailyHygiene$DailyHygieneService (has extras) } U=0: not found
12-14 22:03:49.208: I/Finsky(5215): [1] com.google.android.finsky.utils.PermissionPolicies$PermissionPolicyService.onStartCommand(117): post-install permissions check for com.google.android.apps.mtaas.loginutil
12-14 22:03:49.211: W/Finsky(5215): [1] com.google.android.finsky.FinskyApp.i(1556): No account configured on this device.
12-14 22:03:49.212: I/Finsky(5215): [1] com.google.android.finsky.utils.bn.run(1302): Package state data is missing for com.google.android.apps.mtaas.loginutil
12-14 22:03:49.213: W/Finsky(5215): [1] com.google.android.finsky.FinskyApp.i(1556): No account configured on this device.
12-14 22:03:49.217: D/WearableService(2105): onGetService - Wear is not available on this device.
12-14 22:03:49.218: E/Finsky(5215): [1] com.google.android.finsky.wear.bo.a(838): onConnectionFailed: ConnectionResult{statusCode=API_UNAVAILABLE, resolution=null, message=null}
12-14 22:03:49.219: I/Finsky(5215): [1] com.google.android.finsky.wear.WearSupportService.a(6396): Dropping command=send_installed_apps due to Gms not connected
12-14 22:03:49.228: I/FontsPackageChangeOp(2301): Package com.google.android.apps.mtaas.loginutil has no metadata
12-14 22:03:49.233: D/Wear_Controller(2301): Received broadcast action=android.intent.action.PACKAGE_ADDED and uri=com.google.android.apps.mtaas.loginutil
12-14 22:03:49.238: I/UpdateIcingCorporaServi(5312): Updating corpora: APPS=com.google.android.apps.mtaas.loginutil, CONTACTS=MAYBE
12-14 22:03:49.249: I/Icing(2301): IndexChimeraService.getServiceInterface callingPackage=com.google.android.gms componentName=AppsCorpus serviceId=32
12-14 22:03:49.249: I/Icing(2301): IndexChimeraService.getServiceInterface callingPackage=com.google.android.gms componentName=AppsCorpus serviceId=36
12-14 22:03:49.255: I/UpdateIcingCorporaServi(5312): UpdateCorporaTask done [took 18 ms] updated apps [took 18 ms] 
12-14 22:03:49.275: I/Icing(2301): Usage reports ok 0, Failed Usage reports 0, indexed 0, rejected 0, imm upload false
12-14 22:03:49.282: I/Icing(2301): Usage reports ok 0, Failed Usage reports 0, indexed 0, rejected 0, imm upload false
12-14 22:03:49.601: I/Icing(2301): Indexing BEC57AAA83C945DE3A882EF0E754BBC129D3BD62 from com.google.android.gms
12-14 22:03:49.616: I/Icing(2301): Indexing done BEC57AAA83C945DE3A882EF0E754BBC129D3BD62
12-14 22:03:49.675: I/Remoter(1395): Saved screenshot to '/data/screenshots/__pmv__-0068.jpg'
12-14 22:03:49.759: I/Icing(2301): Indexing BBD277D773C249A2E76A1893E5636DEC82717C59 from com.google.android.googlequicksearchbox
12-14 22:03:49.771: I/Icing(2301): Indexing done BBD277D773C249A2E76A1893E5636DEC82717C59
12-14 22:03:49.964: D/AndroidRuntime(5430): >>>>>> START com.android.internal.os.RuntimeInit uid 0 <<<<<<
12-14 22:03:49.965: D/AndroidRuntime(5430): CheckJNI is OFF
12-14 22:03:49.995: D/ICU(5430): No timezone override file found: /data/misc/zoneinfo/current/icu/icu_tzdata.dat
12-14 22:03:49.995: D/ICU(5430): [ 12-14 22:03:50.000  5430: 5430 W/         ]
12-14 22:03:49.995: D/ICU(5430): Failed to bind-mount /system/lib/x86/cpuinfo as /proc/cpuinfo: No such file or directory
12-14 22:03:50.005: E/memtrack(5430): Couldn't load memtrack module (No such file or directory)
12-14 22:03:50.005: E/android.os.Debug(5430): failed to load memtrack module: -2
12-14 22:03:50.006: I/Radio-JNI(5430): register_android_hardware_Radio DONE
12-14 22:03:50.011: D/AndroidRuntime(5430): Calling main entry com.android.commands.pm.Pm
12-14 22:03:50.011: D/AndroidRuntime(5430): [ 12-14 22:03:50.015  1411: 1411 I/         ]
12-14 22:03:50.011: D/AndroidRuntime(5430): free_cache(660359) avail 3925159936
12-14 22:03:50.031: I/Finsky(5215): [1] com.google.android.vending.verifier.PackageVerificationReceiver.onReceive(2107): Skipping verification. Disabled by user setting
12-14 22:03:50.034: I/PackageManager.DexOptimizer(1699): Running dexopt (dex2oat) on: /data/app/vmdl99050527.tmp/base.apk pkg=com.google.android.apps.mtaas.backdrop isa=x86 vmSafeMode=false debuggable=false target-filter=interpret-only oatDir = /data/app/vmdl99050527.tmp/oat sharedLibraries=null
12-14 22:03:50.043: W/dex2oat(5441): Mismatch between dex2oat instruction set features (ISA: X86 Feature string: smp,ssse3,sse4.1,sse4.2,-avx,-avx2,lock_add,popcnt) and those of dex2oat executable (ISA: X86 Feature string: smp,ssse3,sse4.1,sse4.2,-avx,-avx2,-lock_add,popcnt) for the command line:
12-14 22:03:50.043: W/dex2oat(5441): /system/bin/dex2oat --zip-fd=6 --zip-location=base.apk --oat-fd=7 --oat-location=/data/app/vmdl99050527.tmp/oat/x86/base.odex --instruction-set=x86 --instruction-set-variant=silvermont --instruction-set-features=default --runtime-arg -Xms64m --runtime-arg -Xmx512m --compiler-filter=interpret-only --swap-fd=8
12-14 22:03:50.043: I/dex2oat(5441): /system/bin/dex2oat --compiler-filter=interpret-only
12-14 22:03:50.043: E/cutils-trace(5441): Error opening trace file: Permission denied (13)
12-14 22:03:50.182: I/dex2oat(5441): dex2oat took 138.991ms (threads: 2) arena alloc=1752B (1752B) java alloc=787KB (806824B) native alloc=2MB (2238856B) free=1909KB (1955448B)
12-14 22:03:50.210: D/installd(1411): Detected label change from u:object_r:system_data_file:s0 to u:object_r:app_data_file:s0:c512,c768 at /data/data/com.google.android.apps.mtaas.backdrop; running recursive restorecon
12-14 22:03:50.210: D/installd(1411): Detected label change from u:object_r:system_data_file:s0 to u:object_r:app_data_file:s0:c512,c768 at /data/user_de/0/com.google.android.apps.mtaas.backdrop; running recursive restorecon
12-14 22:03:50.211: V/BackupManagerService(1699): restoreAtInstall pkg=com.google.android.apps.mtaas.backdrop token=3 restoreSet=0
12-14 22:03:50.211: V/BackupManagerService(1699): Finishing install immediately
12-14 22:03:50.212: I/art(1699): Starting a blocking GC Explicit
12-14 22:03:50.237: I/art(1699): Explicit concurrent mark sweep GC freed 59872(3MB) AllocSpace objects, 13(308KB) LOS objects, 33% free, 14MB/21MB, paused 249us total 23.648ms
12-14 22:03:50.237: I/art(1699): [ 12-14 22:03:50.237  1411: 1411 E/         ]
12-14 22:03:50.237: I/art(1699): Couldn't opendir /data/app/vmdl99050527.tmp: No such file or directory
12-14 22:03:50.242: I/InputReader(1699): Reconfiguring input devices.  changes=0x00000010
12-14 22:03:50.244: D/BluetoothMapAppObserver(1769): onReceive
12-14 22:03:50.244: D/BluetoothMapAppObserver(1769): The installed package is: com.google.android.apps.mtaas.backdrop
12-14 22:03:50.245: D/BluetoothMapAppObserver(1769): Found 0 application(s) with intent android.bluetooth.action.BLUETOOTH_MAP_PROVIDER
12-14 22:03:50.245: D/CarrierSvcBindHelper(1875): No carrier app for: 0
12-14 22:03:50.245: D/CarrierConfigLoader(1875): mHandler: 9 phoneId: 0
12-14 22:03:50.245: D/BluetoothMapAppObserver(1769): Found 0 application(s) with intent android.bluetooth.action.BLUETOOTH_MAP_IM_PROVIDER
12-14 22:03:50.246: I/art(5430): System.exit called, status: 0
12-14 22:03:50.246: I/AndroidRuntime(5430): VM exiting with result code 0.
12-14 22:03:50.258: I/Finsky(5215): [1] com.google.android.finsky.utils.PermissionPolicies$PermissionPolicyService.onStartCommand(117): post-install permissions check for com.google.android.apps.mtaas.backdrop
12-14 22:03:50.258: W/Finsky(5215): [1] com.google.android.finsky.FinskyApp.i(1556): No account configured on this device.
12-14 22:03:50.261: I/Finsky(5215): [1] com.google.android.finsky.utils.bn.run(1302): Package state data is missing for com.google.android.apps.mtaas.backdrop
12-14 22:03:50.261: D/WearableService(2105): onGetService - Wear is not available on this device.
12-14 22:03:50.262: W/Finsky(5215): [1] com.google.android.finsky.FinskyApp.i(1556): No account configured on this device.
12-14 22:03:50.267: E/Finsky(5215): [1] com.google.android.finsky.wear.bo.a(838): onConnectionFailed: ConnectionResult{statusCode=API_UNAVAILABLE, resolution=null, message=null}
12-14 22:03:50.268: I/Finsky(5215): [1] com.google.android.finsky.wear.WearSupportService.a(6396): Dropping command=send_installed_apps due to Gms not connected
12-14 22:03:50.284: I/FontsPackageChangeOp(2301): Package com.google.android.apps.mtaas.backdrop has no metadata
12-14 22:03:50.289: D/Wear_Controller(2301): Received broadcast action=android.intent.action.PACKAGE_ADDED and uri=com.google.android.apps.mtaas.backdrop
12-14 22:03:50.292: I/UpdateIcingCorporaServi(5312): Updating corpora: APPS=com.google.android.apps.mtaas.backdrop, CONTACTS=MAYBE
12-14 22:03:50.313: I/Icing(2301): Indexing BEC57AAA83C945DE3A882EF0E754BBC129D3BD62 from com.google.android.gms
12-14 22:03:50.326: I/Icing(2301): IndexChimeraService.getServiceInterface callingPackage=com.google.android.gms componentName=AppsCorpus serviceId=32
12-14 22:03:50.327: I/Icing(2301): IndexChimeraService.getServiceInterface callingPackage=com.google.android.googlequicksearchbox componentName=null serviceId=36
12-14 22:03:50.327: I/Icing(2301): IndexChimeraService.getServiceInterface callingPackage=com.google.android.gms componentName=AppsCorpus serviceId=36
12-14 22:03:50.353: I/Icing(2301): Usage reports ok 0, Failed Usage reports 0, indexed 0, rejected 0, imm upload false
12-14 22:03:50.358: I/Icing(2301): Usage reports ok 0, Failed Usage reports 0, indexed 0, rejected 0, imm upload false
12-14 22:03:50.363: I/Icing(2301): Usage reports ok 0, Failed Usage reports 0, indexed 0, rejected 0, imm upload true
12-14 22:03:50.364: I/UpdateIcingCorporaServi(5312): UpdateCorporaTask done [took 72 ms] updated apps [took 72 ms] 
12-14 22:03:50.365: I/Icing(2301): Indexing done BEC57AAA83C945DE3A882EF0E754BBC129D3BD62
12-14 22:03:50.720: I/Remoter(1395): Saved screenshot to '/data/screenshots/__pmv__-0069.jpg'
12-14 22:03:50.940: D/AndroidRuntime(5473): >>>>>> START com.android.internal.os.RuntimeInit uid 0 <<<<<<
12-14 22:03:50.941: D/AndroidRuntime(5473): CheckJNI is OFF
12-14 22:03:50.968: D/ICU(5473): No timezone override file found: /data/misc/zoneinfo/current/icu/icu_tzdata.dat
12-14 22:03:50.968: D/ICU(5473): [ 12-14 22:03:50.972  5473: 5473 W/         ]
12-14 22:03:50.968: D/ICU(5473): Failed to bind-mount /system/lib/x86/cpuinfo as /proc/cpuinfo: No such file or directory
12-14 22:03:50.977: E/memtrack(5473): Couldn't load memtrack module (No such file or directory)
12-14 22:03:50.977: E/android.os.Debug(5473): failed to load memtrack module: -2
12-14 22:03:50.977: I/Radio-JNI(5473): register_android_hardware_Radio DONE
12-14 22:03:50.982: D/AndroidRuntime(5473): Calling main entry com.android.commands.pm.Pm
12-14 22:03:50.982: D/AndroidRuntime(5473): [ 12-14 22:03:50.985  1411: 1411 I/         ]
12-14 22:03:50.982: D/AndroidRuntime(5473): free_cache(806642) avail 3921870848
12-14 22:03:51.002: I/Finsky(5215): [1] com.google.android.vending.verifier.PackageVerificationReceiver.onReceive(2107): Skipping verification. Disabled by user setting
12-14 22:03:51.005: I/PackageParser(1699): com.google.android.apps.auth.test.support: compat added android.permission.WRITE_EXTERNAL_STORAGE android.permission.READ_PHONE_STATE
12-14 22:03:51.006: I/PackageManager.DexOptimizer(1699): Running dexopt (dex2oat) on: /data/app/vmdl65610352.tmp/base.apk pkg=com.google.android.apps.auth.test.support isa=x86 vmSafeMode=false debuggable=false target-filter=interpret-only oatDir = /data/app/vmdl65610352.tmp/oat sharedLibraries=null
12-14 22:03:51.015: W/dex2oat(5484): Mismatch between dex2oat instruction set features (ISA: X86 Feature string: smp,ssse3,sse4.1,sse4.2,-avx,-avx2,lock_add,popcnt) and those of dex2oat executable (ISA: X86 Feature string: smp,ssse3,sse4.1,sse4.2,-avx,-avx2,-lock_add,popcnt) for the command line:
12-14 22:03:51.016: W/dex2oat(5484): /system/bin/dex2oat --zip-fd=6 --zip-location=base.apk --oat-fd=7 --oat-location=/data/app/vmdl65610352.tmp/oat/x86/base.odex --instruction-set=x86 --instruction-set-variant=silvermont --instruction-set-features=default --runtime-arg -Xms64m --runtime-arg -Xmx512m --compiler-filter=interpret-only --swap-fd=8
12-14 22:03:51.016: I/dex2oat(5484): /system/bin/dex2oat --compiler-filter=interpret-only
12-14 22:03:51.016: E/cutils-trace(5484): Error opening trace file: Permission denied (13)
12-14 22:03:51.070: I/dex2oat(5484): dex2oat took 54.381ms (threads: 2) arena alloc=7KB (8008B) java alloc=305KB (313168B) native alloc=948KB (971488B) free=1611KB (1649952B)
12-14 22:03:51.086: W/PackageManager(1699): Unknown permission android.permission.MANAGE_ACCOUNT in package com.google.android.apps.auth.test.support
12-14 22:03:51.086: W/PackageManager(1699): Not granting permission com.google.android.providers.gsf.permission.WRITE_GSERVICES to package com.google.android.apps.auth.test.support (protectionLevel=18 flags=0x18008444)
12-14 22:03:51.097: D/installd(1411): Detected label change from u:object_r:system_data_file:s0 to u:object_r:app_data_file:s0:c512,c768 at /data/data/com.google.android.apps.auth.test.support; running recursive restorecon
12-14 22:03:51.098: D/installd(1411): Detected label change from u:object_r:system_data_file:s0 to u:object_r:app_data_file:s0:c512,c768 at /data/user_de/0/com.google.android.apps.auth.test.support; running recursive restorecon
12-14 22:03:51.098: V/BackupManagerService(1699): restoreAtInstall pkg=com.google.android.apps.auth.test.support token=4 restoreSet=0
12-14 22:03:51.098: V/BackupManagerService(1699): Finishing install immediately
12-14 22:03:51.099: I/art(1699): Starting a blocking GC Explicit
12-14 22:03:51.123: I/art(1699): Explicit concurrent mark sweep GC freed 60985(3MB) AllocSpace objects, 13(308KB) LOS objects, 33% free, 14MB/21MB, paused 294us total 24.352ms
12-14 22:03:51.123: I/art(1699): [ 12-14 22:03:51.126  1411: 1411 E/         ]
12-14 22:03:51.123: I/art(1699): Couldn't opendir /data/app/vmdl65610352.tmp: No such file or directory
12-14 22:03:51.134: D/BluetoothMapAppObserver(1769): onReceive
12-14 22:03:51.134: D/BluetoothMapAppObserver(1769): The installed package is: com.google.android.apps.auth.test.support
12-14 22:03:51.134: D/CarrierSvcBindHelper(1875): No carrier app for: 0
12-14 22:03:51.134: D/BluetoothMapAppObserver(1769): Found 0 application(s) with intent android.bluetooth.action.BLUETOOTH_MAP_PROVIDER
12-14 22:03:51.134: D/CarrierConfigLoader(1875): mHandler: 9 phoneId: 0
12-14 22:03:51.135: I/art(5473): System.exit called, status: 0
12-14 22:03:51.135: I/AndroidRuntime(5473): VM exiting with result code 0.
12-14 22:03:51.135: D/BluetoothMapAppObserver(1769): Found 0 application(s) with intent android.bluetooth.action.BLUETOOTH_MAP_IM_PROVIDER
12-14 22:03:51.135: I/InputReader(1699): Reconfiguring input devices.  changes=0x00000010
12-14 22:03:51.143: I/Finsky(5215): [1] com.google.android.finsky.utils.PermissionPolicies$PermissionPolicyService.onStartCommand(117): post-install permissions check for com.google.android.apps.auth.test.support
12-14 22:03:51.143: W/Finsky(5215): [1] com.google.android.finsky.FinskyApp.i(1556): No account configured on this device.
12-14 22:03:51.144: I/Finsky(5215): [1] com.google.android.finsky.utils.bn.run(1302): Package state data is missing for com.google.android.apps.auth.test.support
12-14 22:03:51.144: W/Finsky(5215): [1] com.google.android.finsky.FinskyApp.i(1556): No account configured on this device.
12-14 22:03:51.145: D/WearableService(2105): onGetService - Wear is not available on this device.
12-14 22:03:51.146: E/Finsky(5215): [1] com.google.android.finsky.wear.bo.a(838): onConnectionFailed: ConnectionResult{statusCode=API_UNAVAILABLE, resolution=null, message=null}
12-14 22:03:51.146: I/Finsky(5215): [1] com.google.android.finsky.wear.WearSupportService.a(6396): Dropping command=send_installed_apps due to Gms not connected
12-14 22:03:51.177: D/Wear_Controller(2301): Received broadcast action=android.intent.action.PACKAGE_ADDED and uri=com.google.android.apps.auth.test.support
12-14 22:03:51.185: I/UpdateIcingCorporaServi(5312): Updating corpora: APPS=com.google.android.apps.auth.test.support, CONTACTS=MAYBE
12-14 22:03:51.192: I/UpdateIcingCorporaServi(5312): UpdateCorporaTask done [took 8 ms] updated apps [took 8 ms] 
12-14 22:03:51.193: I/Icing(2301): IndexChimeraService.getServiceInterface callingPackage=com.google.android.gms componentName=AppsCorpus serviceId=32
12-14 22:03:51.193: I/Icing(2301): IndexChimeraService.getServiceInterface callingPackage=com.google.android.gms componentName=AppsCorpus serviceId=36
12-14 22:03:51.204: I/Icing(2301): Usage reports ok 0, Failed Usage reports 0, indexed 0, rejected 0, imm upload false
12-14 22:03:51.209: I/Icing(2301): Usage reports ok 0, Failed Usage reports 0, indexed 0, rejected 0, imm upload false
12-14 22:03:51.365: I/Icing(2301): Indexing BEC57AAA83C945DE3A882EF0E754BBC129D3BD62 from com.google.android.gms
12-14 22:03:51.365: I/Icing(2301): Indexing done BEC57AAA83C945DE3A882EF0E754BBC129D3BD62
12-14 22:03:51.366: I/Icing(2301): Indexing BBD277D773C249A2E76A1893E5636DEC82717C59 from com.google.android.googlequicksearchbox
12-14 22:03:51.380: I/Icing(2301): Indexing done BBD277D773C249A2E76A1893E5636DEC82717C59
12-14 22:03:51.781: I/Remoter(1395): Saved screenshot to '/data/screenshots/__pmv__-0070.jpg'
12-14 22:03:51.862: D/AndroidRuntime(5515): >>>>>> START com.android.internal.os.RuntimeInit uid 0 <<<<<<
12-14 22:03:51.864: D/AndroidRuntime(5515): CheckJNI is OFF
12-14 22:03:51.890: D/ICU(5515): No timezone override file found: /data/misc/zoneinfo/current/icu/icu_tzdata.dat
12-14 22:03:51.890: D/ICU(5515): [ 12-14 22:03:51.894  5515: 5515 W/         ]
12-14 22:03:51.890: D/ICU(5515): Failed to bind-mount /system/lib/x86/cpuinfo as /proc/cpuinfo: No such file or directory
12-14 22:03:51.899: E/memtrack(5515): Couldn't load memtrack module (No such file or directory)
12-14 22:03:51.899: E/android.os.Debug(5515): failed to load memtrack module: -2
12-14 22:03:51.900: I/Radio-JNI(5515): register_android_hardware_Radio DONE
12-14 22:03:51.904: D/AndroidRuntime(5515): Calling main entry com.android.commands.pm.Pm
12-14 22:03:51.904: D/AndroidRuntime(5515): [ 12-14 22:03:51.907  1411: 1411 I/         ]
12-14 22:03:51.904: D/AndroidRuntime(5515): free_cache(717950) avail 3919650816
12-14 22:03:51.924: I/Finsky(5215): [1] com.google.android.vending.verifier.PackageVerificationReceiver.onReceive(2107): Skipping verification. Disabled by user setting
12-14 22:03:51.927: I/PackageManager.DexOptimizer(1699): Running dexopt (dex2oat) on: /data/app/vmdl1804103312.tmp/base.apk pkg=com.google.android.apps.mtaas.testloop isa=x86 vmSafeMode=false debuggable=false target-filter=interpret-only oatDir = /data/app/vmdl1804103312.tmp/oat sharedLibraries=null
12-14 22:03:51.936: W/dex2oat(5526): Mismatch between dex2oat instruction set features (ISA: X86 Feature string: smp,ssse3,sse4.1,sse4.2,-avx,-avx2,lock_add,popcnt) and those of dex2oat executable (ISA: X86 Feature string: smp,ssse3,sse4.1,sse4.2,-avx,-avx2,-lock_add,popcnt) for the command line:
12-14 22:03:51.936: W/dex2oat(5526): /system/bin/dex2oat --zip-fd=6 --zip-location=base.apk --oat-fd=7 --oat-location=/data/app/vmdl1804103312.tmp/oat/x86/base.odex --instruction-set=x86 --instruction-set-variant=silvermont --instruction-set-features=default --runtime-arg -Xms64m --runtime-arg -Xmx512m --compiler-filter=interpret-only --swap-fd=8
12-14 22:03:51.936: I/dex2oat(5526): /system/bin/dex2oat --compiler-filter=interpret-only
12-14 22:03:51.936: E/cutils-trace(5526): Error opening trace file: Permission denied (13)
12-14 22:03:52.101: I/dex2oat(5526): dex2oat took 164.558ms (threads: 2) arena alloc=1592B (1592B) java alloc=947KB (970144B) native alloc=2MB (2512896B) free=1642KB (1681408B)
12-14 22:03:52.128: D/installd(1411): Detected label change from u:object_r:system_data_file:s0 to u:object_r:app_data_file:s0:c512,c768 at /data/data/com.google.android.apps.mtaas.testloop; running recursive restorecon
12-14 22:03:52.129: D/installd(1411): Detected label change from u:object_r:system_data_file:s0 to u:object_r:app_data_file:s0:c512,c768 at /data/user_de/0/com.google.android.apps.mtaas.testloop; running recursive restorecon
12-14 22:03:52.129: V/BackupManagerService(1699): restoreAtInstall pkg=com.google.android.apps.mtaas.testloop token=5 restoreSet=0
12-14 22:03:52.129: V/BackupManagerService(1699): Finishing install immediately
12-14 22:03:52.130: D/VoldConnector(1699): SND -> {8 volume remount_uid 10085 read}
12-14 22:03:52.130: D/vold(1330): Remounting 10085 as mode read
12-14 22:03:52.130: I/GnssLocationProvider(1699): WakeLock acquired by sendMessage(3, 0, com.android.server.location.GnssLocationProvider$GpsRequest@e530472)
12-14 22:03:52.132: I/GnssLocationProvider(1699): WakeLock released by handleMessage(3, 0, com.android.server.location.GnssLocationProvider$GpsRequest@e530472)
12-14 22:03:52.132: D/VoldConnector(1699): RCV <- {200 8 Command succeeded}
12-14 22:03:52.133: D/VoldConnector(1699): SND -> {9 volume remount_uid 10085 write}
12-14 22:03:52.133: I/GnssLocationProvider(1699): WakeLock acquired by sendMessage(3, 0, com.android.server.location.GnssLocationProvider$GpsRequest@6dfd0c3)
12-14 22:03:52.133: D/vold(1330): Remounting 10085 as mode write
12-14 22:03:52.133: I/GnssLocationProvider(1699): WakeLock released by handleMessage(3, 0, com.android.server.location.GnssLocationProvider$GpsRequest@6dfd0c3)
12-14 22:03:52.135: D/VoldConnector(1699): RCV <- {200 9 Command succeeded}
12-14 22:03:52.137: I/art(1699): Starting a blocking GC Explicit
12-14 22:03:52.161: I/art(1699): Explicit concurrent mark sweep GC freed 60577(3MB) AllocSpace objects, 14(328KB) LOS objects, 33% free, 14MB/21MB, paused 277us total 23.848ms
12-14 22:03:52.161: I/art(1699): [ 12-14 22:03:52.164  1411: 1411 E/         ]
12-14 22:03:52.161: I/art(1699): Couldn't opendir /data/app/vmdl1804103312.tmp: No such file or directory
12-14 22:03:52.166: D/BluetoothMapAppObserver(1769): onReceive
12-14 22:03:52.166: D/BluetoothMapAppObserver(1769): The installed package is: com.google.android.apps.mtaas.testloop
12-14 22:03:52.168: D/CarrierSvcBindHelper(1875): No carrier app for: 0
12-14 22:03:52.168: D/CarrierConfigLoader(1875): mHandler: 9 phoneId: 0
12-14 22:03:52.170: I/InputReader(1699): Reconfiguring input devices.  changes=0x00000010
12-14 22:03:52.178: I/art(5515): System.exit called, status: 0
12-14 22:03:52.178: I/AndroidRuntime(5515): VM exiting with result code 0.
12-14 22:03:52.180: D/BluetoothMapAppObserver(1769): Found 0 application(s) with intent android.bluetooth.action.BLUETOOTH_MAP_PROVIDER
12-14 22:03:52.180: D/BluetoothMapAppObserver(1769): Found 0 application(s) with intent android.bluetooth.action.BLUETOOTH_MAP_IM_PROVIDER
12-14 22:03:52.189: I/Finsky(5215): [1] com.google.android.finsky.utils.PermissionPolicies$PermissionPolicyService.onStartCommand(117): post-install permissions check for com.google.android.apps.mtaas.testloop
12-14 22:03:52.191: W/Finsky(5215): [1] com.google.android.finsky.FinskyApp.i(1556): No account configured on this device.
12-14 22:03:52.196: I/Finsky(5215): [1] com.google.android.finsky.utils.bn.run(1302): Package state data is missing for com.google.android.apps.mtaas.testloop
12-14 22:03:52.197: W/Finsky(5215): [1] com.google.android.finsky.FinskyApp.i(1556): No account configured on this device.
12-14 22:03:52.197: D/WearableService(2105): onGetService - Wear is not available on this device.
12-14 22:03:52.200: E/Finsky(5215): [1] com.google.android.finsky.wear.bo.a(838): onConnectionFailed: ConnectionResult{statusCode=API_UNAVAILABLE, resolution=null, message=null}
12-14 22:03:52.200: I/Finsky(5215): [1] com.google.android.finsky.wear.WearSupportService.a(6396): Dropping command=send_installed_apps due to Gms not connected
12-14 22:03:52.212: I/Icing(2301): Indexing BEC57AAA83C945DE3A882EF0E754BBC129D3BD62 from com.google.android.gms
