12-14 22:04:01.619: I/RenderThread(1798): type=1400 audit(0.0:91): avc: denied { read } for path=2F6465762F6173686D656D2F6772616C6C6F632D313430322E3338202864656C6574656429 dev="tmpfs" ino=125142 scontext=u:r:platform_app:s0:c512,c768 tcontext=u:object_r:surfaceflinger_tmpfs:s0 tclass=file permissive=1
12-14 22:04:01.830: W/System(5755): ClassLoader referenced unknown path: /system/app/Photos/lib/x86
12-14 22:04:01.838: I/GceGrallocRegionRegistry(1402): Unmapped gralloc-1402.34 hnd=0xab69c3c0 fd=29 base=0xa16ef000
12-14 22:04:01.838: I/GceGrallocRegionRegistry(1402): Mapped gralloc-1402.39 hnd=0xab69c540 fd=29 base=0xa16ef000 format=RGBA_8888(0x1) width=1440 height=2560
12-14 22:04:01.842: I/GceGrallocRegionRegistry(2261): Mapped gralloc-1402.39 hnd=0xaf122340 fd=51 base=0x90dd7000 format=RGBA_8888(0x1) width=1440 height=2560
12-14 22:04:02.159: I/Choreographer(2261): Skipped 31 frames!  The application may be doing too much work on its main thread.
12-14 22:04:02.552: W/VncBackend(1398): Slow frame encode! (466 ms)
12-14 22:04:02.562: I/ContactsDatabaseHelper(4994): Locale change completed in 937ms
12-14 22:04:02.667: I/GceGrallocRegionRegistry(1402): Unmapped gralloc-1402.32 hnd=0xa7343900 fd=38 base=0x9f9ee000
12-14 22:04:02.872: I/GceGrallocRegionRegistry(1402): Unmapped gralloc-1402.33 hnd=0xab69c380 fd=25 base=0xa366e000
12-14 22:04:02.872: I/GceGrallocRegionRegistry(1402): Mapped gralloc-1402.40 hnd=0xa7343840 fd=25 base=0xa366e000 format=RGBA_8888(0x1) width=1440 height=2560
12-14 22:04:02.873: I/GceGrallocRegionRegistry(2261): Mapped gralloc-1402.40 hnd=0xa774b680 fd=56 base=0x8ed0c000 format=RGBA_8888(0x1) width=1440 height=2560
12-14 22:04:02.889: I/Choreographer(2261): Skipped 37 frames!  The application may be doing too much work on its main thread.
12-14 22:04:03.070: I/Remoter(1395): Saved screenshot to '/data/screenshots/__pmv__-0077.jpg'
12-14 22:04:03.091: I/ContactsFTS(4994): Rebuild contact search index in 423ms, 0 contacts
12-14 22:04:03.332: W/InstanceID/Rpc(5755): Found 10014
12-14 22:04:03.439: I/ActivityManager(1699): Start proc 5776:com.google.android.calendar/u0a39 for broadcast com.google.android.calendar/com.android.calendar.alerts.AlertReceiver
12-14 22:04:03.530: W/System(5776): ClassLoader referenced unknown path: /system/app/CalendarGooglePrebuilt/lib/x86
12-14 22:04:03.550: W/Conscrypt(2105): Could not set socket write timeout:
12-14 22:04:03.550: W/Conscrypt(2105):    java.lang.reflect.Method.invoke(Native Method)
12-14 22:04:03.550: W/Conscrypt(2105):    com.google.android.gms.org.conscrypt.Platform.setSocketWriteTimeout(:com.google.android.gms@11746470:13)
12-14 22:04:03.563: W/Conscrypt(2105): Could not set socket write timeout:
12-14 22:04:03.563: W/Conscrypt(2105):    java.lang.reflect.Method.invoke(Native Method)
12-14 22:04:03.563: W/Conscrypt(2105):    com.google.android.gms.org.conscrypt.Platform.setSocketWriteTimeout(:com.google.android.gms@11746470:13)
12-14 22:04:03.601: I/ActivityManager(1699): Start proc 5801:com.android.providers.calendar/u0a2 for content provider com.android.providers.calendar/.CalendarProvider2
12-14 22:04:03.610: D/AndroidRuntime(5754): >>>>>> START com.android.internal.os.RuntimeInit uid 0 <<<<<<
12-14 22:04:03.612: D/AndroidRuntime(5754): CheckJNI is OFF
12-14 22:04:03.616: W/ActivityManager(1699): Unable to start service Intent { act=com.google.android.gms.playlog.service.START pkg=com.google.android.gms } U=0: not found
12-14 22:04:03.616: W/ActivityManager(1699): Unbind failed: could not find connection for android.os.BinderProxy@f331375
12-14 22:04:03.616: E/GmsClient(5776): unable to connect to service: com.google.android.gms.playlog.service.START
12-14 22:04:03.622: E/TimelyPrefService(5776): Primary account is null
12-14 22:04:03.631: W/System(5801): ClassLoader referenced unknown path: /system/priv-app/CalendarProvider/lib/x86
12-14 22:04:03.651: I/CalendarProvider2(5801): Created com.android.providers.calendar.CalendarAlarmManager@f1bf4dc(com.android.providers.calendar.CalendarProvider2@1aa79e5)
12-14 22:04:03.655: W/AnalyticsLogBase(5776): PlayLogger.onLoggerFailedConnection
12-14 22:04:03.683: I/ActivityManager(1699): Start proc 5828:com.google.android.deskclock/u0a73 for broadcast com.google.android.deskclock/com.android.deskclock.AlarmInitReceiver
12-14 22:04:03.693: W/Conscrypt(2105): Could not set socket write timeout:
12-14 22:04:03.693: W/Conscrypt(2105):    java.lang.reflect.Method.invoke(Native Method)
12-14 22:04:03.693: W/Conscrypt(2105):    com.google.android.gms.org.conscrypt.Platform.setSocketWriteTimeout(:com.google.android.gms@11746470:13)
12-14 22:04:03.702: D/ICU(5754): No timezone override file found: /data/misc/zoneinfo/current/icu/icu_tzdata.dat
12-14 22:04:03.722: W/Conscrypt(2105): Could not set socket write timeout:
12-14 22:04:03.722: W/Conscrypt(2105):    java.lang.reflect.Method.invoke(Native Method)
12-14 22:04:03.722: W/Conscrypt(2105):    com.google.android.gms.org.conscrypt.Platform.setSocketWriteTimeout(:com.google.android.gms@11746470:13)
12-14 22:04:03.731: W/System(5828): ClassLoader referenced unknown path: /system/app/PrebuiltDeskClockGoogle/lib/x86
12-14 22:04:03.763: I/GAv4(5828): Google Analytics 9.2.56 is starting up. To enable debug logging on a device run:
12-14 22:04:03.763: I/GAv4(5828):   adb shell setprop log.tag.GAv4 DEBUG
12-14 22:04:03.763: I/GAv4(5828):   adb logcat -s GAv4
12-14 22:04:03.768: W/GAv4(5828): AnalyticsReceiver is not registered or is disabled. Register the receiver for reliable dispatching on non-Google Play devices. See http://goo.gl/8Rd3yj for instructions.
12-14 22:04:03.789: W/GAv4(5828): CampaignTrackingReceiver is not registered, not exported or is disabled. Installation campaign tracking is not possible. See http://goo.gl/8Rd3yj for instructions.
12-14 22:04:03.791: W/GAv4(5828): AnalyticsService not registered in the app manifest. Hits might not be delivered reliably. See http://goo.gl/8Rd3yj for instructions.
12-14 22:04:03.794: I/AlarmClock(5828): AlarmInitReceiver android.intent.action.LOCALE_CHANGED
12-14 22:04:03.794: I/AlarmClock(5828): [ 12-14 22:04:03.822  5754: 5754 W/         ]
12-14 22:04:03.794: I/AlarmClock(5828): Failed to bind-mount /system/lib/x86/cpuinfo as /proc/cpuinfo: No such file or directory
12-14 22:04:03.826: I/DigitalWidgetProvider(5828): onReceive: Intent { act=android.intent.action.LOCALE_CHANGED flg=0x10000010 cmp=com.google.android.deskclock/com.android.alarmclock.DigitalAppWidgetProvider }
12-14 22:04:03.837: V/AlarmClock(5828): AlarmInitReceiver finished
12-14 22:04:03.844: E/memtrack(5754): Couldn't load memtrack module (No such file or directory)
12-14 22:04:03.844: E/android.os.Debug(5754): failed to load memtrack module: -2
12-14 22:04:03.845: I/Radio-JNI(5754): register_android_hardware_Radio DONE
12-14 22:04:03.860: D/AndroidRuntime(5754): Calling main entry com.android.commands.settings.SettingsCmd
12-14 22:04:03.879: I/ActivityManager(1699): Start proc 5858:com.google.android.gm/u0a74 for broadcast com.google.android.gm/.MailIntentReceiver
12-14 22:04:03.888: D/AndroidRuntime(5754): Shutting down VM
12-14 22:04:03.910: D/AppIndexApi(5828): Logging objectbew@73a4bd4
12-14 22:04:04.184: I/art(1699): Starting a blocking GC Explicit
12-14 22:04:04.328: W/System(5858): ClassLoader referenced unknown path: /system/app/PrebuiltGmail/lib/x86
12-14 22:04:04.330: I/art(1699): Explicit concurrent mark sweep GC freed 6191(433KB) AllocSpace objects, 1(60KB) LOS objects, 33% free, 14MB/22MB, paused 515us total 146.090ms
12-14 22:04:04.352: W/Icing(2105): isOptedInForAppHistory: empty Account Name encountered
12-14 22:04:04.356: W/EasBundling(5858): in EasBundling.init, isBundlingEnabled=true
12-14 22:04:04.368: I/Gmail(5858): getAccountsCursor
12-14 22:04:04.370: D/ActivityThread(5858): Loading provider com.google.android.gmail.provider;com.android.mail.notifier;com.google.android.gm.email.provider;com.google.android.gm.email.notifier: com.android.email.provider.EmailProvider
12-14 22:04:04.375: W/ChimeraUtils(2105): Non Chimera context
12-14 22:04:04.385: I/Remoter(1395): Saved screenshot to '/data/screenshots/__pmv__-0078.jpg'
12-14 22:04:04.404: W/GAV2(5858): Thread[main,5,main]: Need to call initialize() and be in fallback mode to start dispatch.
12-14 22:04:04.420: I/Gmail(5858): GmailApplication: Disabled account setup suggestion (7 days)
12-14 22:04:04.422: I/Gmail(5858): Initiated Service map for: [gPop3, gLegacyImap, gEas, gmail]
12-14 22:04:04.443: I/Exchange(5858): EasService.onCreate
12-14 22:04:04.444: W/ActivityManager(1699): Unable to start service Intent { cmp=com.google.android.gm.exchange/com.android.exchange.service.EasService } U=0: not found
12-14 22:04:04.445: I/Exchange(5858): EasService.onCreate stoppedOldService=false
12-14 22:04:04.457: I/Exchange(5858): needResyncCalendar: false, hasCalendarPermission: true, needResyncContacts: false, hasContactsPermission: true
12-14 22:04:04.457: I/Exchange(5858): RestartPingTask
12-14 22:04:04.465: I/NotifUtils(5858): resendNotifications cancelExisting: true, account: null, folder: null
12-14 22:04:04.475: W/KeyphraseEnrollmentInfo(2137): No Enrollment application supports the given keyphrase/locale
12-14 22:04:04.529: I/NotifUtils(5858): resendNotifications cancelExisting: true, account: null, folder: null
12-14 22:04:04.532: W/ChimeraUtils(2301): Non Chimera context
12-14 22:04:04.545: I/Icing(2301): IndexChimeraService.getServiceInterface callingPackage=com.google.android.gms componentName=AppsCorpus serviceId=32
12-14 22:04:04.547: I/Icing(2301): IndexChimeraService.getServiceInterface callingPackage=com.google.android.gms componentName=AppsCorpus serviceId=36
12-14 22:04:04.558: I/Icing(2301): Query from com.google.android.gms package restrict com.google.android.gms start 0 num 100
12-14 22:04:04.614: I/Icing(2301): IndexChimeraService.getServiceInterface callingPackage=com.google.android.gms componentName=AppsCorpus serviceId=36
12-14 22:04:04.616: W/ActivityManager(1699): Unable to start service Intent { cmp=com.google.android.gm/com.android.email.service.AttachmentService } U=0: not found
12-14 22:04:04.620: I/Gmail(5858): getAccountsCursor
12-14 22:04:04.620: I/BeaconBle(2105): Nearby requested to stop scan
12-14 22:04:04.620: I/Exchange(5858): RestartPingsTask did not start any pings.
12-14 22:04:04.622: I/Exchange(5858): onDestroy
12-14 22:04:04.626: I/Exchange(5858): EasService.onCreate
12-14 22:04:04.626: W/ActivityManager(1699): Unable to start service Intent { cmp=com.google.android.gm.exchange/com.android.exchange.service.EasService } U=0: not found
12-14 22:04:04.627: I/Exchange(5858): EasService.onCreate stoppedOldService=false
12-14 22:04:04.629: I/Exchange(5858): needResyncCalendar: false, hasCalendarPermission: true, needResyncContacts: false, hasContactsPermission: true
12-14 22:04:04.633: I/Gmail(5858): Observing account changes for notifications
12-14 22:04:04.664: I/Exchange(5858): RestartPingTask
12-14 22:04:04.675: I/Gmail(5858): getAccountsCursor
12-14 22:04:04.678: I/Exchange(5858): RestartPingsTask did not start any pings.
12-14 22:04:04.678: I/Exchange(5858): onDestroy
12-14 22:04:04.680: I/Icing(2301): IndexChimeraService.getServiceInterface callingPackage=com.google.android.gms componentName=AppsCorpus serviceId=32
12-14 22:04:04.699: W/KeyphraseEnrollmentInfo(2137): No Enrollment application supports the given keyphrase/locale
12-14 22:04:04.708: I/CalendarProvider2(5801): Sending notification intent: Intent { act=android.intent.action.PROVIDER_CHANGED dat=content://com.android.calendar flg=0x20000000 }
12-14 22:04:04.708: W/ContentResolver(5801): Failed to get type for: content://com.android.calendar (Unknown URL content://com.android.calendar)
12-14 22:04:04.727: I/IcingInternalCorpora(2301): Received calendar change notification.
12-14 22:04:04.729: I/UpdateIcingCorporaServi(5312): Updating corpora: APPS=FORCE_ALL, CONTACTS=FORCE_ALL
12-14 22:04:05.029: W/NearbyMessages(2105): LocationProvider returns null
12-14 22:04:05.030: I/Icing(2301): Usage reports ok 1, Failed Usage reports 0, indexed 1, rejected 0, imm upload false
12-14 22:04:05.044: I/qtaguid(5016): Tagging socket -1 with tag 0(0) for uid -1 failed errno=-9
12-14 22:04:05.044: I/NetworkManagementSocketTagger(5016): tagSocketFd(-1, 0, -1) failed with errno-9
12-14 22:04:05.049: I/Icing(2301): Usage reports ok 0, Failed Usage reports 0, indexed 0, rejected 0, imm upload false
12-14 22:04:05.053: V/NativeCrypto(5016): SSL shutdown failed: ssl=0xb468c5c0: I/O error during system call, Broken pipe
12-14 22:04:05.056: I/Icing(2301): Usage reports ok 0, Failed Usage reports 0, indexed 0, rejected 0, imm upload false
12-14 22:04:05.074: I/Icing(2301): Usage reports ok 0, Failed Usage reports 0, indexed 0, rejected 0, imm upload false
12-14 22:04:05.080: I/UpdateIcingCorporaServi(5312): UpdateCorporaTask done [took 351 ms] updated apps [took 343 ms] updated contacts [took 8 ms]
12-14 22:04:05.093: I/BeaconBle(2105): 'L' hardware scan: scan stopped, no clients
12-14 22:04:05.093: I/BeaconBle(2105): Scan canceled successfully.
12-14 22:04:05.094: D/BluetoothAdapter(2105): STATE_ON
12-14 22:04:05.095: D/BtGatt.GattService(1769): stopScan() - queue size =1
12-14 22:04:05.095: D/BtGatt.GattService(1769): unregisterClient() - clientIf=5
12-14 22:04:05.095: D/BtGatt.ScanManager(1769): stop scan
12-14 22:04:05.095: D/BtGatt.ScanManager(1769): configureRegularScanParams() - queue=0
12-14 22:04:05.095: D/BtGatt.ScanManager(1769): configureRegularScanParams() - ScanSetting Scan mode=-2147483648 mLastConfiguredScanSetting=-1
12-14 22:04:05.095: D/BtGatt.ScanManager(1769): configureRegularScanParams() - queue emtpy, scan stopped
12-14 22:04:05.095: E/bt_btm(1769): BTM_BleObserve Observe not active
12-14 22:04:05.100: D/BluetoothAdapter(2105): STATE_ON
12-14 22:04:05.101: D/BtGatt.GattService(1769): registerClient() - UUID=97814726-ac36-4382-85e6-a838d8273d57
12-14 22:04:05.101: D/BtGatt.GattService(1769): onClientRegistered() - UUID=97814726-ac36-4382-85e6-a838d8273d57, clientIf=5
12-14 22:04:05.101: D/BluetoothLeScanner(2105): onClientRegistered() - status=0 clientIf=5 mClientIf=0
12-14 22:04:05.101: D/BtGatt.GattService(1769): start scan with filters
12-14 22:04:05.101: D/BtGatt.ScanManager(1769): handling starting scan
12-14 22:04:05.102: D/BtGatt.ScanManager(1769): configureRegularScanParams() - queue=1
12-14 22:04:05.102: D/BtGatt.ScanManager(1769): configureRegularScanParams() - ScanSetting Scan mode=0 mLastConfiguredScanSetting=-2147483648
12-14 22:04:05.102: D/BtGatt.ScanManager(1769): configureRegularScanParams - scanInterval = 8000configureRegularScanParams - scanWindow = 800
12-14 22:04:05.102: D/BtGatt.GattService(1769): onScanParamSetupCompleted : 0
12-14 22:04:05.121: I/BeaconBle(2105): Client requested scan, settings=BleSettings [scanMode=LOW_LATENCY, callbackType=ALL_MATCHES, reportDelayMillis=0, 6 filters, 1 clients, callingClientName=Nearby]
12-14 22:04:05.125: I/BeaconBle(2105): 'L' hardware scan: 6 filters, scanMode=2, reportdelay=0, callback type=1, #clients=1, workSource=WorkSource{10014 com.google.android.gms}
12-14 22:04:05.126: I/BeaconBle(2105): Starting scan on OS scanner. BT state: 12
12-14 22:04:05.126: D/BluetoothAdapter(2105): STATE_ON
12-14 22:04:05.126: D/BtGatt.GattService(1769): registerClient() - UUID=c94df609-e279-48e3-8bad-c85c2cd7de1a
12-14 22:04:05.126: D/BtGatt.GattService(1769): onClientRegistered() - UUID=c94df609-e279-48e3-8bad-c85c2cd7de1a, clientIf=6
12-14 22:04:05.126: D/BluetoothLeScanner(2105): onClientRegistered() - status=0 clientIf=6 mClientIf=0
12-14 22:04:05.126: D/BtGatt.GattService(1769): start scan with filters
12-14 22:04:05.127: D/BtGatt.ScanManager(1769): handling starting scan
12-14 22:04:05.128: D/BtGatt.ScanManager(1769): configureRegularScanParams() - queue=2
12-14 22:04:05.128: D/BtGatt.ScanManager(1769): configureRegularScanParams() - ScanSetting Scan mode=2 mLastConfiguredScanSetting=0
12-14 22:04:05.128: D/BtGatt.ScanManager(1769): configureRegularScanParams - scanInterval = 8000configureRegularScanParams - scanWindow = 8000
12-14 22:04:05.148: D/BtGatt.GattService(1769): onScanParamSetupCompleted : 0
12-14 22:04:05.167: D/AndroidRuntime(5886): >>>>>> START com.android.internal.os.RuntimeInit uid 0 <<<<<<
12-14 22:04:05.170: D/AndroidRuntime(5886): CheckJNI is OFF
12-14 22:04:05.205: D/ICU(5886): No timezone override file found: /data/misc/zoneinfo/current/icu/icu_tzdata.dat
12-14 22:04:05.205: D/ICU(5886): [ 12-14 22:04:05.211  5886: 5886 W/         ]
12-14 22:04:05.205: D/ICU(5886): Failed to bind-mount /system/lib/x86/cpuinfo as /proc/cpuinfo: No such file or directory
12-14 22:04:05.216: E/memtrack(5886): Couldn't load memtrack module (No such file or directory)
12-14 22:04:05.216: E/android.os.Debug(5886): failed to load memtrack module: -2
12-14 22:04:05.216: I/Radio-JNI(5886): register_android_hardware_Radio DONE
12-14 22:04:05.220: D/AndroidRuntime(5886): Calling main entry com.android.commands.settings.SettingsCmd
12-14 22:04:05.223: D/AndroidRuntime(5886): Shutting down VM
12-14 22:04:05.518: I/qtaguid(5016): Untagging socket -1 failed errno=-9
12-14 22:04:05.518: W/NetworkManagementSocketTagger(5016): untagSocket(-1) failed with errno -9
12-14 22:04:05.640: I/Remoter(1395): Saved screenshot to '/data/screenshots/__pmv__-0079.jpg'
12-14 22:04:05.742: I/IcingInternalCorpora(2301): EventIndexer: starting incremental update
12-14 22:04:05.742: I/IcingInternalCorpora(2301): EventIndexer: 0 added, 0 removed, 0 changed, 0 unchanged, 0 errors.
12-14 22:04:05.743: I/IcingInternalCorpora(2301): EventIndexer: finished after 0 ms.
12-14 22:04:05.910: D/AndroidRuntime(5939): >>>>>> START com.android.internal.os.RuntimeInit uid 0 <<<<<<
12-14 22:04:05.911: D/AndroidRuntime(5939): CheckJNI is OFF
12-14 22:04:05.938: D/ICU(5939): No timezone override file found: /data/misc/zoneinfo/current/icu/icu_tzdata.dat
12-14 22:04:05.938: D/ICU(5939): [ 12-14 22:04:05.942  5939: 5939 W/         ]
12-14 22:04:05.938: D/ICU(5939): Failed to bind-mount /system/lib/x86/cpuinfo as /proc/cpuinfo: No such file or directory
12-14 22:04:05.947: E/memtrack(5939): Couldn't load memtrack module (No such file or directory)
12-14 22:04:05.947: E/android.os.Debug(5939): failed to load memtrack module: -2
12-14 22:04:05.947: I/Radio-JNI(5939): register_android_hardware_Radio DONE
12-14 22:04:05.952: D/AndroidRuntime(5939): Calling main entry com.android.commands.settings.SettingsCmd
12-14 22:04:06.039: D/AndroidRuntime(5939): Shutting down VM
12-14 22:04:06.134: I/Icing(2301): Indexing BEC57AAA83C945DE3A882EF0E754BBC129D3BD62 from com.google.android.gms
12-14 22:04:06.332: I/Icing(2301): Indexing done BEC57AAA83C945DE3A882EF0E754BBC129D3BD62
12-14 22:04:06.562: D/AndroidRuntime(5959): >>>>>> START com.android.internal.os.RuntimeInit uid 0 <<<<<<
12-14 22:04:06.564: D/AndroidRuntime(5959): CheckJNI is OFF
12-14 22:04:06.591: D/ICU(5959): No timezone override file found: /data/misc/zoneinfo/current/icu/icu_tzdata.dat
12-14 22:04:06.591: D/ICU(5959): [ 12-14 22:04:06.594  5959: 5959 W/         ]
12-14 22:04:06.591: D/ICU(5959): Failed to bind-mount /system/lib/x86/cpuinfo as /proc/cpuinfo: No such file or directory
12-14 22:04:06.599: E/memtrack(5959): Couldn't load memtrack module (No such file or directory)
12-14 22:04:06.599: E/android.os.Debug(5959): failed to load memtrack module: -2
12-14 22:04:06.600: I/Radio-JNI(5959): register_android_hardware_Radio DONE
12-14 22:04:06.604: D/AndroidRuntime(5959): Calling main entry com.android.commands.settings.SettingsCmd
12-14 22:04:06.606: D/AndroidRuntime(5959): Shutting down VM
12-14 22:04:06.852: I/Remoter(1395): Saved screenshot to '/data/screenshots/__pmv__-0080.jpg'
12-14 22:04:07.071: D/AndroidRuntime(5973): >>>>>> START com.android.internal.os.RuntimeInit uid 0 <<<<<<
12-14 22:04:07.073: D/AndroidRuntime(5973): CheckJNI is OFF
12-14 22:04:07.099: D/ICU(5973): No timezone override file found: /data/misc/zoneinfo/current/icu/icu_tzdata.dat
12-14 22:04:07.099: D/ICU(5973): [ 12-14 22:04:07.103  5973: 5973 W/         ]
12-14 22:04:07.099: D/ICU(5973): Failed to bind-mount /system/lib/x86/cpuinfo as /proc/cpuinfo: No such file or directory
12-14 22:04:07.108: E/memtrack(5973): Couldn't load memtrack module (No such file or directory)
12-14 22:04:07.108: E/android.os.Debug(5973): failed to load memtrack module: -2
12-14 22:04:07.109: I/Radio-JNI(5973): register_android_hardware_Radio DONE
12-14 22:04:07.113: D/AndroidRuntime(5973): Calling main entry com.android.commands.am.Am
12-14 22:04:07.115: I/ActivityManager(1699): START u0 {flg=0x10000000 cmp=com.google.android.apps.mtaas.backdrop/.BackdropActivity} from uid 0 on display 0
12-14 22:04:07.121: D/AndroidRuntime(5973): Shutting down VM
12-14 22:04:07.213: W/ActivityManager(1699): Slow operation: 92ms so far, now at startProcess: returned from zygote!
12-14 22:04:07.213: W/ActivityManager(1699): Slow operation: 93ms so far, now at startProcess: done updating battery stats
12-14 22:04:07.213: W/ActivityManager(1699): Slow operation: 93ms so far, now at startProcess: building log message
12-14 22:04:07.213: I/ActivityManager(1699): Start proc 5982:com.google.android.apps.mtaas.backdrop/u0a83 for activity com.google.android.apps.mtaas.backdrop/.BackdropActivity
12-14 22:04:07.213: W/ActivityManager(1699): Slow operation: 93ms so far, now at startProcess: starting to update pids map
12-14 22:04:07.213: W/ActivityManager(1699): Slow operation: 93ms so far, now at startProcess: done updating pids map
12-14 22:04:07.213: W/ActivityManager(1699): Slow operation: 93ms so far, now at startProcess: done starting proc!
12-14 22:04:07.320: W/System(5982): ClassLoader referenced unknown path: /data/app/com.google.android.apps.mtaas.backdrop-1/lib/x86
12-14 22:04:07.597: I/GceGrallocRegionRegistry(1402): Mapped gralloc-1402.41 hnd=0xab69c5c0 fd=37 base=0x9facf000 format=RGBA_8888(0x1) width=1440 height=2392
12-14 22:04:07.597: I/GceGrallocRegionRegistry(1699): Mapped gralloc-1402.41 hnd=0x924c0540 fd=181 base=0x8d93b000 format=RGBA_8888(0x1) width=1440 height=2392
12-14 22:04:07.652: I/BackdropActivity(5982): android_id: 3987271204183072306
12-14 22:04:07.745: I/GceGrallocRegionRegistry(5982): Mapped gralloc-1402.2 hnd=0xa3d31480 fd=40 base=0x955c4000 format=RGBA_8888(0x1) width=576 height=576
12-14 22:04:07.579: I/android.display(1699): type=1400 audit(0.0:92): avc: denied { read } for path=2F6465762F6173686D656D2F6772616C6C6F632D313430322E3431202864656C6574656429 dev="tmpfs" ino=126877 scontext=u:r:system_server:s0 tcontext=u:object_r:surfaceflinger_tmpfs:s0 tclass=file permissive=1
12-14 22:04:07.746: I/GceGrallocRegionRegistry(2261): Unmapped gralloc-1402.40 hnd=0xa774b680 fd=56 base=0x8ed0c000
12-14 22:04:07.747: I/GceGrallocRegionRegistry(2261): Unmapped gralloc-1402.39 hnd=0xaf122340 fd=51 base=0x90dd7000
12-14 22:04:07.747: I/GceGrallocRegionRegistry(2261): Unmapped gralloc-1402.37 hnd=0xaf122400 fd=49 base=0x92d6e000
12-14 22:04:07.748: I/GceGrallocRegionRegistry(1402): Unmapped gralloc-1402.40 hnd=0xa7343840 fd=25 base=0xa366e000
12-14 22:04:07.751: I/GceGrallocRegionRegistry(1402): Unmapped gralloc-1402.39 hnd=0xab69c540 fd=29 base=0xa16ef000
12-14 22:04:07.754: D/NotificationSQLiteLog(1699): Pruned event entries: 8
12-14 22:04:08.036: I/GceGrallocRegionRegistry(1402): Mapped gralloc-1402.42 hnd=0xab69c3c0 fd=25 base=0xa374f000 format=RGBA_8888(0x1) width=1440 height=2392
12-14 22:04:08.036: I/GceGrallocRegionRegistry(1402): Mapped gralloc-1402.43 hnd=0xab69c380 fd=29 base=0xa17d0000 format=RGBA_8888(0x1) width=1440 height=2392
12-14 22:04:08.036: I/GceGrallocRegionRegistry(1402): Mapped gralloc-1402.44 hnd=0xab69c600 fd=38 base=0x9ea29000 format=RGBA_8888(0x1) width=1440 height=2392
12-14 22:04:08.036: I/OpenGLRenderer(5982): Initialized EGL, version 1.4
12-14 22:04:08.036: D/OpenGLRenderer(5982): Swap behavior 1
12-14 22:04:08.277: W/VncBackend(1398): Slow frame encode! (425 ms)
12-14 22:04:08.289: I/BeaconBle(2105): Client requested scan, settings=BleSettings [scanMode=ZERO_POWER, callbackType=ALL_MATCHES, reportDelayMillis=0, 6 filters, 1 clients, callingClientName=Nearby]
12-14 22:04:08.452: I/BeaconBle(2105): Stopping scan on delegate scanner. BT state: 12
12-14 22:04:08.452: D/BluetoothAdapter(2105): STATE_ON
12-14 22:04:08.453: D/BtGatt.GattService(1769): stopScan() - queue size =2
12-14 22:04:08.453: D/BtGatt.ScanManager(1769): configureRegularScanParams() - queue=1
12-14 22:04:08.453: D/BtGatt.ScanManager(1769): configureRegularScanParams() - ScanSetting Scan mode=0 mLastConfiguredScanSetting=2
12-14 22:04:08.453: D/BtGatt.GattService(1769): unregisterClient() - clientIf=6
12-14 22:04:08.453: D/BtGatt.ScanManager(1769): configureRegularScanParams - scanInterval = 8000configureRegularScanParams - scanWindow = 800
12-14 22:04:08.454: D/BtGatt.GattService(1769): onScanParamSetupCompleted : 0
12-14 22:04:08.643: I/BeaconBle(2105): Resetting - new scanner available: true
12-14 22:04:08.643: I/BeaconBle(2105): ZERO_POWER is disabled.
12-14 22:04:08.643: I/BeaconBle(2105): 'L' hardware scan: scan stopped, no powered clients
12-14 22:04:08.666: I/GAV2(5776): Thread[GAThread,5,main]: No campaign data found.
12-14 22:04:08.843: I/Choreographer(1798): Skipped 59 frames!  The application may be doing too much work on its main thread.
12-14 22:04:08.963: I/Remoter(1395): Saved screenshot to '/data/screenshots/__pmv__-0081.jpg'
12-14 22:04:09.216: I/GceGrallocRegionRegistry(1402): Unmapped gralloc-1402.44 hnd=0xab69c600 fd=38 base=0x9ea29000
12-14 22:04:09.216: I/GceGrallocRegionRegistry(1402): Mapped gralloc-1402.45 hnd=0xab69c340 fd=38 base=0x9ea29000 format=RGBA_8888(0x1) width=1440 height=2392
12-14 22:04:09.216: I/GceGrallocRegionRegistry(5982): Mapped gralloc-1402.45 hnd=0x9469c640 fd=42 base=0x917cf000 format=RGBA_8888(0x1) width=1440 height=2392
12-14 22:04:09.283: I/Choreographer(5982): Skipped 74 frames!  The application may be doing too much work on its main thread.
12-14 22:04:09.285: I/ActivityManager(1699): Displayed com.google.android.apps.mtaas.backdrop/.BackdropActivity: +2s164ms
12-14 22:04:09.297: I/GceGrallocRegionRegistry(1402): Unmapped gralloc-1402.43 hnd=0xab69c380 fd=29 base=0xa17d0000
12-14 22:04:09.342: I/GceGrallocRegionRegistry(1402): Mapped gralloc-1402.46 hnd=0xab69c100 fd=29 base=0xa17d0000 format=RGBA_8888(0x1) width=1440 height=2392
12-14 22:04:09.342: I/GceGrallocRegionRegistry(5982): Mapped gralloc-1402.46 hnd=0xaad0f140 fd=43 base=0x90a9e000 format=RGBA_8888(0x1) width=1440 height=2392
12-14 22:04:09.676: I/GceGrallocRegionRegistry(1699): Unmapped gralloc-1402.41 hnd=0x924c0540 fd=181 base=0x8d93b000
12-14 22:04:09.676: I/GceGrallocRegionRegistry(1402): Unmapped gralloc-1402.41 hnd=0xab69c5c0 fd=37 base=0x9facf000
12-14 22:04:09.765: I/GAV2(5858): Thread[GAThread,5,main]: No campaign data found.
12-14 22:04:09.861: I/GceGrallocRegionRegistry(1402): Unmapped gralloc-1402.42 hnd=0xab69c3c0 fd=25 base=0xa374f000
12-14 22:04:09.861: I/GceGrallocRegionRegistry(1402): Mapped gralloc-1402.47 hnd=0xab69c540 fd=25 base=0xa374f000 format=RGBA_8888(0x1) width=1440 height=2392
12-14 22:04:09.861: I/GceGrallocRegionRegistry(5982): Mapped gralloc-1402.47 hnd=0xaad0f340 fd=45 base=0x8fd6d000 format=RGBA_8888(0x1) width=1440 height=2392
12-14 22:04:09.873: I/ActivityManager(1699): Start proc 6007:com.android.vending/u0a24 for service com.android.vending/com.google.android.finsky.services.ContentSyncService
12-14 22:04:09.877: I/GceGrallocRegionRegistry(1402): Unmapped gralloc-1402.37 hnd=0xab69c480 fd=30 base=0xa08dd000
12-14 22:04:09.924: W/VncBackend(1398): Slow frame encode! (247 ms)
12-14 22:04:09.938: W/System(6007): ClassLoader referenced unknown path: /system/priv-app/Phonesky/lib/x86
12-14 22:04:10.115: W/VncBackend(1398): Slow frame encode! (188 ms)
12-14 22:04:10.130: W/Finsky(6007): [1] com.google.android.finsky.FinskyApp.i(1556): No account configured on this device.
12-14 22:04:10.133: W/Finsky(6007): [1] com.google.android.finsky.FinskyApp.i(1556): No account configured on this device.
12-14 22:04:10.134: W/Finsky(6007): [1] com.google.android.finsky.FinskyApp.i(1556): No account configured on this device.
12-14 22:04:10.134: W/Finsky(6007): [1] com.google.android.finsky.FinskyApp.i(1556): No account configured on this device.
12-14 22:04:10.135: W/Finsky(6007): [1] com.google.android.finsky.FinskyApp.i(1556): No account configured on this device.
12-14 22:04:10.135: W/Finsky(6007): [1] com.google.android.finsky.FinskyApp.i(1556): No account configured on this device.
12-14 22:04:10.137: W/Finsky(6007): [1] com.google.android.finsky.FinskyApp.i(1556): No account configured on this device.
12-14 22:04:10.196: W/Finsky(6007): [1] com.google.android.finsky.FinskyApp.i(1556): No account configured on this device.
12-14 22:04:10.197: W/Finsky(6007): [1] com.google.android.finsky.FinskyApp.i(1556): No account configured on this device.
12-14 22:04:10.199: W/Finsky(6007): [1] com.google.android.finsky.FinskyApp.i(1556): No account configured on this device.
12-14 22:04:10.204: W/Finsky(6007): [1] com.google.android.finsky.FinskyApp.i(1556): No account configured on this device.
12-14 22:04:10.207: W/Finsky(6007): [1] com.google.android.finsky.FinskyApp.i(1556): No account configured on this device.
12-14 22:04:10.207: W/Finsky(6007): [1] com.google.android.finsky.FinskyApp.i(1556): No account configured on this device.
12-14 22:04:10.209: W/Finsky(6007): [1] com.google.android.finsky.FinskyApp.i(1556): No account configured on this device.
12-14 22:04:10.210: W/Finsky(6007): [1] com.google.android.finsky.FinskyApp.i(1556): No account configured on this device.
12-14 22:04:10.210: W/Finsky(6007): [1] com.google.android.finsky.FinskyApp.i(1556): No account configured on this device.
12-14 22:04:10.212: W/Finsky(6007): [1] com.google.android.finsky.FinskyApp.i(1556): No account configured on this device.
12-14 22:04:10.212: W/Finsky(6007): [1] com.google.android.finsky.FinskyApp.i(1556): No account configured on this device.
12-14 22:04:10.218: W/Finsky(6007): [1] com.google.android.finsky.FinskyApp.i(1556): No account configured on this device.
12-14 22:04:10.219: W/Finsky(6007): [1] com.google.android.finsky.FinskyApp.i(1556): No account configured on this device.
12-14 22:04:10.219: W/Finsky(6007): [1] com.google.android.finsky.FinskyApp.i(1556): No account configured on this device.
12-14 22:04:10.219: W/Finsky(6007): [1] com.google.android.finsky.FinskyApp.i(1556): No account configured on this device.
12-14 22:04:10.220: W/Finsky(6007): [1] com.google.android.finsky.FinskyApp.i(1556): No account configured on this device.
12-14 22:04:10.221: W/Finsky(6007): [1] com.google.android.finsky.FinskyApp.i(1556): No account configured on this device.
12-14 22:04:10.221: I/Finsky(6007): [1] com.google.android.finsky.services.DailyHygiene.a(214): No recent hygiene success, needs more hygiene.
12-14 22:04:10.222: W/Finsky(6007): [1] com.google.android.finsky.FinskyApp.i(1556): No account configured on this device.
12-14 22:04:10.225: W/Settings(6007): Setting download_manager_max_bytes_over_mobile has moved from android.provider.Settings.Secure to android.provider.Settings.Global.
12-14 22:04:10.226: W/Settings(6007): Setting download_manager_recommended_max_bytes_over_mobile has moved from android.provider.Settings.Secure to android.provider.Settings.Global.
12-14 22:04:10.276: I/Remoter(1395): Saved screenshot to '/data/screenshots/__pmv__-0082.jpg'
12-14 22:04:10.278: W/Finsky(6007): [1] com.google.android.finsky.FinskyApp.i(1556): No account configured on this device.
12-14 22:04:10.280: W/Finsky(6007): [1] com.google.android.finsky.FinskyApp.i(1556): No account configured on this device.
12-14 22:04:10.281: W/Finsky(6007): [1] com.google.android.finsky.FinskyApp.i(1556): No account configured on this device.
12-14 22:04:10.281: W/Finsky(6007): [1] com.google.android.finsky.FinskyApp.i(1556): No account configured on this device.
12-14 22:04:10.283: W/Finsky(6007): [1] com.google.android.finsky.FinskyApp.i(1556): No account configured on this device.
12-14 22:04:10.284: W/Finsky(6007): [1] com.google.android.finsky.FinskyApp.i(1556): No account configured on this device.
12-14 22:04:10.284: W/Finsky(6007): [1] com.google.android.finsky.FinskyApp.i(1556): No account configured on this device.
12-14 22:04:10.285: W/Finsky(6007): [1] com.google.android.finsky.FinskyApp.i(1556): No account configured on this device.
12-14 22:04:10.286: W/Finsky(6007): [1] com.google.android.finsky.FinskyApp.i(1556): No account configured on this device.
12-14 22:04:10.286: W/Finsky(6007): [1] com.google.android.finsky.FinskyApp.b(1227): No account configured on this device.
12-14 22:04:10.287: W/Finsky(6007): [1] com.google.android.finsky.FinskyApp.i(1556): No account configured on this device.
12-14 22:04:10.287: W/Finsky(6007): [1] com.google.android.finsky.FinskyApp.i(1556): No account configured on this device.
12-14 22:04:10.288: W/Finsky(6007): [1] com.google.android.finsky.FinskyApp.i(1556): No account configured on this device.
12-14 22:04:10.288: W/Finsky(6007): [1] com.google.android.finsky.FinskyApp.i(1556): No account configured on this device.
12-14 22:04:10.290: W/Finsky(6007): [355] com.google.android.finsky.FinskyApp.i(1556): No account configured on this device.
12-14 22:04:10.294: W/Finsky(6007): [1] com.google.android.finsky.FinskyApp.i(1556): No account configured on this device.
12-14 22:04:10.294: W/Finsky(6007): [1] com.google.android.finsky.FinskyApp.i(1556): No account configured on this device.
12-14 22:04:10.296: I/Finsky(6007): [1] com.google.android.finsky.c.l.a(253): result=false type=4
12-14 22:04:10.297: W/Finsky(6007): [1] com.google.android.finsky.FinskyApp.i(1556): No account configured on this device.
12-14 22:04:10.299: W/Finsky(6007): [1] com.google.android.finsky.FinskyApp.i(1556): No account configured on this device.
12-14 22:04:10.300: I/WearableService(2105): Wearable Services not starting - Wear is not available on this device.
12-14 22:04:10.369: W/Finsky(6007): [355] com.google.android.finsky.FinskyApp.i(1556): No account configured on this device.
12-14 22:04:10.371: W/Finsky(6007): [354] com.google.android.finsky.FinskyApp.i(1556): No account configured on this device.
12-14 22:04:10.371: I/Finsky(6007): [354] com.google.android.finsky.c.e.run(1154): Replicating app states via AMAS.
12-14 22:04:10.373: W/Finsky(6007): [1] com.google.android.finsky.FinskyApp.i(1556): No account configured on this device.
12-14 22:04:10.374: W/Finsky(6007): [1] com.google.android.finsky.FinskyApp.i(1556): No account configured on this device.
12-14 22:04:10.375: I/Finsky(6007): [1] com.google.android.finsky.services.bd.a(853): Restore complete with 0 success and 0 failed.
12-14 22:04:10.377: D/WearableService(2105): onGetService - Wear is not available on this device.
12-14 22:04:10.378: E/Finsky(6007): [1] com.google.android.finsky.wear.bo.a(838): onConnectionFailed: ConnectionResult{statusCode=API_UNAVAILABLE, resolution=null, message=null}
12-14 22:04:10.379: I/Finsky(6007): [1] com.google.android.finsky.wear.WearSupportService.a(6396): Dropping command=send_installed_apps due to Gms not connected
12-14 22:04:10.391: I/Finsky(6007): [354] com.google.android.finsky.c.c.a(316): Completed 0 account content syncs with 0 successful.
12-14 22:04:10.391: I/Finsky(6007): [1] com.google.android.finsky.services.j.a(149): Installation state replication succeeded.
12-14 22:04:10.963: D/AndroidRuntime(6052): >>>>>> START com.android.internal.os.RuntimeInit uid 0 <<<<<<
12-14 22:04:10.965: D/AndroidRuntime(6052): CheckJNI is OFF
12-14 22:04:10.990: D/ICU(6052): No timezone override file found: /data/misc/zoneinfo/current/icu/icu_tzdata.dat
12-14 22:04:10.990: D/ICU(6052): [ 12-14 22:04:10.994  6052: 6052 W/         ]
12-14 22:04:10.990: D/ICU(6052): Failed to bind-mount /system/lib/x86/cpuinfo as /proc/cpuinfo: No such file or directory
12-14 22:04:10.998: E/memtrack(6052): Couldn't load memtrack module (No such file or directory)
12-14 22:04:10.999: E/android.os.Debug(6052): failed to load memtrack module: -2
12-14 22:04:10.999: I/Radio-JNI(6052): register_android_hardware_Radio DONE
12-14 22:04:11.004: D/AndroidRuntime(6052): Calling main entry com.android.commands.pm.Pm
12-14 22:04:11.007: I/art(6052): System.exit called, status: 0
12-14 22:04:11.007: I/AndroidRuntime(6052): VM exiting with result code 0.
12-14 22:04:11.379: I/Remoter(1395): Saved screenshot to '/data/screenshots/__pmv__-0083.jpg'
12-14 22:04:11.860: D/AndroidRuntime(6078): >>>>>> START com.android.internal.os.RuntimeInit uid 0 <<<<<<
12-14 22:04:11.861: D/AndroidRuntime(6078): CheckJNI is OFF
12-14 22:04:11.934: D/ICU(6078): No timezone override file found: /data/misc/zoneinfo/current/icu/icu_tzdata.dat
12-14 22:04:11.934: D/ICU(6078): [ 12-14 22:04:11.938  6078: 6078 W/         ]
12-14 22:04:11.934: D/ICU(6078): Failed to bind-mount /system/lib/x86/cpuinfo as /proc/cpuinfo: No such file or directory
12-14 22:04:11.943: E/memtrack(6078): Couldn't load memtrack module (No such file or directory)
12-14 22:04:11.943: E/android.os.Debug(6078): failed to load memtrack module: -2
12-14 22:04:11.943: I/Radio-JNI(6078): register_android_hardware_Radio DONE
12-14 22:04:11.948: D/AndroidRuntime(6078): Calling main entry com.android.commands.pm.Pm
12-14 22:04:11.948: D/AndroidRuntime(6078): [ 12-14 22:04:11.951  1411: 1411 I/         ]
12-14 22:04:11.948: D/AndroidRuntime(6078): free_cache(4447447) avail 3907887104
12-14 22:04:12.002: I/Finsky(6007): [1] com.google.android.vending.verifier.PackageVerificationReceiver.onReceive(2107): Skipping verification. Disabled by user setting
12-14 22:04:12.006: I/PackageManager.DexOptimizer(1699): Running dexopt (dex2oat) on: /data/app/vmdl253839073.tmp/base.apk pkg=com.example.lunchmeet.lunchmeet isa=x86 vmSafeMode=false debuggable=true target-filter=interpret-only oatDir = /data/app/vmdl253839073.tmp/oat sharedLibraries=null
12-14 22:04:12.015: W/dex2oat(6089): Mismatch between dex2oat instruction set features (ISA: X86 Feature string: smp,ssse3,sse4.1,sse4.2,-avx,-avx2,lock_add,popcnt) and those of dex2oat executable (ISA: X86 Feature string: smp,ssse3,sse4.1,sse4.2,-avx,-avx2,-lock_add,popcnt) for the command line:
12-14 22:04:12.015: W/dex2oat(6089): /system/bin/dex2oat --zip-fd=6 --zip-location=base.apk --oat-fd=7 --oat-location=/data/app/vmdl253839073.tmp/oat/x86/base.odex --instruction-set=x86 --instruction-set-variant=silvermont --instruction-set-features=default --runtime-arg -Xms64m --runtime-arg -Xmx512m --compiler-filter=interpret-only --swap-fd=8 --debuggable
12-14 22:04:12.015: I/dex2oat(6089): /system/bin/dex2oat --compiler-filter=interpret-only --debuggable
12-14 22:04:12.015: E/cutils-trace(6089): Error opening trace file: Permission denied (13)
12-14 22:04:12.222: W/dex2oat(6089): Before Android 4.1, method int android.support.v7.widget.ListViewCompat.lookForSelectablePosition(int, boolean) would have incorrectly overridden the package-private method in android.widget.ListView
12-14 22:04:12.251: W/dex2oat(6089): Before Android 4.1, method boolean com.facebook.share.widget.ShareButtonBase.canShare() would have incorrectly overridden the package-private method in android.widget.TextView
12-14 22:04:12.257: W/dex2oat(6089): Before Android 4.1, method android.graphics.PorterDuffColorFilter android.support.graphics.drawable.VectorDrawableCompat.updateTintFilter(android.graphics.PorterDuffColorFilter, android.content.res.ColorStateList, android.graphics.PorterDuff$Mode) would have incorrectly overridden the package-private method in android.graphics.drawable.Drawable
12-14 22:04:12.465: I/Remoter(1395): Saved screenshot to '/data/screenshots/__pmv__-0084.jpg'
12-14 22:04:12.983: I/dex2oat(6089): dex2oat took 967.696ms (threads: 2) arena alloc=59KB (60584B) java alloc=4MB (4672016B) native alloc=9MB (10011032B) free=3MB (3751528B)
12-14 22:04:13.014: D/installd(1411): Detected label change from u:object_r:system_data_file:s0 to u:object_r:app_data_file:s0:c512,c768 at /data/data/com.example.lunchmeet.lunchmeet; running recursive restorecon
12-14 22:04:13.014: D/installd(1411): Detected label change from u:object_r:system_data_file:s0 to u:object_r:app_data_file:s0:c512,c768 at /data/user_de/0/com.example.lunchmeet.lunchmeet; running recursive restorecon
12-14 22:04:13.015: V/BackupManagerService(1699): restoreAtInstall pkg=com.example.lunchmeet.lunchmeet token=9 restoreSet=0
12-14 22:04:13.015: V/BackupManagerService(1699): Finishing install immediately
12-14 22:04:13.016: D/VoldConnector(1699): SND -> {12 volume remount_uid 10089 default}
12-14 22:04:13.016: D/vold(1330): Remounting 10089 as mode default
12-14 22:04:13.017: I/GnssLocationProvider(1699): WakeLock acquired by sendMessage(3, 0, com.android.server.location.GnssLocationProvider$GpsRequest@c4abf54)
12-14 22:04:13.018: I/GnssLocationProvider(1699): WakeLock acquired by sendMessage(3, 0, com.android.server.location.GnssLocationProvider$GpsRequest@1173efd)
12-14 22:04:13.018: D/VoldConnector(1699): RCV <- {200 12 Command succeeded}
12-14 22:04:13.019: D/VoldConnector(1699): SND -> {13 volume remount_uid 10089 write}
12-14 22:04:13.019: I/GnssLocationProvider(1699): WakeLock acquired by sendMessage(3, 0, com.android.server.location.GnssLocationProvider$GpsRequest@c517f2)
12-14 22:04:13.019: D/vold(1330): Remounting 10089 as mode write
12-14 22:04:13.019: I/GnssLocationProvider(1699): WakeLock released by handleMessage(3, 0, com.android.server.location.GnssLocationProvider$GpsRequest@c4abf54)
12-14 22:04:13.019: I/GnssLocationProvider(1699): WakeLock released by handleMessage(3, 0, com.android.server.location.GnssLocationProvider$GpsRequest@1173efd)
12-14 22:04:13.020: I/GnssLocationProvider(1699): WakeLock released by handleMessage(3, 0, com.android.server.location.GnssLocationProvider$GpsRequest@c517f2)
12-14 22:04:13.020: D/VoldConnector(1699): RCV <- {200 13 Command succeeded}
12-14 22:04:13.023: I/art(1699): Starting a blocking GC Explicit
12-14 22:04:13.047: I/art(1699): Explicit concurrent mark sweep GC freed 56506(3MB) AllocSpace objects, 17(388KB) LOS objects, 33% free, 15MB/22MB, paused 249us total 23.920ms
12-14 22:04:13.047: I/art(1699): [ 12-14 22:04:13.048  1411: 1411 E/         ]
12-14 22:04:13.047: I/art(1699): Couldn't opendir /data/app/vmdl253839073.tmp: No such file or directory
12-14 22:04:13.051: D/BluetoothMapAppObserver(1769): onReceive
12-14 22:04:13.051: D/BluetoothMapAppObserver(1769): The installed package is: com.example.lunchmeet.lunchmeet
12-14 22:04:13.052: D/BluetoothMapAppObserver(1769): Found 0 application(s) with intent android.bluetooth.action.BLUETOOTH_MAP_PROVIDER
12-14 22:04:13.052: D/BluetoothMapAppObserver(1769): Found 0 application(s) with intent android.bluetooth.action.BLUETOOTH_MAP_IM_PROVIDER
12-14 22:04:13.053: I/InputReader(1699): Reconfiguring input devices.  changes=0x00000010
12-14 22:04:13.054: I/art(6078): System.exit called, status: 0
12-14 22:04:13.054: I/AndroidRuntime(6078): VM exiting with result code 0.
12-14 22:04:13.059: D/CarrierSvcBindHelper(1875): No carrier app for: 0
12-14 22:04:13.059: D/CarrierConfigLoader(1875): mHandler: 9 phoneId: 0
12-14 22:04:13.070: I/Finsky(6007): [1] com.google.android.finsky.utils.PermissionPolicies$PermissionPolicyService.onStartCommand(117): post-install permissions check for com.example.lunchmeet.lunchmeet
12-14 22:04:13.070: W/Finsky(6007): [1] com.google.android.finsky.FinskyApp.i(1556): No account configured on this device.
12-14 22:04:13.073: I/Finsky(6007): [1] com.google.android.finsky.utils.bn.run(1302): Package state data is missing for com.example.lunchmeet.lunchmeet
12-14 22:04:13.073: W/Finsky(6007): [1] com.google.android.finsky.FinskyApp.i(1556): No account configured on this device.
12-14 22:04:13.073: D/WearableService(2105): onGetService - Wear is not available on this device.
12-14 22:04:13.074: E/Finsky(6007): [1] com.google.android.finsky.wear.bo.a(838): onConnectionFailed: ConnectionResult{statusCode=API_UNAVAILABLE, resolution=null, message=null}
12-14 22:04:13.074: I/Finsky(6007): [1] com.google.android.finsky.wear.WearSupportService.a(6396): Dropping command=send_installed_apps due to Gms not connected
12-14 22:04:13.180: I/UpdateIcingCorporaServi(5312): Updating corpora: APPS=com.example.lunchmeet.lunchmeet, CONTACTS=MAYBE
12-14 22:04:13.199: D/Wear_Controller(2301): Received broadcast action=android.intent.action.PACKAGE_ADDED and uri=com.example.lunchmeet.lunchmeet
12-14 22:04:13.204: I/Icing(2301): IndexChimeraService.getServiceInterface callingPackage=com.google.android.gms componentName=AppsCorpus serviceId=32
12-14 22:04:13.207: I/Icing(2301): IndexChimeraService.getServiceInterface callingPackage=com.google.android.gms componentName=AppsCorpus serviceId=36
12-14 22:04:13.210: I/Icing(2301): IndexChimeraService.getServiceInterface callingPackage=com.google.android.googlequicksearchbox componentName=null serviceId=36
12-14 22:04:13.235: I/Icing(2301): App usage reports: 1
12-14 22:04:13.235: I/Icing(2301): Usage reports ok 1, Failed Usage reports 0, indexed 0, rejected 0, imm upload false
12-14 22:04:13.240: I/Icing(2301): Usage reports ok 0, Failed Usage reports 0, indexed 0, rejected 0, imm upload false
12-14 22:04:13.245: I/Icing(2301): Usage reports ok 0, Failed Usage reports 0, indexed 0, rejected 0, imm upload true
12-14 22:04:13.246: I/UpdateIcingCorporaServi(5312): UpdateCorporaTask done [took 65 ms] updated apps [took 65 ms] 
12-14 22:04:13.509: I/Remoter(1395): Saved screenshot to '/data/screenshots/__pmv__-0085.jpg'
12-14 22:04:14.247: I/Icing(2301): Indexing BBD277D773C249A2E76A1893E5636DEC82717C59 from com.google.android.googlequicksearchbox
12-14 22:04:14.267: I/Icing(2301): Indexing done BBD277D773C249A2E76A1893E5636DEC82717C59
12-14 22:04:14.268: I/Icing(2301): Indexing BEC57AAA83C945DE3A882EF0E754BBC129D3BD62 from com.google.android.gms
12-14 22:04:14.281: I/Icing(2301): Indexing done BEC57AAA83C945DE3A882EF0E754BBC129D3BD62
12-14 22:04:14.516: D/AndroidRuntime(6123): >>>>>> START com.android.internal.os.RuntimeInit uid 0 <<<<<<
12-14 22:04:14.518: D/AndroidRuntime(6123): CheckJNI is OFF
12-14 22:04:14.555: D/ICU(6123): No timezone override file found: /data/misc/zoneinfo/current/icu/icu_tzdata.dat
12-14 22:04:14.555: D/ICU(6123): [ 12-14 22:04:14.560  6123: 6123 W/         ]
12-14 22:04:14.555: D/ICU(6123): Failed to bind-mount /system/lib/x86/cpuinfo as /proc/cpuinfo: No such file or directory
12-14 22:04:14.566: E/memtrack(6123): Couldn't load memtrack module (No such file or directory)
12-14 22:04:14.566: E/android.os.Debug(6123): failed to load memtrack module: -2
12-14 22:04:14.567: I/Radio-JNI(6123): register_android_hardware_Radio DONE
12-14 22:04:14.568: I/Remoter(1395): Saved screenshot to '/data/screenshots/__pmv__-0086.jpg'
12-14 22:04:14.573: D/AndroidRuntime(6123): Calling main entry com.android.commands.pm.Pm
12-14 22:04:14.575: I/art(6123): System.exit called, status: 1
12-14 22:04:14.575: I/AndroidRuntime(6123): VM exiting with result code 1.
12-14 22:04:15.264: W/ActivityManager(1699): Unable to start service Intent { flg=0x4 cmp=com.android.vending/com.google.android.finsky.services.DailyHygiene$DailyHygieneService (has extras) } U=0: not found
12-14 22:04:15.610: I/Remoter(1395): Saved screenshot to '/data/screenshots/__pmv__-0087.jpg'
12-14 22:04:16.566: D/AndroidRuntime(6138): >>>>>> START com.android.internal.os.RuntimeInit uid 0 <<<<<<
12-14 22:04:16.567: D/AndroidRuntime(6138): CheckJNI is OFF
12-14 22:04:16.594: D/ICU(6138): No timezone override file found: /data/misc/zoneinfo/current/icu/icu_tzdata.dat
12-14 22:04:16.594: D/ICU(6138): [ 12-14 22:04:16.598  6138: 6138 W/         ]
12-14 22:04:16.594: D/ICU(6138): Failed to bind-mount /system/lib/x86/cpuinfo as /proc/cpuinfo: No such file or directory
12-14 22:04:16.602: E/memtrack(6138): Couldn't load memtrack module (No such file or directory)
12-14 22:04:16.602: E/android.os.Debug(6138): failed to load memtrack module: -2
12-14 22:04:16.603: I/Radio-JNI(6138): register_android_hardware_Radio DONE
12-14 22:04:16.607: D/AndroidRuntime(6138): Calling main entry com.android.commands.am.Am
12-14 22:04:16.609: I/ActivityManager(1699): Force stopping com.google.android.apps.mtaas.tools appid=10081 user=0: start instr
12-14 22:04:16.639: I/ActivityManager(1699): Start proc 6147:com.google.android.apps.mtaas.tools/u0a81 for added application com.google.android.apps.mtaas.tools
12-14 22:04:16.599: I/main(1407): type=1400 audit(0.0:93): avc: denied { getattr } for path="/sys/kernel/debug/tracing/trace_marker" dev="tracefs" ino=1048 scontext=u:r:zygote:s0 tcontext=u:object_r:debugfs_tracing:s0 tclass=file permissive=1
12-14 22:04:16.649: W/System(6147): ClassLoader referenced unknown path: /data/app/com.google.android.apps.mtaas.tools-1/lib/x86
12-14 22:04:16.639: I/main(6147): type=1400 audit(0.0:94): avc: denied { write } for name="trace_marker" dev="tracefs" ino=1048 scontext=u:r:zygote:s0 tcontext=u:object_r:debugfs_tracing:s0 tclass=file permissive=1
12-14 22:04:16.715: D/DumpStaticPerfEnv(6147): Instrumentation completed successfully
12-14 22:04:16.716: I/ActivityManager(1699): Force stopping com.google.android.apps.mtaas.tools appid=10081 user=0: finished inst
12-14 22:04:16.716: I/ActivityManager(1699): Killing 6147:com.google.android.apps.mtaas.tools/u0a81 (adj 0): stop com.google.android.apps.mtaas.tools
12-14 22:04:16.716: D/ActivityManager(1699): cleanUpApplicationRecord -- 6147
12-14 22:04:16.730: I/Remoter(1395): Saved screenshot to '/data/screenshots/__pmv__-0088.jpg'
12-14 22:04:16.639: I/main(6147): type=1400 audit(0.0:95): avc: denied { open } for path="/sys/kernel/debug/tracing/trace_marker" dev="tracefs" ino=1048 scontext=u:r:zygote:s0 tcontext=u:object_r:debugfs_tracing:s0 tclass=file permissive=1
12-14 22:04:16.742: D/AndroidRuntime(6138): Shutting down VM
