12-14 22:04:17.772: I/Remoter(1395): Saved screenshot to '/data/screenshots/__pmv__-0089.jpg'
12-14 22:04:18.079: I/WearableService(2105): Wearable Services stopping
12-14 22:04:18.815: I/Remoter(1395): Saved screenshot to '/data/screenshots/__pmv__-0090.jpg'
12-14 22:04:19.880: I/Remoter(1395): Saved screenshot to '/data/screenshots/__pmv__-0091.jpg'
12-14 22:04:20.929: I/Remoter(1395): Saved screenshot to '/data/screenshots/__pmv__-0092.jpg'
12-14 22:04:21.135: I/GceRil(1418): Received request 19
12-14 22:04:21.135: I/GceRil(1418): Reporting signal strength: GW=29 CDMA=-92 EVDO=-134 LTE=19
12-14 22:04:21.135: I/GceRil(1418): Received request 19
12-14 22:04:21.135: I/GceRil(1418): Reporting signal strength: GW=29 CDMA=-92 EVDO=-135 LTE=20
12-14 22:04:21.972: I/Remoter(1395): Saved screenshot to '/data/screenshots/__pmv__-0093.jpg'
12-14 22:04:23.014: I/Remoter(1395): Saved screenshot to '/data/screenshots/__pmv__-0094.jpg'
12-14 22:04:24.058: I/Remoter(1395): Saved screenshot to '/data/screenshots/__pmv__-0095.jpg'
12-14 22:04:24.677: D/AndroidRuntime(6169): >>>>>> START com.android.internal.os.RuntimeInit uid 0 <<<<<<
12-14 22:04:24.679: D/AndroidRuntime(6169): CheckJNI is OFF
12-14 22:04:24.707: D/ICU(6169): No timezone override file found: /data/misc/zoneinfo/current/icu/icu_tzdata.dat
12-14 22:04:24.707: D/ICU(6169): [ 12-14 22:04:24.711  6169: 6169 W/         ]
12-14 22:04:24.707: D/ICU(6169): Failed to bind-mount /system/lib/x86/cpuinfo as /proc/cpuinfo: No such file or directory
12-14 22:04:24.716: E/memtrack(6169): Couldn't load memtrack module (No such file or directory)
12-14 22:04:24.716: E/android.os.Debug(6169): failed to load memtrack module: -2
12-14 22:04:24.716: I/Radio-JNI(6169): register_android_hardware_Radio DONE
12-14 22:04:24.721: D/AndroidRuntime(6169): Calling main entry com.android.commands.pm.Pm
12-14 22:04:24.724: I/art(6169): System.exit called, status: 0
12-14 22:04:24.724: I/AndroidRuntime(6169): VM exiting with result code 0.
12-14 22:04:25.108: I/Remoter(1395): Saved screenshot to '/data/screenshots/__pmv__-0096.jpg'
12-14 22:04:25.550: D/AndroidRuntime(6195): >>>>>> START com.android.internal.os.RuntimeInit uid 0 <<<<<<
12-14 22:04:25.552: D/AndroidRuntime(6195): CheckJNI is OFF
12-14 22:04:25.579: D/ICU(6195): No timezone override file found: /data/misc/zoneinfo/current/icu/icu_tzdata.dat
12-14 22:04:25.579: D/ICU(6195): [ 12-14 22:04:25.584  6195: 6195 W/         ]
12-14 22:04:25.579: D/ICU(6195): Failed to bind-mount /system/lib/x86/cpuinfo as /proc/cpuinfo: No such file or directory
12-14 22:04:25.589: E/memtrack(6195): Couldn't load memtrack module (No such file or directory)
12-14 22:04:25.589: E/android.os.Debug(6195): failed to load memtrack module: -2
12-14 22:04:25.589: I/Radio-JNI(6195): register_android_hardware_Radio DONE
12-14 22:04:25.594: D/AndroidRuntime(6195): Calling main entry com.android.commands.pm.Pm
12-14 22:04:25.594: D/AndroidRuntime(6195): [ 12-14 22:04:25.598  1411: 1411 I/         ]
12-14 22:04:25.594: D/AndroidRuntime(6195): free_cache(2433554) avail 3890855936
12-14 22:04:25.682: I/Finsky(6007): [1] com.google.android.vending.verifier.PackageVerificationReceiver.onReceive(2107): Skipping verification. Disabled by user setting
12-14 22:04:25.686: I/PackageManager.DexOptimizer(1699): Running dexopt (dex2oat) on: /data/app/vmdl1405565836.tmp/base.apk pkg=com.example.lunchmeet.lunchmeet.test isa=x86 vmSafeMode=false debuggable=true target-filter=interpret-only oatDir = /data/app/vmdl1405565836.tmp/oat sharedLibraries=/system/framework/android.test.runner.jar
12-14 22:04:25.697: W/dex2oat(6206): Mismatch between dex2oat instruction set features (ISA: X86 Feature string: smp,ssse3,sse4.1,sse4.2,-avx,-avx2,lock_add,popcnt) and those of dex2oat executable (ISA: X86 Feature string: smp,ssse3,sse4.1,sse4.2,-avx,-avx2,-lock_add,popcnt) for the command line:
12-14 22:04:25.697: W/dex2oat(6206): /system/bin/dex2oat --zip-fd=6 --zip-location=base.apk --oat-fd=7 --oat-location=/data/app/vmdl1405565836.tmp/oat/x86/base.odex --instruction-set=x86 --instruction-set-variant=silvermont --instruction-set-features=default --runtime-arg -Xms64m --runtime-arg -Xmx512m --compiler-filter=interpret-only --swap-fd=8 --debuggable --runtime-arg -classpath --runtime-arg /system/framework/android.test.runner.jar
12-14 22:04:25.697: I/dex2oat(6206): /system/bin/dex2oat --compiler-filter=interpret-only --debuggable
12-14 22:04:25.697: E/cutils-trace(6206): Error opening trace file: Permission denied (13)
12-14 22:04:25.985: I/dex2oat(6206): dex2oat took 287.982ms (threads: 2) arena alloc=1864B (1864B) java alloc=1139KB (1166904B) native alloc=3MB (3961176B) free=1763KB (1805992B)
12-14 22:04:26.013: D/installd(1411): Detected label change from u:object_r:system_data_file:s0 to u:object_r:app_data_file:s0:c512,c768 at /data/data/com.example.lunchmeet.lunchmeet.test; running recursive restorecon
12-14 22:04:26.014: D/installd(1411): Detected label change from u:object_r:system_data_file:s0 to u:object_r:app_data_file:s0:c512,c768 at /data/user_de/0/com.example.lunchmeet.lunchmeet.test; running recursive restorecon
12-14 22:04:26.015: V/BackupManagerService(1699): restoreAtInstall pkg=com.example.lunchmeet.lunchmeet.test token=a restoreSet=0
12-14 22:04:26.015: V/BackupManagerService(1699): Finishing install immediately
12-14 22:04:26.019: I/art(1699): Starting a blocking GC Explicit
12-14 22:04:26.047: I/art(1699): Explicit concurrent mark sweep GC freed 64902(3MB) AllocSpace objects, 19(524KB) LOS objects, 33% free, 15MB/22MB, paused 263us total 28.121ms
12-14 22:04:26.047: I/art(1699): [ 12-14 22:04:26.047  1411: 1411 E/         ]
12-14 22:04:26.047: I/art(1699): Couldn't opendir /data/app/vmdl1405565836.tmp: No such file or directory
12-14 22:04:26.098: D/BluetoothMapAppObserver(1769): onReceive
12-14 22:04:26.098: D/BluetoothMapAppObserver(1769): The installed package is: com.example.lunchmeet.lunchmeet.test
12-14 22:04:26.099: I/InputReader(1699): Reconfiguring input devices.  changes=0x00000010
12-14 22:04:26.099: D/BluetoothMapAppObserver(1769): Found 0 application(s) with intent android.bluetooth.action.BLUETOOTH_MAP_PROVIDER
12-14 22:04:26.099: D/BluetoothMapAppObserver(1769): Found 0 application(s) with intent android.bluetooth.action.BLUETOOTH_MAP_IM_PROVIDER
12-14 22:04:26.100: D/CarrierSvcBindHelper(1875): No carrier app for: 0
12-14 22:04:26.100: D/CarrierConfigLoader(1875): mHandler: 9 phoneId: 0
12-14 22:04:26.103: I/art(6195): System.exit called, status: 0
12-14 22:04:26.103: I/AndroidRuntime(6195): VM exiting with result code 0.
12-14 22:04:26.123: I/Finsky(6007): [1] com.google.android.finsky.utils.PermissionPolicies$PermissionPolicyService.onStartCommand(117): post-install permissions check for com.example.lunchmeet.lunchmeet.test
12-14 22:04:26.124: W/Finsky(6007): [1] com.google.android.finsky.FinskyApp.i(1556): No account configured on this device.
12-14 22:04:26.126: I/Finsky(6007): [1] com.google.android.finsky.utils.bn.run(1302): Package state data is missing for com.example.lunchmeet.lunchmeet.test
12-14 22:04:26.126: W/Finsky(6007): [1] com.google.android.finsky.FinskyApp.i(1556): No account configured on this device.
12-14 22:04:26.126: I/WearableService(2105): Wearable Services not starting - Wear is not available on this device.
12-14 22:04:26.129: D/WearableService(2105): onGetService - Wear is not available on this device.
12-14 22:04:26.129: E/Finsky(6007): [1] com.google.android.finsky.wear.bo.a(838): onConnectionFailed: ConnectionResult{statusCode=API_UNAVAILABLE, resolution=null, message=null}
12-14 22:04:26.130: I/Finsky(6007): [1] com.google.android.finsky.wear.WearSupportService.a(6396): Dropping command=send_installed_apps due to Gms not connected
12-14 22:04:26.155: I/UpdateIcingCorporaServi(5312): Updating corpora: APPS=com.example.lunchmeet.lunchmeet.test, CONTACTS=MAYBE
12-14 22:04:26.172: I/UpdateIcingCorporaServi(5312): UpdateCorporaTask done [took 17 ms] updated apps [took 17 ms] 
12-14 22:04:26.182: I/FontsPackageChangeOp(2301): Package com.example.lunchmeet.lunchmeet.test has no metadata
12-14 22:04:26.190: D/Wear_Controller(2301): Received broadcast action=android.intent.action.PACKAGE_ADDED and uri=com.example.lunchmeet.lunchmeet.test
12-14 22:04:26.203: I/Icing(2301): IndexChimeraService.getServiceInterface callingPackage=com.google.android.gms componentName=AppsCorpus serviceId=36
12-14 22:04:26.209: I/Icing(2301): IndexChimeraService.getServiceInterface callingPackage=com.google.android.gms componentName=AppsCorpus serviceId=32
12-14 22:04:26.225: I/Remoter(1395): Saved screenshot to '/data/screenshots/__pmv__-0097.jpg'
12-14 22:04:26.230: I/Icing(2301): Usage reports ok 0, Failed Usage reports 0, indexed 0, rejected 0, imm upload false
12-14 22:04:26.235: I/Icing(2301): Usage reports ok 0, Failed Usage reports 0, indexed 0, rejected 0, imm upload false
12-14 22:04:26.300: I/hwcomposer(1402): Sent 2975 syncs in 60s
12-14 22:04:27.237: I/Icing(2301): Indexing BEC57AAA83C945DE3A882EF0E754BBC129D3BD62 from com.google.android.gms
12-14 22:04:27.240: I/Icing(2301): Indexing done BEC57AAA83C945DE3A882EF0E754BBC129D3BD62
12-14 22:04:27.271: I/Remoter(1395): Saved screenshot to '/data/screenshots/__pmv__-0098.jpg'
12-14 22:04:28.413: I/Remoter(1395): Saved screenshot to '/data/screenshots/__pmv__-0099.jpg'
12-14 22:04:29.268: I/MetadataService(1395): Processed 0 update/creates for instance/attributes/
12-14 22:04:29.268: I/MetadataService(1395): Processed 0 update/creates for project/attributes/
12-14 22:04:29.249: I/gce.meta.proxy(977): type=1400 audit(0.0:96): avc: denied { create } for scontext=u:r:kernel:s0 tcontext=u:r:kernel:s0 tclass=tcp_socket permissive=1
12-14 22:04:29.249: I/gce.meta.proxy(977): type=1400 audit(0.0:97): avc: denied { name_connect } for dest=80 scontext=u:r:kernel:s0 tcontext=u:object_r:port:s0 tclass=tcp_socket permissive=1
12-14 22:04:29.499: I/Remoter(1395): Saved screenshot to '/data/screenshots/__pmv__-0100.jpg'
12-14 22:04:30.542: I/Remoter(1395): Saved screenshot to '/data/screenshots/__pmv__-0101.jpg'
12-14 22:04:30.845: I/GceMetadataClient(2631): Received updated metadata.
12-14 22:04:31.136: I/WearableService(2105): Wearable Services stopping
12-14 22:04:31.589: I/Remoter(1395): Saved screenshot to '/data/screenshots/__pmv__-0102.jpg'
12-14 22:04:32.633: I/Remoter(1395): Saved screenshot to '/data/screenshots/__pmv__-0103.jpg'
12-14 22:04:33.683: I/Remoter(1395): Saved screenshot to '/data/screenshots/__pmv__-0104.jpg'
12-14 22:04:34.729: I/Remoter(1395): Saved screenshot to '/data/screenshots/__pmv__-0105.jpg'
12-14 22:04:35.783: I/Remoter(1395): Saved screenshot to '/data/screenshots/__pmv__-0106.jpg'
12-14 22:04:36.832: I/Remoter(1395): Saved screenshot to '/data/screenshots/__pmv__-0107.jpg'
12-14 22:04:37.902: I/Remoter(1395): Saved screenshot to '/data/screenshots/__pmv__-0108.jpg'
12-14 22:04:38.946: I/Remoter(1395): Saved screenshot to '/data/screenshots/__pmv__-0109.jpg'
12-14 22:04:39.990: I/Remoter(1395): Saved screenshot to '/data/screenshots/__pmv__-0110.jpg'
12-14 22:04:41.033: I/Remoter(1395): Saved screenshot to '/data/screenshots/__pmv__-0111.jpg'
12-14 22:04:41.136: I/GceRil(1418): Received request 19
12-14 22:04:41.136: I/GceRil(1418): Reporting signal strength: GW=29 CDMA=-91 EVDO=-136 LTE=19
12-14 22:04:41.136: I/GceRil(1418): Received request 19
12-14 22:04:41.136: I/GceRil(1418): Reporting signal strength: GW=29 CDMA=-90 EVDO=-137 LTE=18
12-14 22:04:42.119: I/Remoter(1395): Saved screenshot to '/data/screenshots/__pmv__-0112.jpg'
12-14 22:04:42.586: D/AndroidRuntime(6558): >>>>>> START com.android.internal.os.RuntimeInit uid 0 <<<<<<
12-14 22:04:42.587: D/AndroidRuntime(6558): CheckJNI is OFF
12-14 22:04:42.617: D/ICU(6558): No timezone override file found: /data/misc/zoneinfo/current/icu/icu_tzdata.dat
12-14 22:04:42.617: D/ICU(6558): [ 12-14 22:04:42.621  6558: 6558 W/         ]
12-14 22:04:42.617: D/ICU(6558): Failed to bind-mount /system/lib/x86/cpuinfo as /proc/cpuinfo: No such file or directory
12-14 22:04:42.626: E/memtrack(6558): Couldn't load memtrack module (No such file or directory)
12-14 22:04:42.626: E/android.os.Debug(6558): failed to load memtrack module: -2
12-14 22:04:42.627: I/Radio-JNI(6558): register_android_hardware_Radio DONE
12-14 22:04:42.631: D/AndroidRuntime(6558): Calling main entry com.android.commands.pm.Pm
12-14 22:04:42.632: I/art(6558): System.exit called, status: 0
12-14 22:04:42.632: I/AndroidRuntime(6558): VM exiting with result code 0.
12-14 22:04:43.021: D/AndroidRuntime(6584): >>>>>> START com.android.internal.os.RuntimeInit uid 0 <<<<<<
12-14 22:04:43.022: D/AndroidRuntime(6584): CheckJNI is OFF
12-14 22:04:43.048: D/ICU(6584): No timezone override file found: /data/misc/zoneinfo/current/icu/icu_tzdata.dat
12-14 22:04:43.048: D/ICU(6584): [ 12-14 22:04:43.052  6584: 6584 W/         ]
12-14 22:04:43.048: D/ICU(6584): Failed to bind-mount /system/lib/x86/cpuinfo as /proc/cpuinfo: No such file or directory
12-14 22:04:43.056: E/memtrack(6584): Couldn't load memtrack module (No such file or directory)
12-14 22:04:43.056: E/android.os.Debug(6584): failed to load memtrack module: -2
12-14 22:04:43.057: I/Radio-JNI(6584): register_android_hardware_Radio DONE
12-14 22:04:43.061: D/AndroidRuntime(6584): Calling main entry com.android.commands.am.Am
12-14 22:04:43.062: I/ActivityManager(1699): Force stopping com.google.android.apps.mtaas.tools appid=10081 user=0: start instr
12-14 22:04:43.106: I/ActivityManager(1699): Start proc 6601:com.google.android.apps.mtaas.tools/u0a81 for added application com.google.android.apps.mtaas.tools
12-14 22:04:43.145: W/System(6601): ClassLoader referenced unknown path: /data/app/com.google.android.apps.mtaas.tools-1/lib/x86
12-14 22:04:43.156: W/ToggleAnimations(6601): Setting Animation 0 to 0.0
12-14 22:04:43.156: W/ToggleAnimations(6601): Setting Animation 1 to 0.0
12-14 22:04:43.157: W/ToggleAnimations(6601): Setting Animation 2 to 0.0
12-14 22:04:43.157: D/ToggleAnimations(6601): Instrumentation completed successfully
12-14 22:04:43.157: I/ActivityManager(1699): Force stopping com.google.android.apps.mtaas.tools appid=10081 user=0: finished inst
12-14 22:04:43.157: I/ActivityManager(1699): Killing 6601:com.google.android.apps.mtaas.tools/u0a81 (adj 0): stop com.google.android.apps.mtaas.tools
12-14 22:04:43.158: D/ActivityManager(1699): cleanUpApplicationRecord -- 6601
12-14 22:04:43.161: D/AndroidRuntime(6584): Shutting down VM
12-14 22:04:43.171: I/Remoter(1395): Saved screenshot to '/data/screenshots/__pmv__-0113.jpg'
12-14 22:04:43.990: D/AndroidRuntime(6657): >>>>>> START com.android.internal.os.RuntimeInit uid 0 <<<<<<
12-14 22:04:43.991: D/AndroidRuntime(6657): CheckJNI is OFF
12-14 22:04:44.018: D/ICU(6657): No timezone override file found: /data/misc/zoneinfo/current/icu/icu_tzdata.dat
12-14 22:04:44.018: D/ICU(6657): [ 12-14 22:04:44.022  6657: 6657 W/         ]
12-14 22:04:44.018: D/ICU(6657): Failed to bind-mount /system/lib/x86/cpuinfo as /proc/cpuinfo: No such file or directory
12-14 22:04:44.027: E/memtrack(6657): Couldn't load memtrack module (No such file or directory)
12-14 22:04:44.027: E/android.os.Debug(6657): failed to load memtrack module: -2
12-14 22:04:44.027: I/Radio-JNI(6657): register_android_hardware_Radio DONE
12-14 22:04:44.031: D/AndroidRuntime(6657): Calling main entry com.android.commands.am.Am
12-14 22:04:44.033: I/ActivityManager(1699): Force stopping com.example.lunchmeet.lunchmeet appid=10089 user=0: start instr
12-14 22:04:44.038: I/art(6674): Late-enabling -Xcheck:jni
12-14 22:04:44.043: I/ActivityManager(1699): Start proc 6674:com.example.lunchmeet.lunchmeet/u0a89 for added application com.example.lunchmeet.lunchmeet
12-14 22:04:44.049: W/System(6674): ClassLoader referenced unknown path: /data/app/com.example.lunchmeet.lunchmeet.test-1/lib/x86
12-14 22:04:44.049: W/System(6674): ClassLoader referenced unknown path: /data/app/com.example.lunchmeet.lunchmeet-1/lib/x86
12-14 22:04:44.052: W/System(6674): ClassLoader referenced unknown path: 
12-14 22:04:44.062: W/DynamiteModule(6674): Local module descriptor class for com.google.firebase.auth not found.
12-14 22:04:44.065: W/DynamiteModule(6674): Local module descriptor class for com.google.firebase.auth not found.
12-14 22:04:44.072: D/FirebaseApp(6674): com.google.firebase.crash.FirebaseCrash is not linked. Skipping initialization.
12-14 22:04:44.079: I/FA(6674): App measurement is starting up, version: 11400
12-14 22:04:44.079: I/FA(6674): To enable debug logging run: adb shell setprop log.tag.FA VERBOSE
12-14 22:04:44.082: I/FA(6674): Faster debug mode event logging enabled. To disable, run:
12-14 22:04:44.082: I/FA(6674):   adb shell setprop debug.firebase.analytics.app .none.
12-14 22:04:44.085: I/FirebaseInitProvider(6674): FirebaseApp initialization successful
12-14 22:04:44.130: I/MonitoringInstr(6674): Instrumentation started on process com.example.lunchmeet.lunchmeet
12-14 22:04:44.131: I/MonitoringInstr(6674): Setting context classloader to 'dalvik.system.PathClassLoader[DexPathList[[zip file "/system/framework/android.test.runner.jar", zip file "/data/app/com.example.lunchmeet.lunchmeet.test-1/base.apk", zip file "/data/app/com.example.lunchmeet.lunchmeet-1/base.apk"],nativeLibraryDirectories=[/data/app/com.example.lunchmeet.lunchmeet.test-1/lib/x86, /data/app/com.example.lunchmeet.lunchmeet-1/lib/x86, /system/lib, /vendor/lib]]]', Original: 'dalvik.system.PathClassLoader[DexPathList[[zip file "/system/framework/android.test.runner.jar", zip file "/data/app/com.example.lunchmeet.lunchmeet.test-1/base.apk", zip file "/data/app/com.example.lunchmeet.lunchmeet-1/base.apk"],nativeLibraryDirectories=[/data/app/com.example.lunchmeet.lunchmeet.test-1/lib/x86, /data/app/com.example.lunchmeet.lunchmeet-1/lib/x86, /system/lib, /vendor/lib]]]'
12-14 22:04:44.137: I/MonitoringInstr(6674): No JSBridge.
12-14 22:04:44.138: I/MonitoringInstr(6674): Setting context classloader to 'dalvik.system.PathClassLoader[DexPathList[[zip file "/system/framework/android.test.runner.jar", zip file "/data/app/com.example.lunchmeet.lunchmeet.test-1/base.apk", zip file "/data/app/com.example.lunchmeet.lunchmeet-1/base.apk"],nativeLibraryDirectories=[/data/app/com.example.lunchmeet.lunchmeet.test-1/lib/x86, /data/app/com.example.lunchmeet.lunchmeet-1/lib/x86, /system/lib, /vendor/lib]]]', Original: 'dalvik.system.PathClassLoader[DexPathList[[zip file "/system/framework/android.test.runner.jar", zip file "/data/app/com.example.lunchmeet.lunchmeet.test-1/base.apk", zip file "/data/app/com.example.lunchmeet.lunchmeet-1/base.apk"],nativeLibraryDirectories=[/data/app/com.example.lunchmeet.lunchmeet.test-1/lib/x86, /data/app/com.example.lunchmeet.lunchmeet-1/lib/x86, /system/lib, /vendor/lib]]]'
12-14 22:04:44.142: I/UsageTrackerFacilitator(6674): Usage tracking enabled
12-14 22:04:44.142: I/TestRequestBuilder(6674): Scanning classpath to find tests in apks [/data/app/com.example.lunchmeet.lunchmeet.test-1/base.apk]
12-14 22:04:44.200: D/NetworkSecurityConfig(6674): No Network Security Config specified, using platform default
12-14 22:04:44.218: D/ApplicationLoaders(6674): ignored Vulkan layer search path /data/app/com.google.android.gms-1/lib/x86:/system/fake-libs:/data/app/com.google.android.gms-1/base.apk!/lib/x86 for namespace 0xb4d37090
12-14 22:04:44.278: I/Remoter(1395): Saved screenshot to '/data/screenshots/__pmv__-0114.jpg'
12-14 22:04:44.282: D/TestExecutor(6674): Adding listener android.support.test.internal.runner.listener.LogRunListener
12-14 22:04:44.282: D/TestExecutor(6674): Adding listener android.support.test.internal.runner.listener.InstrumentationResultPrinter
12-14 22:04:44.282: D/TestExecutor(6674): Adding listener android.support.test.internal.runner.listener.ActivityFinisherRunListener
12-14 22:04:44.282: I/TestRunner(6674): run started: 1 tests
12-14 22:04:44.283: I/TestRunner(6674): started: useAppContext(com.example.lunchmeet.lunchmeet.ExampleInstrumentedTest)
12-14 22:04:44.284: I/MonitoringInstr(6674): Activities that are still in CREATED to STOPPED: 0
12-14 22:04:44.284: I/TestRunner(6674): finished: useAppContext(com.example.lunchmeet.lunchmeet.ExampleInstrumentedTest)
12-14 22:04:44.285: I/MonitoringInstr(6674): Activities that are still in CREATED to STOPPED: 0
12-14 22:04:44.285: I/TestRunner(6674): run finished: 1 tests, 0 failed, 0 ignored
12-14 22:04:44.389: I/MonitoringInstr(6674): waitForActivitiesToComplete() took: 0ms
12-14 22:04:44.389: I/MonitoringInstr(6674): Activities that are still in CREATED to STOPPED: 0
12-14 22:04:44.393: I/ActivityManager(1699): Force stopping com.example.lunchmeet.lunchmeet appid=10089 user=0: finished inst
12-14 22:04:44.393: I/ActivityManager(1699): Killing 6674:com.example.lunchmeet.lunchmeet/u0a89 (adj 0): stop com.example.lunchmeet.lunchmeet
12-14 22:04:44.393: D/ActivityManager(1699): cleanUpApplicationRecord -- 6674
12-14 22:04:44.393: W/ActivityManager(1699): Scheduling restart of crashed service com.example.lunchmeet.lunchmeet/com.google.firebase.iid.FirebaseInstanceIdService in 1000ms
12-14 22:04:44.393: I/ActivityManager(1699):   Force stopping service ServiceRecord{9e9d583 u0 com.example.lunchmeet.lunchmeet/com.google.firebase.iid.FirebaseInstanceIdService}
12-14 22:04:44.394: D/AndroidRuntime(6657): Shutting down VM
12-14 22:04:45.361: I/Remoter(1395): Saved screenshot to '/data/screenshots/__pmv__-0115.jpg'
12-14 22:04:46.449: I/Remoter(1395): Saved screenshot to '/data/screenshots/__pmv__-0116.jpg'
12-14 22:04:47.498: I/Remoter(1395): Saved screenshot to '/data/screenshots/__pmv__-0117.jpg'
12-14 22:04:48.540: I/Remoter(1395): Saved screenshot to '/data/screenshots/__pmv__-0118.jpg'
12-14 22:04:48.653: I/GrammarCompilationSvcCt(5312): #startService for null, APP_NAMES.
12-14 22:04:48.800: I/GceLights(1699): set_light: dev 0xa3d03960 state 0x961f7260
12-14 22:04:48.800: I/GceLights(1699): set_light: state value -16119286
12-14 22:04:49.232: I/GrammarCompilationSvcCt(5312): #startService for null, APP_NAMES.
12-14 22:04:49.283: W/Finsky(6007): [354] com.google.android.finsky.FinskyApp.i(1556): No account configured on this device.
12-14 22:04:49.285: I/Finsky(6007): [354] com.google.android.finsky.c.e.run(1154): Replicating app states via AMAS.
12-14 22:04:49.311: I/Finsky(6007): [354] com.google.android.finsky.c.c.a(316): Completed 0 account content syncs with 0 successful.
12-14 22:04:49.311: I/Finsky(6007): [1] com.google.android.finsky.services.j.a(149): Installation state replication succeeded.
12-14 22:04:49.583: I/Remoter(1395): Saved screenshot to '/data/screenshots/__pmv__-0119.jpg'
12-14 22:04:50.318: I/GrammarCompilationSvcCt(5312): #startService for null, APP_NAMES.
12-14 22:04:50.626: I/Remoter(1395): Saved screenshot to '/data/screenshots/__pmv__-0120.jpg'
12-14 22:04:51.177: I/GrammarCompilationSvcCt(5312): #startService for null, APP_NAMES.
12-14 22:04:51.668: I/Remoter(1395): Saved screenshot to '/data/screenshots/__pmv__-0121.jpg'
12-14 22:04:52.215: I/GrammarCompilationSvcCt(5312): #startService for null, APP_NAMES.
12-14 22:04:52.218: I/ActivityManager(1699): Killing 4950:com.google.android.play.games/u0a71 (adj 906): empty #17
12-14 22:04:52.259: D/ActivityManager(1699): cleanUpApplicationRecord -- 4950
12-14 22:04:52.718: I/Remoter(1395): Saved screenshot to '/data/screenshots/__pmv__-0122.jpg'
12-14 22:04:53.118: I/GrammarCompilationSvcCt(5312): #startService for null, APP_NAMES.
12-14 22:04:53.770: I/Remoter(1395): Saved screenshot to '/data/screenshots/__pmv__-0123.jpg'
12-14 22:04:54.055: I/GrammarCompilationSvcCt(5312): #startService for null, APP_NAMES.
12-14 22:04:54.812: I/Remoter(1395): Saved screenshot to '/data/screenshots/__pmv__-0124.jpg'
12-14 22:04:54.876: I/GrammarCompilationSvcCt(5312): #startService for null, APP_NAMES.
12-14 22:04:55.855: I/Remoter(1395): Saved screenshot to '/data/screenshots/__pmv__-0125.jpg'
12-14 22:04:56.899: I/Remoter(1395): Saved screenshot to '/data/screenshots/__pmv__-0126.jpg'
12-14 22:04:57.996: I/Remoter(1395): Saved screenshot to '/data/screenshots/__pmv__-0127.jpg'
12-14 22:04:59.039: I/Remoter(1395): Saved screenshot to '/data/screenshots/__pmv__-0128.jpg'
12-14 22:04:59.297: I/MetadataService(1395): Processed 0 update/creates for instance/attributes/
12-14 22:04:59.297: I/MetadataService(1395): Processed 0 update/creates for project/attributes/
12-14 22:05:00.269: I/Remoter(1395): Saved screenshot to '/data/screenshots/__pmv__-0129.jpg'
12-14 22:05:00.881: I/GceMetadataClient(2631): Received updated metadata.
12-14 22:05:01.139: I/GceRil(1418): Received request 19
12-14 22:05:01.139: I/GceRil(1418): Reporting signal strength: GW=29 CDMA=-90 EVDO=-137 LTE=17
12-14 22:05:01.139: I/GceRil(1418): Received request 19
12-14 22:05:01.139: I/GceRil(1418): Reporting signal strength: GW=28 CDMA=-91 EVDO=-137 LTE=17
12-14 22:05:01.355: I/Remoter(1395): Saved screenshot to '/data/screenshots/__pmv__-0130.jpg'
12-14 22:05:02.401: I/Remoter(1395): Saved screenshot to '/data/screenshots/__pmv__-0131.jpg'
12-14 22:05:03.452: I/Remoter(1395): Saved screenshot to '/data/screenshots/__pmv__-0132.jpg'
12-14 22:05:04.496: I/Remoter(1395): Saved screenshot to '/data/screenshots/__pmv__-0133.jpg'
12-14 22:05:05.539: I/Remoter(1395): Saved screenshot to '/data/screenshots/__pmv__-0134.jpg'
12-14 22:05:06.624: I/Remoter(1395): Saved screenshot to '/data/screenshots/__pmv__-0135.jpg'
12-14 22:05:07.678: I/Remoter(1395): Saved screenshot to '/data/screenshots/__pmv__-0136.jpg'
12-14 22:05:08.721: I/Remoter(1395): Saved screenshot to '/data/screenshots/__pmv__-0137.jpg'
12-14 22:05:09.764: I/Remoter(1395): Saved screenshot to '/data/screenshots/__pmv__-0138.jpg'
12-14 22:05:10.807: I/Remoter(1395): Saved screenshot to '/data/screenshots/__pmv__-0139.jpg'
12-14 22:05:11.887: I/Remoter(1395): Saved screenshot to '/data/screenshots/__pmv__-0140.jpg'
12-14 22:05:12.933: I/Remoter(1395): Saved screenshot to '/data/screenshots/__pmv__-0141.jpg'
12-14 22:05:13.188: I/GrammarCompilationSvcCt(5312): #startService for null, APP_NAMES.
12-14 22:05:13.979: I/Remoter(1395): Saved screenshot to '/data/screenshots/__pmv__-0142.jpg'
12-14 22:05:15.024: I/Remoter(1395): Saved screenshot to '/data/screenshots/__pmv__-0143.jpg'
12-14 22:05:16.106: I/Remoter(1395): Saved screenshot to '/data/screenshots/__pmv__-0144.jpg'
12-14 22:05:17.153: I/Remoter(1395): Saved screenshot to '/data/screenshots/__pmv__-0145.jpg'
12-14 22:05:18.199: I/Remoter(1395): Saved screenshot to '/data/screenshots/__pmv__-0146.jpg'
12-14 22:05:19.244: I/Remoter(1395): Saved screenshot to '/data/screenshots/__pmv__-0147.jpg'
12-14 22:05:20.373: I/Remoter(1395): Saved screenshot to '/data/screenshots/__pmv__-0148.jpg'
12-14 22:05:20.545: D/AndroidRuntime(7595): >>>>>> START com.android.internal.os.RuntimeInit uid 0 <<<<<<
12-14 22:05:20.546: D/AndroidRuntime(7595): CheckJNI is OFF
12-14 22:05:20.572: D/ICU(7595): No timezone override file found: /data/misc/zoneinfo/current/icu/icu_tzdata.dat
12-14 22:05:20.572: D/ICU(7595): [ 12-14 22:05:20.576  7595: 7595 W/         ]
12-14 22:05:20.572: D/ICU(7595): Failed to bind-mount /system/lib/x86/cpuinfo as /proc/cpuinfo: No such file or directory
12-14 22:05:20.581: E/memtrack(7595): Couldn't load memtrack module (No such file or directory)
12-14 22:05:20.581: E/android.os.Debug(7595): failed to load memtrack module: -2
12-14 22:05:20.581: I/Radio-JNI(7595): register_android_hardware_Radio DONE
12-14 22:05:20.585: D/AndroidRuntime(7595): Calling main entry com.android.commands.pm.Pm
12-14 22:05:20.588: I/ActivityManager(1699): Force stopping com.example.lunchmeet.lunchmeet.test appid=10090 user=-1: deletePackageX
12-14 22:05:20.601: I/art(1699): Starting a blocking GC Explicit
12-14 22:05:20.627: I/art(1699): Explicit concurrent mark sweep GC freed 71742(4MB) AllocSpace objects, 60(1256KB) LOS objects, 33% free, 14MB/22MB, paused 322us total 25.993ms
12-14 22:05:20.631: W/MessageQueue(7595): Handler (android.os.Handler) {184a6c2} sending message to a Handler on a dead thread
12-14 22:05:20.631: W/MessageQueue(7595): java.lang.IllegalStateException: Handler (android.os.Handler) {184a6c2} sending message to a Handler on a dead thread
12-14 22:05:20.631: W/MessageQueue(7595): 	at android.os.MessageQueue.enqueueMessage(MessageQueue.java:543)
12-14 22:05:20.631: W/MessageQueue(7595): 	at android.os.Handler.enqueueMessage(Handler.java:643)
12-14 22:05:20.631: W/MessageQueue(7595): 	at android.os.Handler.sendMessageAtTime(Handler.java:612)
12-14 22:05:20.631: W/MessageQueue(7595): 	at android.os.Handler.sendMessageDelayed(Handler.java:582)
12-14 22:05:20.631: W/MessageQueue(7595): 	at android.os.Handler.post(Handler.java:338)
12-14 22:05:20.631: W/MessageQueue(7595): 	at android.os.ResultReceiver$MyResultReceiver.send(ResultReceiver.java:57)
12-14 22:05:20.631: W/MessageQueue(7595): 	at com.android.internal.os.IResultReceiver$Stub.onTransact(IResultReceiver.java:58)
12-14 22:05:20.631: W/MessageQueue(7595): 	at android.os.Binder.execTransact(Binder.java:565)
12-14 22:05:20.632: I/ActivityManager(1699): Force stopping com.example.lunchmeet.lunchmeet.test appid=10090 user=0: pkg removed
12-14 22:05:20.635: E/KernelUidCpuTimeReader(1699): failed to remove uid from uid_cputime module
12-14 22:05:20.635: E/KernelUidCpuTimeReader(1699): java.io.FileNotFoundException: /proc/uid_cputime/remove_uid_range (No such file or directory)
12-14 22:05:20.635: E/KernelUidCpuTimeReader(1699): 	at java.io.FileOutputStream.open(Native Method)
12-14 22:05:20.635: E/KernelUidCpuTimeReader(1699): 	at java.io.FileOutputStream.<init>(FileOutputStream.java:221)
12-14 22:05:20.635: E/KernelUidCpuTimeReader(1699): 	at java.io.FileOutputStream.<init>(FileOutputStream.java:108)
12-14 22:05:20.635: E/KernelUidCpuTimeReader(1699): 	at java.io.FileWriter.<init>(FileWriter.java:63)
12-14 22:05:20.635: E/KernelUidCpuTimeReader(1699): 	at com.android.internal.os.KernelUidCpuTimeReader.removeUid(KernelUidCpuTimeReader.java:158)
12-14 22:05:20.635: E/KernelUidCpuTimeReader(1699): 	at com.android.internal.os.BatteryStatsImpl.removeUidStatsLocked(BatteryStatsImpl.java:10169)
12-14 22:05:20.635: E/KernelUidCpuTimeReader(1699): 	at com.android.server.am.BatteryStatsService.removeUid(BatteryStatsService.java:291)
12-14 22:05:20.635: E/KernelUidCpuTimeReader(1699): 	at com.android.server.am.ActivityManagerService.broadcastIntentLocked(ActivityManagerService.java:18013)
12-14 22:05:20.635: E/KernelUidCpuTimeReader(1699): 	at com.android.server.am.ActivityManagerService.broadcastIntent(ActivityManagerService.java:18511)
12-14 22:05:20.635: E/KernelUidCpuTimeReader(1699): 	at com.android.server.pm.PackageManagerService$8.run(PackageManagerService.java:11464)
12-14 22:05:20.635: E/KernelUidCpuTimeReader(1699): 	at android.os.Handler.handleCallback(Handler.java:751)
12-14 22:05:20.635: E/KernelUidCpuTimeReader(1699): 	at android.os.Handler.dispatchMessage(Handler.java:95)
12-14 22:05:20.635: E/KernelUidCpuTimeReader(1699): 	at android.os.Looper.loop(Looper.java:154)
12-14 22:05:20.635: E/KernelUidCpuTimeReader(1699): 	at android.os.HandlerThread.run(HandlerThread.java:61)
12-14 22:05:20.635: E/KernelUidCpuTimeReader(1699): 	at com.android.server.ServiceThread.run(ServiceThread.java:46)
12-14 22:05:20.635: I/art(7595): System.exit called, status: 0
12-14 22:05:20.635: I/AndroidRuntime(7595): VM exiting with result code 0.
12-14 22:05:20.640: D/BluetoothMapAppObserver(1769): onReceive
12-14 22:05:20.641: D/BluetoothMapAppObserver(1769): The removed package is: com.example.lunchmeet.lunchmeet.test
12-14 22:05:20.641: I/GeofencerStateMachine(2105): removeGeofences: removeRequest=RemoveGeofencingRequest[REMOVE_ALL packageName=com.example.lunchmeet.lunchmeet.test]
12-14 22:05:20.643: D/CarrierSvcBindHelper(1875): No carrier app for: 0
12-14 22:05:20.681: I/ActivityManager(1699): Start proc 7608:com.android.keychain/1000 for broadcast com.android.keychain/.KeyChainBroadcastReceiver
12-14 22:05:20.690: D/ZenLog(1699): config: removeAutomaticZenRules,ZenModeConfig[user=0,allowCalls=true,allowRepeatCallers=false,allowMessages=false,allowCallsFrom=contacts,allowMessagesFrom=contacts,allowReminders=true,allowEvents=true,allowWhenScreenOff=true,allowWhenScreenOn=true,automaticRules={e47fc3c50377438398d2ad49e58f0d3e=ZenRule[enabled=false,snoozing=false,name=Weekend,zenMode=ZEN_MODE_ALARMS,conditionId=condition://android/schedule?days=6.7&start=23.30&end=10.0&exitAtAlarm=false,condition=Condition[id=condition://android/schedule?days=6.7&start=23.30&end=10.0&exitAtAlarm=false,summary=...,line1=...,line2=...,icon=0,state=STATE_FALSE,flags=2],component=ComponentInfo{android/com.android.server.notification.ScheduleConditionProvider},id=e47fc3c50377438398d2ad49e58f0d3e,creationTime=1510870331968,enabler=null], 9ab77cc3a49849baafb6f93728438f47=ZenRule[enabled=false,snoozing=false,name=Event,zenMode=ZEN_MODE_ALARMS,conditionId=condition://android/event?userId=-10000&calendar=&reply=1,condition=Condition[id=condition://android/event?userId=-10000&calendar=&reply=1,summary=...,line1=...,line2=...,icon=0,state=STATE_FALSE,flags=2],component=ComponentInfo{android/com.android.server.notification.EventConditionProvider},id=9ab77cc3a49849baafb6f93728438f47,creationTime=1510870331968,enabler=null], 1bc246319cbb4e6a87293ddebfe7783b=ZenRule[enabled=false,snoozing=false,name=Weeknight,zenMode=ZEN_MODE_ALARMS,conditionId=condition://android/schedule?days=1.2.3.4.5&start=22.0&end=7.0&exitAtAlarm=false,condition=Condition[id=condition://android/schedule?days=1.2.3.4.5&start=22.0&end=7.0&exitAtAlarm=false,summary=...,line1=...,line2=...,icon=0,state=STATE_TRUE,flags=2],component=ComponentInfo{android/com.android.server.notification.ScheduleConditionProvider},id=1bc246319cbb4e6a87293ddebfe7783b,creationTime=1510870331968,enabler=null]},manualRule=null],Diff[]
12-14 22:05:20.694: W/System(7608): ClassLoader referenced unknown path: /system/app/KeyChain/lib/x86
12-14 22:05:20.698: I/InputReader(1699): Reconfiguring input devices.  changes=0x00000010
12-14 22:05:20.704: W/ContextImpl(7608): Calling a method in the system process without a qualified user: android.app.ContextImpl.startService:1357 android.content.ContextWrapper.startService:613 android.content.ContextWrapper.startService:613 com.android.keychain.KeyChainBroadcastReceiver.onReceive:12 android.app.ActivityThread.handleReceiver:3040 
12-14 22:05:20.710: D/ZenLog(1699): set_zen_mode: off,removeAutomaticZenRules
12-14 22:05:20.711: W/Finsky(6007): [1] com.google.android.finsky.FinskyApp.i(1556): No account configured on this device.
12-14 22:05:20.713: D/VoicemailCleanupService(4994): Cleaning up data for package: com.example.lunchmeet.lunchmeet.test
12-14 22:05:20.748: I/WearableService(2105): Wearable Services not starting - Wear is not available on this device.
12-14 22:05:20.762: I/ActivityManager(1699): Start proc 7646:com.android.documentsui/u0a9 for broadcast com.android.documentsui/.PackageReceiver
12-14 22:05:20.764: I/UpdateIcingCorporaServi(5312): Updating corpora: APPS=com.example.lunchmeet.lunchmeet.test, CONTACTS=MAYBE
12-14 22:05:20.767: D/WearableService(2105): onGetService - Wear is not available on this device.
12-14 22:05:20.774: I/UpdateIcingCorporaServi(5312): UpdateCorporaTask done [took 10 ms] updated apps [took 10 ms] 
12-14 22:05:20.774: W/ConfigurationChimeraPro(2105): Got null configs for com.google.android.gms.drive
12-14 22:05:20.779: E/Finsky(6007): [1] com.google.android.finsky.wear.bo.a(838): onConnectionFailed: ConnectionResult{statusCode=API_UNAVAILABLE, resolution=null, message=null}
12-14 22:05:20.779: I/Finsky(6007): [1] com.google.android.finsky.wear.WearSupportService.a(6396): Dropping command=auto_uninstall due to Gms not connected
12-14 22:05:20.784: I/Finsky(6007): [1] com.google.android.finsky.wear.WearSupportService.a(6396): Dropping command=send_installed_apps due to Gms not connected
12-14 22:05:20.788: I/ActivityManager(1699): Killing 3119:com.google.android.gms.unstable/u0a14 (adj 906): empty #17
12-14 22:05:20.801: D/Wear_Controller(2301): Received broadcast action=android.intent.action.PACKAGE_REMOVED and uri=com.example.lunchmeet.lunchmeet.test
12-14 22:05:20.804: I/LocationSettingsChecker(2301): Removing dialog suppression flag for package com.example.lunchmeet.lunchmeet.test
12-14 22:05:20.808: W/System(7646): ClassLoader referenced unknown path: /system/priv-app/DocumentsUI/lib/x86
12-14 22:05:20.823: I/DatabaseHelper(2301): Creating a new database at version 172 for /data/user/0/com.google.android.gms/databases/DocList.db
12-14 22:05:20.825: I/Icing(2301): doRemovePackageData com.example.lunchmeet.lunchmeet.test
12-14 22:05:20.844: I/Icing(2301): IndexChimeraService.getServiceInterface callingPackage=com.google.android.gms componentName=AppsCorpus serviceId=32
12-14 22:05:20.888: I/ActivityManager(1699): Start proc 7666:com.android.printspooler/u0a75 for service com.android.printspooler/.model.PrintSpoolerService
12-14 22:05:20.889: D/ActivityManager(1699): cleanUpApplicationRecord -- 3119
12-14 22:05:20.902: I/Icing(2301): IndexChimeraService.getServiceInterface callingPackage=com.google.android.gms componentName=AppsCorpus serviceId=36
12-14 22:05:20.936: I/Icing(2301): Usage reports ok 0, Failed Usage reports 0, indexed 0, rejected 0, imm upload false
12-14 22:05:20.942: I/Icing(2301): Usage reports ok 0, Failed Usage reports 0, indexed 0, rejected 0, imm upload false
12-14 22:05:20.956: W/DriveInitializer(2301): Awaiting to be initialized
12-14 22:05:20.958: W/DriveInitializer(2301): Background init thread started
12-14 22:05:20.966: I/ContentMaintenance(2301): Pruning caches...
12-14 22:05:20.971: I/ContentMaintenance(2301): Internal cache bytes used: 0; limit: 100000000; download size: 0
12-14 22:05:20.975: W/DriveInitializer(2301): Background init thread ended
12-14 22:05:20.975: I/PinnedContentDownloader(2301): Started downloading pinned content.
12-14 22:05:20.977: I/PinnedContentDownloader(2301): Finished downloading pinned content.
12-14 22:05:20.979: I/ContentMaintenance(2301): Cache pruning complete.
12-14 22:05:20.981: I/ContentMaintenance(2301): Beginning garbage collection.
12-14 22:05:20.983: I/RealtimeCacheCleanup(2301): Beginning Realtime garbage collection.
12-14 22:05:20.983: I/RealtimeCacheCleanup(2301): Finished Realtime garbage collection.
12-14 22:05:20.983: I/ContentMaintenance(2301): Finished garbage collection.
12-14 22:05:21.107: I/ActivityManager(1699): Start proc 7689:com.android.externalstorage/u0a12 for content provider com.android.externalstorage/.ExternalStorageProvider
12-14 22:05:21.111: W/System(7689): ClassLoader referenced unknown path: /system/priv-app/ExternalStorageProvider/lib/x86
12-14 22:05:21.117: D/ExternalStorage(7689): After updating volumes, found 2 active roots
12-14 22:05:21.121: I/ActivityManager(1699): Killing 5755:com.google.android.apps.photos/u0a70 (adj 906): empty #17
12-14 22:05:21.121: I/ActivityManager(1699): Killing 5685:com.google.android.apps.fitness/u0a48 (adj 906): empty #18
12-14 22:05:21.130: D/ActivityManager(1699): cleanUpApplicationRecord -- 5755
12-14 22:05:21.130: D/ActivityManager(1699): cleanUpApplicationRecord -- 5685
12-14 22:05:21.145: I/ActivityManager(1699): Start proc 7706:com.android.mtp/u0a10 for content provider com.android.mtp/.MtpDocumentsProvider
12-14 22:05:21.146: I/ActivityManager(1699): Killing 5801:com.android.providers.calendar/u0a2 (adj 906): empty #17
12-14 22:05:21.149: I/GceRil(1418): Received request 19
12-14 22:05:21.149: I/GceRil(1418): Reporting signal strength: GW=28 CDMA=-90 EVDO=-136 LTE=18
12-14 22:05:21.149: I/GceRil(1418): Received request 19
12-14 22:05:21.149: I/GceRil(1418): Reporting signal strength: GW=29 CDMA=-90 EVDO=-137 LTE=19
12-14 22:05:21.178: D/ActivityManager(1699): cleanUpApplicationRecord -- 5801
12-14 22:05:21.236: D/VoldConnector(1699): SND -> {14 appfuse mount 10010 7706 MtpDocumentsProvider}
12-14 22:05:21.238: D/VoldConnector(1699): RCV <- {200 14 AppFuse command succeeded}
12-14 22:05:21.417: I/Remoter(1395): Saved screenshot to '/data/screenshots/__pmv__-0149.jpg'
12-14 22:05:21.946: I/Icing(2301): Indexing BEC57AAA83C945DE3A882EF0E754BBC129D3BD62 from com.google.android.gms
12-14 22:05:21.948: I/Icing(2301): Indexing done BEC57AAA83C945DE3A882EF0E754BBC129D3BD62
12-14 22:05:22.526: I/Remoter(1395): Saved screenshot to '/data/screenshots/__pmv__-0150.jpg'
12-14 22:05:22.604: D/AndroidRuntime(7729): >>>>>> START com.android.internal.os.RuntimeInit uid 0 <<<<<<
12-14 22:05:22.605: D/AndroidRuntime(7729): CheckJNI is OFF
12-14 22:05:22.633: D/ICU(7729): No timezone override file found: /data/misc/zoneinfo/current/icu/icu_tzdata.dat
12-14 22:05:22.633: D/ICU(7729): [ 12-14 22:05:22.637  7729: 7729 W/         ]
12-14 22:05:22.633: D/ICU(7729): Failed to bind-mount /system/lib/x86/cpuinfo as /proc/cpuinfo: No such file or directory
12-14 22:05:22.642: E/memtrack(7729): Couldn't load memtrack module (No such file or directory)
12-14 22:05:22.642: E/android.os.Debug(7729): failed to load memtrack module: -2
12-14 22:05:22.642: I/Radio-JNI(7729): register_android_hardware_Radio DONE
12-14 22:05:22.646: D/AndroidRuntime(7729): Calling main entry com.android.commands.pm.Pm
12-14 22:05:22.648: I/art(7729): System.exit called, status: 1
12-14 22:05:22.648: I/AndroidRuntime(7729): VM exiting with result code 1.
12-14 22:05:23.599: I/Remoter(1395): Saved screenshot to '/data/screenshots/__pmv__-0151.jpg'
12-14 22:05:24.585: D/AndroidRuntime(7742): >>>>>> START com.android.internal.os.RuntimeInit uid 0 <<<<<<
12-14 22:05:24.587: D/AndroidRuntime(7742): CheckJNI is OFF
12-14 22:05:24.677: D/ICU(7742): No timezone override file found: /data/misc/zoneinfo/current/icu/icu_tzdata.dat
12-14 22:05:24.677: D/ICU(7742): [ 12-14 22:05:24.682  7742: 7742 W/         ]
12-14 22:05:24.677: D/ICU(7742): Failed to bind-mount /system/lib/x86/cpuinfo as /proc/cpuinfo: No such file or directory
12-14 22:05:24.688: E/memtrack(7742): Couldn't load memtrack module (No such file or directory)
12-14 22:05:24.688: E/android.os.Debug(7742): failed to load memtrack module: -2
12-14 22:05:24.689: I/Radio-JNI(7742): register_android_hardware_Radio DONE
12-14 22:05:24.694: D/AndroidRuntime(7742): Calling main entry com.android.commands.pm.Pm
12-14 22:05:24.697: I/ActivityManager(1699): Force stopping com.example.lunchmeet.lunchmeet appid=10089 user=-1: deletePackageX
12-14 22:05:24.699: I/PackageManager(1699): Removing old permission: com.example.lunchmeet.lunchmeet.permission.C2D_MESSAGE from package com.example.lunchmeet.lunchmeet
12-14 22:05:24.700: I/Remoter(1395): Saved screenshot to '/data/screenshots/__pmv__-0152.jpg'
12-14 22:05:24.713: I/art(1699): Starting a blocking GC Explicit
12-14 22:05:24.739: I/art(1699): Explicit concurrent mark sweep GC freed 54577(3MB) AllocSpace objects, 11(272KB) LOS objects, 33% free, 15MB/22MB, paused 255us total 25.187ms
12-14 22:05:24.745: I/ActivityManager(1699): Force stopping com.example.lunchmeet.lunchmeet appid=10089 user=0: pkg removed
12-14 22:05:24.749: I/InputReader(1699): Reconfiguring input devices.  changes=0x00000010
12-14 22:05:24.749: I/GeofencerStateMachine(2105): removeGeofences: removeRequest=RemoveGeofencingRequest[REMOVE_ALL packageName=com.example.lunchmeet.lunchmeet]
12-14 22:05:24.749: W/ContextImpl(7608): Calling a method in the system process without a qualified user: android.app.ContextImpl.startService:1357 android.content.ContextWrapper.startService:613 android.content.ContextWrapper.startService:613 com.android.keychain.KeyChainBroadcastReceiver.onReceive:12 android.app.ActivityThread.handleReceiver:3040 
12-14 22:05:24.751: D/BluetoothMapAppObserver(1769): onReceive
12-14 22:05:24.751: D/BluetoothMapAppObserver(1769): The removed package is: com.example.lunchmeet.lunchmeet
12-14 22:05:24.760: I/art(7742): System.exit called, status: 0
12-14 22:05:24.760: I/AndroidRuntime(7742): VM exiting with result code 0.
12-14 22:05:24.766: E/KernelUidCpuTimeReader(1699): failed to remove uid from uid_cputime module
12-14 22:05:24.766: E/KernelUidCpuTimeReader(1699): java.io.FileNotFoundException: /proc/uid_cputime/remove_uid_range (No such file or directory)
12-14 22:05:24.766: E/KernelUidCpuTimeReader(1699): 	at java.io.FileOutputStream.open(Native Method)
12-14 22:05:24.766: E/KernelUidCpuTimeReader(1699): 	at java.io.FileOutputStream.<init>(FileOutputStream.java:221)
12-14 22:05:24.766: E/KernelUidCpuTimeReader(1699): 	at java.io.FileOutputStream.<init>(FileOutputStream.java:108)
12-14 22:05:24.766: E/KernelUidCpuTimeReader(1699): 	at java.io.FileWriter.<init>(FileWriter.java:63)
12-14 22:05:24.766: E/KernelUidCpuTimeReader(1699): 	at com.android.internal.os.KernelUidCpuTimeReader.removeUid(KernelUidCpuTimeReader.java:158)
12-14 22:05:24.766: E/KernelUidCpuTimeReader(1699): 	at com.android.internal.os.BatteryStatsImpl.removeUidStatsLocked(BatteryStatsImpl.java:10169)
12-14 22:05:24.766: E/KernelUidCpuTimeReader(1699): 	at com.android.server.am.BatteryStatsService.removeUid(BatteryStatsService.java:291)
12-14 22:05:24.766: E/KernelUidCpuTimeReader(1699): 	at com.android.server.am.ActivityManagerService.broadcastIntentLocked(ActivityManagerService.java:18013)
12-14 22:05:24.766: E/KernelUidCpuTimeReader(1699): 	at com.android.server.am.ActivityManagerService.broadcastIntent(ActivityManagerService.java:18511)
12-14 22:05:24.766: E/KernelUidCpuTimeReader(1699): 	at com.android.server.pm.PackageManagerService$8.run(PackageManagerService.java:11464)
12-14 22:05:24.766: E/KernelUidCpuTimeReader(1699): 	at android.os.Handler.handleCallback(Handler.java:751)
12-14 22:05:24.766: E/KernelUidCpuTimeReader(1699): 	at android.os.Handler.dispatchMessage(Handler.java:95)
12-14 22:05:24.766: E/KernelUidCpuTimeReader(1699): 	at android.os.Looper.loop(Looper.java:154)
12-14 22:05:24.766: E/KernelUidCpuTimeReader(1699): 	at android.os.HandlerThread.run(HandlerThread.java:61)
12-14 22:05:24.766: E/KernelUidCpuTimeReader(1699): 	at com.android.server.ServiceThread.run(ServiceThread.java:46)
12-14 22:05:24.769: D/CarrierSvcBindHelper(1875): No carrier app for: 0
12-14 22:05:24.771: D/ZenLog(1699): config: removeAutomaticZenRules,ZenModeConfig[user=0,allowCalls=true,allowRepeatCallers=false,allowMessages=false,allowCallsFrom=contacts,allowMessagesFrom=contacts,allowReminders=true,allowEvents=true,allowWhenScreenOff=true,allowWhenScreenOn=true,automaticRules={e47fc3c50377438398d2ad49e58f0d3e=ZenRule[enabled=false,snoozing=false,name=Weekend,zenMode=ZEN_MODE_ALARMS,conditionId=condition://android/schedule?days=6.7&start=23.30&end=10.0&exitAtAlarm=false,condition=Condition[id=condition://android/schedule?days=6.7&start=23.30&end=10.0&exitAtAlarm=false,summary=...,line1=...,line2=...,icon=0,state=STATE_FALSE,flags=2],component=ComponentInfo{android/com.android.server.notification.ScheduleConditionProvider},id=e47fc3c50377438398d2ad49e58f0d3e,creationTime=1510870331968,enabler=null], 9ab77cc3a49849baafb6f93728438f47=ZenRule[enabled=false,snoozing=false,name=Event,zenMode=ZEN_MODE_ALARMS,conditionId=condition://android/event?userId=-10000&calendar=&reply=1,condition=Condition[id=condition://android/event?userId=-10000&calendar=&reply=1,summary=...,line1=...,line2=...,icon=0,state=STATE_FALSE,flags=2],component=ComponentInfo{android/com.android.server.notification.EventConditionProvider},id=9ab77cc3a49849baafb6f93728438f47,creationTime=1510870331968,enabler=null], 1bc246319cbb4e6a87293ddebfe7783b=ZenRule[enabled=false,snoozing=false,name=Weeknight,zenMode=ZEN_MODE_ALARMS,conditionId=condition://android/schedule?days=1.2.3.4.5&start=22.0&end=7.0&exitAtAlarm=false,condition=Condition[id=condition://android/schedule?days=1.2.3.4.5&start=22.0&end=7.0&exitAtAlarm=false,summary=...,line1=...,line2=...,icon=0,state=STATE_TRUE,flags=2],component=ComponentInfo{android/com.android.server.notification.ScheduleConditionProvider},id=1bc246319cbb4e6a87293ddebfe7783b,creationTime=1510870331968,enabler=null]},manualRule=null],Diff[]
12-14 22:05:24.773: W/Finsky(6007): [1] com.google.android.finsky.FinskyApp.i(1556): No account configured on this device.
12-14 22:05:24.785: D/VoicemailCleanupService(4994): Cleaning up data for package: com.example.lunchmeet.lunchmeet
12-14 22:05:24.787: D/WearableService(2105): onGetService - Wear is not available on this device.
12-14 22:05:24.790: E/Finsky(6007): [1] com.google.android.finsky.wear.bo.a(838): onConnectionFailed: ConnectionResult{statusCode=API_UNAVAILABLE, resolution=null, message=null}
12-14 22:05:24.790: I/Finsky(6007): [1] com.google.android.finsky.wear.WearSupportService.a(6396): Dropping command=auto_uninstall due to Gms not connected
12-14 22:05:24.790: I/Finsky(6007): [1] com.google.android.finsky.wear.WearSupportService.a(6396): Dropping command=send_installed_apps due to Gms not connected
12-14 22:05:24.791: D/ZenLog(1699): set_zen_mode: off,removeAutomaticZenRules
12-14 22:05:24.886: D/Wear_Controller(2301): Received broadcast action=android.intent.action.PACKAGE_REMOVED and uri=com.example.lunchmeet.lunchmeet
12-14 22:05:24.891: I/LocationSettingsChecker(2301): Removing dialog suppression flag for package com.example.lunchmeet.lunchmeet
12-14 22:05:24.894: I/Icing(2301): doRemovePackageData com.example.lunchmeet.lunchmeet
12-14 22:05:24.900: I/UpdateIcingCorporaServi(5312): Updating corpora: APPS=com.example.lunchmeet.lunchmeet, CONTACTS=MAYBE
12-14 22:05:24.918: I/Icing(2301): IndexChimeraService.getServiceInterface callingPackage=com.google.android.gms componentName=AppsCorpus serviceId=36
12-14 22:05:24.919: I/Icing(2301): IndexChimeraService.getServiceInterface callingPackage=com.google.android.gms componentName=AppsCorpus serviceId=32
12-14 22:05:24.931: I/Icing(2301): IndexChimeraService.getServiceInterface callingPackage=com.google.android.googlequicksearchbox componentName=null serviceId=36
