12-14 22:05:24.940: I/Icing(2301): Usage reports ok 0, Failed Usage reports 0, indexed 0, rejected 0, imm upload false
12-14 22:05:24.947: I/Icing(2301): Usage reports ok 0, Failed Usage reports 0, indexed 0, rejected 0, imm upload false
12-14 22:05:24.959: I/Icing(2301): Usage reports ok 0, Failed Usage reports 0, indexed 0, rejected 0, imm upload true
12-14 22:05:24.960: I/UpdateIcingCorporaServi(5312): UpdateCorporaTask done [took 61 ms] updated apps [took 61 ms] 
12-14 22:05:25.742: I/Remoter(1395): Saved screenshot to '/data/screenshots/__pmv__-0153.jpg'
12-14 22:05:25.915: I/ActivityManager(1699): Killing 5828:com.google.android.deskclock/u0a73 (adj 906): empty #17
12-14 22:05:25.938: D/ActivityManager(1699): cleanUpApplicationRecord -- 5828
12-14 22:05:25.950: I/Icing(2301): Indexing BEC57AAA83C945DE3A882EF0E754BBC129D3BD62 from com.google.android.gms
12-14 22:05:25.952: I/Icing(2301): Indexing done BEC57AAA83C945DE3A882EF0E754BBC129D3BD62
12-14 22:05:25.960: I/Icing(2301): Indexing BBD277D773C249A2E76A1893E5636DEC82717C59 from com.google.android.googlequicksearchbox
12-14 22:05:25.973: I/Icing(2301): Indexing done BBD277D773C249A2E76A1893E5636DEC82717C59
12-14 22:05:26.155: I/GrammarCompilationSvcCt(5312): #startService for null, APP_NAMES.
12-14 22:05:26.784: I/Remoter(1395): Saved screenshot to '/data/screenshots/__pmv__-0154.jpg'
12-14 22:05:27.291: I/hwcomposer(1402): Sent 3126 syncs in 60s
12-14 22:05:27.827: I/Remoter(1395): Saved screenshot to '/data/screenshots/__pmv__-0155.jpg'
12-14 22:05:28.873: I/Remoter(1395): Saved screenshot to '/data/screenshots/__pmv__-0156.jpg'
12-14 22:05:29.095: I/dumpstate(7776): begin
12-14 22:05:29.095: I/dumpstate(7776): dumpstate id: 1
12-14 22:05:29.095: D/dumpstate(7776): Dumpstate command line: /system/bin/dumpstate -s
12-14 22:05:29.095: I/dumpstate(7776): bugreport format version: 1.0
12-14 22:05:29.344: I/MetadataService(1395): Processed 0 update/creates for instance/attributes/
12-14 22:05:29.344: I/MetadataService(1395): Processed 0 update/creates for project/attributes/
12-14 22:05:29.329: I/gce.meta.proxy(977): type=1400 audit(0.0:98): avc: denied { create } for scontext=u:r:kernel:s0 tcontext=u:r:kernel:s0 tclass=tcp_socket permissive=1
12-14 22:05:29.329: I/gce.meta.proxy(977): type=1400 audit(0.0:99): avc: denied { name_connect } for dest=80 scontext=u:r:kernel:s0 tcontext=u:object_r:port:s0 tclass=tcp_socket permissive=1
12-14 22:05:29.795: I/WearableService(2105): Wearable Services stopping
12-14 22:05:29.916: I/Remoter(1395): Saved screenshot to '/data/screenshots/__pmv__-0157.jpg'
12-14 22:05:29.942: D/dumpstate(7776): Not dumping systrace because dumpstate is not zipping
12-14 22:05:29.942: D/dumpstate(7776): /data/misc/raft does not exist or is not a directory
12-14 22:05:29.963: I/art(5982): Starting a blocking GC Explicit
12-14 22:05:29.971: I/art(5982): Explicit concurrent mark sweep GC freed 32226(1141KB) AllocSpace objects, 3(1688KB) LOS objects, 39% free, 7MB/11MB, paused 92us total 7.678ms
12-14 22:05:30.003: I/art(2261): Starting a blocking GC Explicit
12-14 22:05:30.010: I/art(2261): Explicit concurrent mark sweep GC freed 107(5KB) AllocSpace objects, 0(0B) LOS objects, 25% free, 13MB/17MB, paused 74us total 6.790ms
12-14 22:05:30.085: I/art(1769): Starting a blocking GC Explicit
12-14 22:05:30.093: I/art(1769): Explicit concurrent mark sweep GC freed 17882(1320KB) AllocSpace objects, 2(40KB) LOS objects, 39% free, 7MB/11MB, paused 146us total 7.063ms
12-14 22:05:30.130: I/art(2105): Starting a blocking GC Explicit
12-14 22:05:30.149: I/art(2105): Explicit concurrent mark sweep GC freed 65828(5MB) AllocSpace objects, 2(40KB) LOS objects, 40% free, 11MB/19MB, paused 192us total 18.872ms
12-14 22:05:30.193: I/art(5312): Starting a blocking GC Explicit
12-14 22:05:30.203: I/art(5312): Explicit concurrent mark sweep GC freed 7155(549KB) AllocSpace objects, 0(0B) LOS objects, 25% free, 9MB/12MB, paused 110us total 9.564ms
12-14 22:05:30.299: I/art(2301): Starting a blocking GC Explicit
12-14 22:05:30.366: I/art(2301): Explicit concurrent mark sweep GC freed 19216(1291KB) AllocSpace objects, 6(120KB) LOS objects, 24% free, 14MB/19MB, paused 450us total 66.922ms
12-14 22:05:30.411: I/art(7666): Starting a blocking GC Explicit
12-14 22:05:30.459: I/art(7666): Explicit concurrent mark sweep GC freed 16674(951KB) AllocSpace objects, 0(0B) LOS objects, 24% free, 6MB/9MB, paused 62us total 47.756ms
12-14 22:05:30.495: I/art(4966): Starting a blocking GC Explicit
12-14 22:05:30.500: I/art(4966): Explicit concurrent mark sweep GC freed 1625(96KB) AllocSpace objects, 0(0B) LOS objects, 24% free, 6MB/9MB, paused 60us total 5.342ms
12-14 22:05:30.533: I/art(7646): Starting a blocking GC Explicit
12-14 22:05:30.538: I/art(7646): Explicit concurrent mark sweep GC freed 438(16KB) AllocSpace objects, 0(0B) LOS objects, 25% free, 6MB/9MB, paused 70us total 5.026ms
12-14 22:05:30.570: I/art(5280): Starting a blocking GC Explicit
12-14 22:05:30.577: I/art(5280): Explicit concurrent mark sweep GC freed 9183(940KB) AllocSpace objects, 1(20KB) LOS objects, 25% free, 23MB/31MB, paused 68us total 6.986ms
12-14 22:05:30.619: I/art(6007): Starting a blocking GC Explicit
12-14 22:05:30.626: I/art(6007): Explicit concurrent mark sweep GC freed 10458(1045KB) AllocSpace objects, 0(0B) LOS objects, 24% free, 7MB/9MB, paused 122us total 6.732ms
12-14 22:05:30.703: I/art(4994): Starting a blocking GC Explicit
12-14 22:05:30.710: I/art(4994): Explicit concurrent mark sweep GC freed 28337(1004KB) AllocSpace objects, 1(20KB) LOS objects, 24% free, 7MB/9MB, paused 77us total 6.750ms
12-14 22:05:30.743: I/art(5261): Starting a blocking GC Explicit
12-14 22:05:30.748: I/art(5261): Explicit concurrent mark sweep GC freed 2625(217KB) AllocSpace objects, 0(0B) LOS objects, 24% free, 6MB/9MB, paused 119us total 5.113ms
12-14 22:05:30.779: I/art(7608): Starting a blocking GC Explicit
12-14 22:05:30.784: I/art(7608): Explicit concurrent mark sweep GC freed 288(12KB) AllocSpace objects, 0(0B) LOS objects, 24% free, 6MB/9MB, paused 64us total 4.691ms
12-14 22:05:30.817: I/art(5200): Starting a blocking GC Explicit
12-14 22:05:30.822: I/art(5200): Explicit concurrent mark sweep GC freed 454(34KB) AllocSpace objects, 0(0B) LOS objects, 24% free, 6MB/9MB, paused 130us total 4.853ms
12-14 22:05:30.899: I/art(7706): Starting a blocking GC Explicit
12-14 22:05:30.904: I/art(7706): Explicit concurrent mark sweep GC freed 175(7KB) AllocSpace objects, 0(0B) LOS objects, 24% free, 7MB/9MB, paused 59us total 4.895ms
12-14 22:05:30.925: I/GceMetadataClient(2631): Received updated metadata.
12-14 22:05:30.955: I/art(7689): Starting a blocking GC Explicit
12-14 22:05:30.962: I/art(7689): Explicit concurrent mark sweep GC freed 88(4KB) AllocSpace objects, 0(0B) LOS objects, 25% free, 6MB/9MB, paused 90us total 7.657ms
12-14 22:05:30.981: I/Remoter(1395): Saved screenshot to '/data/screenshots/__pmv__-0158.jpg'
12-14 22:05:30.999: I/art(2224): Starting a blocking GC Explicit
12-14 22:05:31.005: I/art(2224): Explicit concurrent mark sweep GC freed 2176(94KB) AllocSpace objects, 0(0B) LOS objects, 25% free, 7MB/9MB, paused 63us total 5.748ms
12-14 22:05:31.038: I/art(5352): Starting a blocking GC Explicit
12-14 22:05:31.084: I/art(5352): Explicit concurrent mark sweep GC freed 2142(220KB) AllocSpace objects, 4(80KB) LOS objects, 25% free, 6MB/9MB, paused 118us total 46.025ms
12-14 22:05:31.120: I/art(5776): Starting a blocking GC Explicit
12-14 22:05:31.125: I/art(5776): Explicit concurrent mark sweep GC freed 1199(62KB) AllocSpace objects, 0(0B) LOS objects, 25% free, 7MB/9MB, paused 82us total 5.552ms
12-14 22:05:31.160: I/art(5016): Starting a blocking GC Explicit
12-14 22:05:31.170: I/art(5016): Explicit concurrent mark sweep GC freed 3146(250KB) AllocSpace objects, 3(60KB) LOS objects, 24% free, 9MB/12MB, paused 233us total 9.831ms
12-14 22:05:31.212: I/art(5858): Starting a blocking GC Explicit
12-14 22:05:31.219: I/art(5858): Explicit concurrent mark sweep GC freed 1449(64KB) AllocSpace objects, 0(0B) LOS objects, 24% free, 7MB/9MB, paused 77us total 7.359ms
12-14 22:05:31.250: I/art(1783): Starting a blocking GC Explicit
12-14 22:05:31.306: I/art(1783): Explicit concurrent mark sweep GC freed 5615(235KB) AllocSpace objects, 0(0B) LOS objects, 24% free, 7MB/10MB, paused 116us total 55.815ms
12-14 22:05:31.388: I/art(2631): Starting a blocking GC Explicit
12-14 22:05:31.394: I/art(2631): Explicit concurrent mark sweep GC freed 9186(962KB) AllocSpace objects, 0(0B) LOS objects, 24% free, 6MB/9MB, paused 91us total 5.687ms
12-14 22:05:31.422: I/art(2192): Starting a blocking GC Explicit
12-14 22:05:31.429: I/art(2192): Explicit concurrent mark sweep GC freed 5499(300KB) AllocSpace objects, 0(0B) LOS objects, 40% free, 6MB/11MB, paused 55us total 6.405ms
12-14 22:05:31.508: I/art(2137): Starting a blocking GC Explicit
12-14 22:05:31.515: I/art(2137): Explicit concurrent mark sweep GC freed 6735(501KB) AllocSpace objects, 0(0B) LOS objects, 39% free, 6MB/11MB, paused 58us total 6.529ms
12-14 22:05:31.560: I/art(2076): Starting a blocking GC Explicit
12-14 22:05:31.566: I/art(2076): Explicit concurrent mark sweep GC freed 2695(207KB) AllocSpace objects, 0(0B) LOS objects, 39% free, 6MB/11MB, paused 56us total 5.360ms
12-14 22:05:31.599: I/art(1875): Starting a blocking GC Explicit
12-14 22:05:31.610: I/art(1875): Explicit concurrent mark sweep GC freed 97101(4MB) AllocSpace objects, 0(0B) LOS objects, 39% free, 7MB/12MB, paused 96us total 10.277ms
12-14 22:05:31.699: I/art(1798): Starting a blocking GC Explicit
12-14 22:05:31.714: I/art(1798): Explicit concurrent mark sweep GC freed 76409(3MB) AllocSpace objects, 3(72KB) LOS objects, 40% free, 16MB/27MB, paused 107us total 14.731ms
12-14 22:05:31.757: I/art(1699): Starting a blocking GC Explicit
12-14 22:05:31.780: I/art(1699): Explicit concurrent mark sweep GC freed 38604(2MB) AllocSpace objects, 10(704KB) LOS objects, 33% free, 14MB/22MB, paused 265us total 23.508ms
12-14 22:05:31.780: I/art(1699): [ 12-14 22:05:31.954  1329: 1329 W/         ]
12-14 22:05:31.780: I/art(1699): debuggerd: handling request: pid=1402 uid=1000 gid=1003 tid=1402
12-14 22:05:31.780: I/art(1699): [ 12-14 22:05:32.013  1329: 1329 W/         ]
12-14 22:05:31.780: I/art(1699): debuggerd: resuming target 1402
12-14 22:05:31.780: I/art(1699): [ 12-14 22:05:32.014  1329: 1329 W/         ]
12-14 22:05:31.780: I/art(1699): debuggerd: handling request: pid=1408 uid=1041 gid=1005 tid=1408
12-14 22:05:31.780: I/art(1699): [ 12-14 22:05:32.023  1329: 1329 W/         ]
12-14 22:05:31.780: I/art(1699): debuggerd: resuming target 1408
12-14 22:05:31.780: I/art(1699): [ 12-14 22:05:32.024  1329: 1329 W/         ]
12-14 22:05:31.780: I/art(1699): debuggerd: handling request: pid=1409 uid=1047 gid=1005 tid=1409
12-14 22:05:31.780: I/art(1699): [ 12-14 22:05:32.030  1329: 1329 W/         ]
12-14 22:05:31.780: I/art(1699): debuggerd: resuming target 1409
12-14 22:05:31.780: I/art(1699): [ 12-14 22:05:32.031  1329: 1329 W/         ]
12-14 22:05:31.780: I/art(1699): debuggerd: handling request: pid=1410 uid=1019 gid=1019 tid=1410
12-14 22:05:31.780: I/art(1699): [ 12-14 22:05:32.036  1329: 1329 W/         ]
12-14 22:05:31.780: I/art(1699): debuggerd: resuming target 1410
12-14 22:05:31.780: I/art(1699): [ 12-14 22:05:32.037  1329: 1329 W/         ]
12-14 22:05:31.780: I/art(1699): debuggerd: handling request: pid=1413 uid=1046 gid=1006 tid=1413
12-14 22:05:32.038: I/Remoter(1395): Saved screenshot to '/data/screenshots/__pmv__-0159.jpg'
12-14 22:05:32.038: I/Remoter(1395): [ 12-14 22:05:32.043  1329: 1329 W/         ]
12-14 22:05:32.038: I/Remoter(1395): debuggerd: resuming target 1413
12-14 22:05:32.038: I/Remoter(1395): [ 12-14 22:05:32.043  1329: 1329 W/         ]
12-14 22:05:32.038: I/Remoter(1395): debuggerd: handling request: pid=1414 uid=1013 gid=1031 tid=1414
12-14 22:05:32.038: I/Remoter(1395): [ 12-14 22:05:32.047  1329: 1329 W/         ]
12-14 22:05:32.038: I/Remoter(1395): debuggerd: resuming target 1414
12-14 22:05:32.038: I/Remoter(1395): [ 12-14 22:05:32.047  1329: 1329 W/         ]
12-14 22:05:32.038: I/Remoter(1395): debuggerd: handling request: pid=1415 uid=1040 gid=1026 tid=1415
12-14 22:05:32.038: I/Remoter(1395): [ 12-14 22:05:32.052  1329: 1329 W/         ]
12-14 22:05:32.038: I/Remoter(1395): debuggerd: resuming target 1415
12-14 22:05:32.038: I/Remoter(1395): [ 12-14 22:05:32.053  1329: 1329 W/         ]
12-14 22:05:32.038: I/Remoter(1395): debuggerd: handling request: pid=1416 uid=1013 gid=1005 tid=1416
12-14 22:05:32.038: I/Remoter(1395): [ 12-14 22:05:32.105  1329: 1329 W/         ]
12-14 22:05:32.038: I/Remoter(1395): debuggerd: resuming target 1416
12-14 22:05:32.105: I/art(1699): Thread[2,tid=1704,WaitingInMainSignalCatcherLoop,Thread*=0xb46af000,peer=0x12c010d0,"Signal Catcher"]: reacting to signal 3
12-14 22:05:32.262: I/art(1699): Wrote stack traces to '/data/anr/traces.txt'
12-14 22:05:32.262: I/art(1769): Thread[3,tid=1775,WaitingInMainSignalCatcherLoop,Thread*=0xa6404e00,peer=0x12c003a0,"Signal Catcher"]: reacting to signal 3
12-14 22:05:32.327: I/art(1769): Wrote stack traces to '/data/anr/traces.txt'
12-14 22:05:32.327: I/art(1783): Thread[3,tid=1790,WaitingInMainSignalCatcherLoop,Thread*=0xa6404e00,peer=0x32c050d0,"Signal Catcher"]: reacting to signal 3
12-14 22:05:32.343: I/art(1783): Wrote stack traces to '/data/anr/traces.txt'
12-14 22:05:32.343: I/art(1783): [ 12-14 22:05:32.344  1329: 1329 W/         ]
12-14 22:05:32.343: I/art(1783): debuggerd: handling request: pid=1788 uid=1023 gid=1023 tid=1788
12-14 22:05:32.343: I/art(1783): [ 12-14 22:05:32.394  1329: 1329 W/         ]
12-14 22:05:32.343: I/art(1783): debuggerd: resuming target 1788
12-14 22:05:32.394: I/art(1798): Thread[3,tid=1811,WaitingInMainSignalCatcherLoop,Thread*=0xa6404e00,peer=0x12c008b0,"Signal Catcher"]: reacting to signal 3
12-14 22:05:32.414: I/art(1875): Thread[3,tid=1887,WaitingInMainSignalCatcherLoop,Thread*=0xa6404e00,peer=0x12c00d30,"Signal Catcher"]: reacting to signal 3
12-14 22:05:32.418: I/art(1798): Wrote stack traces to '/data/anr/traces.txt'
12-14 22:05:32.434: I/art(2076): Thread[3,tid=2088,WaitingInMainSignalCatcherLoop,Thread*=0xa6404e00,peer=0x12c1e5e0,"Signal Catcher"]: reacting to signal 3
12-14 22:05:32.434: I/art(1875): Wrote stack traces to '/data/anr/traces.txt'
12-14 22:05:32.442: I/art(2105): Thread[3,tid=2136,WaitingInMainSignalCatcherLoop,Thread*=0xa6404e00,peer=0x12c1e8b0,"Signal Catcher"]: reacting to signal 3
12-14 22:05:32.448: I/art(2076): Wrote stack traces to '/data/anr/traces.txt'
12-14 22:05:32.521: I/art(2137): Thread[3,tid=2153,WaitingInMainSignalCatcherLoop,Thread*=0xa6404e00,peer=0x12c390d0,"Signal Catcher"]: reacting to signal 3
12-14 22:05:32.527: I/art(2105): Wrote stack traces to '/data/anr/traces.txt'
12-14 22:05:32.529: I/art(2192): Thread[3,tid=2198,WaitingInMainSignalCatcherLoop,Thread*=0xa6404e00,peer=0x12c39310,"Signal Catcher"]: reacting to signal 3
12-14 22:05:32.532: I/art(2137): Wrote stack traces to '/data/anr/traces.txt'
12-14 22:05:32.536: I/art(2192): Wrote stack traces to '/data/anr/traces.txt'
12-14 22:05:32.537: I/art(2224): Thread[3,tid=2232,WaitingInMainSignalCatcherLoop,Thread*=0xa6404e00,peer=0x12c050d0,"Signal Catcher"]: reacting to signal 3
12-14 22:05:32.548: I/art(2261): Thread[3,tid=2267,WaitingInMainSignalCatcherLoop,Thread*=0xa6404e00,peer=0x32c050d0,"Signal Catcher"]: reacting to signal 3
12-14 22:05:32.549: I/art(2224): Wrote stack traces to '/data/anr/traces.txt'
12-14 22:05:32.559: I/art(2301): Thread[3,tid=2307,WaitingInMainSignalCatcherLoop,Thread*=0xa6404e00,peer=0x12c050d0,"Signal Catcher"]: reacting to signal 3
12-14 22:05:32.568: I/art(2261): Wrote stack traces to '/data/anr/traces.txt'
12-14 22:05:32.583: I/art(2301): Wrote stack traces to '/data/anr/traces.txt'
12-14 22:05:32.584: I/art(2631): Thread[3,tid=2637,WaitingInMainSignalCatcherLoop,Thread*=0xa6404e00,peer=0x32c050d0,"Signal Catcher"]: reacting to signal 3
12-14 22:05:32.594: I/art(2631): Wrote stack traces to '/data/anr/traces.txt'
12-14 22:05:32.594: I/art(4966): Thread[3,tid=4972,WaitingInMainSignalCatcherLoop,Thread*=0xa6404e00,peer=0x32c050d0,"Signal Catcher"]: reacting to signal 3
12-14 22:05:32.604: I/art(4966): Wrote stack traces to '/data/anr/traces.txt'
12-14 22:05:32.604: I/art(4994): Thread[3,tid=4996,WaitingInMainSignalCatcherLoop,Thread*=0xa6404e00,peer=0x32c050d0,"Signal Catcher"]: reacting to signal 3
12-14 22:05:32.617: I/art(5016): Thread[3,tid=5022,WaitingInMainSignalCatcherLoop,Thread*=0xa6404e00,peer=0x32c050d0,"Signal Catcher"]: reacting to signal 3
12-14 22:05:32.623: I/art(4994): Wrote stack traces to '/data/anr/traces.txt'
12-14 22:05:32.732: I/art(5016): Wrote stack traces to '/data/anr/traces.txt'
12-14 22:05:32.732: I/art(5200): Thread[3,tid=5206,WaitingInMainSignalCatcherLoop,Thread*=0xa6404e00,peer=0x32c050d0,"Signal Catcher"]: reacting to signal 3
12-14 22:05:32.740: I/art(5200): Wrote stack traces to '/data/anr/traces.txt'
12-14 22:05:32.740: I/art(5261): Thread[3,tid=5265,WaitingInMainSignalCatcherLoop,Thread*=0xa6404e00,peer=0x32c050d0,"Signal Catcher"]: reacting to signal 3
12-14 22:05:32.748: I/art(5261): Wrote stack traces to '/data/anr/traces.txt'
12-14 22:05:32.748: I/art(5280): Thread[3,tid=5287,WaitingInMainSignalCatcherLoop,Thread*=0xa6404e00,peer=0x32c050d0,"Signal Catcher"]: reacting to signal 3
12-14 22:05:32.805: I/art(5312): Thread[3,tid=5324,WaitingInMainSignalCatcherLoop,Thread*=0xa6404e00,peer=0x32c050d0,"Signal Catcher"]: reacting to signal 3
12-14 22:05:32.811: I/art(5280): Wrote stack traces to '/data/anr/traces.txt'
12-14 22:05:32.853: I/art(5352): Thread[3,tid=5354,WaitingInMainSignalCatcherLoop,Thread*=0xa6404e00,peer=0x32c050d0,"Signal Catcher"]: reacting to signal 3
12-14 22:05:32.854: I/art(5312): Wrote stack traces to '/data/anr/traces.txt'
12-14 22:05:32.861: I/art(5776): Thread[3,tid=5786,WaitingInMainSignalCatcherLoop,Thread*=0xa6404e00,peer=0x32c050d0,"Signal Catcher"]: reacting to signal 3
12-14 22:05:32.866: I/art(5352): Wrote stack traces to '/data/anr/traces.txt'
12-14 22:05:32.932: I/art(5858): Thread[3,tid=5864,WaitingInMainSignalCatcherLoop,Thread*=0xa6404e00,peer=0x32c050d0,"Signal Catcher"]: reacting to signal 3
12-14 22:05:32.938: I/art(5776): Wrote stack traces to '/data/anr/traces.txt'
12-14 22:05:32.969: I/art(5858): Wrote stack traces to '/data/anr/traces.txt'
12-14 22:05:32.969: I/art(5982): Thread[3,tid=5988,WaitingInMainSignalCatcherLoop,Thread*=0xa6404e00,peer=0x12c7edc0,"Signal Catcher"]: reacting to signal 3
12-14 22:05:32.979: I/art(6007): Thread[3,tid=6013,WaitingInMainSignalCatcherLoop,Thread*=0xa6404e00,peer=0x32c050d0,"Signal Catcher"]: reacting to signal 3
12-14 22:05:32.979: I/art(5982): Wrote stack traces to '/data/anr/traces.txt'
12-14 22:05:32.994: I/art(6007): Wrote stack traces to '/data/anr/traces.txt'
12-14 22:05:32.994: I/art(7608): Thread[3,tid=7614,WaitingInMainSignalCatcherLoop,Thread*=0xa6404e00,peer=0x32c050d0,"Signal Catcher"]: reacting to signal 3
12-14 22:05:33.002: I/art(7608): Wrote stack traces to '/data/anr/traces.txt'
12-14 22:05:33.003: I/art(7646): Thread[3,tid=7652,WaitingInMainSignalCatcherLoop,Thread*=0xa6404e00,peer=0x32c050d0,"Signal Catcher"]: reacting to signal 3
12-14 22:05:33.011: I/art(7646): Wrote stack traces to '/data/anr/traces.txt'
12-14 22:05:33.011: I/art(7666): Thread[3,tid=7672,WaitingInMainSignalCatcherLoop,Thread*=0xa6404e00,peer=0x32c050d0,"Signal Catcher"]: reacting to signal 3
12-14 22:05:33.019: I/art(7689): Thread[3,tid=7691,WaitingInMainSignalCatcherLoop,Thread*=0xa6404e00,peer=0x32c050d0,"Signal Catcher"]: reacting to signal 3
12-14 22:05:33.019: I/art(7666): Wrote stack traces to '/data/anr/traces.txt'
12-14 22:05:33.028: I/art(7706): Thread[3,tid=7708,WaitingInMainSignalCatcherLoop,Thread*=0xa6404e00,peer=0x32c050d0,"Signal Catcher"]: reacting to signal 3
12-14 22:05:33.029: I/art(7689): Wrote stack traces to '/data/anr/traces.txt'
12-14 22:05:33.037: I/art(7706): Wrote stack traces to '/data/anr/traces.txt'
12-14 22:05:33.038: D/dumpstate(7776): Duration of 'DUMP TRACES': 1.086s
12-14 22:05:33.038: D/dumpstate(7776): Not adding dir /cache/recovery because dumpstate is not zipping
12-14 22:05:33.038: D/dumpstate(7776): Not adding dir /data/misc/recovery because dumpstate is not zipping
12-14 22:05:33.038: D/dumpstate(7776): Not adding dir /data/misc/logd because dumpstate is not zipping
12-14 22:05:33.038: D/dumpstate(7776): Not adding dir /data/misc/profiles/cur because dumpstate is not zipping
12-14 22:05:33.038: D/dumpstate(7776): Not adding dir /data/misc/profiles/ref because dumpstate is not zipping
12-14 22:05:33.059: I/ip(7797): type=1400 audit(0.0:100): avc: denied { create } for scontext=u:r:dumpstate:s0 tcontext=u:r:dumpstate:s0 tclass=netlink_xfrm_socket permissive=1
12-14 22:05:33.059: I/ip(7797): type=1400 audit(0.0:101): avc: denied { setopt } for scontext=u:r:dumpstate:s0 tcontext=u:r:dumpstate:s0 tclass=netlink_xfrm_socket permissive=1
12-14 22:05:33.059: I/ip(7797): type=1400 audit(0.0:102): avc: denied { bind } for scontext=u:r:dumpstate:s0 tcontext=u:r:dumpstate:s0 tclass=netlink_xfrm_socket permissive=1
12-14 22:05:33.175: I/Remoter(1395): Saved screenshot to '/data/screenshots/__pmv__-0160.jpg'
12-14 22:05:33.059: I/ip(7797): type=1400 audit(0.0:103): avc: denied { getattr } for scontext=u:r:dumpstate:s0 tcontext=u:r:dumpstate:s0 tclass=netlink_xfrm_socket permissive=1
12-14 22:05:33.202: E/dumpstate(7776): /sys/block/mmcblk0/: No such file or directory
12-14 22:05:33.059: I/ip(7797): type=1400 audit(0.0:104): avc: denied { write } for scontext=u:r:dumpstate:s0 tcontext=u:r:dumpstate:s0 tclass=netlink_xfrm_socket permissive=1
12-14 22:05:33.059: I/ip(7797): type=1400 audit(0.0:105): avc: denied { nlmsg_read } for scontext=u:r:dumpstate:s0 tcontext=u:r:dumpstate:s0 tclass=netlink_xfrm_socket permissive=1
12-14 22:05:33.059: I/ip(7797): type=1400 audit(0.0:106): avc: denied { read } for scontext=u:r:dumpstate:s0 tcontext=u:r:dumpstate:s0 tclass=netlink_xfrm_socket permissive=1
12-14 22:05:33.189: I/top(7800): type=1400 audit(0.0:107): avc: denied { getsched } for scontext=u:r:dumpstate:s0 tcontext=u:r:init:s0 tclass=process permissive=1
12-14 22:05:33.189: I/top(7800): type=1400 audit(0.0:108): avc: denied { getsched } for scontext=u:r:dumpstate:s0 tcontext=u:r:kernel:s0 tclass=process permissive=1
12-14 22:05:33.199: I/top(7800): type=1400 audit(0.0:109): avc: denied { getsched } for scontext=u:r:dumpstate:s0 tcontext=u:r:ueventd:s0 tclass=process permissive=1
12-14 22:05:33.199: I/top(7800): type=1400 audit(0.0:110): avc: denied { getsched } for scontext=u:r:dumpstate:s0 tcontext=u:r:su:s0 tclass=process permissive=1
12-14 22:05:33.199: I/top(7800): type=1400 audit(0.0:111): avc: denied { getsched } for scontext=u:r:dumpstate:s0 tcontext=u:r:logd:s0 tclass=process permissive=1
12-14 22:05:33.199: I/top(7800): type=1400 audit(0.0:112): avc: denied { getsched } for scontext=u:r:dumpstate:s0 tcontext=u:r:debuggerd:s0 tclass=process permissive=1
12-14 22:05:33.199: I/top(7800): type=1400 audit(0.0:113): avc: denied { getsched } for scontext=u:r:dumpstate:s0 tcontext=u:r:vold:s0 tclass=process permissive=1
12-14 22:05:33.199: I/top(7800): type=1400 audit(0.0:114): avc: denied { getsched } for scontext=u:r:dumpstate:s0 tcontext=u:r:gcelogwrapper:s0 tclass=process permissive=1
12-14 22:05:33.199: I/top(7800): type=1400 audit(0.0:115): avc: denied { getsched } for scontext=u:r:dumpstate:s0 tcontext=u:r:healthd:s0 tclass=process permissive=1
12-14 22:05:33.199: I/top(7800): type=1400 audit(0.0:116): avc: denied { getsched } for scontext=u:r:dumpstate:s0 tcontext=u:r:lmkd:s0 tclass=process permissive=1
12-14 22:05:33.199: I/top(7800): type=1400 audit(0.0:117): avc: denied { getsched } for scontext=u:r:dumpstate:s0 tcontext=u:r:servicemanager:s0 tclass=process permissive=1
12-14 22:05:33.199: I/top(7800): type=1400 audit(0.0:118): avc: denied { getsched } for scontext=u:r:dumpstate:s0 tcontext=u:r:surfaceflinger:s0 tclass=process permissive=1
12-14 22:05:33.199: I/top(7800): type=1400 audit(0.0:119): avc: denied { getsched } for scontext=u:r:dumpstate:s0 tcontext=u:r:shell:s0 tclass=process permissive=1
12-14 22:05:33.199: I/top(7800): type=1400 audit(0.0:120): avc: denied { getsched } for scontext=u:r:dumpstate:s0 tcontext=u:r:zygote:s0 tclass=process permissive=1
12-14 22:05:33.199: I/top(7800): type=1400 audit(0.0:121): avc: denied { getsched } for scontext=u:r:dumpstate:s0 tcontext=u:r:audioserver:s0 tclass=process permissive=1
12-14 22:05:33.199: I/top(7800): type=1400 audit(0.0:122): avc: denied { getsched } for scontext=u:r:dumpstate:s0 tcontext=u:r:cameraserver:s0 tclass=process permissive=1
12-14 22:05:33.199: I/top(7800): type=1400 audit(0.0:123): avc: denied { getsched } for scontext=u:r:dumpstate:s0 tcontext=u:r:drmserver:s0 tclass=process permissive=1
12-14 22:05:34.237: I/Remoter(1395): Saved screenshot to '/data/screenshots/__pmv__-0161.jpg'
12-14 22:05:34.499: I/ps(7802): type=1400 audit(0.0:144): avc: denied { getsched } for scontext=u:r:dumpstate:s0 tcontext=u:r:mediacodec:s0 tclass=process permissive=1
12-14 22:05:34.499: I/ps(7802): type=1400 audit(0.0:145): avc: denied { getsched } for scontext=u:r:dumpstate:s0 tcontext=u:r:mediadrmserver:s0 tclass=process permissive=1
12-14 22:05:34.499: I/ps(7802): type=1400 audit(0.0:146): avc: denied { getsched } for scontext=u:r:dumpstate:s0 tcontext=u:r:mediaextractor:s0 tclass=process permissive=1
12-14 22:05:34.499: I/ps(7802): type=1400 audit(0.0:147): avc: denied { getsched } for scontext=u:r:dumpstate:s0 tcontext=u:r:mediaserver:s0 tclass=process permissive=1
12-14 22:05:34.499: I/ps(7802): type=1400 audit(0.0:148): avc: denied { getsched } for scontext=u:r:dumpstate:s0 tcontext=u:r:netd:s0 tclass=process permissive=1
12-14 22:05:34.499: I/ps(7802): type=1400 audit(0.0:149): avc: denied { getsched } for scontext=u:r:dumpstate:s0 tcontext=u:r:rild:s0 tclass=process permissive=1
12-14 22:05:34.499: I/ps(7802): type=1400 audit(0.0:150): avc: denied { getsched } for scontext=u:r:dumpstate:s0 tcontext=u:r:gatekeeperd:s0 tclass=process permissive=1
12-14 22:05:34.499: I/ps(7802): type=1400 audit(0.0:151): avc: denied { getsched } for scontext=u:r:dumpstate:s0 tcontext=u:r:perfprofd:s0 tclass=process permissive=1
12-14 22:05:34.499: I/ps(7802): type=1400 audit(0.0:152): avc: denied { getsched } for scontext=u:r:dumpstate:s0 tcontext=u:r:bluetooth:s0 tclass=process permissive=1
12-14 22:05:34.499: I/ps(7802): type=1400 audit(0.0:153): avc: denied { getsched } for scontext=u:r:dumpstate:s0 tcontext=u:r:untrusted_app:s0:c512,c768 tclass=process permissive=1
12-14 22:05:34.499: I/ps(7802): type=1400 audit(0.0:154): avc: denied { getsched } for scontext=u:r:dumpstate:s0 tcontext=u:r:radio:s0 tclass=process permissive=1
12-14 22:05:34.509: I/ps(7802): type=1400 audit(0.0:155): avc: denied { getsched } for scontext=u:r:dumpstate:s0 tcontext=u:r:priv_app:s0:c512,c768 tclass=process permissive=1
12-14 22:05:34.519: I/ps(7802): type=1400 audit(0.0:156): avc: denied { getsched } for scontext=u:r:dumpstate:s0 tcontext=u:r:system_app:s0 tclass=process permissive=1
12-14 22:05:35.366: I/Remoter(1395): Saved screenshot to '/data/screenshots/__pmv__-0162.jpg'
12-14 22:05:35.901: E/dumpstate(7776): command 'lsmod ' failed: No such file or directory
12-14 22:05:36.477: I/Remoter(1395): Saved screenshot to '/data/screenshots/__pmv__-0163.jpg'
12-14 22:05:37.559: I/Remoter(1395): Saved screenshot to '/data/screenshots/__pmv__-0164.jpg'
12-14 22:05:38.639: I/Remoter(1395): Saved screenshot to '/data/screenshots/__pmv__-0165.jpg'
12-14 22:05:39.017: E/dumpstate(7776): command 'logcat -L -b all -v threadtime -v printable -d *:v' failed: No such file or directory
12-14 22:05:39.140: E/dumpstate(7776): command 'wpa_cli IFNAME=wlan0 list_networks' failed: No such file or directory
12-14 22:05:39.139: I/dumpstate(7776): type=1400 audit(0.0:157): avc: denied { open } for path="/dev/__properties__/u:object_r:safemode_prop:s0" dev="tmpfs" ino=6463 scontext=u:r:dumpstate:s0 tcontext=u:object_r:safemode_prop:s0 tclass=file permissive=1
12-14 22:05:39.139: I/dumpstate(7776): type=1400 audit(0.0:158): avc: denied { getattr } for path="/dev/__properties__/u:object_r:safemode_prop:s0" dev="tmpfs" ino=6463 scontext=u:r:dumpstate:s0 tcontext=u:object_r:safemode_prop:s0 tclass=file permissive=1
12-14 22:05:39.139: I/dumpstate(7776): type=1400 audit(0.0:159): avc: denied { open } for path="/dev/__properties__/u:object_r:mmc_prop:s0" dev="tmpfs" ino=6464 scontext=u:r:dumpstate:s0 tcontext=u:object_r:mmc_prop:s0 tclass=file permissive=1
12-14 22:05:39.237: E/Vold(1330): Error opening devmapper (No such file or directory)
12-14 22:05:39.139: I/dumpstate(7776): type=1400 audit(0.0:160): avc: denied { getattr } for path="/dev/__properties__/u:object_r:mmc_prop:s0" dev="tmpfs" ino=6464 scontext=u:r:dumpstate:s0 tcontext=u:object_r:mmc_prop:s0 tclass=file permissive=1
12-14 22:05:39.256: D/dumpstate(7988): execvp on command 'parse_radio_log' failed (error: Permission denied)
12-14 22:05:39.256: E/dumpstate(7776): command 'parse_radio_log /proc/last_radio_log' failed: No such file or directory
12-14 22:05:39.269: E/dumpstate(7776): command '/system/xbin/su root vril-dump' failed: No such file or directory
12-14 22:05:39.139: I/dumpstate(7776): type=1400 audit(0.0:161): avc: denied { open } for path="/dev/__properties__/u:object_r:logpersistd_logging_prop:s0" dev="tmpfs" ino=6465 scontext=u:r:dumpstate:s0 tcontext=u:object_r:logpersistd_logging_prop:s0 tclass=file permissive=1
12-14 22:05:39.139: I/dumpstate(7776): type=1400 audit(0.0:162): avc: denied { getattr } for path="/dev/__properties__/u:object_r:logpersistd_logging_prop:s0" dev="tmpfs" ino=6465 scontext=u:r:dumpstate:s0 tcontext=u:object_r:logpersistd_logging_prop:s0 tclass=file permissive=1
12-14 22:05:39.358: E/SELinux(1401): avc:  denied  { find } for service=android.service.gatekeeper.IGateKeeperService pid=7990 uid=2000 scontext=u:r:dumpstate:s0 tcontext=u:object_r:gatekeeper_service:s0 tclass=service_manager permissive=1
12-14 22:05:39.139: I/dumpstate(7776): type=1400 audit(0.0:163): avc: denied { open } for path="/dev/__properties__/u:object_r:device_logging_prop:s0" dev="tmpfs" ino=6466 scontext=u:r:dumpstate:s0 tcontext=u:object_r:device_logging_prop:s0 tclass=file permissive=1
12-14 22:05:39.139: I/dumpstate(7776): type=1400 audit(0.0:164): avc: denied { getattr } for path="/dev/__properties__/u:object_r:device_logging_prop:s0" dev="tmpfs" ino=6466 scontext=u:r:dumpstate:s0 tcontext=u:object_r:device_logging_prop:s0 tclass=file permissive=1
12-14 22:05:39.249: I/df(7987): type=1400 audit(0.0:165): avc: denied { getattr } for path="/dev/block/sda3" dev="tmpfs" ino=373 scontext=u:r:dumpstate:s0 tcontext=u:object_r:block_device:s0 tclass=blk_file permissive=1
12-14 22:05:39.249: I/df(7987): type=1400 audit(0.0:166): avc: denied { getattr } for path="/dev/block/loop6" dev="tmpfs" ino=449 scontext=u:r:dumpstate:s0 tcontext=u:object_r:loop_device:s0 tclass=blk_file permissive=1
12-14 22:05:39.628: D/PermissionCache(1419): checking android.permission.DUMP for uid=2000 => granted (452 us)
12-14 22:05:39.655: I/Backup(2105): [GmsBackupAccountManager] Backup account not found in gmscore.
12-14 22:05:39.661: D/WifiNative-HAL(1699): Failing getSupportedFeatureset because HAL isn't started
12-14 22:05:39.662: E/BatteryStatsService(1699): no controller energy info supplied
12-14 22:05:39.662: E/BatteryStatsService(1699): no controller energy info supplied
12-14 22:05:39.662: I/GceRil(1418): Received request 135
12-14 22:05:39.662: E/GceRil(1418): Request 135 not supported.
12-14 22:05:39.663: E/KernelCpuSpeedReader(1699): Failed to read cpu-freq: /sys/devices/system/cpu/cpu0/cpufreq/stats/time_in_state (No such file or directory)
12-14 22:05:39.663: E/KernelUidCpuTimeReader(1699): Failed to read uid_cputime: /proc/uid_cputime/show_uid_stat (No such file or directory)
12-14 22:05:39.663: E/KernelWakelockReader(1699): neither /proc/wakelocks nor /d/wakeup_sources exists
12-14 22:05:39.681: W/BatteryStatsImpl(1699): Couldn't get kernel wake lock stats
12-14 22:05:39.681: E/BatteryStatsService(1699): modem info is invalid: ModemActivityInfo{ mTimestamp=0 mSleepTimeMs=0 mIdleTimeMs=0 mTxTimeMs[]=[0, 0, 0, 0, 0] mRxTimeMs=0 mEnergyUsed=0}
12-14 22:05:39.698: I/Remoter(1395): Saved screenshot to '/data/screenshots/__pmv__-0166.jpg'
12-14 22:05:40.049: D/PermissionCache(1408): checking android.permission.DUMP for uid=2000 => granted (96 us)
12-14 22:05:40.051: V/EmulatedCamera_Factory(1409): getCameraInfo: id = 0
12-14 22:05:40.051: V/EmulatedCamera_Camera(1409): getCameraInfo
12-14 22:05:40.051: V/EmulatedCamera_BaseCamera(1409): getCameraInfo
12-14 22:05:40.051: V/EmulatedCamera_Factory(1409): getCameraInfo: id = 1
12-14 22:05:40.051: V/EmulatedCamera_Camera(1409): getCameraInfo
12-14 22:05:40.051: V/EmulatedCamera_BaseCamera(1409): getCameraInfo
12-14 22:05:40.248: I/ProcessStatsService(1699): Added stats: 2017-12-14-18-47-00, over +3h0m0s100ms
12-14 22:05:40.249: I/ProcessStatsService(1699): Added stats: 2017-12-14-15-46-00, over +3h0m59s658ms
12-14 22:05:40.251: I/ProcessStatsService(1699): Added stats: 2017-12-14-12-46-00, over +3h0m0s251ms
12-14 22:05:40.253: I/ProcessStatsService(1699): Added stats: 2017-12-14-09-45-37, over +3h0m22s293ms
12-14 22:05:40.274: I/ProcessStatsService(1699): Added stats: 2017-12-14-18-47-00, over +3h0m0s100ms
12-14 22:05:40.349: D/PermissionCache(1699): checking android.permission.DUMP for uid=2000 => granted (119 us)
12-14 22:05:40.359: I/Telecom(1699): PhoneAccountRegistrar: SimCallManager queried, returning: null
12-14 22:05:40.431: D/WifiNative-HAL(1699): getWlanWakeReasonCount -1
12-14 22:05:40.459: D/WifiNative-HAL(1699): Failing getSupportedFeatureset because HAL isn't started
12-14 22:05:40.459: E/BatteryStatsService(1699): no controller energy info supplied
12-14 22:05:40.459: E/BatteryStatsService(1699): no controller energy info supplied
12-14 22:05:40.460: I/GceRil(1418): Received request 135
12-14 22:05:40.460: E/GceRil(1418): Request 135 not supported.
12-14 22:05:40.460: E/KernelCpuSpeedReader(1699): Failed to read cpu-freq: /sys/devices/system/cpu/cpu0/cpufreq/stats/time_in_state (No such file or directory)
12-14 22:05:40.460: E/KernelUidCpuTimeReader(1699): Failed to read uid_cputime: /proc/uid_cputime/show_uid_stat (No such file or directory)
12-14 22:05:40.460: E/KernelWakelockReader(1699): neither /proc/wakelocks nor /d/wakeup_sources exists
12-14 22:05:40.461: W/BatteryStatsImpl(1699): Couldn't get kernel wake lock stats
12-14 22:05:40.461: E/BatteryStatsService(1699): modem info is invalid: ModemActivityInfo{ mTimestamp=0 mSleepTimeMs=0 mIdleTimeMs=0 mTxTimeMs[]=[0, 0, 0, 0, 0] mRxTimeMs=0 mEnergyUsed=0}
12-14 22:05:40.489: I/art(5982): Starting a blocking GC Explicit
12-14 22:05:40.498: I/art(5982): Explicit concurrent mark sweep GC freed 8701(328KB) AllocSpace objects, 4(80KB) LOS objects, 40% free, 7MB/11MB, paused 59us total 7.943ms
12-14 22:05:40.579: I/art(2261): Starting a blocking GC Explicit
12-14 22:05:40.586: I/art(2261): Explicit concurrent mark sweep GC freed 10693(582KB) AllocSpace objects, 3(60KB) LOS objects, 24% free, 13MB/17MB, paused 76us total 6.928ms
12-14 22:05:40.619: I/art(1769): Starting a blocking GC Explicit
12-14 22:05:40.626: I/art(1769): Explicit concurrent mark sweep GC freed 12592(657KB) AllocSpace objects, 4(80KB) LOS objects, 39% free, 7MB/11MB, paused 87us total 5.891ms
12-14 22:05:40.659: I/art(2105): Starting a blocking GC Explicit
12-14 22:05:40.677: I/art(2105): Explicit concurrent mark sweep GC freed 37520(2MB) AllocSpace objects, 5(100KB) LOS objects, 39% free, 11MB/18MB, paused 173us total 16.340ms
12-14 22:05:40.731: I/art(2301): Starting a blocking GC Explicit
12-14 22:05:40.804: I/art(2301): Explicit concurrent mark sweep GC freed 37240(2MB) AllocSpace objects, 9(180KB) LOS objects, 25% free, 14MB/19MB, paused 347us total 72.462ms
12-14 22:05:40.814: I/Remoter(1395): Saved screenshot to '/data/screenshots/__pmv__-0167.jpg'
12-14 22:05:40.849: I/art(7666): Starting a blocking GC Explicit
12-14 22:05:40.855: I/art(7666): Explicit concurrent mark sweep GC freed 3105(365KB) AllocSpace objects, 3(60KB) LOS objects, 40% free, 6MB/11MB, paused 63us total 5.021ms
12-14 22:05:40.884: I/art(5312): Starting a blocking GC Explicit
12-14 22:05:40.892: I/art(5312): Explicit concurrent mark sweep GC freed 7728(429KB) AllocSpace objects, 3(60KB) LOS objects, 24% free, 8MB/11MB, paused 103us total 8.457ms
12-14 22:05:40.932: I/art(4966): Starting a blocking GC Explicit
12-14 22:05:40.938: I/art(4966): Explicit concurrent mark sweep GC freed 11580(608KB) AllocSpace objects, 3(60KB) LOS objects, 25% free, 6MB/9MB, paused 103us total 5.542ms
12-14 22:05:41.009: I/art(7646): Starting a blocking GC Explicit
12-14 22:05:41.014: I/art(7646): Explicit concurrent mark sweep GC freed 7282(330KB) AllocSpace objects, 3(60KB) LOS objects, 24% free, 6MB/9MB, paused 64us total 5.040ms
12-14 22:05:41.042: I/art(5280): Starting a blocking GC Explicit
12-14 22:05:41.049: I/art(5280): Explicit concurrent mark sweep GC freed 5621(220KB) AllocSpace objects, 3(60KB) LOS objects, 25% free, 23MB/31MB, paused 71us total 6.046ms
12-14 22:05:41.087: I/art(6007): Starting a blocking GC Explicit
12-14 22:05:41.093: I/art(6007): Explicit concurrent mark sweep GC freed 7806(383KB) AllocSpace objects, 3(60KB) LOS objects, 25% free, 7MB/9MB, paused 118us total 5.851ms
12-14 22:05:41.123: I/art(4994): Starting a blocking GC Explicit
12-14 22:05:41.129: I/art(4994): Explicit concurrent mark sweep GC freed 12805(734KB) AllocSpace objects, 3(60KB) LOS objects, 25% free, 7MB/9MB, paused 100us total 6.026ms
12-14 22:05:41.150: I/GceRil(1418): Received request 19
12-14 22:05:41.150: I/GceRil(1418): Reporting signal strength: GW=28 CDMA=-91 EVDO=-138 LTE=20
12-14 22:05:41.151: I/GceRil(1418): Received request 19
12-14 22:05:41.151: I/GceRil(1418): Reporting signal strength: GW=28 CDMA=-92 EVDO=-137 LTE=19
12-14 22:05:41.207: I/art(5261): Starting a blocking GC Explicit
12-14 22:05:41.212: I/art(5261): Explicit concurrent mark sweep GC freed 5291(205KB) AllocSpace objects, 3(60KB) LOS objects, 24% free, 6MB/9MB, paused 70us total 5.086ms
12-14 22:05:41.240: I/art(7608): Starting a blocking GC Explicit
12-14 22:05:41.245: I/art(7608): Explicit concurrent mark sweep GC freed 5224(203KB) AllocSpace objects, 3(60KB) LOS objects, 25% free, 6MB/9MB, paused 91us total 4.900ms
12-14 22:05:41.272: I/art(5200): Starting a blocking GC Explicit
12-14 22:05:41.277: I/art(5200): Explicit concurrent mark sweep GC freed 5424(210KB) AllocSpace objects, 3(60KB) LOS objects, 24% free, 6MB/9MB, paused 56us total 4.930ms
12-14 22:05:41.316: I/art(7706): Starting a blocking GC Explicit
12-14 22:05:41.363: I/art(7706): Explicit concurrent mark sweep GC freed 7246(345KB) AllocSpace objects, 3(60KB) LOS objects, 25% free, 7MB/9MB, paused 112us total 46.980ms
12-14 22:05:41.396: I/art(7689): Starting a blocking GC Explicit
12-14 22:05:41.443: I/art(7689): Explicit concurrent mark sweep GC freed 5231(203KB) AllocSpace objects, 3(60KB) LOS objects, 24% free, 6MB/9MB, paused 94us total 46.965ms
12-14 22:05:41.473: I/art(2224): Starting a blocking GC Explicit
12-14 22:05:41.478: I/art(2224): Explicit concurrent mark sweep GC freed 4806(340KB) AllocSpace objects, 2(40KB) LOS objects, 24% free, 7MB/9MB, paused 66us total 5.641ms
12-14 22:05:41.508: I/art(5352): Starting a blocking GC Explicit
12-14 22:05:41.513: I/art(5352): Explicit concurrent mark sweep GC freed 5577(218KB) AllocSpace objects, 3(60KB) LOS objects, 24% free, 6MB/9MB, paused 58us total 5.072ms
12-14 22:05:41.541: I/art(5776): Starting a blocking GC Explicit
12-14 22:05:41.547: I/art(5776): Explicit concurrent mark sweep GC freed 10024(523KB) AllocSpace objects, 3(60KB) LOS objects, 25% free, 7MB/9MB, paused 86us total 5.887ms
12-14 22:05:41.583: I/art(5016): Starting a blocking GC Explicit
12-14 22:05:41.634: I/art(5016): Explicit concurrent mark sweep GC freed 10781(577KB) AllocSpace objects, 3(60KB) LOS objects, 25% free, 9MB/12MB, paused 40.999ms total 50.965ms
12-14 22:05:41.678: I/art(5858): Starting a blocking GC Explicit
12-14 22:05:41.684: I/art(5858): Explicit concurrent mark sweep GC freed 8823(474KB) AllocSpace objects, 3(60KB) LOS objects, 24% free, 7MB/9MB, paused 78us total 6.178ms
12-14 22:05:41.713: I/art(1783): Starting a blocking GC Explicit
12-14 22:05:41.720: I/art(1783): Explicit concurrent mark sweep GC freed 15065(637KB) AllocSpace objects, 4(80KB) LOS objects, 24% free, 7MB/10MB, paused 81us total 7.083ms
12-14 22:05:41.750: I/art(2631): Starting a blocking GC Explicit
12-14 22:05:41.756: I/art(2631): Explicit concurrent mark sweep GC freed 5398(208KB) AllocSpace objects, 3(60KB) LOS objects, 25% free, 6MB/9MB, paused 166us total 5.609ms
12-14 22:05:41.785: I/art(2192): Starting a blocking GC Explicit
12-14 22:05:41.791: I/art(2192): Explicit concurrent mark sweep GC freed 5248(203KB) AllocSpace objects, 3(60KB) LOS objects, 39% free, 6MB/11MB, paused 58us total 5.688ms
12-14 22:05:41.880: I/art(2137): Starting a blocking GC Explicit
12-14 22:05:41.888: I/art(2137): Explicit concurrent mark sweep GC freed 5305(205KB) AllocSpace objects, 3(60KB) LOS objects, 40% free, 6MB/11MB, paused 85us total 7.584ms
12-14 22:05:41.906: I/Remoter(1395): Saved screenshot to '/data/screenshots/__pmv__-0168.jpg'
12-14 22:05:41.927: I/art(2076): Starting a blocking GC Explicit
12-14 22:05:41.932: I/art(2076): Explicit concurrent mark sweep GC freed 5243(203KB) AllocSpace objects, 3(60KB) LOS objects, 39% free, 6MB/11MB, paused 59us total 5.046ms
12-14 22:05:41.962: I/art(1875): Starting a blocking GC Explicit
12-14 22:05:41.970: I/art(1875): Explicit concurrent mark sweep GC freed 11754(756KB) AllocSpace objects, 11(236KB) LOS objects, 39% free, 7MB/12MB, paused 139us total 7.504ms
12-14 22:05:42.003: I/art(1798): Starting a blocking GC Explicit
12-14 22:05:42.060: I/art(1798): Explicit concurrent mark sweep GC freed 9318(409KB) AllocSpace objects, 3(60KB) LOS objects, 39% free, 16MB/27MB, paused 99us total 57.153ms
12-14 22:05:42.101: I/art(1699): Starting a blocking GC Explicit
12-14 22:05:42.126: I/art(1699): Explicit concurrent mark sweep GC freed 77340(4MB) AllocSpace objects, 47(1988KB) LOS objects, 33% free, 15MB/22MB, paused 269us total 25.255ms
12-14 22:05:42.187: I/ProcessStatsService(1699): Added stats: 2017-12-14-18-47-00, over +3h0m0s100ms
12-14 22:05:42.189: I/ProcessStatsService(1699): Added stats: 2017-12-14-15-46-00, over +3h0m59s658ms
12-14 22:05:42.190: I/ProcessStatsService(1699): Added stats: 2017-12-14-12-46-00, over +3h0m0s251ms
12-14 22:05:42.193: I/ProcessStatsService(1699): Added stats: 2017-12-14-09-45-37, over +3h0m22s293ms
12-14 22:05:42.210: I/ProcessStatsService(1699): Added stats: 2017-12-14-18-47-00, over +3h0m0s100ms
12-14 22:05:42.472: W/FingerprintManager(1798): isFingerprintHardwareDetected(): Service not connected!
12-14 22:05:42.602: I/art(2105): Do partial code cache collection, code=498KB, data=404KB
12-14 22:05:42.602: I/art(2105): After code cache collection, code=498KB, data=404KB
12-14 22:05:42.602: I/art(2105): Increasing code cache capacity to 2MB
12-14 22:05:42.953: D/dumpstate(7776): Final progress: 0/6500 (originally 6500)
12-14 22:05:42.953: I/dumpstate(7776): done
12-14 22:05:42.976: I/Remoter(1395): Saved screenshot to '/data/screenshots/__pmv__-0169.jpg'
12-14 22:05:44.018: I/Remoter(1395): Saved screenshot to '/data/screenshots/__pmv__-0170.jpg'
12-14 22:05:45.061: I/Remoter(1395): Saved screenshot to '/data/screenshots/__pmv__-0171.jpg'
12-14 22:05:46.104: I/Remoter(1395): Saved screenshot to '/data/screenshots/__pmv__-0172.jpg'
